06-19 23:45:28.997 16335 16335 I WindowManager: WindowManagerGlobal#addView, ty=2227, view=com.android.internal.policy.DecorView{562bb67 V.E...... R.....I. 0,0-0,0}[EdgeLightingWindow], caller=android.view.WindowManagerImpl.addView:158 android.app.Dialog.show:540 com.android.systemui.edgelighting.effect.container.EdgeLightingDialog.show:49
06-19 23:45:28.998 16335 16335 I ViewRootImpl: dVRR is disabled
06-19 23:45:28.999 16335 16361 D NativeCustomFrequencyManager: [NativeCFMS] BpCustomFrequencyManager::BpCustomFrequencyManager()
06-19 23:45:29.003  1362  1376 I SurfaceFlinger: id=35070 createSurf, flag=84004, WindowToken{5b61d5c type=2227 android.os.BinderProxy@9c0afcf}#35070
06-19 23:45:29.003  2503  2503 I AppIconSolution: return adaptive icon for com.whatsapp, isNight = true
06-19 23:45:29.003  1362  1362 I SurfaceFlinger: [WindowToken{5b61d5c type=2227 android.os.BinderProxy@9c0afcf}#35070] attach to parent LayerHierarchy{RequestedLayerState{Leaf:26:31#38 parentId=37} 2 children}
06-19 23:45:29.006  1593  2538 D InputTransport: Input channel constructed: 'ca4b865', fd=1640
06-19 23:45:29.006  1593  2538 D InputTransport: Input channel constructed: 'ca4b865', fd=1646
06-19 23:45:29.006  1593  2538 D InputTransport: Input channel constructed: 'ca4b865', fd=1652
06-19 23:45:29.006  1593  2538 D InputTransport: Input channel destroyed: 'ca4b865', fd=1646
06-19 23:45:29.007  1362  1543 I SurfaceFlinger: id=35071 createSurf, flag=84004, ca4b865 EdgeLightingWindow#35071
06-19 23:45:29.010  1593  2538 D InputTransport: Input channel destroyed: 'ca4b865', fd=1652
06-19 23:45:29.010 16335 16335 D InputTransport: Input channel constructed: 'ca4b865', fd=128
06-19 23:45:29.011 16335 16335 I InsetsController: onStateChanged: host=EdgeLightingWindow, from=android.view.ViewRootImpl.onInsetsStateChanged:3026, state=InsetsState: {mDisplayFrame=Rect(0, 0 - 1080, 2340), mDisplayCutout=DisplayCutout{insets=Rect(0, 77 - 0, 0) waterfall=Insets{left=0, top=0, right=0, bottom=0} boundingRect={Bounds=[Rect(0, 0 - 0, 0), Rect(477, 0 - 603, 77), Rect(0, 0 - 0, 0), Rect(0, 0 - 0, 0)]} cutoutPathParserInfo={CutoutPathParserInfo{displayWidth=1080 displayHeight=2340 physicalDisplayWidth=1080 physicalDisplayHeight=2340 density={2.8125} cutoutSpec={M 0,0 H -22.4‬ V 27.37777777777778‬ H 22.4‬ V 0 H 0 Z @dp} rotation={0} scale={1.0} physicalPixelDisplaySizeRatio={1.0}}} sideOverrides={}}, mRoundedCorners=RoundedCorners{[RoundedCorner{position=TopLeft, radius=113, center=Point(113, 113)}, RoundedCorner{position=TopRight, radius=113, center=Point(967, 113)}, RoundedCorner{position=BottomRight, radius=113, center=Point(967, 2227)}, RoundedCorner{position=BottomLeft, radius=113, center=Point(113, 2227)}]}  mRoundedCornerFrame=Rect(0, 0 - 0, 0), mPrivacyIndicatorBounds=PrivacyIndicatorBounds {static bounds=Rect(956, 0 - 1080, 77) rotation=0}, mDisplayShape=DisplayShape{ spec=-311912193 displayWidth=1080 displayHeight=2340 physicalPixelDisplaySizeRatio=1.0 rotation=0 offsetX=0 offsetY=0 scale=1.0}, mSources= { InsetsSource: {84a40005 mType=mandatorySystemGestures mFrame=[0,0][1080,111] mVisible=true mFlags= mSideHint=TOP mBoundingRects=null}, InsetsSource: {88bb0004 mType=systemGestures mFrame=[0,0][84,2340] mVisible=true mFlags= mSideHint=LEFT mBoundingRects=null}, InsetsSource: {88bb0005 mType=mandatorySystemGestures mFrame=[0,2250][1080,2340] mVisible=true mFlags= mSideHint=BOTTOM mBoundingRects=null}, InsetsSource: {88bb0024 mType=systemGestures mFrame=[996,0][1080,2340] mVisible=true mFlags= mSideHint=RIGHT mBoundingRects=null}, InsetsSource: {27 mType=displayCutout mFrame=[0,0][1080,77] mVisible=true mFlags= mSideHint=TOP mBoundingRects=null} }
06-19 23:45:29.012 16335 16335 I VRI[EdgeLightingWindow]@8cd5d14: synced displayState. AttachInfo displayState=2
06-19 23:45:29.013 16335 16335 I VRI[EdgeLightingWindow]@8cd5d14: setView = com.android.internal.policy.DecorView@562bb67 IsHRR=false mFlingFrameRateChange=0 TM=true
06-19 23:45:29.021  1326  1326 I sysinput:Touch: writeInformation:249, OK
06-19 23:45:29.022  1593  1861 D SysinputHAL_V1_3(V1_2): runTspCmdNoRead(TSP(1)): set_grip_data,1,45,7,15,702 ret=0
06-19 23:45:29.029  5222  5230 I adbd    : opening control endpoint /dev/usb-ffs/adb/ep0
06-19 23:45:29.029  2503  2503 D ExpandableNotifRow: mMaxSmallHeight different before reInflateViews mMaxSmallHeight: 203 mTempSmallHeight:0 0|com.whatsapp|1|OvmBtF+uSfs4NJh7cvinvdOaUTIKGjeLkFmW0mPW1Ag=|10383
06-19 23:45:29.029  2503  2503 D ExpandableNotifRow: mMaxSmallHeight different before reInflateViews mMaxSmallHeight: 203 mTempSmallHeight:0 0|com.whatsapp|1|OvmBtF+uSfs4NJh7cvinvdOaUTIKGjeLkFmW0mPW1Ag=|10383
06-19 23:45:29.029  2503  2503 D ExpandableNotifRow: mMaxSmallHeight different before reInflateViews mMaxSmallHeight: 203 mTempSmallHeight:0 0|com.whatsapp|1|OvmBtF+uSfs4NJh7cvinvdOaUTIKGjeLkFmW0mPW1Ag=|10383
06-19 23:45:29.029  2503  2503 D ExpandableNotifRow: mMaxSmallHeight different before reInflateViews mMaxSmallHeight: 203 mTempSmallHeight:0 0|com.whatsapp|1|OvmBtF+uSfs4NJh7cvinvdOaUTIKGjeLkFmW0mPW1Ag=|10383
06-19 23:45:29.033  6035  6035 I InputMethodService: removeImeSurface
06-19 23:45:29.033  6035  6035 I InputMethodService: cancelImeSurfaceRemoval: removeCallbacks
06-19 23:45:29.035  2503  2503 D S.S.N.  : entryViewBound parent :0|com.whatsapp|1|OvmBtF+uSfs4NJh7cvinvdOaUTIKGjeLkFmW0mPW1Ag=
06-19 23:45:29.035  2503  2503 D S.S.N.  : |10383
06-19 23:45:29.036  1362  1362 I SurfaceFlinger: RequestedLayer [WindowToken{5b61d5c type=2227 android.os.BinderProxy@9c0afcf}#35070] hidden!! flag  from(1) --> to(0)
06-19 23:45:29.037  1362  1362 I SurfaceFlinger: RequestedLayer [ca4b865 EdgeLightingWindow#35071] hidden!! flag  from(1) --> to(0)
06-19 23:45:29.037  1362  1362 I SurfaceFlinger: [ca4b865 EdgeLightingWindow#35071] attach to parent LayerHierarchy{RequestedLayerState{WindowToken{5b61d5c type=2227 android.os.BinderProxy@9c0afcf}#35070 parentId=38 z=1} 1 children}
06-19 23:45:29.037 16335 16335 D View    : semSetBlurInfo, blurInfo : android.view.SemBlurInfo@5b070fe {BLUR_MODE_WINDOW, mBlurRadius = 300, mBackgroundBlurColor = 536870911, mCornerRadiusTL = 50.0, mCornerRadiusTR = 50.0, mCornerRadiusBL = 50.0, mCornerRadiusBR = 50.0, mClipRectLeft = 0, mClipRectTop = 0, mClipRectRight = 2147483647, mClipRectBottom = 2147483647, mColorCurve = android.view.SemBlurInfo$ColorCurve@101b05f {minX = 0.0, minY = 13.5, maxX = 255.0, maxY = 133.4, curveBias = -15.0, saturation = 0.5}}, android.widget.LinearLayout{9ef3aac V.E...... ......I. 0,0-0,0 #7f0a0e02 app:id/toast_blur_root}
06-19 23:45:29.037 16335 16335 E View    : This model doesn't support window blur!
06-19 23:45:29.038  2503  2503 I AppIconSolution: return adaptive icon for com.whatsapp, isNight = true
06-19 23:45:29.038 16335 16335 I EdgeLightNotiEffectView: Basic lighting is not supported.
06-19 23:45:29.041  1593  1593 D PocketModeEvent: INTENT_EDGE_LIGHTING_SHOW
06-19 23:45:29.048 16335 16361 D HWUI    : HWUI - treat SMPTE_170M as sRGB
06-19 23:45:29.056  2503  2503 D SubscreenNotificationListCoordinator: onAfterRenderList() isSubScreen = false, pluginLockMode = 0, doNotShowOnCover = false
06-19 23:45:29.059  1593  2538 I WindowManager: Relayout Window{ca4b865 u0 EdgeLightingWindow}: viewVisibility=0 req=1080x2340 ty=2227 d0
06-19 23:45:29.061  1362  1543 I SurfaceFlinger: id=35072 createSurf, flag=44004, EdgeLightingWindow$_16335#35072
06-19 23:45:29.063  1593  2538 D SurfaceComposerClient: setCornerRadius ## 5231c13 com.example.testeableapp/com.example.testeableapp.MainActivity#35062 cornerRadius=0.000000
06-19 23:45:29.064  1593  2538 D SurfaceComposerClient: setCornerRadius ## 5231c13 com.example.testeableapp/com.example.testeableapp.MainActivity#35062 cornerRadius=0.000000
06-19 23:45:29.067  1593  2538 I WindowManager: Relayout hash=ca4b865, pid=16335, syncId=-1: mAttrs={(0,0)(fillxfill) gr=CENTER sim={adjust=pan} layoutInDisplayCutoutMode=always ty=2227 fmt=TRANSLUCENT
06-19 23:45:29.067  1593  2538 I WindowManager:   fl=1800508
06-19 23:45:29.067  1593  2538 I WindowManager:   pfl=10008850
06-19 23:45:29.067  1593  2538 I WindowManager:   vsysui=600
06-19 23:45:29.067  1593  2538 I WindowManager:   bhv=2
06-19 23:45:29.067  1593  2538 I WindowManager:   fitSides=0
06-19 23:45:29.067  1593  2538 I WindowManager:   frameRateBoostOnTouch=true
06-19 23:45:29.067  1593  2538 I WindowManager:   dvrrWindowFrameRateHint=true naviIconColor=0
06-19 23:45:29.067  1593  2538 I WindowManager:   sfl=60000}
06-19 23:45:29.069 16335 16335 I BLASTBufferQueue_Java: new BLASTBufferQueue, mName= VRI[EdgeLightingWindow]@8cd5d14 mNativeObject= 0xb40000707bc0a2d0 caller= android.view.ViewRootImpl.updateBlastSurfaceIfNeeded:3585 android.view.ViewRootImpl.relayoutWindow:11685 android.view.ViewRootImpl.performTraversals:4804 android.view.ViewRootImpl.doTraversal:3924 android.view.ViewRootImpl$TraversalRunnable.run:12903 android.view.Choreographer$CallbackRecord.run:1901 android.view.Choreographer$CallbackRecord.run:1910 android.view.Choreographer.doCallbacks:1367 android.view.Choreographer.doFrame:1292 android.view.Choreographer$FrameDisplayEventReceiver.run:1870
06-19 23:45:29.069 16335 16335 I BLASTBufferQueue_Java: update, w= 1080 h= 2340 mName = VRI[EdgeLightingWindow]@8cd5d14 mNativeObject= 0xb40000707bc0a2d0 sc.mNativeObject= 0xb400006f1bbf5710 format= -3 caller= android.view.ViewRootImpl.updateBlastSurfaceIfNeeded:3590 android.view.ViewRootImpl.relayoutWindow:11685 android.view.ViewRootImpl.performTraversals:4804 android.view.ViewRootImpl.doTraversal:3924 android.view.ViewRootImpl$TraversalRunnable.run:12903 android.view.Choreographer$CallbackRecord.run:1901
06-19 23:45:29.071 16335 16335 I VRI[EdgeLightingWindow]@8cd5d14: Relayout returned: old=(0,0,1080,2340) new=(0,0,1080,2340) relayoutAsync=false req=(1080,2340)0 dur=9 res=0x3 s={true 0xb400006f8bcb0f50} ch=true seqId=0
06-19 23:45:29.071  2503  2503 W RefactorFlag: New code path expects SceneContainerFlag to be enabled.
06-19 23:45:29.072 16335 16335 I VRI[EdgeLightingWindow]@8cd5d14: performConfigurationChange setNightDimText nightDimLevel=0
06-19 23:45:29.072  2503  2503 D ExpandableNotifRow: mMaxSmallHeight different before reInflateViews mMaxSmallHeight: 203 mTempSmallHeight:0 0|com.whatsapp|1|OvmBtF+uSfs4NJh7cvinvdOaUTIKGjeLkFmW0mPW1Ag=|10383
06-19 23:45:29.072  2503  2503 D ExpandableNotifRow: mMaxSmallHeight different before reInflateViews mMaxSmallHeight: 203 mTempSmallHeight:0 0|com.whatsapp|1|OvmBtF+uSfs4NJh7cvinvdOaUTIKGjeLkFmW0mPW1Ag=|10383
06-19 23:45:29.072  1593  1813 D MotionEngine: [MotionEngine] -> DirectCall -> Proximitor Ready for acc direct call ready
06-19 23:45:29.072 16335 16335 D VRI[EdgeLightingWindow]@8cd5d14: mThreadedRenderer.initialize() mSurface={isValid=true 0xb400006f8bcb0f50} hwInitialized=true
06-19 23:45:29.072 14303 14605 I Routine@Core[4.9.04.13]: AppFunctionsActionHandler: isSupported: supportStatus = SUPPORTED, tag = appfunction://com.samsung.android.app.calendar.crossapp#CrossAppEvent_showEvent
06-19 23:45:29.076 14303 14605 I Routine@Core[4.9.04.13]: TASKD/ActionTaskAdapterFactoryImpl: getAdapter - metaId=appfunction://com.samsung.android.app.reminder.data.crossappactions#TaskFunctions_updateTask(id=618)
06-19 23:45:29.077  2503  2503 I LockscreenNotificationIconsOnlyController: onNotificationInfoUpdated 0
06-19 23:45:29.077  2503  2503 I AODNotificationManager: updateNotification()
06-19 23:45:29.078 16335 16335 D VRI[EdgeLightingWindow]@8cd5d14: reportNextDraw android.view.ViewRootImpl.performTraversals:5443 android.view.ViewRootImpl.doTraversal:3924 android.view.ViewRootImpl$TraversalRunnable.run:12903 android.view.Choreographer$CallbackRecord.run:1901 android.view.Choreographer$CallbackRecord.run:1910
06-19 23:45:29.079 16335 16335 D VRI[EdgeLightingWindow]@8cd5d14: Setup new sync=wmsSync-VRI[EdgeLightingWindow]@8cd5d14#16
06-19 23:45:29.079 16335 16335 I VRI[EdgeLightingWindow]@8cd5d14: Creating new active sync group VRI[EdgeLightingWindow]@8cd5d14#17
06-19 23:45:29.079  1593  2538 D SurfaceComposerClient: setCornerRadius ## 5231c13 com.example.testeableapp/com.example.testeableapp.MainActivity#35062 cornerRadius=0.000000
06-19 23:45:29.080  1593  2538 D SurfaceComposerClient: setCornerRadius ## 5231c13 com.example.testeableapp/com.example.testeableapp.MainActivity#35062 cornerRadius=0.000000
06-19 23:45:29.080  2503  2503 W RefactorFlag: New code path expects SceneContainerFlag to be enabled.
06-19 23:45:29.087  1362  1362 I SurfaceFlinger: [EdgeLightingWindow$_16335#35072] attach to parent LayerHierarchy{RequestedLayerState{ca4b865 EdgeLightingWindow#35071 parentId=35070} 1 children}
06-19 23:45:29.094 16335 16335 D VRI[EdgeLightingWindow]@8cd5d14: registerCallbacksForSync syncBuffer=false
06-19 23:45:29.102  2503  2503 D Bubbles : onEntryUpdated : shouldBubbleUp=false ,key=0|com.whatsapp|1|null|10383
06-19 23:45:29.102 16335 16360 D VRI[EdgeLightingWindow]@8cd5d14: Received frameDrawingCallback syncResult=0 frameNum=1.
06-19 23:45:29.102 16335 16360 I VRI[EdgeLightingWindow]@8cd5d14: mWNT: t=0xb400006f2bc345d0 mBlastBufferQueue=0xb40000707bc0a2d0 fn= 1 HdrRenderState mRenderHdrSdrRatio=1.0 caller= android.view.ViewRootImpl$12.onFrameDraw:15441 android.view.ThreadedRenderer$1.onFrameDraw:718 <bottom of call stack>
06-19 23:45:29.102  2503  2503 D InterruptionStateProvider: No  Heads up : DISABLE_HEADS_UP 0|com.whatsapp|1|null|10383
06-19 23:45:29.102 16335 16360 I VRI[EdgeLightingWindow]@8cd5d14: Setting up sync and frameCommitCallback
06-19 23:45:29.102  2503  2503 I {OngoingActivityController}: onEntryUpdated and OA data is empty. So update latest task info
06-19 23:45:29.105  2503  2503 I {OngoingActivityDataHelper}: setBaseActivityComponentName:ComponentInfo{com.example.testeableapp/com.example.testeableapp.MainActivity}
06-19 23:45:29.105  2503  2503 D Bubbles : onEntryUpdated : shouldBubbleUp=false ,key=0|com.whatsapp|1|OvmBtF+uSfs4NJh7cvinvdOaUTIKGjeLkFmW0mPW1Ag=
06-19 23:45:29.105  2503  2503 D Bubbles : |10383
06-19 23:45:29.106  2503  2503 D InterruptionStateProvider:  no Heads up : edgelighting enabled app. 0|com.whatsapp|1|OvmBtF+uSfs4NJh7cvinvdOaUTIKGjeLkFmW0mPW1Ag=
06-19 23:45:29.106  2503  2503 D InterruptionStateProvider: |10383
06-19 23:45:29.106  2503  2503 I {OngoingActivityController}: onEntryUpdated and OA data is empty. So update latest task info
06-19 23:45:29.106 16335 16361 I BLASTBufferQueue: [VRI[EdgeLightingWindow]@8cd5d14#8](f:0,a:0,s:0) onFrameAvailable the first frame is available
06-19 23:45:29.107  1362  1543 I SurfaceFlinger: [EdgeLightingWindow$_16335#35072] setTransactionState with the first frame. bufferData(ID: 70158290780193, frameNumber: 1)
06-19 23:45:29.109 16335 16361 I VRI[EdgeLightingWindow]@8cd5d14: Received frameCommittedCallback lastAttemptedDrawFrameNum=1 didProduceBuffer=true
06-19 23:45:29.110 16335 16361 D HWUI    : CFMS:: SetUp Pid : 16335    Tid : 16361
06-19 23:45:29.110 16335 16335 D VRI[EdgeLightingWindow]@8cd5d14: reportDrawFinished seqId=0
06-19 23:45:29.111  1593  1663 D SurfaceComposerClient: setCornerRadius ## 5231c13 com.example.testeableapp/com.example.testeableapp.MainActivity#35062 cornerRadius=0.000000
06-19 23:45:29.113  1593  1663 D SurfaceComposerClient: setCornerRadius ## 5231c13 com.example.testeableapp/com.example.testeableapp.MainActivity#35062 cornerRadius=0.000000
06-19 23:45:29.126  2503  2503 D SubscreenNotificationListCoordinator: onAfterRenderList() isSubScreen = false, pluginLockMode = 0, doNotShowOnCover = false
06-19 23:45:29.129  2503  2503 W RefactorFlag: New code path expects SceneContainerFlag to be enabled.
06-19 23:45:29.129  2503  2503 D ExpandableNotifRow: mMaxSmallHeight different before reInflateViews mMaxSmallHeight: 203 mTempSmallHeight:0 0|com.whatsapp|1|null|10383
06-19 23:45:29.130  2503  2503 D ExpandableNotifRow: mMaxSmallHeight different before reInflateViews mMaxSmallHeight: 203 mTempSmallHeight:0 0|com.whatsapp|1|null|10383
06-19 23:45:29.131  2503  2503 D ExpandableNotifRow: mMaxSmallHeight different before reInflateViews mMaxSmallHeight: 203 mTempSmallHeight:0 0|com.whatsapp|1|OvmBtF+uSfs4NJh7cvinvdOaUTIKGjeLkFmW0mPW1Ag=|10383
06-19 23:45:29.131  2503  2503 D ExpandableNotifRow: mMaxSmallHeight different before reInflateViews mMaxSmallHeight: 203 mTempSmallHeight:0 0|com.whatsapp|1|OvmBtF+uSfs4NJh7cvinvdOaUTIKGjeLkFmW0mPW1Ag=|10383
06-19 23:45:29.136  2503  2503 I LockscreenNotificationIconsOnlyController: onNotificationInfoUpdated 0
06-19 23:45:29.136  2503  2503 I AODNotificationManager: updateNotification()
06-19 23:45:29.137  1362  1362 I SurfaceFlinger: RequestedLayer [EdgeLightingWindow$_16335#35072] hidden!! flag  from(1) --> to(0)
06-19 23:45:29.140  2503  2503 W RefactorFlag: New code path expects SceneContainerFlag to be enabled.
06-19 23:45:29.140  1275 19373 I HYPER-HAL: [RequestManager.cpp]releaseLocked(): Released ID : 6189936
06-19 23:45:29.143  1362  1362 D SurfaceFlinger: Display 4633128672291735931 HWC layers:
06-19 23:45:29.143  1362  1362 D SurfaceFlinger:        DEVICE |           83124797046785 | 00002102 | RGBA_8888    |    0.0    0.0 1080.0 2340.0 |    0    0 1080 2340 | com.example.testeableapp/com.example.testeableapp.MainActivity$_19354#35065 (3)
06-19 23:45:29.143  1362  1362 D SurfaceFlinger:        DEVICE |           10750303184997 | 00002100 | RGBA_8888    |    0.0    0.0 1080.0   77.0 |    0    0 1080   77 | StatusBar$_2503#111 (52305)
06-19 23:45:29.143  1362  1362 D SurfaceFlinger:        DEVICE |           12743167976380 | 00002100 | RGBA_8888    |    0.0    0.0   67.0  342.0 | 1013  821 1080 1163 | com.sec.android.app.launcher/com.sam[...]l.app.CocktailBarService$_2967#35048 (1)
06-19 23:45:29.143  1362  1362 D SurfaceFlinger:        DEVICE |           10750303184996 | 00002100 | RGBA_8888    |    0.0    0.0 1080.0  135.0 |    0 2205 1080 2340 | NavigationBar0$_2503#107 (27188)
06-19 23:45:29.143  1362  1362 D SurfaceFlinger:        DEVICE |           70158290780193 | 00002100 | RGBA_8888    |    0.0    0.0 1080.0 2340.0 |    0    0 1080 2340 | EdgeLightingWindow$_16335#35072 (1)
06-19 23:45:29.143  1362  1362 D SurfaceFlinger:
06-19 23:45:29.144 14303 14605 I Routine@Core[4.9.04.13]: AppFunctionsActionHandler: isSupported: supportStatus = SUPPORTED, tag = appfunction://com.samsung.android.app.reminder.data.crossappactions#TaskFunctions_updateTask
06-19 23:45:29.144  2503  3028 W BitmapFactory: Null Options, creating a new one.
06-19 23:45:29.145  2503  3028 I Kumiho-Kumiho: getPackageName: com.samsung.android.app.routines
06-19 23:45:29.147 14303 14605 I Routine@Core[4.9.04.13]: TASKD/ActionTaskAdapterFactoryImpl: getAdapter - metaId=appfunction://com.samsung.android.support.senl.nt.app.main.appfunction#NoteFunctions_createNote(id=619)
06-19 23:45:29.147  2503  3028 I Kumiho-Kumiho: getPackageName: com.samsung.android.app.routines
06-19 23:45:29.148  1593  3151 I SemDvfsHyPerManager: acquire hyper - AMS_APP_SWITCH/1593@22, type = -999
06-19 23:45:29.148  1275  1361 I HYPER-HAL: [RequestManager.cpp]acquire(): Acquired ID : 1304942  [1593 / 22]    HINT : AMS_APP_SWITCH    list :
06-19 23:45:29.149  3503  3503 I SemDvfsHyPerManager: acquire hyper - APP_START_SHORT/3503@15, type = -999
06-19 23:45:29.149  1275  1361 I HYPER-HAL: [RequestManager.cpp]acquire(): Acquired ID : 6189936  [3503 / 15]    HINT : APP_START    list : [TIMEOUT / 1500]
06-19 23:45:29.152  1362  1543 I SurfaceFlinger: id=35073 createSurf, flag=24004, Task=558#35073
06-19 23:45:29.153  1362  1362 I SurfaceFlinger: [Task=558#35073] attach to parent LayerHierarchy{RequestedLayerState{DefaultTaskDisplayArea_d0#10 parentId=9} 16 children}
06-19 23:45:29.155  1362  1543 I SurfaceFlinger: id=35074 createSurf, flag=84004, ActivityRecord{82417036 u0 com.example.testeableapp.test/androidx.test.core.app.InstrumentationActivityInvoker$EmptyActivity t558}#35074
06-19 23:45:29.160  1593  3527 I SemDvfsHyPerManager: acquire hyper - AMS_APP_LAUNCH/1593@16, type = -999
06-19 23:45:29.160  1275  1361 I HYPER-HAL: [RequestManager.cpp]acquire(): Acquired ID : 1295261  [1593 / 16]    HINT : AMS_APP_LAUNCH    list :
06-19 23:45:29.163  3503  3503 I SemDvfsHyPerManager: acquire hyper - APP_START/3503@17, type = -999
06-19 23:45:29.163  1275  1361 I HYPER-HAL: [RequestManager.cpp]acquire(): Acquired ID : 6196977  [3503 / 17]    HINT : APP_START    list :
06-19 23:45:29.165 19354 19354 D LifecycleMonitor: Lifecycle status change: com.example.testeableapp.MainActivity@f64163b in: PAUSED
06-19 23:45:29.165 19354 19354 V ActivityScenario: Update currentActivityStage to PAUSED, currentActivity=com.example.testeableapp.MainActivity@f64163b
06-19 23:45:29.166  2967  3307 I HoneySpace.TopTaskSource: onTaskMovedToFront : taskId = 558, displayId = 0
06-19 23:45:29.167  2503  2557 D ShellDesktopMode: handleRequest: TransitionRequestInfo {type=1, tid=558, debugId=2946}
06-19 23:45:29.170  1362  1362 I SurfaceFlinger: [ActivityRecord{82417036 u0 com.example.testeableapp.test/androidx.test.core.app.InstrumentationActivityInvoker$EmptyActivity t558}#35074] attach to parent LayerHierarchy{RequestedLayerState{Task=558#35073 parentId=10} 1 children}
06-19 23:45:29.171  2967  3309 I HoneySpace.TopTaskUseCase: topTasks 558 ComponentInfo{com.example.testeableapp.test/androidx.test.core.app.InstrumentationActivityInvoker$EmptyActivity}[displayId=0]
06-19 23:45:29.172  2503  2567 I ViewRootImpl: dVRR is disabled
06-19 23:45:29.173  2503  2607 D NativeCustomFrequencyManager: [NativeCFMS] BpCustomFrequencyManager::BpCustomFrequencyManager()
06-19 23:45:29.177  1593  2429 D SemWifiTransportLayerMonitor.TcpMonitorHandler: MSG_SAVE_PACKAGE_INFO
06-19 23:45:29.177  1593  2429 D SemWifiTransportLayerFileManager: saveWifiPackageInfoToFile
06-19 23:45:29.177  1593  2429 D SemWifiTransportLayerFileManager: writeWifiPackageInfoList
06-19 23:45:29.178  1342  7958 V APM_AudioPolicyManager: setAppState(portId:24603, state:1)
06-19 23:45:29.178  1476  1476 I CameraService: onUidStateChanged: uid=10049, procState is changed. (0 -> 1)
06-19 23:45:29.184  1593  4115 D InputTransport: Input channel constructed: 'e531869', fd=1657
06-19 23:45:29.185  1593  4115 D InputTransport: Input channel constructed: 'e531869', fd=1660
06-19 23:45:29.185  1593  4115 D InputTransport: Input channel constructed: 'e531869', fd=1654
06-19 23:45:29.185  2967 16523 I HoneySpace.RecentTasks: onRecentTasksChanged
06-19 23:45:29.185  1593  4115 D InputTransport: Input channel destroyed: 'e531869', fd=1660
06-19 23:45:29.186  1362  1543 I SurfaceFlinger: id=35075 createSurf, flag=84004, e531869 Splash Screen com.example.testeableapp.test#35075
06-19 23:45:29.187  1362  1362 I SurfaceFlinger: [Display 0 name="Pantalla integrada"#49] setFrameRateCategory: High
06-19 23:45:29.187  1230  1230 D Zygote  : Forked child process 19426
06-19 23:45:29.187  1362  1362 I SurfaceFlinger: [e531869 Splash Screen com.example.testeableapp.test#35075] attach to parent LayerHierarchy{RequestedLayerState{ActivityRecord{82417036 u0 com.example.testeableapp.test/androidx.test.core.app.InstrumentationActivityInvoker$EmptyActivity t558}#35074 parentId=35073} 1 children}
06-19 23:45:29.189  1593  4115 D InputTransport: Input channel destroyed: 'e531869', fd=1654
06-19 23:45:29.190  1362  1362 I BpBinder: onLastStrongRef automatically unlinking death recipients:
06-19 23:45:29.190  2503  2567 D InputTransport: Input channel constructed: 'e531869', fd=743
06-19 23:45:29.190  1342  7958 V APM_AudioPolicyManager: setAppState(portId:24603, state:1)
06-19 23:45:29.191  2503  2567 I InsetsController: onStateChanged: host=Splash Screen com.example.testeableapp.test, from=android.view.ViewRootImpl.onInsetsStateChanged:3026, state=InsetsState: {mDisplayFrame=Rect(0, 0 - 1080, 2340), mDisplayCutout=DisplayCutout{insets=Rect(0, 77 - 0, 0) waterfall=Insets{left=0, top=0, right=0, bottom=0} boundingRect={Bounds=[Rect(0, 0 - 0, 0), Rect(477, 0 - 603, 77), Rect(0, 0 - 0, 0), Rect(0, 0 - 0, 0)]} cutoutPathParserInfo={CutoutPathParserInfo{displayWidth=1080 displayHeight=2340 physicalDisplayWidth=1080 physicalDisplayHeight=2340 density={2.8125} cutoutSpec={M 0,0 H -22.4‬ V 27.37777777777778‬ H 22.4‬ V 0 H 0 Z @dp} rotation={0} scale={1.0} physicalPixelDisplaySizeRatio={1.0}}} sideOverrides={}}, mRoundedCorners=RoundedCorners{[RoundedCorner{position=TopLeft, radius=113, center=Point(113, 113)}, RoundedCorner{position=TopRight, radius=113, center=Point(967, 113)}, RoundedCorner{position=BottomRight, radius=113, center=Point(967, 2227)}, RoundedCorner{position=BottomLeft, radius=113, center=Point(113, 2227)}]}  mRoundedCornerFrame=Rect(0, 0 - 1080, 2340), mPrivacyIndicatorBounds=PrivacyIndicatorBounds {static bounds=Rect(956, 0 - 1080, 77) rotation=0}, mDisplayShape=DisplayShape{ spec=-311912193 displayWidth=1080 displayHeight=2340 physicalPixelDisplaySizeRatio=1.0 rotation=0 offsetX=0 offsetY=0 scale=1.0}, mSources= { InsetsSource: {84a40000 mType=statusBars mFrame=[0,0][1080,77] mVisible=true mFlags= mSideHint=TOP mBoundingRects=null}, InsetsSource: {84a40005 mType=mandatorySystemGestures mFrame=[0,0][1080,111] mVisible=true mFlags= mSideHint=TOP mBoundingRects=null}, InsetsSource: {84a40006 mType=tappableElement mFrame=[0,0][1080,77] mVisible=true mFlags= mSideHint=TOP mBoundingRects=null}, InsetsSource: {88bb0001 mType=navigationBars mFrame=[0,2298][1080,2340] mVisible=true mFlags=SUPPRESS_SCRIM mSideHint=BOTTOM mBoundingRects=null}, InsetsSource: {88bb0004 mType=systemGestures mFrame=[0,0][84,2340] mVisible=true mFlags= mSideHint=LEFT mBoundingRects=null}, InsetsSource: {88bb0005 mType=mandatorySystemGestures mFrame=[0,2250][1080,2340] mVisible=true mFlags= mSideHint=BOTTOM mBoundingRects=null}, InsetsSource: {88bb0006 mType=tappableElement mFrame=[0,0][0,0] mVisible=true mFlags= mSideHint=NONE mBoundingRects=null}, InsetsSource: {88bb0024 mType=systemGestures mFrame=[996,0][1080,2340] mVisible=true mFlags= mSideHint=RIGHT mBoundingRects=null}, InsetsSource: {3 mType=ime mFrame=[0,0][0,0] mVisible=false mFlags= mSideHint=NONE mBoundingRects=null}, InsetsSource: {27 mType=displayCutout mFrame=[0,0][1080,77] mVisible=true mFlags= mSideHint=TOP mBoundingRects=null} }
06-19 23:45:29.191  2503  2567 I VRI[test]@b3f4d32: onActiveControlsChanged, removed=false, mAdded=true, caller=android.view.ViewRootImpl.handleInsetsControlChanged:3002 android.view.ViewRootImpl.setView:2014 android.view.WindowManagerGlobal.addView:604 com.android.wm.shell.startingsurface.SplashscreenWindowCreator.addWindow:38 com.android.wm.shell.startingsurface.StartingWindowController$$ExternalSyntheticLambda4.run:1365
06-19 23:45:29.191  2503  2567 I VRI[test]@b3f4d32: synced displayState. AttachInfo displayState=2
06-19 23:45:29.192  2503  2567 I VRI[test]@b3f4d32: setView = android.widget.FrameLayout@2e5302c IsHRR=false mFlingFrameRateChange=0 TM=true
06-19 23:45:29.193  2503  2607 D HWUI    : HWUI - treat SMPTE_170M as sRGB
06-19 23:45:29.193  1593  2538 I WindowManager: Relayout Window{e531869 u0 Splash Screen com.example.testeableapp.test}: viewVisibility=0 req=1080x2340 ty=3 d0
06-19 23:45:29.194  1362  1376 I SurfaceFlinger: id=35076 createSurf, flag=44004, Splash Screen com.example.testeableapp.test$_2503#35076
06-19 23:45:29.194  1593  2726 D InputDispatcher: Focus left window (0): 5231c13 com.example.testeableapp/com.example.testeableapp.MainActivity
06-19 23:45:29.195  1593  2538 D SurfaceComposerClient: setCornerRadius ## e531869 Splash Screen com.example.testeableapp.test#35075 cornerRadius=0.000000
06-19 23:45:29.196  1593  2538 D SurfaceComposerClient: setCornerRadius ## e531869 Splash Screen com.example.testeableapp.test#35075 cornerRadius=0.000000
06-19 23:45:29.198  2503  2503 I AppIconSolution: return adaptive icon for com.whatsapp, isNight = true
06-19 23:45:29.198 19354 19354 I ImeFocusController: onPreWindowFocus: skipped hasWindowFocus=false mHasImeFocus=true
06-19 23:45:29.200 19426 19426 I steableapp.test: Late-enabling -Xcheck:jni
06-19 23:45:29.200 19354 19354 I ImeFocusController: onPostWindowFocus: skipped hasWindowFocus=false mHasImeFocus=true
06-19 23:45:29.204  1362  1362 I SurfaceFlinger: [LayerHierarchy{RequestedLayerState{ImeContainer#15 parentId=35056 relativeParentId=35056 z=1} 1 children}] RelativeParent to null
06-19 23:45:29.204  1362  1362 I SurfaceFlinger: [Splash Screen com.example.testeableapp.test$_2503#35076] attach to parent LayerHierarchy{RequestedLayerState{e531869 Splash Screen com.example.testeableapp.test#35075 parentId=35074} 1 children}
06-19 23:45:29.207  2503  2503 W RefactorFlag: New code path expects SceneContainerFlag to be enabled.
06-19 23:45:29.211  1593  2538 I WindowManager: Relayout hash=e531869, pid=2503, syncId=-1: mAttrs={(0,0)(fillxfill) sim={adjust=pan} layoutInDisplayCutoutMode=always ty=APPLICATION_STARTING fmt=TRANSLUCENT
06-19 23:45:29.211  1593  2538 I WindowManager:   fl=81030118
06-19 23:45:29.211  1593  2538 I WindowManager:   pfl=10000810
06-19 23:45:29.211  1593  2538 I WindowManager:   apr=18
06-19 23:45:29.211  1593  2538 I WindowManager:   bhv=1
06-19 23:45:29.211  1593  2538 I WindowManager:   fitSides=0
06-19 23:45:29.211  1593  2538 I WindowManager:   frameRateBoostOnTouch=true
06-19 23:45:29.211  1593  2538 I WindowManager:   dvrrWindowFrameRateHint=true naviIconColor=0}
06-19 23:45:29.212  2503  2567 I VRI[test]@b3f4d32: onActiveControlsChanged, removed=false, mAdded=true, caller=android.view.ViewRootImpl.handleInsetsControlChanged:3002 android.view.ViewRootImpl.relayoutWindow:11629 android.view.ViewRootImpl.performTraversals:4804 android.view.ViewRootImpl.doTraversal:3924 android.view.ViewRootImpl$TraversalRunnable.run:12903
06-19 23:45:29.215  2503  2503 I AppIconSolution: return adaptive icon for com.whatsapp, isNight = true
06-19 23:45:29.225  2503  2567 I BLASTBufferQueue_Java: new BLASTBufferQueue, mName= VRI[test]@b3f4d32 mNativeObject= 0xb40000707c2e1fe0 caller= android.view.ViewRootImpl.updateBlastSurfaceIfNeeded:3585 android.view.ViewRootImpl.relayoutWindow:11685 android.view.ViewRootImpl.performTraversals:4804 android.view.ViewRootImpl.doTraversal:3924 android.view.ViewRootImpl$TraversalRunnable.run:12903 android.view.Choreographer$CallbackRecord.run:1901 android.view.Choreographer$CallbackRecord.run:1910 android.view.Choreographer.doCallbacks:1367 android.view.Choreographer.doFrame:1292 android.view.Choreographer$FrameDisplayEventReceiver.run:1870
06-19 23:45:29.225  2503  2567 I BLASTBufferQueue_Java: update, w= 1080 h= 2340 mName = VRI[test]@b3f4d32 mNativeObject= 0xb40000707c2e1fe0 sc.mNativeObject= 0xb400006f1bc04410 format= -3 caller= android.view.ViewRootImpl.updateBlastSurfaceIfNeeded:3590 android.view.ViewRootImpl.relayoutWindow:11685 android.view.ViewRootImpl.performTraversals:4804 android.view.ViewRootImpl.doTraversal:3924 android.view.ViewRootImpl$TraversalRunnable.run:12903 android.view.Choreographer$CallbackRecord.run:1901
06-19 23:45:29.227  2503  2567 I VRI[test]@b3f4d32: Relayout returned: old=(0,0,1080,2340) new=(0,0,1080,2340) relayoutAsync=false req=(1080,2340)0 dur=31 res=0x3 s={true 0xb400006f8c1ab950} ch=true seqId=0
06-19 23:45:29.228  2503  2567 I VRI[test]@b3f4d32: performConfigurationChange setNightDimText nightDimLevel=0
06-19 23:45:29.228  2503  2567 D VRI[test]@b3f4d32: mThreadedRenderer.initialize() mSurface={isValid=true 0xb400006f8c1ab950} hwInitialized=true
06-19 23:45:29.229  2503  2567 D VRI[test]@b3f4d32: reportNextDraw android.view.ViewRootImpl.performTraversals:5443 android.view.ViewRootImpl.doTraversal:3924 android.view.ViewRootImpl$TraversalRunnable.run:12903 android.view.Choreographer$CallbackRecord.run:1901 android.view.Choreographer$CallbackRecord.run:1910
06-19 23:45:29.229  2503  2567 D VRI[test]@b3f4d32: Setup new sync=wmsSync-VRI[test]@b3f4d32#71
06-19 23:45:29.229  2503  2567 I VRI[test]@b3f4d32: Creating new active sync group VRI[test]@b3f4d32#72
06-19 23:45:29.229  2503  2567 D VRI[test]@b3f4d32: registerCallbacksForSync syncBuffer=false
06-19 23:45:29.230  2503  2605 D VRI[test]@b3f4d32: Received frameDrawingCallback syncResult=0 frameNum=1.
06-19 23:45:29.230 19426 19426 I steableapp.test: Using CollectorTypeCMC GC.
06-19 23:45:29.230  2503  2605 I VRI[test]@b3f4d32: mWNT: t=0xb400006f2bd979d0 mBlastBufferQueue=0xb40000707c2e1fe0 fn= 1 HdrRenderState mRenderHdrSdrRatio=1.0 caller= android.view.ViewRootImpl$12.onFrameDraw:15441 android.view.ThreadedRenderer$1.onFrameDraw:718 <bottom of call stack>
06-19 23:45:29.230  2503  2605 I VRI[test]@b3f4d32: Setting up sync and frameCommitCallback
06-19 23:45:29.234  2503  2607 I BLASTBufferQueue: [VRI[test]@b3f4d32#1927](f:0,a:0,s:0) onFrameAvailable the first frame is available
06-19 23:45:29.235  2503  2607 I VRI[test]@b3f4d32: Received frameCommittedCallback lastAttemptedDrawFrameNum=1 didProduceBuffer=true
06-19 23:45:29.235  2503  2607 D HWUI    : CFMS:: SetUp Pid : 2503    Tid : 2607
06-19 23:45:29.236  1362  1542 I SurfaceFlinger: [Splash Screen com.example.testeableapp.test$_2503#35076] setTransactionState with the first frame. bufferData(ID: 10750303185058, frameNumber: 1)
06-19 23:45:29.236  2503  2567 D VRI[test]@b3f4d32: reportDrawFinished seqId=0
06-19 23:45:29.237  5222  5231 I adbd    : jdwp connection from 19426
06-19 23:45:29.239 19426 19426 D nativeloader: Load libframework-connectivity-tiramisu-jni.so using APEX ns com_android_tethering for caller /apex/com.android.tethering/javalib/framework-connectivity-t.jar: ok
06-19 23:45:29.239  1593  1663 D SurfaceComposerClient: setCornerRadius ## e531869 Splash Screen com.example.testeableapp.test#35075 cornerRadius=0.000000
06-19 23:45:29.240  1593  1663 D SurfaceComposerClient: setCornerRadius ## e531869 Splash Screen com.example.testeableapp.test#35075 cornerRadius=0.000000
06-19 23:45:29.240 14303 14605 I Routine@Core[4.9.04.13]: AppFunctionsActionHandler: isSupported: supportStatus = SUPPORTED, tag = appfunction://com.samsung.android.support.senl.nt.app.main.appfunction#NoteFunctions_createNote
06-19 23:45:29.242  1362  1542 I SurfaceFlinger: id=35077 createSurf, flag=84004, Transition Root: Task=558#35077
06-19 23:45:29.244  2503  2503 I AppIconSolution: return adaptive icon for com.whatsapp, isNight = true
06-19 23:45:29.244 14303 14605 I Routine@Core[4.9.04.13]: TASKD/ActionTaskAdapterFactoryImpl: getAdapter - metaId=appfunction://com.samsung.android.support.senl.nt.app.main.appfunction#NoteFunctions_showNote(id=620)
06-19 23:45:29.245 19426 19426 D ActivityThread: setConscryptValidator
06-19 23:45:29.245 19426 19426 D ActivityThread: setConscryptValidator - put
06-19 23:45:29.246  1593  1663 I SurfaceControlRegistry: show, t=StartTransaction_SyncId<2946> sc=ActivityRecord{82417036 u0 com.example.testeableapp.test/androidx.test.core.app.InstrumentationActivityInvoker$EmptyActivity t558}, caller=android.view.SurfaceControl$Transaction.show:3557 com.android.server.wm.Transition.onTransactionReady:2048 com.android.server.wm.BLASTSyncEngine$SyncGroup.finishNow:240 com.android.server.wm.BLASTSyncEngine.onSurfacePlacement:263 com.android.server.wm.RootWindowContainer.performSurfacePlacementNoTrace:1083 com.android.server.wm.WindowSurfacePlacer.performSurfacePlacement:166
06-19 23:45:29.246  1593  1663 D SurfaceComposerClient: setCornerRadius ## Task=557#35055 cornerRadius=0.000000
06-19 23:45:29.246  1593  1663 D SurfaceComposerClient: setCornerRadius ## Task=558#35073 cornerRadius=0.000000
06-19 23:45:29.247  1593  1663 D ScreenCapture: [Capture_TEST] : setIsScreenShotBySystem false
06-19 23:45:29.248  1593  1663 I SurfaceComposerClient: captureLayers:childrenOnly:1, sync:1
06-19 23:45:29.249  2503  2503 D ExpandableNotifRow: mMaxSmallHeight different before reInflateViews mMaxSmallHeight: 203 mTempSmallHeight:0 0|com.whatsapp|1|null|10383
06-19 23:45:29.249  2503  2503 D ExpandableNotifRow: mMaxSmallHeight different before reInflateViews mMaxSmallHeight: 203 mTempSmallHeight:0 0|com.whatsapp|1|null|10383
06-19 23:45:29.249  2503  2503 D ExpandableNotifRow: mMaxSmallHeight different before reInflateViews mMaxSmallHeight: 203 mTempSmallHeight:0 0|com.whatsapp|1|null|10383
06-19 23:45:29.249  2503  2503 D ExpandableNotifRow: mMaxSmallHeight different before reInflateViews mMaxSmallHeight: 203 mTempSmallHeight:0 0|com.whatsapp|1|null|10383
06-19 23:45:29.251  2503  2557 I SurfaceControlRegistry: hide, t=FinishTransaction_SyncId<2946> sc=Task=557, caller=android.view.SurfaceControl$Transaction.hide:3583 com.android.wm.shell.transition.Transitions.dispatchReady:1263 com.android.wm.shell.transition.Transitions.onTransitionReady:251 com.android.wm.shell.transition.Transitions$TransitionPlayerImpl$$ExternalSyntheticLambda0.run:13 android.os.Handler.handleCallback:995 android.os.Handler.dispatchMessage:103
06-19 23:45:29.251  2503  2557 I SurfaceControlRegistry: show, t=StartTransaction_SyncId<2946> sc=Task=558, caller=android.view.SurfaceControl$Transaction.show:3557 com.android.wm.shell.transition.Transitions.dispatchReady:1279 com.android.wm.shell.transition.Transitions.onTransitionReady:251 com.android.wm.shell.transition.Transitions$TransitionPlayerImpl$$ExternalSyntheticLambda0.run:13 android.os.Handler.handleCallback:995 android.os.Handler.dispatchMessage:103
06-19 23:45:29.251  2503  2557 I SurfaceControlRegistry: show, t=FinishTransaction_SyncId<2946> sc=Task=558, caller=android.view.SurfaceControl$Transaction.show:3557 com.android.wm.shell.transition.Transitions.dispatchReady:1330 com.android.wm.shell.transition.Transitions.onTransitionReady:251 com.android.wm.shell.transition.Transitions$TransitionPlayerImpl$$ExternalSyntheticLambda0.run:13 android.os.Handler.handleCallback:995 android.os.Handler.dispatchMessage:103
06-19 23:45:29.252  2503  2557 I SurfaceControlRegistry: show, t=StartTransaction_SyncId<2946> sc=Transition Root: Task=558, caller=android.view.SurfaceControl$Transaction.show:3557 com.android.wm.shell.transition.Transitions.playTransition:79 com.android.wm.shell.transition.Transitions.processReadyQueue:239 com.android.wm.shell.transition.Transitions.dispatchReady:1352 com.android.wm.shell.transition.Transitions.onTransitionReady:251 com.android.wm.shell.transition.Transitions$TransitionPlayerImpl$$ExternalSyntheticLambda0.run:13
06-19 23:45:29.252  2503  2503 D S.S.N.  : entryViewBound parent :0|com.whatsapp|1|null|10383
06-19 23:45:29.255  2503  2503 I AppIconSolution: return adaptive icon for com.whatsapp, isNight = true
06-19 23:45:29.255  1362  1543 I SurfaceFlinger: id=35078 createSurf, flag=20004, DimTransitionLayer for Surface(name=Task=558)/@0x8891390#35078
06-19 23:45:29.255  2503  2557 I SurfaceControlRegistry: show, t=StartTransaction_SyncId<2946> sc=DimTransitionLayer for Surface(name=Task=558)/@0x8891390, caller=android.view.SurfaceControl$Transaction.show:3557 com.android.wm.shell.transition.DefaultTransitionHandler.startAnimation:2931 com.android.wm.shell.transition.Transitions.dispatchTransition:90 com.android.wm.shell.transition.Transitions.playTransition:774 com.android.wm.shell.transition.Transitions.processReadyQueue:239 com.android.wm.shell.transition.Transitions.dispatchReady:1352
06-19 23:45:29.256  2503  2557 I SurfaceControlRegistry: apply, t=StartTransaction_SyncId<2946>, caller=android.view.SurfaceControl$Transaction.apply:3459 android.view.SurfaceControl$Transaction.apply:3447 android.view.SurfaceControl$Transaction.apply:3397 com.android.wm.shell.transition.DefaultTransitionHandler.startAnimation:3387 com.android.wm.shell.transition.Transitions.dispatchTransition:90 com.android.wm.shell.transition.Transitions.playTransition:774
06-19 23:45:29.256  1362  1542 I SurfaceFlinger: Capture layer list: 	 com.example.testeableapp/com.example.testeableapp.MainActivity$_19354#35065(seamlessTransition:0)
06-19 23:45:29.265  2503  2503 D SubscreenNotificationListCoordinator: onAfterRenderList() isSubScreen = false, pluginLockMode = 0, doNotShowOnCover = false
06-19 23:45:29.269  1362  1545 I SurfaceFlinger: id=35079 createSurf, flag=24000, Surface(name=b2ba1d5 NavigationBar0)/@0x108d35a - animation-leash of insets_animation#35079
06-19 23:45:29.269 27321 18843 I NearbySharing: Network state changed: NetworkState(isRestricted=false, isOnline=true, isCongested=false, isMetered=false, isWifiConnected=true)
06-19 23:45:29.270  2503  2503 W RefactorFlag: New code path expects SceneContainerFlag to be enabled.
06-19 23:45:29.270  2503  2503 D ExpandableNotifRow: mMaxSmallHeight different before reInflateViews mMaxSmallHeight: 203 mTempSmallHeight:0 0|com.whatsapp|1|null|10383
06-19 23:45:29.270  2503  2503 D ExpandableNotifRow: mMaxSmallHeight different before reInflateViews mMaxSmallHeight: 203 mTempSmallHeight:0 0|com.whatsapp|1|null|10383
06-19 23:45:29.271  1362  1362 I SurfaceFlinger: RequestedLayer [e531869 Splash Screen com.example.testeableapp.test#35075] hidden!! flag  from(1) --> to(0)
06-19 23:45:29.271  1362  1362 I SurfaceFlinger: RequestedLayer [Splash Screen com.example.testeableapp.test$_2503#35076] hidden!! flag  from(1) --> to(0)
06-19 23:45:29.271  1362  1362 I SurfaceFlinger: RequestedLayer [Task=558#35073] hidden!! flag  from(1) --> to(0)
06-19 23:45:29.271  1362  1362 E SurfaceFlinger: alpha changed 1.000 -> 0.000 - Task=558#35073
06-19 23:45:29.271  1362  1362 I SurfaceFlinger: RequestedLayer [Transition Root: Task=558#35077] hidden!! flag  from(1) --> to(0)
06-19 23:45:29.271  1362  1362 I SurfaceFlinger: RequestedLayer [ActivityRecord{82417036 u0 com.examp[...]ityInvoker$EmptyActivity t558}#35074] hidden!! flag  from(1) --> to(0)
06-19 23:45:29.271  1362  1362 I SurfaceFlinger: RequestedLayer [DimTransitionLayer for Surface(name=Task=558)/@0x8891390#35078] hidden!! flag  from(1) --> to(0)
06-19 23:45:29.271  1362  1362 E SurfaceFlinger: alpha changed 1.000 -> 0.000 - DimTransitionLayer for Surface(name=Task=558)/@0x8891390#35078
06-19 23:45:29.271  1362  1362 E SurfaceFlinger: alpha changed 0.000 -> 1.000 - Task=558#35073
06-19 23:45:29.271  1362  1362 E SurfaceFlinger: alpha changed 0.000 -> 0.000 - DimTransitionLayer for Surface(name=Task=558)/@0x8891390#35078
06-19 23:45:29.271  1362  1362 I SurfaceFlinger: [LayerHierarchy{RequestedLayerState{Task=557#35055 parentId=35077 z=2} 1 children}] reparent to LayerHierarchy{RequestedLayerState{Transition Root: Task=558#35077 parentId=10 z=13} 1 children}
06-19 23:45:29.271  1362  1362 I SurfaceFlinger: [LayerHierarchy{RequestedLayerState{Task=558#35073 parentId=35077 z=5} 1 children}] reparent to LayerHierarchy{RequestedLayerState{Transition Root: Task=558#35077 parentId=10 z=13} 2 children}
06-19 23:45:29.271  1362  1362 I SurfaceFlinger: [Transition Root: Task=558#35077] attach to parent LayerHierarchy{RequestedLayerState{DefaultTaskDisplayArea_d0#10 parentId=9} 15 children}
06-19 23:45:29.271  1362  1362 I SurfaceFlinger: [DimTransitionLayer for Surface(name=Task=558)/@0x8891390#35078] attach to parent LayerHierarchy{RequestedLayerState{Transition Root: Task=558#35077 parentId=10 z=13} 3 children}
06-19 23:45:29.271  1362  1362 I SurfaceFlinger: [Surface(name=b2ba1d5 NavigationBar0)/@0x108d35a - animation-leash of insets_animation#35079] attach to parent LayerHierarchy{RequestedLayerState{WindowToken{1db1eeb type=2019 android.os.BinderProxy@7119565}#94 parentId=34} 2 children}
06-19 23:45:29.273  1362  1376 I SurfaceFlinger: id=35080 createSurf, flag=24000, Surface(name=a1a3f36 StatusBar)/@0x69ae81 - animation-leash of insets_animation#35080
06-19 23:45:29.274  2503  2503 I AppIconSolution: return adaptive icon for com.whatsapp, isNight = true
06-19 23:45:29.276  2967 16523 I HoneySpace.RecentTasks: onRecentTasksChanged
06-19 23:45:29.278  1593  1663 D SurfaceComposerClient: setCornerRadius ## e531869 Splash Screen com.example.testeableapp.test#35075 cornerRadius=0.000000
06-19 23:45:29.284  1593  1660 D NetworkPolicy: already checked 10356
06-19 23:45:29.285  2503  2503 I AppIconSolution: return adaptive icon for com.whatsapp, isNight = true
06-19 23:45:29.285  1362  1376 I SurfaceFlinger: id=35081 createSurf, flag=84000, 14bd8de ActivityRecordInputSink com.example.testeableapp.test/androidx.test.core.app.InstrumentationActivityInvoker$EmptyActivity#35081
06-19 23:45:29.286  5754  5874 I Rubin   : [148] A8.b.A(Unknown Source) : Notify com.samsung.android.rubin.inferenceengine.contextanalytics.engine.loggers.AppUsageLogger's database is updated.
06-19 23:45:29.287  1362  1362 I SurfaceFlinger: [Surface(name=a1a3f36 StatusBar)/@0x69ae81 - animation-leash of insets_animation#35080] attach to parent LayerHierarchy{RequestedLayerState{WindowToken{2df28d1 type=2000 android.os.BinderProxy@248d75b}#101 parentId=17} 2 children}
06-19 23:45:29.287  1362  1362 I SurfaceFlinger: [14bd8de ActivityRecordInputSink com.example.testeableapp.test/androidx.test.core.app.InstrumentationActivityInvoker$EmptyActivity#35081] attach to parent LayerHierarchy{RequestedLayerState{ActivityRecord{82417036 u0 com.example.testeableapp.test/androidx.test.core.app.InstrumentationActivityInvoker$EmptyActivity t558}#35074 parentId=35073} 2 children}
06-19 23:45:29.290  1593  1660 D PkgPredictorService-SecIpmManagerServiceImpl: onForegroundActivitiesChanged pid:19426 uid:10356
06-19 23:45:29.290  1593  3029 V PkgPredictorService-SecIpmManagerServiceImpl: discard foreground app:com.example.testeableapp.test 1|true
06-19 23:45:29.291  1362  1362 D SurfaceFlinger: GPIS:: requestGpisForClientComposition
06-19 23:45:29.297  2503  2503 D ExpandableNotifRow: mMaxSmallHeight different before reInflateViews mMaxSmallHeight: 203 mTempSmallHeight:0 0|com.whatsapp|1|OvmBtF+uSfs4NJh7cvinvdOaUTIKGjeLkFmW0mPW1Ag=|10383
06-19 23:45:29.297  2503  2503 D ExpandableNotifRow: mMaxSmallHeight different before reInflateViews mMaxSmallHeight: 203 mTempSmallHeight:0 0|com.whatsapp|1|OvmBtF+uSfs4NJh7cvinvdOaUTIKGjeLkFmW0mPW1Ag=|10383
06-19 23:45:29.297  2503  2503 D ExpandableNotifRow: mMaxSmallHeight different before reInflateViews mMaxSmallHeight: 203 mTempSmallHeight:0 0|com.whatsapp|1|OvmBtF+uSfs4NJh7cvinvdOaUTIKGjeLkFmW0mPW1Ag=|10383
06-19 23:45:29.297  2503  2503 D ExpandableNotifRow: mMaxSmallHeight different before reInflateViews mMaxSmallHeight: 203 mTempSmallHeight:0 0|com.whatsapp|1|OvmBtF+uSfs4NJh7cvinvdOaUTIKGjeLkFmW0mPW1Ag=|10383
06-19 23:45:29.298  2967 18508 I HoneySpace.RecentTasks: onRunningTaskAppeared
06-19 23:45:29.298  2967 18508 I HoneySpace.RecentTasks: onRecentTasksChanged
06-19 23:45:29.298  2503  2503 D S.S.N.  : entryViewBound parent :0|com.whatsapp|1|OvmBtF+uSfs4NJh7cvinvdOaUTIKGjeLkFmW0mPW1Ag=
06-19 23:45:29.298  2503  2503 D S.S.N.  : |10383
06-19 23:45:29.299  1342  3245 V APM_AudioPolicyManager: setAppState(portId:24603, state:1)
06-19 23:45:29.299  1342  3245 V APM_AudioPolicyManager: setAppState(portId:24603, state:1)
06-19 23:45:29.300  2503  2503 I AppIconSolution: return adaptive icon for com.whatsapp, isNight = true
06-19 23:45:29.302  5754  5874 I Rubin   : [148] com.samsung.android.rubin.inferenceengine.contextanalytics.engine.monitors.moment.exercise.ExercisingWithCmhMonitor.isSatisfiedByCmh(Unknown Source) : isSatisfiedByCmh is false
06-19 23:45:29.304  1362  1362 E SurfaceFlinger: alpha changed 0.000 -> 0.020 - DimTransitionLayer for Surface(name=Task=558)/@0x8891390#35078
06-19 23:45:29.304  1362  1362 I SurfaceFlinger: [LayerHierarchy{RequestedLayerState{b2ba1d5 NavigationBar0#95 parentId=35079} 1 children}] reparent to LayerHierarchy{RequestedLayerState{Surface(name=b2ba1d5 NavigationBar0)/@0x108d35a - animation-leash of insets_animation#35079 parentId=94} 1 children}
06-19 23:45:29.304  1362  1362 I SurfaceFlinger: [LayerHierarchy{RequestedLayerState{a1a3f36 StatusBar#102 parentId=35080} 1 children}] reparent to LayerHierarchy{RequestedLayerState{Surface(name=a1a3f36 StatusBar)/@0x69ae81 - animation-leash of insets_animation#35080 parentId=101} 1 children}
06-19 23:45:29.304  1362  1362 I SurfaceFlinger: [LayerHierarchy{RequestedLayerState{Surface(name=a1a3f36 StatusBar)/@0x69ae81 - animation-leash of insets_animation#35067} no children}] reparent to OffscreenRoot
06-19 23:45:29.304  1362  1362 I SurfaceFlinger: [LayerHierarchy{RequestedLayerState{Surface(name=a1a3f36 StatusBar)/@0x69ae81 - animation-leash of insets_animation#35067} no children}] RelativeParent to null
06-19 23:45:29.304  1362  1362 I SurfaceFlinger: [LayerHierarchy{RequestedLayerState{Surface(name=b2ba1d5 NavigationBar0)/@0x108d35a - animation-leash of insets_animation#35066} no children}] reparent to OffscreenRoot
06-19 23:45:29.304  1362  1362 I SurfaceFlinger: [LayerHierarchy{RequestedLayerState{Surface(name=b2ba1d5 NavigationBar0)/@0x108d35a - animation-leash of insets_animation#35066} no children}] RelativeParent to null
06-19 23:45:29.306  2503  2503 I LockscreenNotificationIconsOnlyController: onNotificationInfoUpdated 0
06-19 23:45:29.306  2503  2503 I AODNotificationManager: updateNotification()
06-19 23:45:29.308  2503  2503 D SubscreenNotificationListCoordinator: onAfterRenderList() isSubScreen = false, pluginLockMode = 0, doNotShowOnCover = false
06-19 23:45:29.313  2503  2503 W RefactorFlag: New code path expects SceneContainerFlag to be enabled.
06-19 23:45:29.313  2503  2503 D ExpandableNotifRow: mMaxSmallHeight different before reInflateViews mMaxSmallHeight: 203 mTempSmallHeight:0 0|com.whatsapp|1|OvmBtF+uSfs4NJh7cvinvdOaUTIKGjeLkFmW0mPW1Ag=|10383
06-19 23:45:29.314  2503  2503 D ExpandableNotifRow: mMaxSmallHeight different before reInflateViews mMaxSmallHeight: 203 mTempSmallHeight:0 0|com.whatsapp|1|OvmBtF+uSfs4NJh7cvinvdOaUTIKGjeLkFmW0mPW1Ag=|10383
06-19 23:45:29.317  1362  1362 D SurfaceFlinger: Display 4633128672291735931 HWC layers:
06-19 23:45:29.317  1362  1362 D SurfaceFlinger:        CLIENT |           83124797046785 | 00002102 | RGBA_8888    |   33.0    0.0 1080.0 2340.0 |    0    0 1080 2340 | com.example.testeableapp/com.example.testeableapp.MainActivity$_19354#35065 (3)
