06-19 23:45:36.033 19426 19452 I VRI[InstrumentationActivityInvoker$EmptyActivity]@d89cbc4: mWNT: t=0xb400006f2bc15bd0 mBlastBufferQueue=0xb40000707bc5d800 fn= 1 HdrRenderState mRenderHdrSdrRatio=1.0 caller= android.view.ViewRootImpl$12.onFrameDraw:15441 android.view.ThreadedRenderer$1.onFrameDraw:718 <bottom of call stack>
06-19 23:45:36.034 19426 19452 I VRI[InstrumentationActivityInvoker$EmptyActivity]@d89cbc4: Setting up sync and frameCommitCallback
06-19 23:45:36.034  1362  1362 I SurfaceFlinger: destroyed Surface(name=b2ba1d5 NavigationBar0)/@0x108d35a - animation-leash of insets_animation#35219
06-19 23:45:36.034  1362  1362 I SurfaceFlinger: destroyed Surface(name=a1a3f36 StatusBar)/@0x69ae81 - animation-leash of insets_animation#35220
06-19 23:45:36.034  1362  1362 I SurfaceFlinger: [Surface(name=a1a3f36 StatusBar)/@0x69ae81 - animation-leash of insets_animation#35233] attach to parent LayerHierarchy{RequestedLayerState{WindowToken{2df28d1 type=2000 android.os.BinderProxy@248d75b}#101 parentId=17} 2 children}
06-19 23:45:36.034  1362  1362 I SurfaceFlinger: [Surface(name=b2ba1d5 NavigationBar0)/@0x108d35a - animation-leash of insets_animation#35232] attach to parent LayerHierarchy{RequestedLayerState{WindowToken{1db1eeb type=2019 android.os.BinderProxy@7119565}#94 parentId=34} 2 children}
06-19 23:45:36.034  1362  1362 I SurfaceFlinger: [com.example.testeableapp.test/androidx.test.core.app.InstrumentationActivityInvoker$EmptyActivity$_19426#35231] attach to parent LayerHierarchy{RequestedLayerState{8f9cd0e com.example.testeableapp.test/androidx.test.core.app.InstrumentationActivityInvoker$EmptyActivity#35230 parentId=35226} 1 children}
06-19 23:45:36.035  2967  2967 I HoneySpace.EdgePanel.CocktailHostRepositoryImpl: onNoteResume
06-19 23:45:36.035  2967  2967 I HoneySpace.EdgePanel.EdgePanelContainerViewModel: cocktailHostRepository.edgePanelOperation NoteResumeComponent(componentName=ComponentInfo{com.example.testeableapp.test/androidx.test.core.app.InstrumentationActivityInvoker$EmptyActivity})
06-19 23:45:36.035  2967  2967 I HoneySpace.EdgePanel.ActivityUtils: HomePackage : com.sec.android.app.launcher, resumePackageName : com.example.testeableapp.test, className : androidx.test.core.app.InstrumentationActivityInvoker$EmptyActivity
06-19 23:45:36.036  1593  2549 I WindowManager: Relayout Window{6d844e3 u0 Splash Screen com.example.testeableapp.test}: viewVisibility=0 req=1080x2340 ty=3 d0
06-19 23:45:36.036  1362  1376 I SurfaceFlinger: id=35234 createSurf, flag=44004, Splash Screen com.example.testeableapp.test$_2503#35234
06-19 23:45:36.037  1362  1362 I Layer   : id=35219 Destroyed Surface(name=b2ba1d5 NavigationBar0)/@0x108d35a - animation-leash of insets_animation#35219
06-19 23:45:36.037  1362  1362 I Layer   : id=35220 Destroyed Surface(name=a1a3f36 StatusBar)/@0x69ae81 - animation-leash of insets_animation#35220
06-19 23:45:36.039 19426 19441 I BLASTBufferQueue: [VRI[InstrumentationActivityInvoker$EmptyActivity]@d89cbc4#4](f:0,a:0,s:0) onFrameAvailable the first frame is available
06-19 23:45:36.040 19426 19441 I VRI[InstrumentationActivityInvoker$EmptyActivity]@d89cbc4: Received frameCommittedCallback lastAttemptedDrawFrameNum=1 didProduceBuffer=true
06-19 23:45:36.040  1593  2549 D SurfaceComposerClient: setCornerRadius ## 6d844e3 Splash Screen com.example.testeableapp.test#35229 cornerRadius=0.000000
06-19 23:45:36.040  1593  2549 D SurfaceComposerClient: setCornerRadius ## 8f9cd0e com.example.testeableapp.test/androidx.test.core.app.InstrumentationActivityInvoker$EmptyActivity#35230 cornerRadius=0.000000
06-19 23:45:36.041 19426 19441 D HWUI    : CFMS:: SetUp Pid : 19426    Tid : 19441
06-19 23:45:36.041  1362  1542 I SurfaceFlinger: [com.example.testeableapp.test/androidx.test.core.app.InstrumentationActivityInvoker$EmptyActivity$_19426#35231] setTransactionState with the first frame. bufferData(ID: 83434034692112, frameNumber: 1)
06-19 23:45:36.041 19426 19426 D VRI[InstrumentationActivityInvoker$EmptyActivity]@d89cbc4: reportDrawFinished seqId=0
06-19 23:45:36.041  2503  2503 W RefactorFlag: New code path expects SceneContainerFlag to be enabled.
06-19 23:45:36.042  1593  2549 D SurfaceComposerClient: setCornerRadius ## 6d844e3 Splash Screen com.example.testeableapp.test#35229 cornerRadius=0.000000
06-19 23:45:36.042  1593  2549 D SurfaceComposerClient: setCornerRadius ## 8f9cd0e com.example.testeableapp.test/androidx.test.core.app.InstrumentationActivityInvoker$EmptyActivity#35230 cornerRadius=0.000000
06-19 23:45:36.042  2503  2503 D ExpandableNotifRow: mMaxSmallHeight different before reInflateViews mMaxSmallHeight: 203 mTempSmallHeight:0 0|com.whatsapp|1|null|10383
06-19 23:45:36.042  2503  2503 D ExpandableNotifRow: mMaxSmallHeight different before reInflateViews mMaxSmallHeight: 203 mTempSmallHeight:0 0|com.whatsapp|1|null|10383
06-19 23:45:36.044  1593  2549 I WindowManager: Relayout hash=6d844e3, pid=2503, syncId=-1: mAttrs={(0,0)(fillxfill) sim={adjust=pan} layoutInDisplayCutoutMode=always ty=APPLICATION_STARTING fmt=TRANSLUCENT
06-19 23:45:36.044  1593  2549 I WindowManager:   fl=81030118
06-19 23:45:36.044  1593  2549 I WindowManager:   pfl=10000810
06-19 23:45:36.044  1593  2549 I WindowManager:   apr=18
06-19 23:45:36.044  1593  2549 I WindowManager:   bhv=1
06-19 23:45:36.044  1593  2549 I WindowManager:   fitSides=0
06-19 23:45:36.044  1593  2549 I WindowManager:   frameRateBoostOnTouch=true
06-19 23:45:36.044  1593  2549 I WindowManager:   dvrrWindowFrameRateHint=true naviIconColor=0}
06-19 23:45:36.045  2503  2567 I VRI[test]@76b5288: onActiveControlsChanged, removed=false, mAdded=true, caller=android.view.ViewRootImpl.handleInsetsControlChanged:3002 android.view.ViewRootImpl.relayoutWindow:11629 android.view.ViewRootImpl.performTraversals:4804 android.view.ViewRootImpl.doTraversal:3924 android.view.ViewRootImpl$TraversalRunnable.run:12903
06-19 23:45:36.048  1342  1382 V APM_AudioPolicyManager: setAppState(portId:24603, state:1)
06-19 23:45:36.050  1362  1362 I SurfaceFlinger: [Splash Screen com.example.testeableapp.test$_2503#35234] attach to parent LayerHierarchy{RequestedLayerState{6d844e3 Splash Screen com.example.testeableapp.test#35229 parentId=35226} 1 children}
06-19 23:45:36.051  2503  2567 I BLASTBufferQueue_Java: new BLASTBufferQueue, mName= VRI[test]@76b5288 mNativeObject= 0xb40000707c186a40 caller= android.view.ViewRootImpl.updateBlastSurfaceIfNeeded:3585 android.view.ViewRootImpl.relayoutWindow:11685 android.view.ViewRootImpl.performTraversals:4804 android.view.ViewRootImpl.doTraversal:3924 android.view.ViewRootImpl$TraversalRunnable.run:12903 android.view.Choreographer$CallbackRecord.run:1901 android.view.Choreographer$CallbackRecord.run:1910 android.view.Choreographer.doCallbacks:1367 android.view.Choreographer.doFrame:1292 android.view.Choreographer$FrameDisplayEventReceiver.run:1870
06-19 23:45:36.051  2503  2567 I BLASTBufferQueue_Java: update, w= 1080 h= 2340 mName = VRI[test]@76b5288 mNativeObject= 0xb40000707c186a40 sc.mNativeObject= 0xb400006f1bc7a610 format= -3 caller= android.view.ViewRootImpl.updateBlastSurfaceIfNeeded:3590 android.view.ViewRootImpl.relayoutWindow:11685 android.view.ViewRootImpl.performTraversals:4804 android.view.ViewRootImpl.doTraversal:3924 android.view.ViewRootImpl$TraversalRunnable.run:12903 android.view.Choreographer$CallbackRecord.run:1901
06-19 23:45:36.053  5754  5874 I Rubin   : [148] com.samsung.android.rubin.inferenceengine.contextanalytics.engine.monitors.moment.exercise.ExercisingWithCmhMonitor.isSatisfiedByCmh(Unknown Source) : isSatisfiedByCmh is false
06-19 23:45:36.055  2503  2567 I VRI[test]@76b5288: Relayout returned: old=(0,0,1080,2340) new=(0,0,1080,2340) relayoutAsync=false req=(1080,2340)0 dur=21 res=0x3 s={true 0xb400006f8bfe7c00} ch=true seqId=0
06-19 23:45:36.056  2503  2567 I VRI[test]@76b5288: performConfigurationChange setNightDimText nightDimLevel=0
06-19 23:45:36.058  1593  3527 D InputDispatcher: Focused application(0): ActivityRecord{249521351 u0 com.android.settings/.SubSettings t513}
06-19 23:45:36.058  3723  3723 I VRI[SubSettings]@f0a4302: handleAppVisibility mAppVisible = false visible = true
06-19 23:45:36.059  1593  2354 D AS.MultiSoundManager: mForegroundUid = 1000
06-19 23:45:36.059  1362  1545 I SurfaceFlinger: id=35235 createSurf, flag=24000, Surface(name=b2ba1d5 NavigationBar0)/@0x108d35a - animation-leash of insets_animation#35235
06-19 23:45:36.059  1593  3151 I SemDvfsHyPerManager: acquire hyper - AMS_APP_SWITCH/1593@22, type = -999
06-19 23:45:36.060  1275  1361 I HYPER-HAL: [RequestManager.cpp]acquire(): Acquired ID : 1304942  [1593 / 22]    HINT : AMS_APP_SWITCH    list :
06-19 23:45:36.061  2503  2567 D VRI[test]@76b5288: mThreadedRenderer.initialize() mSurface={isValid=true 0xb400006f8bfe7c00} hwInitialized=true
06-19 23:45:36.061  1362  1542 I SurfaceFlinger: id=35236 createSurf, flag=24000, Surface(name=a1a3f36 StatusBar)/@0x69ae81 - animation-leash of insets_animation#35236
06-19 23:45:36.062  2503  2567 D VRI[test]@76b5288: reportNextDraw android.view.ViewRootImpl.performTraversals:5443 android.view.ViewRootImpl.doTraversal:3924 android.view.ViewRootImpl$TraversalRunnable.run:12903 android.view.Choreographer$CallbackRecord.run:1901 android.view.Choreographer$CallbackRecord.run:1910
06-19 23:45:36.062  2503  2567 D VRI[test]@76b5288: Setup new sync=wmsSync-VRI[test]@76b5288#87
06-19 23:45:36.062  2503  2567 I VRI[test]@76b5288: Creating new active sync group VRI[test]@76b5288#88
06-19 23:45:36.063  2503  2503 D ExpandableNotifRow: mMaxSmallHeight different before reInflateViews mMaxSmallHeight: 203 mTempSmallHeight:0 0|com.whatsapp|1|OvmBtF+uSfs4NJh7cvinvdOaUTIKGjeLkFmW0mPW1Ag=|10383
06-19 23:45:36.063  2503  2503 D ExpandableNotifRow: mMaxSmallHeight different before reInflateViews mMaxSmallHeight: 203 mTempSmallHeight:0 0|com.whatsapp|1|OvmBtF+uSfs4NJh7cvinvdOaUTIKGjeLkFmW0mPW1Ag=|10383
06-19 23:45:36.063  2503  2503 D ExpandableNotifRow: mMaxSmallHeight different before reInflateViews mMaxSmallHeight: 203 mTempSmallHeight:0 0|com.whatsapp|1|OvmBtF+uSfs4NJh7cvinvdOaUTIKGjeLkFmW0mPW1Ag=|10383
06-19 23:45:36.063  2503  2503 D ExpandableNotifRow: mMaxSmallHeight different before reInflateViews mMaxSmallHeight: 203 mTempSmallHeight:0 0|com.whatsapp|1|OvmBtF+uSfs4NJh7cvinvdOaUTIKGjeLkFmW0mPW1Ag=|10383
06-19 23:45:36.063  3503  3503 I SemDvfsHyPerManager: acquire hyper - APP_START_SHORT/3503@15, type = -999
06-19 23:45:36.064  1275  1361 I HYPER-HAL: [RequestManager.cpp]acquire(): Acquired ID : 6189936  [3503 / 15]    HINT : APP_START    list : [TIMEOUT / 1500]
06-19 23:45:36.064  2503  2567 D VRI[test]@76b5288: registerCallbacksForSync syncBuffer=false
06-19 23:45:36.065  2503  2605 D VRI[test]@76b5288: Received frameDrawingCallback syncResult=0 frameNum=1.
06-19 23:45:36.065  2503  2605 I VRI[test]@76b5288: mWNT: t=0xb400006f2bd62210 mBlastBufferQueue=0xb40000707c186a40 fn= 1 HdrRenderState mRenderHdrSdrRatio=1.0 caller= android.view.ViewRootImpl$12.onFrameDraw:15441 android.view.ThreadedRenderer$1.onFrameDraw:718 <bottom of call stack>
06-19 23:45:36.065  2503  2605 I VRI[test]@76b5288: Setting up sync and frameCommitCallback
06-19 23:45:36.066  1593  3527 D SurfaceComposerClient: setCornerRadius ## 6bbfc8e com.android.settings/com.android.settings.SubSettings#34138 cornerRadius=0.000000
06-19 23:45:36.067  3723  3723 I VRI[SubSettings]@f0a4302: stopped(false) old = true
06-19 23:45:36.067  3723  3723 D VRI[SubSettings]@f0a4302: WindowStopped on com.android.settings/com.android.settings.SubSettings set to false
06-19 23:45:36.067  1362  1362 I SurfaceFlinger: [LayerHierarchy{RequestedLayerState{b2ba1d5 NavigationBar0#95 parentId=35232} 1 children}] reparent to LayerHierarchy{RequestedLayerState{Surface(name=b2ba1d5 NavigationBar0)/@0x108d35a - animation-leash of insets_animation#35232 parentId=94} 1 children}
06-19 23:45:36.068  1362  1362 I SurfaceFlinger: [LayerHierarchy{RequestedLayerState{a1a3f36 StatusBar#102 parentId=35233} 1 children}] reparent to LayerHierarchy{RequestedLayerState{Surface(name=a1a3f36 StatusBar)/@0x69ae81 - animation-leash of insets_animation#35233 parentId=101} 1 children}
06-19 23:45:36.068  1362  1362 I SurfaceFlinger: [LayerHierarchy{RequestedLayerState{Surface(name=b2ba1d5 NavigationBar0)/@0x108d35a - animation-leash of insets_animation#35227} no children}] reparent to OffscreenRoot
06-19 23:45:36.068  1362  1362 I SurfaceFlinger: [LayerHierarchy{RequestedLayerState{Surface(name=b2ba1d5 NavigationBar0)/@0x108d35a - animation-leash of insets_animation#35227} no children}] RelativeParent to null
06-19 23:45:36.068  1362  1362 I SurfaceFlinger: [LayerHierarchy{RequestedLayerState{Surface(name=a1a3f36 StatusBar)/@0x69ae81 - animation-leash of insets_animation#35228} no children}] reparent to OffscreenRoot
06-19 23:45:36.068  1362  1362 I SurfaceFlinger: [LayerHierarchy{RequestedLayerState{Surface(name=a1a3f36 StatusBar)/@0x69ae81 - animation-leash of insets_animation#35228} no children}] RelativeParent to null
06-19 23:45:36.068  1362  1362 I SurfaceFlinger: [Surface(name=b2ba1d5 NavigationBar0)/@0x108d35a - animation-leash of insets_animation#35235] attach to parent LayerHierarchy{RequestedLayerState{WindowToken{1db1eeb type=2019 android.os.BinderProxy@7119565}#94 parentId=34} 2 children}
06-19 23:45:36.068  1362  1362 I SurfaceFlinger: [Surface(name=a1a3f36 StatusBar)/@0x69ae81 - animation-leash of insets_animation#35236] attach to parent LayerHierarchy{RequestedLayerState{WindowToken{2df28d1 type=2000 android.os.BinderProxy@248d75b}#101 parentId=17} 2 children}
06-19 23:45:36.071  1362  1362 I BpBinder: onLastStrongRef automatically unlinking death recipients:
06-19 23:45:36.071  2503  2503 D S.S.N.  : entryViewBound parent :0|com.whatsapp|1|OvmBtF+uSfs4NJh7cvinvdOaUTIKGjeLkFmW0mPW1Ag=
06-19 23:45:36.071  2503  2503 D S.S.N.  : |10383
06-19 23:45:36.072  1593  1660 D NetworkPolicy: already checked 1000
06-19 23:45:36.072  1593  1660 D NetworkPolicy: already checked 1000
06-19 23:45:36.076  1593  1662 I SemWifiApAdvancedAutohotspotService: settings app is in foreground
06-19 23:45:36.076  3723  3723 D ActivityEmbeddingUtils: isSettingsSplitSupported = false
06-19 23:45:36.077  1362  1437 D SurfaceFlinger: [input] setFocusedWindow: 8f9cd0e com.example.testeableapp.test/androidx.test.core.app.InstrumentationActivityInvoker$EmptyActivity
06-19 23:45:36.077  3723  3723 I AppContextHelper: registerStateHandlerCallback() by WirelessDebuggingFragment
06-19 23:45:36.077  1593  3758 D InputDispatcher: Once focus requested (0): 8f9cd0e com.example.testeableapp.test/androidx.test.core.app.InstrumentationActivityInvoker$EmptyActivity
06-19 23:45:36.077  1593  3758 D InputDispatcher: Focus request (0): 8f9cd0e com.example.testeableapp.test/androidx.test.core.app.InstrumentationActivityInvoker$EmptyActivity but waiting because NO_WINDOW
06-19 23:45:36.078  5754  5874 I Rubin   : [148] A8.b.A(Unknown Source) : Notify com.samsung.android.rubin.inferenceengine.contextanalytics.engine.loggers.AppUsageLogger's database is updated.
06-19 23:45:36.078  2967  3307 I HoneySpace.TopTaskSource: onTaskMovedToFront : taskId = 513, displayId = 0
06-19 23:45:36.079  3723  3723 I WirelessDebuggingFrag: onEnabled(): connect_port=32805
06-19 23:45:36.081  3723  3723 D WirelessDebuggingEnabler: isUsbDebuggingAllowed = true
06-19 23:45:36.083  3723  3723 D WirelessDebuggingEnabler: isUsbDebuggingAllowed = true
06-19 23:45:36.083  2503  2607 I BLASTBufferQueue: [VRI[test]@76b5288#1935](f:0,a:0,s:0) onFrameAvailable the first frame is available
06-19 23:45:36.083  3723  3723 W ElapsedTimeUtils: getElapsedTime: sSuwFinishedTimeStamp is null
06-19 23:45:36.084  1362  1362 I SurfaceFlinger: [LayerHierarchy{RequestedLayerState{b2ba1d5 NavigationBar0#95 parentId=35235} 1 children}] reparent to LayerHierarchy{RequestedLayerState{Surface(name=b2ba1d5 NavigationBar0)/@0x108d35a - animation-leash of insets_animation#35235 parentId=94} 1 children}
06-19 23:45:36.084  1362  1362 I SurfaceFlinger: [LayerHierarchy{RequestedLayerState{a1a3f36 StatusBar#102 parentId=35236} 1 children}] reparent to LayerHierarchy{RequestedLayerState{Surface(name=a1a3f36 StatusBar)/@0x69ae81 - animation-leash of insets_animation#35236 parentId=101} 1 children}
06-19 23:45:36.084  1362  1545 I SurfaceFlinger: id=35227 Removed Surface(name=b2ba1d5 NavigationBar0)/@0x108d35a - animation-leash of insets_animation#35227 (198)
06-19 23:45:36.084  1362  1362 I SurfaceFlinger: [LayerHierarchy{RequestedLayerState{Surface(name=a1a3f36 StatusBar)/@0x69ae81 - animation-leash of insets_animation#35233} no children}] reparent to OffscreenRoot
06-19 23:45:36.084  1362  1362 I SurfaceFlinger: [LayerHierarchy{RequestedLayerState{Surface(name=a1a3f36 StatusBar)/@0x69ae81 - animation-leash of insets_animation#35233} no children}] RelativeParent to null
06-19 23:45:36.084  1362  1362 I SurfaceFlinger: [LayerHierarchy{RequestedLayerState{Surface(name=b2ba1d5 NavigationBar0)/@0x108d35a - animation-leash of insets_animation#35232} no children}] reparent to OffscreenRoot
06-19 23:45:36.084  1362  1362 I SurfaceFlinger: [LayerHierarchy{RequestedLayerState{Surface(name=b2ba1d5 NavigationBar0)/@0x108d35a - animation-leash of insets_animation#35232} no children}] RelativeParent to null
06-19 23:45:36.084  1362  1545 I SurfaceFlinger: id=35228 Removed Surface(name=a1a3f36 StatusBar)/@0x69ae81 - animation-leash of insets_animation#35228 (198)
06-19 23:45:36.086  2967 18507 I HoneySpace.RecentTasks: onRecentTasksChanged
06-19 23:45:36.087  2967  3309 I HoneySpace.TopTaskUseCase: topTasks 513 ComponentInfo{com.android.settings/com.android.settings.SubSettings}[displayId=0]
06-19 23:45:36.087  3723 15925 D SettingsActivity: No enabled state changed, skipping updateCategory call
06-19 23:45:36.087  2503  2503 I AppIconSolution: return adaptive icon for com.whatsapp, isNight = true
06-19 23:45:36.087  2967  2967 I HoneySpace.EdgePanel.CocktailHostRepositoryImpl: onNoteResume
06-19 23:45:36.087  2967  2967 I HoneySpace.EdgePanel.EdgePanelContainerViewModel: cocktailHostRepository.edgePanelOperation NoteResumeComponent(componentName=ComponentInfo{com.android.settings/com.android.settings.SubSettings})
06-19 23:45:36.087  2967  2967 I HoneySpace.EdgePanel.ActivityUtils: HomePackage : com.sec.android.app.launcher, resumePackageName : com.android.settings, className : com.android.settings.SubSettings
06-19 23:45:36.088  1593  1660 D PkgPredictorService-SecIpmManagerServiceImpl: onForegroundActivitiesChanged pid:3723 uid:1000
06-19 23:45:36.088  1342  1382 V APM_AudioPolicyManager: setAppState(portId:24603, state:1)
06-19 23:45:36.089  1593  4144 I WindowManager: Relayout Window{6bbfc8e u0 com.android.settings/com.android.settings.SubSettings}: viewVisibility=0 req=1080x2340 ty=1 d0
06-19 23:45:36.090  1362  1542 I SurfaceFlinger: id=35237 createSurf, flag=44004, com.android.settings/com.android.settings.SubSettings$_3723#35237
06-19 23:45:36.090  5754  5874 I Rubin   : [148] com.samsung.android.rubin.inferenceengine.contextanalytics.engine.monitors.moment.exercise.ExercisingWithCmhMonitor.isSatisfiedByCmh(Unknown Source) : isSatisfiedByCmh is false
06-19 23:45:36.091  1593  4144 D SurfaceComposerClient: setCornerRadius ## 6bbfc8e com.android.settings/com.android.settings.SubSettings#34138 cornerRadius=0.000000
06-19 23:45:36.091  1362  1543 I SurfaceFlinger: id=35232 Removed Surface(name=b2ba1d5 NavigationBar0)/@0x108d35a - animation-leash of insets_animation#35232 (199)
06-19 23:45:36.092  1362  1543 I SurfaceFlinger: id=35233 Removed Surface(name=a1a3f36 StatusBar)/@0x69ae81 - animation-leash of insets_animation#35233 (199)
06-19 23:45:36.092  1593  4144 D SurfaceComposerClient: setCornerRadius ## 6bbfc8e com.android.settings/com.android.settings.SubSettings#34138 cornerRadius=0.000000
06-19 23:45:36.092  3723 15925 I SecTileUtils: loadTilesForAction com.android.settings.action.SETTINGS
06-19 23:45:36.093  1362  1437 D SurfaceFlinger: [input] setFocusedWindow: <null>
06-19 23:45:36.093  1362  1377 I SurfaceFlinger: id=35238 createSurf, flag=24000, Surface(name=b2ba1d5 NavigationBar0)/@0x108d35a - animation-leash of insets_animation#35238
06-19 23:45:36.094  1593  3204 D InputDispatcher: Once focus requested (0): <null>
06-19 23:45:36.094  2967  3307 I HoneySpace.TopTaskSource: onTaskFocusChanged(): taskId = 513
06-19 23:45:36.094  3723 15925 W SecTileUtils: Found com.android.settings.Settings$LockscreenSettingsActivity for intent Intent { act=com.android.settings.action.SETTINGS pkg=com.android.settings } missing metadata com.android.settings.category
06-19 23:45:36.094  3723 15925 I SecTileUtils: Found com.android.settings.Settings$BluetoothSettingsActivity for intent Intent { act=com.android.settings.action.SETTINGS pkg=com.android.settings } metadata Bundle[{com.android.settings.support=KNOXCUSTOM_KIOSK, com.samsung.android.settings.menu.group.mpsm=group1, com.android.settings.FRAGMENT_CLASS=com.samsung.android.settings.bluetooth.BluetoothSettings, voicecommand=2132019263, com.android.settings.TOP_LEVEL_TILE_ID=connections_settings, com.android.settings.tileid=bluetooth_settings, com.sec.android.PRIMARY_KNOX_CONTROLLED=true, com.android.settings.category=com.android.settings.category.ia.homepage, com.android.settings.HIGHLIGHT_MENU_KEY=top_level_connections, com.android.settings.icon=2131233612}]
06-19 23:45:36.094  3723 15925 D SecTileUtils: setMetaData key : Pair{com.android.settings com.android.settings.Settings$BluetoothSettingsActivity} , categoryKey com.android.settings.category.ia.homepage
06-19 23:45:36.094  3723 15925 D SecTileUtils: META_DATA_SAMSUNG_TILE_ID/META_DATA_TILE_ID tile.tileId : bluetooth_settings
06-19 23:45:36.094  3723 15925 D SecTileUtils: META_DATA_PREFERENCE_SUPPORT tile.support : KNOXCUSTOM_KIOSK
06-19 23:45:36.095  3723 15925 W SecTileUtils: Found com.android.settings.Settings$CloudAccountSettingsActivity for intent Intent { act=com.android.settings.action.SETTINGS pkg=com.android.settings } missing metadata com.android.settings.category
06-19 23:45:36.095  3723 15925 W SecTileUtils: Found com.android.settings.Settings$UsefulFeatureMainActivity for intent Intent { act=com.android.settings.action.SETTINGS pkg=com.android.settings } missing metadata com.android.settings.category
06-19 23:45:36.095  1362  1377 I SurfaceFlinger: [Splash Screen com.example.testeableapp.test$_2503#35234] setTransactionState with the first frame. bufferData(ID: 10750303185166, frameNumber: 1)
06-19 23:45:36.095  3723 15925 I SecTileUtils: loadTilesForAction com.android.settings.OPERATOR_APPLICATION_SETTING
06-19 23:45:36.095  1362  1545 I SurfaceFlinger: id=35239 createSurf, flag=24000, Surface(name=a1a3f36 StatusBar)/@0x69ae81 - animation-leash of insets_animation#35239
06-19 23:45:36.096  2503  2607 I VRI[test]@76b5288: Received frameCommittedCallback lastAttemptedDrawFrameNum=1 didProduceBuffer=true
06-19 23:45:36.096  3723 15925 D SecTileUtils: setMetaData key : Pair{com.samsung.android.emergency com.samsung.android.emergency.settings.ui.EmergencySettingsActivity} , categoryKey com.android.settings.category.ia.safety_emergency
06-19 23:45:36.096  3723 15925 D SecTileUtils: setMetaData key : Pair{com.sec.android.app.safetyassurance com.sec.android.app.safetyassurance.settings.EmergencySharingActivity} , categoryKey com.android.settings.category.ia.safety_emergency
06-19 23:45:36.096  3723 15925 I SecTileUtils: loadTilesForAction com.android.settings.MANUFACTURER_APPLICATION_SETTING
06-19 23:45:36.098  1593  1593 D AudioPlayerStateMonitor: Found a new active media playback. AudioPlaybackConfiguration piid:40783 deviceIds:[] type:android.media.MediaPlayer u/pid:10049/2503 state:started attr:AudioAttributes: usage=USAGE_NOTIFICATION content=CONTENT_TYPE_SONIFICATION flags=0x800 tags= bundle=null sessionId:180337 mutedState:none  FormatInfo{isSpatialized=false, channelMask=0x0, sampleRate=0}
06-19 23:45:36.098  1593  1593 D MediaSessionService: Audio playback is changed, config=AudioPlaybackConfiguration piid:40783 deviceIds:[] type:android.media.MediaPlayer u/pid:10049/2503 state:started attr:AudioAttributes: usage=USAGE_NOTIFICATION content=CONTENT_TYPE_SONIFICATION flags=0x800 tags= bundle=null sessionId:180337 mutedState:none  FormatInfo{isSpatialized=false, channelMask=0x0, sampleRate=0}, removed=false
06-19 23:45:36.098  1593  1593 D MediaSessionStack: updateMediaButtonSessionIfNeeded, callers=com.android.server.media.AudioPlayerStateMonitor$MessageHandler.handleMessage:19 android.os.Handler.dispatchMessage:110
06-19 23:45:36.098  1593  1593 D MediaSessionStack: updateMediaButtonSessionIfNeeded, skipping uid=10049
06-19 23:45:36.098  1593  1593 D MediaSessionStack: updateMediaButtonSessionIfNeeded, skipping uid=10383
06-19 23:45:36.098  1593  1593 D MediaSessionStack: updateMediaButtonSessionIfNeeded, skipping uid=1000
06-19 23:45:36.098  1593  1593 D MediaSessionStack: updateMediaButtonSessionIfNeeded, skipping uid=10310
06-19 23:45:36.098  1593  1593 D MediaSessionStack: updateMediaButtonSessionIfNeeded, skipping uid=10319
06-19 23:45:36.098  1593  1593 D MediaSessionStack: updateMediaButtonSessionIfNeeded, skipping uid=10369
06-19 23:45:36.098  1593  1593 D MediaSessionStack: updateMediaButtonSessionIfNeeded, skipping uid=10249
06-19 23:45:36.099  1593  4144 I SystemKeyManager: requested systemKeyInfo size=1 focusedWindow=com.android.settings/com.android.settings.SubSettings
06-19 23:45:36.099  1593  4144 I WindowManager: Relayout hash=6bbfc8e, pid=3723, syncId=-1: mAttrs={(0,0)(fillxfill) sim={adjust=resize forwardNavigation} layoutInDisplayCutoutMode=always ty=BASE_APPLICATION wanim=0x1030306
06-19 23:45:36.099  1593  4144 I WindowManager:   fl=81810100
06-19 23:45:36.099  1593  4144 I WindowManager:   pfl=10088840
06-19 23:45:36.099  1593  4144 I WindowManager:   bhv=1
06-19 23:45:36.099  1593  4144 I WindowManager:   fitSides=0
06-19 23:45:36.099  1593  4144 I WindowManager:   frameRateBoostOnTouch=true
06-19 23:45:36.099  1593  4144 I WindowManager:   dvrrWindowFrameRateHint=true naviIconColor=0
06-19 23:45:36.099  1593  4144 I WindowManager:   sfl=1}
06-19 23:45:36.100  3723 15925 D SecTileUtils: setMetaData key : Pair{com.samsung.android.app.telephonyui com.samsung.android.app.telephonyui.netsettings.ui.NetSettingsActivity} , categoryKey com.android.settings.category.ia.homepage
06-19 23:45:36.100  3723 15925 D SecTileUtils: META_DATA_SAMSUNG_TILE_ID/META_DATA_TILE_ID tile.tileId : mobile_networks
06-19 23:45:36.100  3723 15925 D SecTileUtils: META_DATA_PREFERENCE_SUPPORT tile.support : VZW,UPSM,KIOSKCONTAINER
06-19 23:45:36.100  3723  3723 I BLASTBufferQueue_Java: new BLASTBufferQueue, mName= VRI[SubSettings]@f0a4302 mNativeObject= 0xb40000707bc284b0 caller= android.view.ViewRootImpl.updateBlastSurfaceIfNeeded:3585 android.view.ViewRootImpl.relayoutWindow:11685 android.view.ViewRootImpl.performTraversals:4804 android.view.ViewRootImpl.doTraversal:3924 android.view.ViewRootImpl$TraversalRunnable.run:12903 android.view.Choreographer$CallbackRecord.run:1901 android.view.Choreographer$CallbackRecord.run:1910 android.view.Choreographer.doCallbacks:1367 android.view.Choreographer.doFrame:1292 android.view.Choreographer$FrameDisplayEventReceiver.run:1870
06-19 23:45:36.100  3723  3723 I BLASTBufferQueue_Java: update, w= 1080 h= 2340 mName = VRI[SubSettings]@f0a4302 mNativeObject= 0xb40000707bc284b0 sc.mNativeObject= 0xb400006f1bc137d0 format= -1 caller= android.view.ViewRootImpl.updateBlastSurfaceIfNeeded:3590 android.view.ViewRootImpl.relayoutWindow:11685 android.view.ViewRootImpl.performTraversals:4804 android.view.ViewRootImpl.doTraversal:3924 android.view.ViewRootImpl$TraversalRunnable.run:12903 android.view.Choreographer$CallbackRecord.run:1901
06-19 23:45:36.101  1362  1362 I SurfaceFlinger: destroyed Surface(name=a1a3f36 StatusBar)/@0x69ae81 - animation-leash of insets_animation#35233
06-19 23:45:36.101  1362  1362 I SurfaceFlinger: destroyed Surface(name=b2ba1d5 NavigationBar0)/@0x108d35a - animation-leash of insets_animation#35232
06-19 23:45:36.101  1362  1362 I SurfaceFlinger: destroyed Surface(name=b2ba1d5 NavigationBar0)/@0x108d35a - animation-leash of insets_animation#35227
06-19 23:45:36.101  1362  1362 I SurfaceFlinger: destroyed Surface(name=a1a3f36 StatusBar)/@0x69ae81 - animation-leash of insets_animation#35228
06-19 23:45:36.101  3723 15925 I SecTileUtils: Sec Found com.samsung.android.themestore.activity.LauncherfromSetting for intent Intent { act=com.android.settings.MANUFACTURER_APPLICATION_SETTING } metadata Bundle[{com.android.settings.summary=2131886350, com.android.settings.support=Common,SkipMinimalBatteryUse,SkipDexMode, com.samsung.android.settings.menu.group=group2, com.samsung.android.settings.category=com.android.settings.category.ia.homepage, com.android.settings.order=-260000, com.android.settings.title=2131886436, com.android.settings.tileid=wallpapers_themes_settings, com.samsung.android.themestore.activity.meta.isMainActivity=true, com.android.settings.category=com.android.settings.category.device, com.android.settings.icon=2131230944}]
06-19 23:45:36.101  3723 15925 D SecTileUtils: setMetaData key : Pair{com.samsung.android.themestore com.samsung.android.themestore.activity.LauncherfromSetting} , categoryKey com.android.settings.category.ia.homepage
06-19 23:45:36.101  3723 15925 D SecTileUtils: META_DATA_SAMSUNG_TILE_ID/META_DATA_TILE_ID tile.tileId : wallpapers_themes_settings
06-19 23:45:36.101  3723 15925 D SecTileUtils: META_DATA_PREFERENCE_SUPPORT tile.support : Common,SkipMinimalBatteryUse,SkipDexMode
06-19 23:45:36.101  1362  1362 I SurfaceFlinger: [Surface(name=a1a3f36 StatusBar)/@0x69ae81 - animation-leash of insets_animation#35239] attach to parent LayerHierarchy{RequestedLayerState{WindowToken{2df28d1 type=2000 android.os.BinderProxy@248d75b}#101 parentId=17} 2 children}
06-19 23:45:36.101  1362  1362 I SurfaceFlinger: [Surface(name=b2ba1d5 NavigationBar0)/@0x108d35a - animation-leash of insets_animation#35238] attach to parent LayerHierarchy{RequestedLayerState{WindowToken{1db1eeb type=2019 android.os.BinderProxy@7119565}#94 parentId=34} 2 children}
06-19 23:45:36.101  1362  1362 I SurfaceFlinger: [com.android.settings/com.android.settings.SubSettings$_3723#35237] attach to parent LayerHierarchy{RequestedLayerState{6bbfc8e com.android.settings/com.android.settings.SubSettings#34138 parentId=34137} 1 children}
06-19 23:45:36.101  3723 15925 D SecTileUtils: setMetaData key : Pair{com.sec.android.app.launcher com.samsung.app.honeyspace.edge.edgepanel.app.setting.EdgeSettingMainActivity} , categoryKey com.android.settings.category.device
06-19 23:45:36.101  3723 15925 D SecTileUtils: META_DATA_SAMSUNG_TILE_ID/META_DATA_TILE_ID tile.tileId : edge_screen_settings
06-19 23:45:36.101  3723 15925 D SecTileUtils: META_DATA_PREFERENCE_SUPPORT tile.support : VZW
06-19 23:45:36.101  3723 15925 D SecTileUtils: setMetaData key : Pair{com.samsung.android.vtcamerasettings com.samsung.android.vtcamerasettings.settings.SettingsActivity} , categoryKey com.samsung.android.settings.category.ia.usefulfeatures
06-19 23:45:36.101  3723 15925 D SecTileUtils: META_DATA_SAMSUNG_TILE_ID/META_DATA_TILE_ID tile.tileId : Efectos de video
06-19 23:45:36.101  3723  3723 I VRI[SubSettings]@f0a4302: Relayout returned: old=(0,0,1080,2340) new=(0,0,1080,2340) relayoutAsync=false req=(1080,2340)0 dur=11 res=0x3 s={true 0xb400006f8bc607d0} ch=true seqId=0
06-19 23:45:36.101  3723 15925 I Settings: com.sec.android.app.shealth is not signed with platform key.
06-19 23:45:36.101  3723 15925 D SecTileUtils: setMetaData key : Pair{com.sec.android.app.shealth com.samsung.android.app.shealth.home.settings.advanced.generativeinsight.HealthAssistSettingsActivity} , categoryKey com.samsung.android.settings.category.ia.intelligenceservice
06-19 23:45:36.101  3723 15925 D SecTileUtils: setMetaData key : Pair{com.samsung.android.app.dressroom com.samsung.android.app.dressroom.presentation.landing.AdvancedIntelligenceActivity} , categoryKey com.samsung.android.settings.category.ia.intelligenceservice
06-19 23:45:36.101  3723 15925 D SecTileUtils: setMetaData key : Pair{com.samsung.android.app.telephonyui com.samsung.android.app.telephonyui.callsettings.ui.preference.CallSettingsActivity} , categoryKey com.samsung.android.settings.category.ia.intelligenceservice
06-19 23:45:36.102  3723 15925 D SecTileUtils: setMetaData key : Pair{com.samsung.android.honeyboard com.samsung.android.honeyboard.settings.aiwriter.WritingAssistSettings} , categoryKey com.samsung.android.settings.category.ia.intelligenceservice
06-19 23:45:36.102  3723 15925 D SecTileUtils: setMetaData key : Pair{com.samsung.android.smartsuggestions com.samsung.android.smartsuggestions.briefsettings.BriefMainSettingsActivity} , categoryKey com.samsung.android.settings.category.ia.intelligenceservice
06-19 23:45:36.102  3723 15925 D SecTileUtils: setMetaData key : Pair{com.sec.android.app.vepreload com.sec.android.app.vepreload.singleedit.activity.AutoTrimSettingActivity} , categoryKey com.samsung.android.settings.category.ia.intelligentfeatures
06-19 23:45:36.102  3723 15925 D SecTileUtils: setMetaData key : Pair{com.sec.android.app.vepreload com.sec.android.app.vepreload.singleedit.activity.AudioEraserSettingActivity} , categoryKey com.samsung.android.settings.category.ia.intelligenceservice
06-19 23:45:36.102  3723 15925 D SecTileUtils: setMetaData key : Pair{com.sec.android.gallery3d com.samsung.android.gallery.settings.activity.EditSuggestionsActivity} , categoryKey com.samsung.android.settings.category.ia.intelligentfeatures
06-19 23:45:36.102  3723 15925 D SecTileUtils: setMetaData key : Pair{com.sec.android.mimage.photoretouching com.sec.android.mimage.photoretouching.BestFaceSettingsActivity} , categoryKey com.samsung.android.settings.category.ia.intelligentfeatures
06-19 23:45:36.102  3723 15925 D SecTileUtils: setMetaData key : Pair{com.sec.android.mimage.photoretouching com.sec.android.mimage.photoretouching.AIRemoverSettingsActivity} , categoryKey com.samsung.android.settings.category.ia.intelligentfeatures
06-19 23:45:36.102  3723 15925 D SecTileUtils: setMetaData key : Pair{com.samsung.android.app.notes com.samsung.android.support.senl.nt.app.settings.SettingsActivity} , categoryKey com.samsung.android.settings.category.ia.intelligenceservice
06-19 23:45:36.102  3723 15925 D SecTileUtils: setMetaData key : Pair{com.sec.android.app.sbrowser com.sec.android.app.sbrowser.settings.SettingsActivity} , categoryKey com.samsung.android.settings.category.ia.intelligenceservice
06-19 23:45:36.102  3723 15925 D SecTileUtils: setMetaData key : Pair{com.sec.android.app.sbrowser com.sec.android.app.sbrowser.settings.SettingsActivityIntelligentFeatures} , categoryKey com.samsung.android.settings.category.ia.intelligentfeatures
06-19 23:45:36.102  3723 15925 D SecTileUtils: setMetaData key : Pair{com.sec.android.app.voicenote com.sec.android.app.voicenote.activity.TranscriptionAssistActivity} , categoryKey com.samsung.android.settings.category.ia.intelligenceservice
06-19 23:45:36.102  3723 15925 I SecTileUtils: loadTilesForAction com.android.settings.action.EXTRA_SETTINGS
06-19 23:45:36.102  2503  3162 D SoundCraft.PlayingAudioConditionHandler: onPlaybackConfigChanged : lastStartedPackageName=null, lastStartedUid=-1, newStartedUid=-1, newStartPackageName=null, thread=Thread[RoutineHandlerThread,5,main]
06-19 23:45:36.103  3723 15925 D SecTileUtils: setMetaData key : Pair{com.google.android.gms com.google.android.gms.app.settings.GoogleSettingsLink} , categoryKey com.android.settings.category.personal
06-19 23:45:36.103  3723 15925 I SecTileUtils: loadTilesForAction com.android.settings.action.IA_SETTINGS
06-19 23:45:36.104  1362  1362 I Layer   : id=35233 Destroyed Surface(name=a1a3f36 StatusBar)/@0x69ae81 - animation-leash of insets_animation#35233
06-19 23:45:36.104  1362  1362 I Layer   : id=35232 Destroyed Surface(name=b2ba1d5 NavigationBar0)/@0x108d35a - animation-leash of insets_animation#35232
06-19 23:45:36.104  1362  1362 I Layer   : id=35227 Destroyed Surface(name=b2ba1d5 NavigationBar0)/@0x108d35a - animation-leash of insets_animation#35227
06-19 23:45:36.104  1362  1362 I Layer   : id=35228 Destroyed Surface(name=a1a3f36 StatusBar)/@0x69ae81 - animation-leash of insets_animation#35228
06-19 23:45:36.105  2503  2607 D HWUI    : CFMS:: SetUp Pid : 2503    Tid : 2607
06-19 23:45:36.105  2503  2567 D VRI[test]@76b5288: reportDrawFinished seqId=0
06-19 23:45:36.105  3723  3723 D VRI[SubSettings]@f0a4302: mThreadedRenderer.initialize() mSurface={isValid=true 0xb400006f8bc607d0} hwInitialized=true
06-19 23:45:36.105  1499 31738 V MediaPlayerService: [3211] enableAudioDeviceCallback, 1
06-19 23:45:36.105  1499 31738 V AudioSink: enableAudioDeviceCallback, 1
06-19 23:45:36.106  3723  3723 D VRI[SubSettings]@f0a4302: reportNextDraw android.view.ViewRootImpl.performTraversals:5443 android.view.ViewRootImpl.doTraversal:3924 android.view.ViewRootImpl$TraversalRunnable.run:12903 android.view.Choreographer$CallbackRecord.run:1901 android.view.Choreographer$CallbackRecord.run:1910
06-19 23:45:36.106  3723  3723 D VRI[SubSettings]@f0a4302: Setup new sync=wmsSync-VRI[SubSettings]@f0a4302#80
06-19 23:45:36.106  3723  3723 I VRI[SubSettings]@f0a4302: Creating new active sync group VRI[SubSettings]@f0a4302#81
06-19 23:45:36.106  3723  3723 D VRI[SubSettings]@f0a4302: Start draw after previous draw not visible
06-19 23:45:36.106  2503 19580 V MediaPlayer-JNI: start
06-19 23:45:36.106  2503 19580 V MediaPlayerNative: start
06-19 23:45:36.106  3723  3723 D VRI[SubSettings]@f0a4302: registerCallbacksForSync syncBuffer=false
06-19 23:45:36.106  1499 31738 V MediaPlayerService: [3211] setLooping(0)
06-19 23:45:36.108  3723  3723 I View    : RoundedCornerOffset Pair{0 0}
06-19 23:45:36.108  1593  3763 W ParceledListSlice: Element #46 is 21592 bytes.
06-19 23:45:36.109  1499 31738 V MediaPlayerService: [3211] setVolume(1.000000, 1.000000)
06-19 23:45:36.109  1499 31738 V AudioSink: setVolume(1.000000, 1.000000)
06-19 23:45:36.109  3723  3967 D VRI[SubSettings]@f0a4302: Received frameDrawingCallback syncResult=0 frameNum=1.
06-19 23:45:36.109  3723  3967 I VRI[SubSettings]@f0a4302: mWNT: t=0xb400006f2bc1bc10 mBlastBufferQueue=0xb40000707bc284b0 fn= 1 HdrRenderState mRenderHdrSdrRatio=1.0 caller= android.view.ViewRootImpl$12.onFrameDraw:15441 android.view.ThreadedRenderer$1.onFrameDraw:718 <bottom of call stack>
06-19 23:45:36.109  3723  3967 I VRI[SubSettings]@f0a4302: Setting up sync and frameCommitCallback
06-19 23:45:36.109  3723 15925 D SecTileUtils: setMetaData key : Pair{com.google.android.gms com.google.android.gms.security.settings.VerifyAppsSettingsActivity} , categoryKey com.android.settings.category.ia.security
06-19 23:45:36.110  3723 15925 D SecTileUtils: setMetaData key : Pair{com.google.android.gms com.google.android.gms.mdm.settings.FindMyDeviceSettingsActivity} , categoryKey com.android.settings.category.ia.security
06-19 23:45:36.110  2503  2503 I LockscreenNotificationIconsOnlyController: onNotificationInfoUpdated 0
06-19 23:45:36.110  3723 15925 D SecTileUtils: setMetaData key : Pair{com.google.android.gms com.google.android.gms.update.SystemUpdateActivity} , categoryKey com.android.settings.category.ia.security
06-19 23:45:36.110  3723 15925 D SecTileUtils: setMetaData key : Pair{com.android.vending com.google.android.finsky.systemupdateactivity.SystemUpdateActivity} , categoryKey com.android.settings.category.ia.security
06-19 23:45:36.110  3723 15925 W SecTileUtils: Found com.google.android.apps.carrier.carrierwifi.appinfo.AppInfoSettingsActivity for intent Intent { act=com.android.settings.action.IA_SETTINGS } missing metadata com.android.settings.category
06-19 23:45:36.110  3723 15925 D SecTileUtils: setMetaData key : Pair{com.google.android.apps.restore com.google.android.apps.restore.restoreanytime.trampoline.Trampoline} , categoryKey com.android.settings.category.ia.accounts_and_backup
06-19 23:45:36.110  3723 15925 D SecTileUtils: setMetaData key : Pair{com.google.android.as com.google.android.apps.miphone.aiai.captions.settingsui.settingsactivity.CaptionsSettingsActivity} , categoryKey com.android.settings.category.ia.sound
06-19 23:45:36.110  3723 15925 D SecTileUtils: setMetaData key : Pair{com.google.android.as com.google.android.apps.miphone.aiai.settings.ui.user.AsiSettingsActivity} , categoryKey com.android.settings.category.ia.privacy
06-19 23:45:36.110  3723 15925 D SecTileUtils: setMetaData key : Pair{com.google.android.gms com.google.android.gms.accountsettings.ui.PrivacyHubActivityControlsActivity} , categoryKey com.android.settings.category.ia.privacy
06-19 23:45:36.110  3723 15925 D SecTileUtils: setMetaData key : Pair{com.google.android.gms com.google.android.gms.adsidentity.settings.AdsIdentityIaSettingsActivity} , categoryKey com.android.settings.category.ia.privacy
06-19 23:45:36.110  3723 15925 D SecTileUtils: setMetaData key : Pair{com.google.android.gms com.google.android.gms.auth.proximity.multidevice.SettingsActivity} , categoryKey com.android.settings.category.ia.device
06-19 23:45:36.110  2503  2503 I AODNotificationManager: updateNotification()
06-19 23:45:36.110  3723 15925 W SecTileUtils: Found com.google.android.gms.auth.proximity.multidevice.SettingsMaterialNextActivity for intent Intent { act=com.android.settings.action.IA_SETTINGS } missing metadata
06-19 23:45:36.110  3723 15925 D SecTileUtils: setMetaData key : Pair{com.google.android.gms com.google.android.gms.app.settings.GoogleSettingsIALink} , categoryKey com.android.settings.category.ia.homepage
06-19 23:45:36.110  3723 15925 D SecTileUtils: setMetaData key : Pair{com.google.android.gms com.google.android.gms.location.settings.DrivingBehaviorPlatformSettingsActivity} , categoryKey com.android.settings.category.ia.emergency
06-19 23:45:36.110  3723 15925 D SecTileUtils: setMetaData key : Pair{com.google.android.gms com.google.android.gms.location.settings.EAlertPlatformSettingsActivity} , categoryKey com.android.settings.category.ia.emergency
06-19 23:45:36.110  3723 15925 D SecTileUtils: setMetaData key : Pair{com.google.android.gms com.google.android.gms.autofill.ui.AutofillSettingsPrivacyHubActivity} , categoryKey com.android.settings.category.ia.privacy
06-19 23:45:36.110  3723 15925 D SecTileUtils: setMetaData key : Pair{com.google.android.gms com.google.android.gms.backup.navroot.BackupSettingsNavRootActivity} , categoryKey com.android.settings.category.ia.accounts_and_backup
06-19 23:45:36.110  3723 15925 D SecTileUtils: setMetaData key : Pair{com.google.android.gms com.google.android.gms.crisisalerts.settings.CrisisAlertsPlatformSettingsActivity} , categoryKey com.android.settings.category.ia.emergency
06-19 23:45:36.110  3723 15925 D SecTileUtils: setMetaData key : Pair{com.google.android.gms com.google.android.gms.multidevice.ui.link.LinkDevicesSettingsAppCompatActivity} , categoryKey com.android.settings.category.ia.device
06-19 23:45:36.110  3723 15925 D SecTileUtils: setMetaData key : Pair{com.google.android.gms com.google.android.personalsafety.settings.BleTagPlatformSettingsActivity} , categoryKey com.android.settings.category.ia.emergency
06-19 23:45:36.110  3723 15925 D SecTileUtils: setMetaData key : Pair{com.google.android.gms com.google.android.gms.safebrowsing.settings.SafeBrowsingSettingsActivityAdvancedSettings} , categoryKey com.google.android.settings.category.ia.advanced_security
06-19 23:45:36.110  3723 15925 D SecTileUtils: setMetaData key : Pair{com.google.android.gms com.google.android.gms.safebrowsing.settings.SafeBrowsingSettingsActivityAdvancedSecurity} , categoryKey com.android.settings.category.ia.legacy_advanced_security
06-19 23:45:36.110  3723 15925 D SecTileUtils: setMetaData key : Pair{com.google.android.gms com.google.android.gms.safebrowsing.settings.SafeBrowsingSettingsActivityAdvancedSecuritySafetyCenter} , categoryKey com.android.settings.category.ia.advanced_security
06-19 23:45:36.110  3723 15925 D SecTileUtils: setMetaData key : Pair{com.google.android.gms com.google.android.gms.thunderbird.settings.ThunderbirdSettingInjectorPlatformService} , categoryKey com.android.settings.category.ia.emergency
06-19 23:45:36.110  1499 31738 V MediaPlayerService: [3211] setAuxEffectSendLevel(0.000000)
06-19 23:45:36.110  3723 15925 D SecTileUtils: setMetaData key : Pair{com.google.android.gms com.google.android.gms.usagereporting.settings.UsageReportingActivity} , categoryKey com.android.settings.category.ia.privacy
06-19 23:45:36.110  3723 15925 D SecTileUtils: setMetaData key : Pair{com.google.android.gms com.google.android.gms.actionlearner.settings.ui.LiaSettingsActivity} , categoryKey com.android.settings.category.ia.media_controls_settings
06-19 23:45:36.110  1499 31738 V AudioSink: setAuxEffectSendLevel(0.000000)
06-19 23:45:36.110  3723 15925 D SecTileUtils: setMetaData key : Pair{com.google.android.healthconnect.controller com.android.healthconnect.controller.LegacySettingsEntryPoint} , categoryKey com.android.settings.category.ia.privacy
06-19 23:45:36.110  3723 15925 D SecTileUtils: setMetaData key : Pair{com.google.android.projection.gearhead com.google.android.projection.gearhead.companion.settings.DefaultSettingsActivity} , categoryKey com.android.settings.category.ia.device
06-19 23:45:36.110  3723 15925 D SecTileUtils: setMetaData key : Pair{com.google.android.providers.media.module com.android.providers.media.photopicker.PhotoPickerSettingsActivity} , categoryKey com.android.settings.category.ia.apps
06-19 23:45:36.110  2503  2503 I {OngoingActivityController}: onTaskFocusChanged but OA data is empty
06-19 23:45:36.110  3723 15925 D SecTileUtils: setMetaData key : Pair{com.samsung.android.app.smartcapture com.samsung.android.app.settings.SettingsActivity} , categoryKey com.samsung.android.settings.category.ia.usefulfeatures
06-19 23:45:36.110  3723 15925 D SecTileUtils: setMetaData key : Pair{com.samsung.android.aremoji com.samsung.android.aremoji.home.HomeMain} , categoryKey com.samsung.android.settings.category.ia.usefulfeatures
06-19 23:45:36.110  3723 15925 D SecTileUtils: setMetaData key : Pair{com.samsung.android.fmm com.samsung.android.fmm.settings.FmmSettingsActivity} , categoryKey not_available
06-19 23:45:36.110  3723 15925 D SecTileUtils: setMetaData key : Pair{com.samsung.android.inputshare com.samsung.android.inputshare.settings.MultiControlActivity} , categoryKey com.samsung.android.settings.category.ia.multidevices
06-19 23:45:36.110  3723 15925 D SecTileUtils: setMetaData key : Pair{com.samsung.android.kmxservice com.samsung.android.kmxservice.dashboard.view.SecurityStatusActivity} , categoryKey com.android.settings.category.ia.security
06-19 23:45:36.110  3723 15925 D SecTileUtils: setMetaData key : Pair{com.samsung.android.mdecservice com.samsung.android.cmcsettings.view.CMCMainActivity} , categoryKey com.samsung.android.settings.category.ia.multidevices
06-19 23:45:36.110  3723 15925 D SecTileUtils: setMetaData key : Pair{com.samsung.android.mdx com.samsung.android.mdx.windowslink.tileservice.SeYourPhoneBridgeActivity} , categoryKey com.samsung.android.settings.category.ia.multidevices
06-19 23:45:36.110  3723 15925 D SecTileUtils: setMetaData key : Pair{com.samsung.android.samsungpass com.samsung.android.samsungpass.launcher.EntryActivity} , categoryKey com.android.settings.category.ia.advanced_security
06-19 23:45:36.110  3723 15925 D SecTileUtils: setMetaData key : Pair{com.samsung.android.settingshelper com.samsung.android.settingshelper.uiview.activity.SHSettingsAboutDeviceActivity} , categoryKey com.android.settings.category.ia.my_device_info
06-19 23:45:36.110  3723 15925 D SecTileUtils: setMetaData key : Pair{com.samsung.android.vtcamerasettings com.samsung.android.vtcamerasettings.AliasActivityBottom} , categoryKey com.samsung.android.settings.category.ia.usefulfeatures
06-19 23:45:36.110  3723 15925 D SecTileUtils: setMetaData key : Pair{com.samsung.android.vtcamerasettings com.samsung.android.vtcamerasettings.AliasActivityTop} , categoryKey com.samsung.android.settings.category.ia.usefulfeatures
06-19 23:45:36.110  3723 15925 D SecTileUtils: setMetaData key : Pair{com.samsung.gpuwatchapp com.samsung.gpuwatchapp.ui.ActivityMain} , categoryKey com.android.settings.category.ia.development
06-19 23:45:36.110  3723 15925 D SecTileUtils: setMetaData key : Pair{com.samsung.ssu com.samsung.ssu.unlock.SsuEmptyActivity} , categoryKey com.samsung.android.settings.category.ia.more_connections
06-19 23:45:36.110  3723 15925 D SecTileUtils: setMetaData key : Pair{com.samsung.ssu com.samsung.ssu.AliasActivity} , categoryKey com.samsung.android.settings.category.ia.more_connections
06-19 23:45:36.110  3723 15925 I SecTileUtils: Found com.android.settings.backup.UserBackupSettingsActivity for intent Intent { act=com.android.settings.action.IA_SETTINGS } metadata Bundle[{com.android.settings.order=-60, com.android.settings.category=com.android.settings.category.ia.system, com.android.settings.icon=2131232241}]
06-19 23:45:36.110  3723 15925 D SecTileUtils: setMetaData key : Pair{com.android.settings com.android.settings.backup.UserBackupSettingsActivity} , categoryKey com.android.settings.category.ia.system
06-19 23:45:36.110  3723 15925 D SecTileUtils: setMetaData key : Pair{com.android.traceur com.android.traceur.MainActivity} , categoryKey com.android.settings.category.ia.development
06-19 23:45:36.110  3723 15925 D SecTileUtils: setMetaData key : Pair{com.google.android.gms com.google.android.gms.adsidentity.settings.AdsIdentitySettingsActivity} , categoryKey com.android.settings.category.ia.privacy_controls
06-19 23:45:36.111  3723 15925 D SecTileUtils: setMetaData key : Pair{com.google.android.googlequicksearchbox com.google.android.apps.search.assistant.surfaces.settings.root.SettingsActivityForAppsSettings} , categoryKey com.android.settings.category.ia.apps
