06-19 23:45:35.333  1362  1362 I SurfaceFlinger: [LayerHierarchy{RequestedLayerState{Task=565#35202 parentId=10 z=13} 1 children}] reparent to LayerHierarchy{RequestedLayerState{DefaultTaskDisplayArea_d0#10 parentId=9} 15 children}
06-19 23:45:35.335  1362  1362 I SurfaceFlinger: id=35210 Removed DimTransitionLayer for Surface(name=Task=565)/@0x56fd07c#35210 (190)
06-19 23:45:35.336  1362  1362 I SurfaceFlinger: id=35207 Removed Transition Root: Task=565#35207 (190)
06-19 23:45:35.336  1362  1362 I SurfaceFlinger: id=35181 Removed d55ab1d Splash Screen com.example.testeableapp.test#35181 (190)
06-19 23:45:35.336  3723  3928 D HWUI    : CacheManager::trimMemory(20)
06-19 23:45:35.338  1593  2726 I WindowManager: Relayout Window{6bbfc8e u0 com.android.settings/com.android.settings.SubSettings}: viewVisibility=8 req=1080x2340 ty=1 d0
06-19 23:45:35.338  1593  2726 D SurfaceComposerClient: setCornerRadius ## 110239c com.example.testeableapp/com.example.testeableapp.MainActivity#35206 cornerRadius=0.000000
06-19 23:45:35.338  1593  2726 D SurfaceComposerClient: setCornerRadius ## 110239c com.example.testeableapp/com.example.testeableapp.MainActivity#35206 cornerRadius=0.000000
06-19 23:45:35.340  1593  2726 I WindowManager: Relayout hash=6bbfc8e, pid=3723, syncId=-1: mAttrs={(0,0)(fillxfill) sim={adjust=resize} layoutInDisplayCutoutMode=always ty=BASE_APPLICATION wanim=0x1030306
06-19 23:45:35.340  1593  2726 I WindowManager:   fl=81810100
06-19 23:45:35.340  1593  2726 I WindowManager:   pfl=10088840
06-19 23:45:35.340  1593  2726 I WindowManager:   bhv=1
06-19 23:45:35.340  1593  2726 I WindowManager:   fitSides=0
06-19 23:45:35.340  1593  2726 I WindowManager:   frameRateBoostOnTouch=true
06-19 23:45:35.340  1593  2726 I WindowManager:   dvrrWindowFrameRateHint=true naviIconColor=0
06-19 23:45:35.340  1593  2726 I WindowManager:   sfl=1}
06-19 23:45:35.340  1275 19573 I HYPER-HAL: [RequestManager.cpp]releaseLocked(): Released ID : 1296872
06-19 23:45:35.343  3723  3723 I VRI[SubSettings]@f0a4302: Relayout returned: old=(0,0,1080,2340) new=(0,0,1080,2340) relayoutAsync=false req=(1080,2340)8 dur=4 res=0x2 s={false 0x0} ch=true seqId=0
06-19 23:45:35.343  3723  3723 D VRI[SubSettings]@f0a4302: Not drawing due to not visible. Reason=!mAppVisible && !mForceDecorViewVisibility
06-19 23:45:35.343  1362  1362 D SurfaceFlinger: Display 4633128672291735931 HWC layers:
06-19 23:45:35.343  1362  1362 D SurfaceFlinger:        DEVICE |           83124797046803 | 00002102 | RGBA_8888    |    0.0    0.0 1080.0 2340.0 |    0    0 1080 2340 | com.example.testeableapp/com.example.testeableapp.MainActivity$_19354#35212 (1)
06-19 23:45:35.343  1362  1362 D SurfaceFlinger:        DEVICE |           10750303185048 | 00002100 | RGBA_8888    |    0.0    0.0 1080.0   77.0 |    0    0 1080   77 | StatusBar$_2503#111 (52428)
06-19 23:45:35.343  1362  1362 D SurfaceFlinger:        DEVICE |           12743167976380 | 00002100 | RGBA_8888    |    0.0    0.0   67.0  342.0 | 1013  821 1080 1163 | com.sec.android.app.launcher/com.sam[...]l.app.CocktailBarService$_2967#35048 (1)
06-19 23:45:35.343  1362  1362 D SurfaceFlinger:        DEVICE |           10750303185001 | 00002100 | RGBA_8888    |    0.0    0.0 1080.0  135.0 |    0 2205 1080 2340 | NavigationBar0$_2503#107 (27365)
06-19 23:45:35.343  1362  1362 D SurfaceFlinger:        DEVICE |           70158290780193 | 00002100 | RGBA_8888    |    0.0    0.0 1080.0 2340.0 |    0    0 1080 2340 | EdgeLightingWindow$_16335#35072 (93)
06-19 23:45:35.343  1362  1362 D SurfaceFlinger:
06-19 23:45:35.343  3723  3928 D HWUI    : CacheManager::trimMemory(20)
06-19 23:45:35.345  3723  3723 I VRI[SubSettings]@f0a4302: stopped(true) old = false
06-19 23:45:35.345  3723  3723 D VRI[SubSettings]@f0a4302: WindowStopped on com.android.settings/com.android.settings.SubSettings set to true
06-19 23:45:35.345  3723  3928 D HWUI    : CacheManager::trimMemory(20)
06-19 23:45:35.346  2503  2503 D SystemUIService: SYSUI_RAM_OPTIMIZATION onTrimMemory=20
06-19 23:45:35.346  2503  2503 D CentralSurfaces: SYSUI_RAM_OPTIMIZATION onTrimMemory=20
06-19 23:45:35.349  1362  1362 I SurfaceFlinger: RequestedLayer [com.android.settings/com.android.settings.SubSettings$_3723#35194] hidden!! flag  from(0) --> to(1)
06-19 23:45:35.349  1362  1362 I SurfaceFlinger: RequestedLayer [ActivityRecord{249521351 u0 com.android.settings/.SubSettings t513}#34137] hidden!! flag  from(0) --> to(1)
06-19 23:45:35.349  1362  1362 I SurfaceFlinger: destroyed DimTransitionLayer for Surface(name=Task=565)/@0x56fd07c#35210
06-19 23:45:35.349  1362  1362 I SurfaceFlinger: destroyed d55ab1d Splash Screen com.example.testeableapp.test#35181
06-19 23:45:35.349  1362  1362 I SurfaceFlinger: destroyed Transition Root: Task=565#35207
06-19 23:45:35.350  1362  1362 I SurfaceFlinger: [LayerHierarchy{RequestedLayerState{ImeContainer#15 parentId=35203 relativeParentId=35206 z=1} 1 children}] RelativeParent to LayerHierarchy{RequestedLayerState{110239c com.example.testeableapp/com.example.testeableapp.MainActivity#35206 parentId=35203} 2 children}
06-19 23:45:35.350  1362  1362 I SurfaceFlinger: [LayerHierarchy{RequestedLayerState{593b2c3 Splash Screen com.example.testeableapp#35204 z=2147483647} 1 children}] reparent to OffscreenRoot
06-19 23:45:35.350  1362  1362 I SurfaceFlinger: [LayerHierarchy{RequestedLayerState{593b2c3 Splash Screen com.example.testeableapp#35204 z=2147483647} 1 children}] RelativeParent to null
06-19 23:45:35.350  1362  1362 I SurfaceFlinger: [LayerHierarchy{RequestedLayerState{Splash Screen com.example.testeableapp$_2503#35205} no children}] reparent to OffscreenRoot
06-19 23:45:35.350  1362  1362 I SurfaceFlinger: [LayerHierarchy{RequestedLayerState{Splash Screen com.example.testeableapp$_2503#35205} no children}] RelativeParent to null
06-19 23:45:35.350  2503  2607 D HWUI    : CacheManager::trimMemory(20)
06-19 23:45:35.351  1593  2726 I WindowManager: Relayout Window{6bbfc8e u0 com.android.settings/com.android.settings.SubSettings}: viewVisibility=8 req=1080x2340 ty=1 d0
06-19 23:45:35.351  1593  2726 D SurfaceComposerClient: setCornerRadius ## 110239c com.example.testeableapp/com.example.testeableapp.MainActivity#35206 cornerRadius=0.000000
06-19 23:45:35.352  1593  2726 D SurfaceComposerClient: setCornerRadius ## 110239c com.example.testeableapp/com.example.testeableapp.MainActivity#35206 cornerRadius=0.000000
06-19 23:45:35.352  1362  1362 I Layer   : id=35210 Destroyed DimTransitionLayer for Surface(name=Task=565)/@0x56fd07c#35210
06-19 23:45:35.352  1362  1362 I Layer   : id=35181 Destroyed d55ab1d Splash Screen com.example.testeableapp.test#35181
06-19 23:45:35.353  1362  1362 I Layer   : id=35207 Destroyed Transition Root: Task=565#35207
06-19 23:45:35.353  1593  2726 I WindowManager: Relayout hash=6bbfc8e, pid=3723, syncId=-1: mAttrs={(0,0)(fillxfill) sim={adjust=pan} layoutInDisplayCutoutMode=always ty=BASE_APPLICATION wanim=0x1030306
06-19 23:45:35.353  1593  2726 I WindowManager:   fl=81810100
06-19 23:45:35.353  1593  2726 I WindowManager:   pfl=10008840
06-19 23:45:35.353  1593  2726 I WindowManager:   bhv=1
06-19 23:45:35.353  1593  2726 I WindowManager:   fitSides=0
06-19 23:45:35.353  1593  2726 I WindowManager:   frameRateBoostOnTouch=true
06-19 23:45:35.353  1593  2726 I WindowManager:   dvrrWindowFrameRateHint=true naviIconColor=0
06-19 23:45:35.353  1593  2726 I WindowManager:   sfl=1}
06-19 23:45:35.353  1362  1362 I SurfaceFlinger: id=35204 Removed 593b2c3 Splash Screen com.example.testeableapp#35204 (187)
06-19 23:45:35.353  1362  1362 I SurfaceFlinger: id=35205 Removed Splash Screen com.example.testeableapp$_2503#35205 (187)
06-19 23:45:35.354  3723  3723 I VRI[SubSettings]@f0a4302: Relayout returned: old=(0,0,1080,2340) new=(0,0,1080,2340) relayoutAsync=false req=(1080,2340)8 dur=3 res=0x2 s={false 0x0} ch=false seqId=0
06-19 23:45:35.354  5222 19553 W adbd    : timed out while waiting for FUNCTIONFS_BIND, trying again
06-19 23:45:35.354  5222 19553 I adbd    : UsbFfs: connection terminated: monitor thread finished
06-19 23:45:35.361  1593  1660 D PkgPredictorService-SecIpmManagerServiceImpl: bg information pid:3723 uid:1000 pkgName:com.android.settings
06-19 23:45:35.362  3505 18503 I SSS:TextClassifierDelegateFactory: getDefaultTextClassifier()
06-19 23:45:35.366  1362  1362 I SurfaceFlinger: destroyed 593b2c3 Splash Screen com.example.testeableapp#35204
06-19 23:45:35.366  1362  1362 I SurfaceFlinger: destroyed Splash Screen com.example.testeableapp$_2503#35205
06-19 23:45:35.366  1362  1362 I SurfaceFlinger: [LayerHierarchy{RequestedLayerState{com.android.settings/com.android.settings.SubSettings$_3723#35194} no children}] reparent to OffscreenRoot
06-19 23:45:35.366  1362  1362 I SurfaceFlinger: [LayerHierarchy{RequestedLayerState{com.android.settings/com.android.settings.SubSettings$_3723#35194} no children}] RelativeParent to null
06-19 23:45:35.368  1362  1362 I Layer   : id=35204 Destroyed 593b2c3 Splash Screen com.example.testeableapp#35204
06-19 23:45:35.368  1362  1362 I Layer   : id=35205 Destroyed Splash Screen com.example.testeableapp$_2503#35205
06-19 23:45:35.384  1362  1362 I SurfaceFlinger: id=35194 Removed com.android.settings/com.android.settings.SubSettings$_3723#35194 (185)
06-19 23:45:35.390  1593  2386 I SemExecuteManagerService: onShortcutChanged: com.whatsapp0
06-19 23:45:35.399  1362  1362 I SurfaceFlinger: destroyed com.android.settings/com.android.settings.SubSettings$_3723#35194
06-19 23:45:35.400  2967  2967 I HoneySpace.PackageOperationTracker: onShortcutsChanged com.whatsapp - 21 UserHandle{0}
06-19 23:45:35.401  5222  5230 I adbd    : opening control endpoint /dev/usb-ffs/adb/ep0
06-19 23:45:35.402  1362  1362 I Layer   : id=35194 Destroyed com.android.settings/com.android.settings.SubSettings$_3723#35194
06-19 23:45:35.403  2967 24556 I HoneySpace.ShortcutDataSourceImpl: shortcut updated. ShortcutInfo {id=***, flags=0x2689 [DynIc-fIc-aStrRetsLiv], packageName=com.whatsapp, activity=ComponentInfo{com.whatsapp/com.whatsapp.Main}, shortLabel=***, resId=0[null], longLabel=***, resId=0[null], disabledMessage=***, resId=0[null], disabledReason=[Not disabled], categories={com.whatsapp.sharing.category.SHARE_TARGET_DEFAULT}, persons=null, icon=null, rank=9, timestamp=1781934238213, intents=null, extras=null}
06-19 23:45:35.403  2967 24556 I HoneySpace.ShortcutDataSourceImpl: shortcut updated. ShortcutInfo {id=***, flags=0x2689 [DynIc-fIc-aStrRetsLiv], packageName=com.whatsapp, activity=ComponentInfo{com.whatsapp/com.whatsapp.Main}, shortLabel=***, resId=0[null], longLabel=***, resId=0[null], disabledMessage=***, resId=0[null], disabledReason=[Not disabled], categories={com.whatsapp.sharing.category.SHARE_TARGET_DEFAULT}, persons=null, icon=null, rank=8, timestamp=1781932998035, intents=null, extras=null}
06-19 23:45:35.403  2967 24556 I HoneySpace.ShortcutDataSourceImpl: shortcut updated. ShortcutInfo {id=***, flags=0x6689 [DynIc-fIc-aStrRetsLiv], packageName=com.whatsapp, activity=ComponentInfo{com.whatsapp/com.whatsapp.Main}, shortLabel=***, resId=0[null], longLabel=***, resId=0[null], disabledMessage=***, resId=0[null], disabledReason=[Not disabled], categories={com.whatsapp.sharing.category.SHARE_TARGET_DEFAULT}, persons=null, icon=null, rank=4, timestamp=1781934335285, intents=null, extras=null}
06-19 23:45:35.403  2967 24556 I HoneySpace.ShortcutDataSourceImpl: shortcut updated. ShortcutInfo {id=***, flags=0x6689 [DynIc-fIc-aStrRetsLiv], packageName=com.whatsapp, activity=ComponentInfo{com.whatsapp/com.whatsapp.Main}, shortLabel=***, resId=0[null], longLabel=***, resId=0[null], disabledMessage=***, resId=0[null], disabledReason=[Not disabled], categories={com.whatsapp.sharing.category.SHARE_TARGET_DEFAULT}, persons=null, icon=null, rank=13, timestamp=1781934238359, intents=null, extras=null}
06-19 23:45:35.403  2967 24556 I HoneySpace.ShortcutDataSourceImpl: shortcut updated. ShortcutInfo {id=***, flags=0x2485 [DynIc-rStrRetsLiv], packageName=com.whatsapp, activity=ComponentInfo{com.whatsapp/com.whatsapp.Main}, shortLabel=***, resId=0[null], longLabel=***, resId=0[null], disabledMessage=***, resId=0[null], disabledReason=[Not disabled], categories=null, persons=null, icon=null, rank=1, timestamp=1781932997187, intents=null, extras=null}
06-19 23:45:35.403  2967 24556 I HoneySpace.ShortcutDataSourceImpl: shortcut updated. ShortcutInfo {id=***, flags=0x6689 [DynIc-fIc-aStrRetsLiv], packageName=com.whatsapp, activity=ComponentInfo{com.whatsapp/com.whatsapp.Main}, shortLabel=***, resId=0[null], longLabel=***, resId=0[null], disabledMessage=***, resId=0[null], disabledReason=[Not disabled], categories={com.whatsapp.sharing.category.SHARE_TARGET_DEFAULT}, persons=null, icon=null, rank=12, timestamp=1781934238327, intents=null, extras=null}
06-19 23:45:35.403  2967 24556 I HoneySpace.ShortcutDataSourceImpl: shortcut updated. ShortcutInfo {id=***, flags=0x6689 [DynIc-fIc-aStrRetsLiv], packageName=com.whatsapp, activity=ComponentInfo{com.whatsapp/com.whatsapp.Main}, shortLabel=***, resId=0[null], longLabel=***, resId=0[null], disabledMessage=***, resId=0[null], disabledReason=[Not disabled], categories={com.whatsapp.sharing.category.SHARE_TARGET_DEFAULT}, persons=null, icon=null, rank=10, timestamp=1781934238253, intents=null, extras=null}
06-19 23:45:35.403  2967 24556 I HoneySpace.ShortcutDataSourceImpl: shortcut updated. ShortcutInfo {id=***, flags=0x2689 [DynIc-fIc-aStrRetsLiv], packageName=com.whatsapp, activity=ComponentInfo{com.whatsapp/com.whatsapp.Main}, shortLabel=***, resId=0[null], longLabel=***, resId=0[null], disabledMessage=***, resId=0[null], disabledReason=[Not disabled], categories={com.whatsapp.sharing.category.SHARE_TARGET_DEFAULT}, persons=null, icon=null, rank=7, timestamp=1781932997913, intents=null, extras=null}
06-19 23:45:35.403  2967 24556 I HoneySpace.ShortcutDataSourceImpl: shortcut updated. ShortcutInfo {id=***, flags=0x6689 [DynIc-fIc-aStrRetsLiv], packageName=com.whatsapp, activity=ComponentInfo{com.whatsapp/com.whatsapp.Main}, shortLabel=***, resId=0[null], longLabel=***, resId=0[null], disabledMessage=***, resId=0[null], disabledReason=[Not disabled], categories={com.whatsapp.sharing.category.SHARE_TARGET_DEFAULT}, persons=null, icon=null, rank=3, timestamp=1781934238425, intents=null, extras=null}
06-19 23:45:35.403  2967 24556 I HoneySpace.ShortcutDataSourceImpl: shortcut updated. ShortcutInfo {id=***, flags=0x485 [DynIc-rStrRets], packageName=com.whatsapp, activity=ComponentInfo{com.whatsapp/com.whatsapp.Main}, shortLabel=***, resId=0[null], longLabel=***, resId=0[null], disabledMessage=***, resId=0[null], disabledReason=[Not disabled], categories=null, persons=null, icon=null, rank=0, timestamp=1781932997078, intents=null, extras=null}
06-19 23:45:35.404  2967 24556 I HoneySpace.ShortcutDataSourceImpl: shortcut updated. ShortcutInfo {id=***, flags=0x6689 [DynIc-fIc-aStrRetsLiv], packageName=com.whatsapp, activity=ComponentInfo{com.whatsapp/com.whatsapp.Main}, shortLabel=***, resId=0[null], longLabel=***, resId=0[null], disabledMessage=***, resId=0[null], disabledReason=[Not disabled], categories={com.whatsapp.sharing.category.SHARE_TARGET_DEFAULT}, persons=null, icon=null, rank=6, timestamp=1781932997780, intents=null, extras=null}
06-19 23:45:35.404  2967 24556 I HoneySpace.ShortcutDataSourceImpl: shortcut updated. ShortcutInfo {id=***, flags=0x6689 [DynIc-fIc-aStrRetsLiv], packageName=com.whatsapp, activity=ComponentInfo{com.whatsapp/com.whatsapp.Main}, shortLabel=***, resId=0[null], longLabel=***, resId=0[null], disabledMessage=***, resId=0[null], disabledReason=[Not disabled], categories={com.whatsapp.sharing.category.SHARE_TARGET_DEFAULT}, persons=null, icon=null, rank=2, timestamp=1781934309369, intents=null, extras=null}
06-19 23:45:35.404  2967 24556 I HoneySpace.ShortcutDataSourceImpl: shortcut updated. ShortcutInfo {id=***, flags=0x6689 [DynIc-fIc-aStrRetsLiv], packageName=com.whatsapp, activity=ComponentInfo{com.whatsapp/com.whatsapp.Main}, shortLabel=***, resId=0[null], longLabel=***, resId=0[null], disabledMessage=***, resId=0[null], disabledReason=[Not disabled], categories={com.whatsapp.sharing.category.SHARE_TARGET_DEFAULT}, persons=null, icon=null, rank=11, timestamp=1781934238289, intents=null, extras=null}
06-19 23:45:35.406  2967 24556 I HoneySpace.ShortcutDataSourceImpl: shortcut updated. ShortcutInfo {id=***, flags=0x2689 [DynIc-fIc-aStrRetsLiv], packageName=com.whatsapp, activity=ComponentInfo{com.whatsapp/com.whatsapp.Main}, shortLabel=***, resId=0[null], longLabel=***, resId=0[null], disabledMessage=***, resId=0[null], disabledReason=[Not disabled], categories={com.whatsapp.sharing.category.SHARE_TARGET_DEFAULT}, persons=null, icon=null, rank=14, timestamp=1781934238163, intents=null, extras=null}
06-19 23:45:35.406  2967 24556 I HoneySpace.ShortcutDataSourceImpl: shortcut updated. ShortcutInfo {id=***, flags=0x6689 [DynIc-fIc-aStrRetsLiv], packageName=com.whatsapp, activity=ComponentInfo{com.whatsapp/com.whatsapp.Main}, shortLabel=***, resId=0[null], longLabel=***, resId=0[null], disabledMessage=***, resId=0[null], disabledReason=[Not disabled], categories={com.whatsapp.sharing.category.SHARE_TARGET_DEFAULT}, persons=null, icon=null, rank=5, timestamp=1781932997658, intents=null, extras=null}
06-19 23:45:35.407  2967 17427 I HoneySpace.HistoryViewModel@249058696@OneUI: handlePackageEvent
06-19 23:45:35.407  2967 17427 I HoneySpace.HistoryViewModel@249058696@OneUI: skip for alone
06-19 23:45:35.408  2967  2967 I HoneySpace.HoneySpaceManagerContainer: packageUpdateEvent - com.honeyspace.sdk.source.entity.PackageOperation$ShortcutChanged@7856356
06-19 23:45:35.410  2967  2967 I HoneySpace.EventListenerRegistry: pendingPackageOperation : pending = false, com.honeyspace.sdk.source.entity.PackageOperation$ShortcutChanged@7856356
06-19 23:45:35.450  2503  2503 D QSClock : onDarkChanged tint=WHITE
06-19 23:45:35.484  1593  1593 W CoverManager: getCoverState : This device is not supported cover
06-19 23:45:35.485  1593  1593 W CoverManager: getCoverState : This device is not supported cover
06-19 23:45:35.493  2967  5212 I HoneySpace.NotificationListener: onNotificationPosted com.whatsapp: 0|com.whatsapp|1|OvmBtF+uSfs4NJh7cvinvdOaUTIKGjeLkFmW0mPW1Ag=
06-19 23:45:35.493  2967  5212 I HoneySpace.NotificationListener: |10383: 4
06-19 23:45:35.493  2967  5212 I HoneySpace.BadgeDataSourceImpl: Get notification count. PK(p='com.whatsapp', u=UserHandle{0}) - forceBadgeCount: false, notification listener: 18, badge provider: 30
06-19 23:45:35.494  2967 14230 I HoneySpace.BadgeDataSourceImpl: Get notification count. PK(p='com.google.android.youtube', u=UserHandle{0}) - forceBadgeCount: false, notification listener: 2, badge provider: 215
06-19 23:45:35.495  2967 18508 I HoneySpace.PackageEventOperator: [ApplistViewModel] badge count is updated. com.whatsapp/.Main#UserHandle{0}|128 : 30
06-19 23:45:35.496  2967 18508 I HoneySpace.BadgeDataSourceImpl: Get notification count. PK(p='com.google.android.apps.messaging', u=UserHandle{0}) - forceBadgeCount: false, notification listener: 1, badge provider: 0
06-19 23:45:35.496  2967 18508 I HoneySpace.BadgeDataSourceImpl: Get notification count. PK(p='com.google.android.youtube', u=UserHandle{0}) - forceBadgeCount: false, notification listener: 2, badge provider: 215
06-19 23:45:35.498  1593  1593 W CoverManager: getCoverState : This device is not supported cover
06-19 23:45:35.498  1342  1382 V APM_AudioPolicyManager: setAppState(portId:24603, state:1)
06-19 23:45:35.498  1342  1382 V APM_AudioPolicyManager: setAppState(portId:24603, state:1)
06-19 23:45:35.500 19282 19282 W GameLauncher: NotificationListener Ignore non game notification: com.whatsapp
06-19 23:45:35.501 19354 19354 I View    : setRequestedFrameRate frameRate=NaN, this=androidx.compose.ui.platform.AndroidComposeView{686e5c9 VFED..... ........ 0,0-1080,2340 aid=1073741824}, caller=android.view.ViewGroup.setRequestedFrameRate:9952 androidx.compose.ui.platform.Api35Impl.setRequestedFrameRate:3314 androidx.compose.ui.platform.AndroidComposeView.dispatchDraw:1949 android.view.View.draw:26345 android.view.View.updateDisplayListIfDirty:25175
06-19 23:45:35.501 19354 19354 I View    : setRequestedFrameRate frameRate=NaN, this=android.view.View{352c0aa V.ED..... ........ 0,0-0,0}, caller=androidx.compose.ui.platform.Api35Impl.setRequestedFrameRate:3314 androidx.compose.ui.platform.AndroidComposeView.dispatchDraw:1950 android.view.View.draw:26345 android.view.View.updateDisplayListIfDirty:25175 android.view.ViewGroup.recreateChildDisplayList:4794
06-19 23:45:35.501  2503  6344 D RingtonePlayer: playAsync(uri=content://settings/system/notification_sound, user=UserHandle{0})
06-19 23:45:35.501  2503  6344 D RingtonePlayer: play uri=content://settings/system/notification_sound
06-19 23:45:35.503  1593  1593 D FlashNotifController: requestStartFlashNotification
06-19 23:45:35.503  1593  1593 I FlashNotifController: startFlashNotification: type=1, tag=android
06-19 23:45:35.503  1593  1593 D FlashNotifController: Flash notification is disabled
06-19 23:45:35.504  1593  1593 D MotionRecognitionService:   .registerCallback : 1, required_sensors=3, client=com.android.server.notification.EasyMuteController$1@9851725
06-19 23:45:35.504  2503 19579 D RingtonePlayer: RemoveFirst
06-19 23:45:35.504  2503 19579 D RingtonePlayer: PLAY
06-19 23:45:35.505  2503 19579 D RingtonePlayer: startSound()
06-19 23:45:35.505  1593  1593 D MotionRecognitionService: Screen: On
06-19 23:45:35.505  1593  1593 D MotionRecognitionService: [getUsedSensorForEvents] sensors : Settings = 10000100100000000000000101
06-19 23:45:35.505  1593  1593 D MotionRecognitionService: [getUsedSensorForEvents] sensors for motion : 10011
06-19 23:45:35.505  1593  1593 V MotionRecognitionManager:   .registerListener : success. listener count = 0->1, motion_events=1, name :com.android.server.notification.EasyMuteController$1@9851725
06-19 23:45:35.505  1593  2309 D MotionRecognitionService:   .isMotionEngineEnabled : true
06-19 23:45:35.505  1593  2309 D MotionRecognitionService:   .initializeMotionEngine
06-19 23:45:35.506  1593  2309 D MotionEngine: [MotionEngine]->Build Binary Type(user):0
06-19 23:45:35.506  1593  2309 D MotionEngine: [@@@ Motion Engine @@@] InitializeMotionManager ALL, DPS setting 2
06-19 23:45:35.506  1265  1265 I SensorsHub: batch: handle=1 period=20000000 timeout=0
06-19 23:45:35.507  1265  1265 I SensorsHub: activate: handle 1 enable 1
06-19 23:45:35.507  2503 19580 D RingtonePlayer: in run: new looper Looper (Thread-1194, tid 5608) {434a7a9}
06-19 23:45:35.507  1265  1265 I SensorsHub: type : 1, enable : 1
06-19 23:45:35.507  2503  2503 D SubscreenNotificationListCoordinator: onAfterRenderList() isSubScreen = false, pluginLockMode = 0, doNotShowOnCover = false
06-19 23:45:35.507  2503 19580 V MediaPlayer-JNI: native_setup
06-19 23:45:35.507  2503 19580 V MediaPlayerNative: constructor
06-19 23:45:35.511  1265  1265 I SensorsHub: batch: handle=4 period=20000000 timeout=0
06-19 23:45:35.512  1265  1265 I SensorsHub: activate: handle 4 enable 1
06-19 23:45:35.512  1265  1265 I SensorsHub: type : 4, enable : 1
06-19 23:45:35.512  2503 19580 V MediaPlayerNative: setListener
06-19 23:45:35.513  2503 19580 V MediaPlayer-JNI: get_session_id()
06-19 23:45:35.513  2503  2503 W RefactorFlag: New code path expects SceneContainerFlag to be enabled.
06-19 23:45:35.514  2503  2503 D ExpandableNotifRow: mMaxSmallHeight different before reInflateViews mMaxSmallHeight: 203 mTempSmallHeight:0 0|com.whatsapp|1|OvmBtF+uSfs4NJh7cvinvdOaUTIKGjeLkFmW0mPW1Ag=|10383
06-19 23:45:35.514  1593  2309 D SensorManager: registerListener :: 1601008243, Motion Sensor, 200000, 0, com.samsung.android.gesture.MotionRecognitionService$SensorListener@ac8d6ab
06-19 23:45:35.514  2503  2503 D ExpandableNotifRow: mMaxSmallHeight different before reInflateViews mMaxSmallHeight: 203 mTempSmallHeight:0 0|com.whatsapp|1|OvmBtF+uSfs4NJh7cvinvdOaUTIKGjeLkFmW0mPW1Ag=|10383
06-19 23:45:35.514  1593  2309 D MotionRecognitionService: Acc/Gyro was enable by motion sensor  = 1
06-19 23:45:35.514  1593  2309 D MotionRecognitionService: Acc/Gyro was enable by motion sensor  = 2
06-19 23:45:35.514  2967  5212 I HoneySpace.NotificationListener: onNotificationPosted com.whatsapp: 0|com.whatsapp|1|null|10383: 30
06-19 23:45:35.514  2967  5212 I HoneySpace.NotificationListener: invalid notification: com.whatsapp UserHandle{0}: isGroup=true, isMissing=false
06-19 23:45:35.514  2967  5212 I HoneySpace.BadgeDataSourceImpl: Get notification count. PK(p='com.whatsapp', u=UserHandle{0}) - forceBadgeCount: false, notification listener: 18, badge provider: 30
06-19 23:45:35.515  1593  2309 D MotionRecognitionService: Motion, result = 1
06-19 23:45:35.515  1593  2309 D MotionRecognitionService: Motion, result = 1
06-19 23:45:35.515  1593  2309 D MotionRecognitionService: Settings updated : 10000100100000000000000101
06-19 23:45:35.515  1593  2309 I PalmMotion: [PALM] MAIN_PALM_LIST SIZE = 2, SUB_PALM_LIST SIZE = 0
06-19 23:45:35.515  2967 18508 I HoneySpace.BadgeDataSourceImpl: Get notification count. PK(p='com.google.android.youtube', u=UserHandle{0}) - forceBadgeCount: false, notification listener: 2, badge provider: 215
06-19 23:45:35.515  1593  2309 I PalmMotion: [PALM] SETTINGS : [ PALM_TOUCH : 1, PALM_TOUCH_TO_SLEEP : 0 ]
06-19 23:45:35.515  1593  2309 I PalmMotion: [PALM] ENABLED : [ TOUCH : true, PALM_SCREEN_OFF : false ]
06-19 23:45:35.515  1593  2309 D PalmMotion: [PALM] ACCEPTED : PALM_CNT : 1, M_TOUCH : 1000.0
06-19 23:45:35.515  1593  2309 I PalmMotion: [PALM] SETTINGS : [ PALM_SWEEP : 1, Mobile Keyboard : 0 ]
06-19 23:45:35.515  1593  2309 I PalmMotion: [PALM] ENABLED : [ SWEEP : true ]
06-19 23:45:35.515  1593  2309 D PalmMotion: [PALM] ACCEPTED : M_SWEEP : 100.0, E_SWEEP : 2.0, IGNORE_M_SWEEP : false
06-19 23:45:35.515  1593  2309 E SensorManager: sensor or listener is null
06-19 23:45:35.516  2503 19580 V MediaPlayer-JNI: setParameter: key 1400
06-19 23:45:35.516  2503 19580 V MediaPlayerNative: MediaPlayer::setParameter(1400)
06-19 23:45:35.516  2503 19580 D RingtoneManager: getActualDefaultRingtoneUri  type    :2
06-19 23:45:35.517  2503 19580 I RingtoneManager: Ringtone value : content://media/internal/audio/media/49?title=Spaceline&canonical=1
06-19 23:45:35.517  2967 14230 I HoneySpace.PackageEventOperator: [ApplistViewModel] badge count is updated. com.whatsapp/.Main#UserHandle{0}|128 : 30
06-19 23:45:35.517  2967 14230 I HoneySpace.BadgeDataSourceImpl: Get notification count. PK(p='com.google.android.apps.messaging', u=UserHandle{0}) - forceBadgeCount: false, notification listener: 1, badge provider: 0
06-19 23:45:35.518  2967 14230 I HoneySpace.BadgeDataSourceImpl: Get notification count. PK(p='com.google.android.youtube', u=UserHandle{0}) - forceBadgeCount: false, notification listener: 2, badge provider: 215
06-19 23:45:35.519  2503  2503 I LockscreenNotificationIconsOnlyController: onNotificationInfoUpdated 0
06-19 23:45:35.519  2503  3162 D SoundCraft.PlayingAudioConditionHandler: onPlaybackConfigChanged : lastStartedPackageName=null, lastStartedUid=-1, newStartedUid=-1, newStartPackageName=null, thread=Thread[RoutineHandlerThread,5,main]
06-19 23:45:35.519  2503  2503 I AODNotificationManager: updateNotification()
06-19 23:45:35.521  2503  3028 W BitmapFactory: Null Options, creating a new one.
06-19 23:45:35.522  2503  3028 I Kumiho-Kumiho: getPackageName: com.samsung.android.app.routines
06-19 23:45:35.524  2503  3028 I Kumiho-Kumiho: getPackageName: com.samsung.android.app.routines
06-19 23:45:35.529  2503 19580 V MediaPlayer-JNI: setDataSourceFD: fd 638
06-19 23:45:35.529  2503 19580 V MediaPlayerNative: setDataSource(638, 0, 576460752303423487)
06-19 23:45:35.530  1499  3601 V MediaPlayerService: Create new client(3211) from AttributionSourceState{pid: 2503, uid: 10049, deviceId: 0, packageName: com.android.systemui, attributionTag: (null), token: binder:0xb40000798dd2cbd0, renouncedPermissions: [], next: []},
06-19 23:45:35.531  1499  3601 V MediaPlayerService: setDataSource fd=19 (/data/system_de/0/ringtones/notification_sound_cache), offset=0, length=576460752303423487
06-19 23:45:35.531  1499  3601 V MediaPlayerService: st_dev  = 65079
06-19 23:45:35.531  1499  3601 V MediaPlayerService: st_mode = 33216
06-19 23:45:35.531  1499  3601 V MediaPlayerService: st_uid  = 1000
06-19 23:45:35.531  1499  3601 V MediaPlayerService: st_gid  = 1000
06-19 23:45:35.531  1499  3601 V MediaPlayerService: st_size = 54181
06-19 23:45:35.531  1499  3601 V MediaPlayerService: calculated length = 54181
06-19 23:45:35.531  1499  3601 V MediaPlayerService: player type = 4
06-19 23:45:35.531 16335 16335 I AppIconSolution: return adaptive icon for com.whatsapp, isNight = true
06-19 23:45:35.532  1499  3601 D NuPlayerDriver: NuPlayerDriver(0xb4000078ddd82f20) created, clientPid(2503)
06-19 23:45:35.538  2503  2503 D SubscreenNotificationListCoordinator: onAfterRenderList() isSubScreen = false, pluginLockMode = 0, doNotShowOnCover = false
06-19 23:45:35.543  2503  2503 I LockscreenNotificationIconsOnlyController: onNotificationInfoUpdated 0
06-19 23:45:35.544  2503  2503 I AODNotificationManager: updateNotification()
06-19 23:45:35.548  1499  3601 V AudioSink: AudioOutput(180337)
06-19 23:45:35.549  1499  3601 V NuPlayerDriver: setDataSource(0xb4000078ddd82f20) file(19)
06-19 23:45:35.549  1499  3601 V NuPlayer: setDataSourceAsync fd 19/0/54181 source: 0xb40000797dd205c0
06-19 23:45:35.549  1499 19582 V NuPlayer: kWhatSetAudioSink
06-19 23:45:35.552  1499 19582 V NuPlayer: kWhatSetDataSource
06-19 23:45:35.554  2503 19580 V MediaPlayer-JNI: setLooping: 0
06-19 23:45:35.554  2503 19580 V MediaPlayerNative: MediaPlayer::setLooping
06-19 23:45:35.555  1499  3601 V MediaPlayerService: [3211] setLooping(0)
06-19 23:45:35.556  2503 19580 V MediaPlayer-JNI: setVolume: left 1.000000  right 1.000000
06-19 23:45:35.556  2503 19580 V MediaPlayerNative: MediaPlayer::setVolume(1.000000, 1.000000)
06-19 23:45:35.556 19354 19354 I View    : setRequestedFrameRate frameRate=NaN, this=androidx.compose.ui.platform.AndroidComposeView{686e5c9 VFED..... ........ 0,0-1080,2340 aid=1073741824}, caller=android.view.ViewGroup.setRequestedFrameRate:9952 androidx.compose.ui.platform.Api35Impl.setRequestedFrameRate:3314 androidx.compose.ui.platform.AndroidComposeView.dispatchDraw:1949 android.view.View.draw:26345 android.view.View.updateDisplayListIfDirty:25175
06-19 23:45:35.556 16335 16335 D View    : semSetBlurInfo, blurInfo : android.view.SemBlurInfo@7ab54c8 {BLUR_MODE_WINDOW, mBlurRadius = 300, mBackgroundBlurColor = 536870911, mCornerRadiusTL = 50.0, mCornerRadiusTR = 50.0, mCornerRadiusBL = 50.0, mCornerRadiusBR = 50.0, mClipRectLeft = 0, mClipRectTop = 0, mClipRectRight = 2147483647, mClipRectBottom = 2147483647, mColorCurve = android.view.SemBlurInfo$ColorCurve@2783961 {minX = 0.0, minY = 13.5, maxX = 255.0, maxY = 133.4, curveBias = -15.0, saturation = 0.5}}, android.widget.LinearLayout{9ef3aac V.E...... ......ID 0,0-498,101 #7f0a0e02 app:id/toast_blur_root}
06-19 23:45:35.556 16335 16335 E View    : This model doesn't support window blur!
06-19 23:45:35.557 19354 19354 I View    : setRequestedFrameRate frameRate=-4.0, this=android.view.View{352c0aa V.ED..... ........ 0,0-0,0}, caller=androidx.compose.ui.platform.Api35Impl.setRequestedFrameRate:3314 androidx.compose.ui.platform.AndroidComposeView.dispatchDraw:1950 android.view.View.draw:26345 android.view.View.updateDisplayListIfDirty:25175 android.view.ViewGroup.recreateChildDisplayList:4794
06-19 23:45:35.557  1499  3601 V MediaPlayerService: [3211] setVolume(1.000000, 1.000000)
06-19 23:45:35.557  1499  3601 V AudioSink: setVolume(1.000000, 1.000000)
06-19 23:45:35.558  2503 19580 V MediaPlayerNative: setVideoSurfaceTexture
06-19 23:45:35.558  1499 31738 V MediaPlayerService: [3211] setVideoSurfaceTexture(0x0)
06-19 23:45:35.558  2503 19580 V MediaPlayerNative: prepare
06-19 23:45:35.558  1499 31738 V MediaPlayerService: [3211] setParameter(1400)
06-19 23:45:35.558  1499 31738 V MediaPlayerService: setAudioAttributes_l() usage=5 content=4 flags=0x800 tags=
06-19 23:45:35.559 16335 16335 I EdgeLightNotiEffectView: Basic lighting is not supported.
06-19 23:45:35.560  1499 31738 V MediaPlayerService: [3211] prepareAsync
06-19 23:45:35.560  1499 31738 V NuPlayerDriver: prepareAsync(0xb4000078ddd82f20)
06-19 23:45:35.560  1499 31738 V NuPlayer: prepareAsync
06-19 23:45:35.560  1499 19582 V NuPlayer: onMessageReceived kWhatPrepare
06-19 23:45:35.560  1499 19582 I MediaMonitor: MediaMonitor()
06-19 23:45:35.563  1499 19583 D GenericSource: FileSource remote
06-19 23:45:35.564  1593  1620 D SurfaceComposerClient: setCornerRadius ## 110239c com.example.testeableapp/com.example.testeableapp.MainActivity#35206 cornerRadius=0.000000
06-19 23:45:35.565  1593  1620 D SurfaceComposerClient: setCornerRadius ## 110239c com.example.testeableapp/com.example.testeableapp.MainActivity#35206 cornerRadius=0.000000
06-19 23:45:35.567 19354 19354 I View    : setRequestedFrameRate frameRate=NaN, this=androidx.compose.ui.platform.AndroidComposeView{686e5c9 VFED..... ........ 0,0-1080,2340 aid=1073741824}, caller=android.view.ViewGroup.setRequestedFrameRate:9952 androidx.compose.ui.platform.Api35Impl.setRequestedFrameRate:3314 androidx.compose.ui.platform.AndroidComposeView.dispatchDraw:1949 android.view.View.draw:26345 android.view.View.updateDisplayListIfDirty:25175
06-19 23:45:35.568 19354 19354 I View    : setRequestedFrameRate frameRate=NaN, this=android.view.View{352c0aa V.ED..... ........ 0,0-0,0}, caller=androidx.compose.ui.platform.Api35Impl.setRequestedFrameRate:3314 androidx.compose.ui.platform.AndroidComposeView.dispatchDraw:1950 android.view.View.draw:26345 android.view.View.updateDisplayListIfDirty:25175 android.view.ViewGroup.recreateChildDisplayList:4794
06-19 23:45:35.568  1492  1583 I OggExtractor: size of mTableOfContents : 11
06-19 23:45:35.568  1492  1583 I MediaExtractorFactory: Created an extractor 'SECOggExtractor' with confidence 0.51
06-19 23:45:35.573  1499 19583 I AnotherPacketSource: setFormat() : audio/vorbis
06-19 23:45:35.573  1499 19582 V NuPlayer: onSourceNotify() kWhatFlagsChanged  FLAG_CAN_PAUSE: 1  FLAG_CAN_SEEK_BACKWARD: 1
06-19 23:45:35.573  1499 19582 V NuPlayer: 				 FLAG_CAN_SEEK_FORWARD: 1  FLAG_CAN_SEEK: 1  FLAG_DYNAMIC_DURATION: 0
06-19 23:45:35.573  1499 19582 V NuPlayer: 				 FLAG_SECURE: 0  FLAG_PROTECTED: 0
06-19 23:45:35.574  1499 19583 V NuPlayer: Source::notifyPrepared 0
06-19 23:45:35.574  1499 19582 V NuPlayer: prepare posted successfully.
06-19 23:45:35.574  1499 19582 I NuPlayer: ORmode enabled : unsupportedAudio = 0, unsupportedVideo = 0, mHaveAudioTrack = 1, mHaveVideoTrack = 0
06-19 23:45:35.574  1499 19582 V MediaPlayerService: [3211] notify (200, 10973, 0)
06-19 23:45:35.574  2503  6344 V MediaPlayerNative: message received msg=200, ext1=10973, ext2=0
06-19 23:45:35.574  2503  6344 W MediaPlayerNative: info/warning (10973, 0)
06-19 23:45:35.574  1499 19582 V NuPlayer: NuPlayer::onSourceNotify Source::kWhatPrepared source: 0xb40000797dd205c0
06-19 23:45:35.575  1499 19582 V NuPlayer: extractMetadata Tracks : 1
06-19 23:45:35.575  1499 19582 V NuPlayerDriver: notifyPrepareCompleted 0
06-19 23:45:35.575  1499 19582 V MediaPlayerService: [3211] notify (1, 0, 0)
06-19 23:45:35.576  2503  6344 V MediaPlayerNative: message received msg=1, ext1=0, ext2=0
06-19 23:45:35.576  2503  6344 V MediaPlayerNative: MediaPlayer::notify() prepared
06-19 23:45:35.576  2503  6344 V MediaPlayerNative: signal application thread
06-19 23:45:35.576  2503 19580 V MediaPlayerNative: prepare complete - status=0
06-19 23:45:35.576  2503 19580 V MediaPlayerNative: invoke 80
06-19 23:45:35.576  1499 31738 V AudioSink: setPlayerIId(40783)
06-19 23:45:35.577  2503 19580 V MediaPlayerNative: invoke 76
06-19 23:45:35.577  1499 31738 V NuPlayer: getTrackInfo
06-19 23:45:35.579  2503  2503 I AppIconSolution: return adaptive icon for com.whatsapp, isNight = true
06-19 23:45:35.579  2503 19580 D RingtonePlayer: requesting AudioFocus
06-19 23:45:35.582  1342  1382 V APM_AudioPolicyManager: setAudioPolicyConfig: audioParam;l_smart_view_split_sound_enable=false
06-19 23:45:35.583  1593  1620 I MediaFocusControl: requestAudioFocus() from uid/pid 10049/2503 AA=USAGE_NOTIFICATION/CONTENT_TYPE_SONIFICATION clientId=android.media.AudioManager@665e73e callingPack=com.android.systemui req=3 flags=0x0 sdk=36
06-19 23:45:35.583  1593  1620 D AS.AudioService: [Android Auto] isConnectedAndroidAuto = false
06-19 23:45:35.583  1593  1620 D MediaFocusControl: selectFocusStack, uid = 10049, appDevice = 0, device = 2
06-19 23:45:35.583  1593  1620 I MediaFocusControl: removeFocusStackEntry client:android.media.AudioManager@665e73e
06-19 23:45:35.583  1593  1620 I MediaFocusControl: propagateFocusLossFromGain_syncAf gain:3
06-19 23:45:35.583  1593  1620 I MediaFocusControl: propagateFocusLossFromGain_syncAf empty stack
06-19 23:45:35.584  2503 19580 D RingtonePlayer: notification will be delayed by 500ms
06-19 23:45:35.608  2503  2503 W RefactorFlag: New code path expects SceneContainerFlag to be enabled.
06-19 23:45:35.618  2503  2503 I AppIconSolution: return adaptive icon for com.whatsapp, isNight = true
06-19 23:45:35.621  6035  6035 I InputMethodService: removeImeSurface
06-19 23:45:35.621  6035  6035 I InputMethodService: cancelImeSurfaceRemoval: removeCallbacks
06-19 23:45:35.642  2503  2503 D ExpandableNotifRow: mMaxSmallHeight different before reInflateViews mMaxSmallHeight: 203 mTempSmallHeight:0 0|com.whatsapp|1|OvmBtF+uSfs4NJh7cvinvdOaUTIKGjeLkFmW0mPW1Ag=|10383
06-19 23:45:35.642  2503  2503 D ExpandableNotifRow: mMaxSmallHeight different before reInflateViews mMaxSmallHeight: 203 mTempSmallHeight:0 0|com.whatsapp|1|OvmBtF+uSfs4NJh7cvinvdOaUTIKGjeLkFmW0mPW1Ag=|10383
06-19 23:45:35.642  2503  2503 D ExpandableNotifRow: mMaxSmallHeight different before reInflateViews mMaxSmallHeight: 203 mTempSmallHeight:0 0|com.whatsapp|1|OvmBtF+uSfs4NJh7cvinvdOaUTIKGjeLkFmW0mPW1Ag=|10383
06-19 23:45:35.642  2503  2503 D ExpandableNotifRow: mMaxSmallHeight different before reInflateViews mMaxSmallHeight: 203 mTempSmallHeight:0 0|com.whatsapp|1|OvmBtF+uSfs4NJh7cvinvdOaUTIKGjeLkFmW0mPW1Ag=|10383
06-19 23:45:35.646  2503  2503 D S.S.N.  : entryViewBound parent :0|com.whatsapp|1|OvmBtF+uSfs4NJh7cvinvdOaUTIKGjeLkFmW0mPW1Ag=
06-19 23:45:35.646  2503  2503 D S.S.N.  : |10383
06-19 23:45:35.649  2503  2503 I AppIconSolution: return adaptive icon for com.whatsapp, isNight = true
06-19 23:45:35.665  2503  2503 D SubscreenNotificationListCoordinator: onAfterRenderList() isSubScreen = false, pluginLockMode = 0, doNotShowOnCover = false
06-19 23:45:35.679  2503  2503 W RefactorFlag: New code path expects SceneContainerFlag to be enabled.
06-19 23:45:35.679  2503  2503 D ExpandableNotifRow: mMaxSmallHeight different before reInflateViews mMaxSmallHeight: 203 mTempSmallHeight:0 0|com.whatsapp|1|OvmBtF+uSfs4NJh7cvinvdOaUTIKGjeLkFmW0mPW1Ag=|10383
06-19 23:45:35.679  2503  2503 D ExpandableNotifRow: mMaxSmallHeight different before reInflateViews mMaxSmallHeight: 203 mTempSmallHeight:0 0|com.whatsapp|1|OvmBtF+uSfs4NJh7cvinvdOaUTIKGjeLkFmW0mPW1Ag=|10383
06-19 23:45:35.681  1593  1813 D MotionEngine: [MotionEngine] -> DirectCall -> Proximitor Ready for acc direct call ready
06-19 23:45:35.683  2503  2503 I LockscreenNotificationIconsOnlyController: onNotificationInfoUpdated 0
06-19 23:45:35.683  2503  2503 I AODNotificationManager: updateNotification()
06-19 23:45:35.697 19354 19354 I View    : setRequestedFrameRate frameRate=NaN, this=androidx.compose.ui.platform.AndroidComposeView{686e5c9 VFED..... ........ 0,0-1080,2340 aid=1073741824}, caller=android.view.ViewGroup.setRequestedFrameRate:9952 androidx.compose.ui.platform.Api35Impl.setRequestedFrameRate:3314 androidx.compose.ui.platform.AndroidComposeView.dispatchDraw:1949 android.view.View.draw:26345 android.view.View.updateDisplayListIfDirty:25175
06-19 23:45:35.697 19354 19354 I View    : setRequestedFrameRate frameRate=-4.0, this=android.view.View{352c0aa V.ED..... ........ 0,0-0,0}, caller=androidx.compose.ui.platform.Api35Impl.setRequestedFrameRate:3314 androidx.compose.ui.platform.AndroidComposeView.dispatchDraw:1950 android.view.View.draw:26345 android.view.View.updateDisplayListIfDirty:25175 android.view.ViewGroup.recreateChildDisplayList:4794
06-19 23:45:35.724  2503  2503 D Bubbles : onEntryUpdated : shouldBubbleUp=false ,key=0|com.whatsapp|1|null|10383
06-19 23:45:35.724  2503  2503 D InterruptionStateProvider: No  Heads up : DISABLE_HEADS_UP 0|com.whatsapp|1|null|10383
06-19 23:45:35.724  2503  2503 I {OngoingActivityController}: onEntryUpdated and OA data is empty. So update latest task info
06-19 23:45:35.726  2503  2503 I {OngoingActivityDataHelper}: setBaseActivityComponentName:ComponentInfo{com.example.testeableapp/com.example.testeableapp.MainActivity}
06-19 23:45:35.727  2503  2503 D Bubbles : onEntryUpdated : shouldBubbleUp=false ,key=0|com.whatsapp|1|OvmBtF+uSfs4NJh7cvinvdOaUTIKGjeLkFmW0mPW1Ag=
06-19 23:45:35.727  2503  2503 D Bubbles : |10383
06-19 23:45:35.727  2503  2503 D InterruptionStateProvider:  no Heads up : edgelighting enabled app. 0|com.whatsapp|1|OvmBtF+uSfs4NJh7cvinvdOaUTIKGjeLkFmW0mPW1Ag=
06-19 23:45:35.727  2503  2503 D InterruptionStateProvider: |10383
06-19 23:45:35.728  2503  2503 I {OngoingActivityController}: onEntryUpdated and OA data is empty. So update latest task info
06-19 23:45:35.742  2503  2503 D SubscreenNotificationListCoordinator: onAfterRenderList() isSubScreen = false, pluginLockMode = 0, doNotShowOnCover = false
06-19 23:45:35.746  2503  2503 W RefactorFlag: New code path expects SceneContainerFlag to be enabled.
06-19 23:45:35.747  2503  2503 D ExpandableNotifRow: mMaxSmallHeight different before reInflateViews mMaxSmallHeight: 203 mTempSmallHeight:0 0|com.whatsapp|1|null|10383
06-19 23:45:35.747  2503  2503 D ExpandableNotifRow: mMaxSmallHeight different before reInflateViews mMaxSmallHeight: 203 mTempSmallHeight:0 0|com.whatsapp|1|null|10383
06-19 23:45:35.750  2503  2503 D ExpandableNotifRow: mMaxSmallHeight different before reInflateViews mMaxSmallHeight: 203 mTempSmallHeight:0 0|com.whatsapp|1|OvmBtF+uSfs4NJh7cvinvdOaUTIKGjeLkFmW0mPW1Ag=|10383
06-19 23:45:35.750  2503  2503 D ExpandableNotifRow: mMaxSmallHeight different before reInflateViews mMaxSmallHeight: 203 mTempSmallHeight:0 0|com.whatsapp|1|OvmBtF+uSfs4NJh7cvinvdOaUTIKGjeLkFmW0mPW1Ag=|10383
06-19 23:45:35.755  2503  2503 I LockscreenNotificationIconsOnlyController: onNotificationInfoUpdated 0
06-19 23:45:35.756  2503  2503 I AODNotificationManager: updateNotification()
06-19 23:45:35.764  2503  3028 W BitmapFactory: Null Options, creating a new one.
06-19 23:45:35.764  2503  3028 I Kumiho-Kumiho: getPackageName: com.samsung.android.app.routines
06-19 23:45:35.766  2503  3028 I Kumiho-Kumiho: getPackageName: com.samsung.android.app.routines
06-19 23:45:35.768 19354 19354 I View    : setRequestedFrameRate frameRate=NaN, this=androidx.compose.ui.platform.AndroidComposeView{686e5c9 VFED..... ........ 0,0-1080,2340 aid=1073741824}, caller=android.view.ViewGroup.setRequestedFrameRate:9952 androidx.compose.ui.platform.Api35Impl.setRequestedFrameRate:3314 androidx.compose.ui.platform.AndroidComposeView.dispatchDraw:1949 android.view.View.draw:26345 android.view.View.updateDisplayListIfDirty:25175
06-19 23:45:35.768 19354 19354 I View    : setRequestedFrameRate frameRate=NaN, this=android.view.View{352c0aa V.ED..... ........ 0,0-0,0}, caller=androidx.compose.ui.platform.Api35Impl.setRequestedFrameRate:3314 androidx.compose.ui.platform.AndroidComposeView.dispatchDraw:1950 android.view.View.draw:26345 android.view.View.updateDisplayListIfDirty:25175 android.view.ViewGroup.recreateChildDisplayList:4794
06-19 23:45:35.785 19354 19354 I Dialog  : mIsDeviceDefault = false, mIsSamsungBasicInteraction = false, isMetaDataInActivity = false
06-19 23:45:35.789 19354 19354 I DecorView: setWindowBackground: isPopOver=false color=0 d=android.graphics.drawable.ColorDrawable@bd68e07
06-19 23:45:35.796  2503  2503 I AppIconSolution: return adaptive icon for com.whatsapp, isNight = true
06-19 23:45:35.803 19354 19354 I WindowManager: WindowManagerGlobal#addView, ty=2, view=com.android.internal.policy.DecorView{430b0e8 V.E...... R.....I. 0,0-0,0}[MainActivity], caller=android.view.WindowManagerImpl.addView:158 android.app.Dialog.show:540 androidx.compose.ui.window.AndroidDialog_androidKt$Dialog$1$1.invokeSuspend:217
06-19 23:45:35.803 19354 19354 I ViewRootImpl: dVRR is disabled
06-19 23:45:35.805 19354 19376 D NativeCustomFrequencyManager: [NativeCFMS] BpCustomFrequencyManager::BpCustomFrequencyManager()
06-19 23:45:35.807  1593  3204 D InputTransport: Input channel constructed: 'e47159e', fd=1490
06-19 23:45:35.807  1593  3204 D InputTransport: Input channel constructed: 'e47159e', fd=1524
06-19 23:45:35.807  1593  3204 D InputTransport: Input channel constructed: 'e47159e', fd=1527
06-19 23:45:35.807  1593  3204 D InputTransport: Input channel destroyed: 'e47159e', fd=1524
06-19 23:45:35.808  1362  1542 I SurfaceFlinger: id=35218 createSurf, flag=84004, e47159e com.example.testeableapp/com.example.testeableapp.MainActivity#35218
06-19 23:45:35.810  1362  1542 I SurfaceFlinger: id=35219 createSurf, flag=24000, Surface(name=b2ba1d5 NavigationBar0)/@0x108d35a - animation-leash of insets_animation#35219
06-19 23:45:35.811  1362  1542 I SurfaceFlinger: id=35220 createSurf, flag=24000, Surface(name=a1a3f36 StatusBar)/@0x69ae81 - animation-leash of insets_animation#35220
06-19 23:45:35.813  1593  3204 I SystemKeyManager: requested systemKeyInfo size=1 focusedWindow=com.example.testeableapp/com.example.testeableapp.MainActivity
06-19 23:45:35.813  1593  3204 D InputTransport: Input channel destroyed: 'e47159e', fd=1527
06-19 23:45:35.813 19354 19354 D InputTransport: Input channel constructed: 'e47159e', fd=143
06-19 23:45:35.814 19354 19354 I InsetsController: onStateChanged: host=com.example.testeableapp/com.example.testeableapp.MainActivity, from=android.view.ViewRootImpl.onInsetsStateChanged:3026, state=InsetsState: {mDisplayFrame=Rect(0, 0 - 1080, 2340), mDisplayCutout=DisplayCutout{insets=Rect(0, 77 - 0, 0) waterfall=Insets{left=0, top=0, right=0, bottom=0} boundingRect={Bounds=[Rect(0, 0 - 0, 0), Rect(477, 0 - 603, 77), Rect(0, 0 - 0, 0), Rect(0, 0 - 0, 0)]} cutoutPathParserInfo={CutoutPathParserInfo{displayWidth=1080 displayHeight=2340 physicalDisplayWidth=1080 physicalDisplayHeight=2340 density={2.8125} cutoutSpec={M 0,0 H -22.4‬ V 27.37777777777778‬ H 22.4‬ V 0 H 0 Z @dp} rotation={0} scale={1.0} physicalPixelDisplaySizeRatio={1.0}}} sideOverrides={}}, mRoundedCorners=RoundedCorners{[RoundedCorner{position=TopLeft, radius=113, center=Point(113, 113)}, RoundedCorner{position=TopRight, radius=113, center=Point(967, 113)}, RoundedCorner{position=BottomRight, radius=113, center=Point(967, 2227)}, RoundedCorner{position=BottomLeft, radius=113, center=Point(113, 2227)}]}  mRoundedCornerFrame=Rect(0, 0 - 1080, 2340), mPrivacyIndicatorBounds=PrivacyIndicatorBounds {static bounds=Rect(956, 0 - 1080, 77) rotation=0}, mDisplayShape=DisplayShape{ spec=-311912193 displayWidth=1080 displayHeight=2340 physicalPixelDisplaySizeRatio=1.0 rotation=0 offsetX=0 offsetY=0 scale=1.0}, mSources= { InsetsSource: {84a40000 mType=statusBars mFrame=[0,0][1080,77] mVisible=true mFlags= mSideHint=TOP mBoundingRects=null}, InsetsSource: {84a40005 mType=mandatorySystemGestures mFrame=[0,0][1080,111] mVisible=true mFlags= mSideHint=TOP mBoundingRects=null}, InsetsSource: {84a40006 mType=tappableElement mFrame=[0,0][1080,77] mVisible=true mFlags= mSideHint=TOP mBoundingRects=null}, InsetsSource: {88bb0001 mType=navigationBars mFrame=[0,2298][1080,2340] mVisible=true mFlags=SUPPRESS_SCRIM mSideHint=BOTTOM mBoundingRects=null}, InsetsSource: {88bb0004 mType=systemGestures mFrame=[0,0][84,2340] mVisible=true mFlags= mSideHint=LEFT mBoundingRects=null}, InsetsSource: {88bb0005 mType=mandatorySystemGestures mFrame=[0,2250][1080,2340] mVisible=true mFlags= mSideHint=BOTTOM mBoundingRects=null}, InsetsSource: {88bb0006 mType=tappableElement mFrame=[0,0][0,0] mVisible=true mFlags= mSideHint=NONE mBoundingRects=null}, InsetsSource: {88bb0024 mType=systemGestures mFrame=[996,0][1080,2340] mVisible=true mFlags= mSideHint=RIGHT mBoundingRects=null}, InsetsSource: {3 mType=ime mFrame=[0,0][0,0] mVisible=false mFlags= mSideHint=NONE mBoundingRects=null}, InsetsSource: {27 mType=displayCutout mFrame=[0,0][1080,77] mVisible=true mFlags= mSideHint=TOP mBoundingRects=null} }
06-19 23:45:35.814 19354 19354 I VRI[MainActivity]@a123301: synced displayState. AttachInfo displayState=2
06-19 23:45:35.815 19354 19354 I VRI[MainActivity]@a123301: setView = com.android.internal.policy.DecorView@430b0e8 IsHRR=false mFlingFrameRateChange=0 TM=true
06-19 23:45:35.817  1362  1362 I SurfaceFlinger: [e47159e com.example.testeableapp/com.example.testeableapp.MainActivity#35218] attach to parent LayerHierarchy{RequestedLayerState{ActivityRecord{120412429 u0 com.example.testeableapp/.MainActivity t565}#35203 parentId=35202} 4 children}
06-19 23:45:35.817  1362  1362 I SurfaceFlinger: [Surface(name=b2ba1d5 NavigationBar0)/@0x108d35a - animation-leash of insets_animation#35219] attach to parent LayerHierarchy{RequestedLayerState{WindowToken{1db1eeb type=2019 android.os.BinderProxy@7119565}#94 parentId=34} 2 children}
06-19 23:45:35.817  1362  1362 I SurfaceFlinger: [Surface(name=a1a3f36 StatusBar)/@0x69ae81 - animation-leash of insets_animation#35220] attach to parent LayerHierarchy{RequestedLayerState{WindowToken{2df28d1 type=2000 android.os.BinderProxy@248d75b}#101 parentId=17} 2 children}
06-19 23:45:35.826  2503  2503 W RefactorFlag: New code path expects SceneContainerFlag to be enabled.
