06-19 23:45:35.833  1362  1362 I SurfaceFlinger: RequestedLayer [e47159e com.example.testeableapp/com.example.testeableapp.MainActivity#35218] hidden!! flag  from(1) --> to(0)
06-19 23:45:35.833  1362  1362 I SurfaceFlinger: [LayerHierarchy{RequestedLayerState{b2ba1d5 NavigationBar0#95 parentId=35219} 1 children}] reparent to LayerHierarchy{RequestedLayerState{Surface(name=b2ba1d5 NavigationBar0)/@0x108d35a - animation-leash of insets_animation#35219 parentId=94} 1 children}
06-19 23:45:35.834  1362  1362 I SurfaceFlinger: [LayerHierarchy{RequestedLayerState{ImeContainer#15 parentId=35203 relativeParentId=35218 z=1} 1 children}] RelativeParent to LayerHierarchy{RequestedLayerState{e47159e com.example.testeableapp/com.example.testeableapp.MainActivity#35218 parentId=35203 z=1} 1 children}
06-19 23:45:35.834  1362  1362 I SurfaceFlinger: [LayerHierarchy{RequestedLayerState{a1a3f36 StatusBar#102 parentId=35220} 1 children}] reparent to LayerHierarchy{RequestedLayerState{Surface(name=a1a3f36 StatusBar)/@0x69ae81 - animation-leash of insets_animation#35220 parentId=101} 1 children}
06-19 23:45:35.834  1362  1362 I SurfaceFlinger: [LayerHierarchy{RequestedLayerState{Surface(name=b2ba1d5 NavigationBar0)/@0x108d35a - animation-leash of insets_animation#35213} no children}] reparent to OffscreenRoot
06-19 23:45:35.834  1362  1362 I SurfaceFlinger: [LayerHierarchy{RequestedLayerState{Surface(name=b2ba1d5 NavigationBar0)/@0x108d35a - animation-leash of insets_animation#35213} no children}] RelativeParent to null
06-19 23:45:35.834  1362  1362 I SurfaceFlinger: [LayerHierarchy{RequestedLayerState{Surface(name=a1a3f36 StatusBar)/@0x69ae81 - animation-leash of insets_animation#35214} no children}] reparent to OffscreenRoot
06-19 23:45:35.834  1362  1362 I SurfaceFlinger: [LayerHierarchy{RequestedLayerState{Surface(name=a1a3f36 StatusBar)/@0x69ae81 - animation-leash of insets_animation#35214} no children}] RelativeParent to null
06-19 23:45:35.842  2503  2503 I AppIconSolution: return adaptive icon for com.whatsapp, isNight = true
06-19 23:45:35.849  1593  1620 I WindowManager: Relayout Window{e47159e u0 com.example.testeableapp/com.example.testeableapp.MainActivity}: viewVisibility=0 req=900x588 ty=2 d0
06-19 23:45:35.849  1362  1543 I SurfaceFlinger: id=35221 createSurf, flag=44004, com.example.testeableapp/com.example.testeableapp.MainActivity$_19354#35221
06-19 23:45:35.850  1362  1362 I SurfaceFlinger: [com.example.testeableapp/com.example.testeableapp.MainActivity$_19354#35221] attach to parent LayerHierarchy{RequestedLayerState{e47159e com.example.testeableapp/com.example.testeableapp.MainActivity#35218 parentId=35203 z=1} 2 children}
06-19 23:45:35.851  1593  1620 D SurfaceComposerClient: setCornerRadius ## 110239c com.example.testeableapp/com.example.testeableapp.MainActivity#35206 cornerRadius=0.000000
06-19 23:45:35.851  1593  1620 D SurfaceComposerClient: setCornerRadius ## 110239c com.example.testeableapp/com.example.testeableapp.MainActivity#35206 cornerRadius=0.000000
06-19 23:45:35.852  1593  1620 I WindowManager: Relayout hash=e47159e, pid=19354, syncId=-1: mAttrs={(0,0)(wrapxwrap) gr=CENTER sim={adjust=pan forwardNavigation} ty=APPLICATION fmt=TRANSPARENT wanim=0x1030318 surfaceInsets=Rect(90, 90 - 90, 90)
06-19 23:45:35.852  1593  1620 I WindowManager:   fl=1800002
06-19 23:45:35.852  1593  1620 I WindowManager:   pfl=40000880
06-19 23:45:35.852  1593  1620 I WindowManager:   bhv=1
06-19 23:45:35.852  1593  1620 I WindowManager:   fitTypes=207
06-19 23:45:35.852  1593  1620 I WindowManager:   frameRateBoostOnTouch=true
06-19 23:45:35.852  1593  1620 I WindowManager:   dvrrWindowFrameRateHint=true
06-19 23:45:35.852  1593  1620 I WindowManager:  dimAmount=0.6 naviIconColor=0}
06-19 23:45:35.853 19354 19354 I InsetsSourceConsumer: applyRequestedVisibilityToControl: visible=true, type=navigationBars, host=com.example.testeableapp/com.example.testeableapp.MainActivity
06-19 23:45:35.853 19354 19354 I InsetsSourceConsumer: applyRequestedVisibilityToControl: visible=true, type=statusBars, host=com.example.testeableapp/com.example.testeableapp.MainActivity
06-19 23:45:35.856 19354 19354 I BLASTBufferQueue_Java: new BLASTBufferQueue, mName= VRI[MainActivity]@a123301 mNativeObject= 0xb40000707bd7a9c0 caller= android.view.ViewRootImpl.updateBlastSurfaceIfNeeded:3585 android.view.ViewRootImpl.relayoutWindow:11685 android.view.ViewRootImpl.performTraversals:4804 android.view.ViewRootImpl.doTraversal:3924 android.view.ViewRootImpl$TraversalRunnable.run:12903 android.view.Choreographer$CallbackRecord.run:1901 android.view.Choreographer$CallbackRecord.run:1910 android.view.Choreographer.doCallbacks:1367 android.view.Choreographer.doFrame:1292 android.view.Choreographer$FrameDisplayEventReceiver.run:1870
06-19 23:45:35.856 19354 19354 I BLASTBufferQueue_Java: update, w= 1080 h= 768 mName = VRI[MainActivity]@a123301 mNativeObject= 0xb40000707bd7a9c0 sc.mNativeObject= 0xb400006f1bbf8950 format= -2 caller= android.view.ViewRootImpl.updateBlastSurfaceIfNeeded:3590 android.view.ViewRootImpl.relayoutWindow:11685 android.view.ViewRootImpl.performTraversals:4804 android.view.ViewRootImpl.doTraversal:3924 android.view.ViewRootImpl$TraversalRunnable.run:12903 android.view.Choreographer$CallbackRecord.run:1901
06-19 23:45:35.857 19354 19354 I VRI[MainActivity]@a123301: Relayout returned: old=(0,77,1080,2298) new=(90,893,990,1481) relayoutAsync=false req=(900,588)0 dur=7 res=0x3 s={true 0xb400006f8bcafc00} ch=true seqId=0
06-19 23:45:35.857 19354 19354 I VRI[MainActivity]@a123301: performConfigurationChange setNightDimText nightDimLevel=0
06-19 23:45:35.858 19354 19354 D VRI[MainActivity]@a123301: mThreadedRenderer.initialize() mSurface={isValid=true 0xb400006f8bcafc00} hwInitialized=true
06-19 23:45:35.867 19354 19354 D VRI[MainActivity]@a123301: reportNextDraw android.view.ViewRootImpl.performTraversals:5443 android.view.ViewRootImpl.doTraversal:3924 android.view.ViewRootImpl$TraversalRunnable.run:12903 android.view.Choreographer$CallbackRecord.run:1901 android.view.Choreographer$CallbackRecord.run:1910
06-19 23:45:35.867 19354 19354 D VRI[MainActivity]@a123301: Setup new sync=wmsSync-VRI[MainActivity]@a123301#10
06-19 23:45:35.867 19354 19354 I VRI[MainActivity]@a123301: Creating new active sync group VRI[MainActivity]@a123301#11
06-19 23:45:35.867 19354 19354 D VRI[MainActivity]@a123301: registerCallbacksForSync syncBuffer=false
06-19 23:45:35.870 19354 19354 I View    : setRequestedFrameRate frameRate=0.0, this=androidx.compose.ui.platform.AndroidComposeView{e8936ff VFED..... ........ 0,0-900,588 aid=1073741825}, caller=android.view.ViewGroup.setRequestedFrameRate:9952 androidx.compose.ui.platform.Api35Impl.setRequestedFrameRate:3314 androidx.compose.ui.platform.AndroidComposeView.dispatchDraw:1949 android.view.View.draw:26345 android.view.View.updateDisplayListIfDirty:25175
06-19 23:45:35.870 19354 19354 I View    : setRequestedFrameRate frameRate=-4.0, this=android.view.View{e69a8d8 V.ED..... ......I. 0,0-0,0}, caller=androidx.compose.ui.platform.Api35Impl.setRequestedFrameRate:3314 androidx.compose.ui.platform.AndroidComposeView.dispatchDraw:1950 android.view.View.draw:26345 android.view.View.updateDisplayListIfDirty:25175 android.view.View.draw:26072
06-19 23:45:35.873 19354 19393 D VRI[MainActivity]@a123301: Received frameDrawingCallback syncResult=0 frameNum=1.
06-19 23:45:35.873 19354 19393 I VRI[MainActivity]@a123301: mWNT: t=0xb400006f2bc36550 mBlastBufferQueue=0xb40000707bd7a9c0 fn= 1 HdrRenderState mRenderHdrSdrRatio=1.0 caller= android.view.ViewRootImpl$12.onFrameDraw:15441 android.view.ThreadedRenderer$1.onFrameDraw:718 <bottom of call stack>
06-19 23:45:35.874 19354 19393 I VRI[MainActivity]@a123301: Setting up sync and frameCommitCallback
06-19 23:45:35.875 19354 19376 I BLASTBufferQueue: [VRI[MainActivity]@a123301#5](f:0,a:0,s:0) onFrameAvailable the first frame is available
06-19 23:45:35.875 19354 19376 I VRI[MainActivity]@a123301: Received frameCommittedCallback lastAttemptedDrawFrameNum=1 didProduceBuffer=true
06-19 23:45:35.876  1362  1543 I SurfaceFlinger: [com.example.testeableapp/com.example.testeableapp.MainActivity$_19354#35221] setTransactionState with the first frame. bufferData(ID: 83124797046807, frameNumber: 1)
06-19 23:45:35.876 19354 19376 D HWUI    : CFMS:: SetUp Pid : 19354    Tid : 19376
06-19 23:45:35.876 19354 19354 D VRI[MainActivity]@a123301: reportDrawFinished seqId=0
06-19 23:45:35.877 19354 19376 D HWUI    : HWUI - treat SMPTE_170M as sRGB
06-19 23:45:35.877  1593  1663 D SurfaceComposerClient: setCornerRadius ## 110239c com.example.testeableapp/com.example.testeableapp.MainActivity#35206 cornerRadius=0.000000
06-19 23:45:35.883 19354 19354 I View    : setRequestedFrameRate frameRate=NaN, this=androidx.compose.ui.platform.AndroidComposeView{686e5c9 VFED..... ........ 0,0-1080,2340 aid=1073741824}, caller=android.view.ViewGroup.setRequestedFrameRate:9952 androidx.compose.ui.platform.Api35Impl.setRequestedFrameRate:3314 androidx.compose.ui.platform.AndroidComposeView.dispatchDraw:1949 android.view.View.draw:26345 android.view.View.updateDisplayListIfDirty:25175
06-19 23:45:35.883 19354 19354 I View    : setRequestedFrameRate frameRate=NaN, this=android.view.View{352c0aa V.ED..... ........ 0,0-0,0}, caller=androidx.compose.ui.platform.Api35Impl.setRequestedFrameRate:3314 androidx.compose.ui.platform.AndroidComposeView.dispatchDraw:1950 android.view.View.draw:26345 android.view.View.updateDisplayListIfDirty:25175 android.view.ViewGroup.recreateChildDisplayList:4794
06-19 23:45:35.884  1362  1543 I SurfaceFlinger: id=35222 createSurf, flag=24004, Surface(name=e47159e com.example.testeableapp/com.example.testeableapp.MainActivity)/@0x7cf8802 - animation-leash of window_animation#35222
06-19 23:45:35.885  1362  1542 I SurfaceFlinger: id=35213 Removed Surface(name=b2ba1d5 NavigationBar0)/@0x108d35a - animation-leash of insets_animation#35213 (189)
06-19 23:45:35.887  1593  1663 D SurfaceComposerClient: setCornerRadius ## 110239c com.example.testeableapp/com.example.testeableapp.MainActivity#35206 cornerRadius=0.000000
06-19 23:45:35.888  1593  1663 D SurfaceComposerClient: setCornerRadius ## 110239c com.example.testeableapp/com.example.testeableapp.MainActivity#35206 cornerRadius=0.000000
06-19 23:45:35.889  1362  1377 I SurfaceFlinger: id=35214 Removed Surface(name=a1a3f36 StatusBar)/@0x69ae81 - animation-leash of insets_animation#35214 (189)
06-19 23:45:35.889  1362  1437 D SurfaceFlinger: [input] setFocusedWindow: e47159e com.example.testeableapp/com.example.testeableapp.MainActivity
06-19 23:45:35.889  1593  3204 D InputDispatcher: Once focus requested (0): e47159e com.example.testeableapp/com.example.testeableapp.MainActivity
06-19 23:45:35.889  1593  3204 D InputDispatcher: Focus request (0): e47159e com.example.testeableapp/com.example.testeableapp.MainActivity but waiting because NOT_VISIBLE
06-19 23:45:35.889  1593  3204 D InputDispatcher: Focus left window (0): 110239c com.example.testeableapp/com.example.testeableapp.MainActivity
06-19 23:45:35.890  1593  1663 D SurfaceComposerClient: setCornerRadius ## 110239c com.example.testeableapp/com.example.testeableapp.MainActivity#35206 cornerRadius=0.000000
06-19 23:45:35.890 19354 19354 I ImeFocusController: onPreWindowFocus: skipped hasWindowFocus=false mHasImeFocus=true
06-19 23:45:35.891 19354 19354 I ImeFocusController: onPostWindowFocus: skipped hasWindowFocus=false mHasImeFocus=true
06-19 23:45:35.892  1362  1377 I SurfaceFlinger: id=35223 createSurf, flag=20004, Dim Layer for - Task=565#35223
06-19 23:45:35.900  1362  1362 I SurfaceFlinger: [Display 0 name="Pantalla integrada"#49] setFrameRateCategory: High
06-19 23:45:35.900  1362  1362 I SurfaceFlinger: RequestedLayer [Surface(name=e47159e com.example.tes[...]tion-leash of window_animation#35222] hidden!! flag  from(1) --> to(0)
06-19 23:45:35.900  1362  1362 E SurfaceFlinger: alpha changed 1.000 -> 0.000 - Surface(name=e47159e com.example.testeableapp/com.example.testeableapp.MainActivity)/@0x7cf8802 - animation-leash of window_animation#35222
06-19 23:45:35.900  1362  1362 I SurfaceFlinger: RequestedLayer [com.example.testeableapp/com.example.testeableapp.MainActivity$_19354#35221] hidden!! flag  from(1) --> to(0)
06-19 23:45:35.900  1362  1362 I SurfaceFlinger: RequestedLayer [Dim Layer for - Task=565#35223] hidden!! flag  from(1) --> to(0)
06-19 23:45:35.900  1362  1362 E SurfaceFlinger: alpha changed 1.000 -> 0.000 - Dim Layer for - Task=565#35223
06-19 23:45:35.900  1362  1362 I SurfaceFlinger: destroyed Surface(name=b2ba1d5 NavigationBar0)/@0x108d35a - animation-leash of insets_animation#35213
06-19 23:45:35.900  1362  1362 I SurfaceFlinger: destroyed Surface(name=a1a3f36 StatusBar)/@0x69ae81 - animation-leash of insets_animation#35214
06-19 23:45:35.900  1362  1362 I SurfaceFlinger: [Dim Layer for - Task=565#35223] attach to parent LayerHierarchy{RequestedLayerState{Task=565#35202 parentId=10 z=12} 2 children}
06-19 23:45:35.900  1362  1362 I SurfaceFlinger: [Surface(name=e47159e com.example.testeableapp/com.example.testeableapp.MainActivity)/@0x7cf8802 - animation-leash of window_animation#35222] attach to parent LayerHierarchy{RequestedLayerState{ActivityRecord{120412429 u0 com.example.testeableapp/.MainActivity t565}#35203 parentId=35202} 5 children}
06-19 23:45:35.901  1362  1362 I SurfaceFlinger: [LayerHierarchy{RequestedLayerState{e47159e com.example.testeableapp/com.example.testeableapp.MainActivity#35218 parentId=35222 z=1} 3 children}] reparent to LayerHierarchy{RequestedLayerState{Surface(name=e47159e com.example.testeableapp/com.example.testeableapp.MainActivity)/@0x7cf8802 - animation-leash of window_animation#35222 parentId=35203 z=1} 1 children}
06-19 23:45:35.902  2503  2503 I AppIconSolution: return adaptive icon for com.whatsapp, isNight = true
06-19 23:45:35.903 19354 19354 I BLASTBufferQueue_Java: update, w= 1080 h= 768 mName = VRI[MainActivity]@a123301 mNativeObject= 0xb40000707bd7a9c0 sc.mNativeObject= 0xb400006f1bbf8950 format= -2 caller= android.view.ViewRootImpl.updateBlastSurfaceIfNeeded:3574 android.view.ViewRootImpl.relayoutWindow:11685 android.view.ViewRootImpl.performTraversals:4804 android.view.ViewRootImpl.doTraversal:3924 android.view.ViewRootImpl$TraversalRunnable.run:12903 android.view.Choreographer$CallbackRecord.run:1901
06-19 23:45:35.903 19354 19354 I VRI[MainActivity]@a123301: Relayout returned: old=(90,893,990,1481) new=(90,893,990,1481) relayoutAsync=true req=(900,588)0 dur=1 res=0x0 s={true 0xb400006f8bcafc00} ch=false seqId=0
06-19 23:45:35.904 19354 19354 I VRI[MainActivity]@a123301: registerCallbackForPendingTransactions
06-19 23:45:35.904  1362  1362 I Layer   : id=35213 Destroyed Surface(name=b2ba1d5 NavigationBar0)/@0x108d35a - animation-leash of insets_animation#35213
06-19 23:45:35.904  1362  1362 I Layer   : id=35214 Destroyed Surface(name=a1a3f36 StatusBar)/@0x69ae81 - animation-leash of insets_animation#35214
06-19 23:45:35.905  1593  1620 I WindowManager: Relayout Window{e47159e u0 com.example.testeableapp/com.example.testeableapp.MainActivity}: viewVisibility=0 req=900x588 ty=2 d0
06-19 23:45:35.905  1593  1620 D SurfaceComposerClient: setCornerRadius ## 110239c com.example.testeableapp/com.example.testeableapp.MainActivity#35206 cornerRadius=0.000000
06-19 23:45:35.906 19354 19392 I VRI[MainActivity]@a123301: mWNT: t=0xb400006f2bc36c50 mBlastBufferQueue=0xb40000707bd7a9c0 fn= 2 HdrRenderState mRenderHdrSdrRatio=1.0 caller= android.view.ViewRootImpl$10.onFrameDraw:6536 android.view.ViewRootImpl$4.onFrameDraw:2489 android.view.ThreadedRenderer$1.onFrameDraw:718
06-19 23:45:35.908  1593  1620 D SurfaceComposerClient: setCornerRadius ## 110239c com.example.testeableapp/com.example.testeableapp.MainActivity#35206 cornerRadius=0.000000
06-19 23:45:35.909  1593  1620 I WindowManager: Relayout hash=e47159e, pid=0, syncId=-1: mAttrs={(0,0)(wrapxwrap) gr=CENTER sim={adjust=pan} ty=APPLICATION fmt=TRANSPARENT wanim=0x1030318 surfaceInsets=Rect(90, 90 - 90, 90)
06-19 23:45:35.909  1593  1620 I WindowManager:   fl=1800002
06-19 23:45:35.909  1593  1620 I WindowManager:   pfl=40000800
06-19 23:45:35.909  1593  1620 I WindowManager:   bhv=1
06-19 23:45:35.909  1593  1620 I WindowManager:   fitTypes=207
06-19 23:45:35.909  1593  1620 I WindowManager:   frameRateBoostOnTouch=true
06-19 23:45:35.909  1593  1620 I WindowManager:   dvrrWindowFrameRateHint=true
06-19 23:45:35.909  1593  1620 I WindowManager:  dimAmount=0.6 naviIconColor=0}
06-19 23:45:35.914  2503  2503 D ExpandableNotifRow: mMaxSmallHeight different before reInflateViews mMaxSmallHeight: 203 mTempSmallHeight:0 0|com.whatsapp|1|null|10383
06-19 23:45:35.914  2503  2503 D ExpandableNotifRow: mMaxSmallHeight different before reInflateViews mMaxSmallHeight: 203 mTempSmallHeight:0 0|com.whatsapp|1|null|10383
06-19 23:45:35.914  2503  2503 D ExpandableNotifRow: mMaxSmallHeight different before reInflateViews mMaxSmallHeight: 203 mTempSmallHeight:0 0|com.whatsapp|1|null|10383
06-19 23:45:35.914  2503  2503 D ExpandableNotifRow: mMaxSmallHeight different before reInflateViews mMaxSmallHeight: 203 mTempSmallHeight:0 0|com.whatsapp|1|null|10383
06-19 23:45:35.919  1352  1367 E HeatmapThread: ECT Thread time in milliseconds: 1781934335
06-19 23:45:35.919  1352  1367 D HeatmapThread: !@ batteryplugType : 0
06-19 23:45:35.919  1352  1367 D HeatmapThread: !@ batteryLevel : 0  batteryTemperature : 0
06-19 23:45:35.919  1352  1367 D HeatmapThread: !@ Heatmap currtime: 29698905
06-19 23:45:35.919  1352  1367 D HeatmapThread: !@ Heatmap prevtime: 29698904
06-19 23:45:35.919  1352  1367 D HeatmapThread: !@ Heatmap plugstarttime: 35791394
06-19 23:45:35.919  1352  1367 D HeatmapThread: !@ Heatmap prevv_dsoh_update_time: 29636664
06-19 23:45:35.919  1352  1367 E HeatmapThread: !@Could not open '/efs/FactoryApp/bsoh', errno = 13
06-19 23:45:35.919  1352  1367 E HeatmapThread: !@ CAM Could not access BSOH EFS
06-19 23:45:35.919  1352  1367 E HeatmapThread: !@ CAM New BSOH: 0
06-19 23:45:35.923  2503  2503 D S.S.N.  : entryViewBound parent :0|com.whatsapp|1|null|10383
06-19 23:45:35.926  2503  2503 I AppIconSolution: return adaptive icon for com.whatsapp, isNight = true
06-19 23:45:35.933  1362  1362 E SurfaceFlinger: alpha changed 0.000 -> 0.044 - Dim Layer for - Task=565#35223
06-19 23:45:35.933  1362  1362 E SurfaceFlinger: alpha changed 0.000 -> 0.071 - Surface(name=e47159e com.example.testeableapp/com.example.testeableapp.MainActivity)/@0x7cf8802 - animation-leash of window_animation#35222
06-19 23:45:35.940  1362  1362 D SurfaceFlinger: Display 4633128672291735931 HWC layers:
06-19 23:45:35.940  1362  1362 D SurfaceFlinger:        DEVICE |           83124797046803 | 00002102 | RGBA_8888    |    0.0    0.0 1080.0 2340.0 |    0    0 1080 2340 | com.example.testeableapp/com.example.testeableapp.MainActivity$_19354#35212 (25)
06-19 23:45:35.940  1362  1362 D SurfaceFlinger:   SOLID_COLOR |                        0 | 00000000 | N/A          |    0.0    0.0    0.0    0.0 |    0    0 1080 2340 | Dim Layer for - Task=565#35223 (0)
06-19 23:45:35.940  1362  1362 D SurfaceFlinger:        DEVICE |           83124797046806 | 00002100 | RGBA_8888    |    0.0    0.0 1080.0  768.0 |    0  855 1080 1623 | com.example.testeableapp/com.example.testeableapp.MainActivity$_19354#35221 (2)
06-19 23:45:35.940  1362  1362 D SurfaceFlinger:        DEVICE |           10750303184997 | 00002100 | RGBA_8888    |    0.0    0.0 1080.0   77.0 |    0    0 1080   77 | StatusBar$_2503#111 (52441)
06-19 23:45:35.940  1362  1362 D SurfaceFlinger:        DEVICE |           12743167976380 | 00002100 | RGBA_8888    |    0.0    0.0   67.0  342.0 | 1013  821 1080 1163 | com.sec.android.app.launcher/com.sam[...]l.app.CocktailBarService$_2967#35048 (1)
06-19 23:45:35.940  1362  1362 D SurfaceFlinger:        DEVICE |           10750303185000 | 00002100 | RGBA_8888    |
06-19 23:45:35.940  1362  1362 D SurfaceFlinger: 0.0    0.0 1080.0  135.0 |    0 2205 1080 2340 | NavigationBar0$_2503#107 (27379)
06-19 23:45:35.940  1362  1362 D SurfaceFlinger:        DEVICE |           70158290780195 | 00002100 | RGBA_8888    |    0.0    0.0 1080.0 2340.0 |    0    0 1080 2340 | EdgeLightingWindow$_16335#35072 (94)
06-19 23:45:35.940  1362  1362 D SurfaceFlinger:
06-19 23:45:35.941  1593  3204 D InputDispatcher: Focus entered window (0): e47159e com.example.testeableapp/com.example.testeableapp.MainActivity
06-19 23:45:35.942 19354 19354 D VRI[MainActivity]@a123301: mThreadedRenderer.initializeIfNeeded()#2 mSurface={isValid=true 0xb400006f8bcafc00}
06-19 23:45:35.943 19354 19354 D InputMethodManagerUtils: startInputInner - Id : 0
06-19 23:45:35.943 19354 19354 I InputMethodManager: startInputInner - IInputMethodManagerGlobalInvoker.startInputOrWindowGainedFocus
06-19 23:45:35.944  1593  1864 I ImeTracker: com.example.testeableapp:f6a400f6: onRequestHide at ORIGIN_SERVER reason HIDE_UNSPECIFIED_WINDOW fromUser false
06-19 23:45:35.945 19354 19354 I InputMethodManager: handleMessage: setImeVisibility visible=false
06-19 23:45:35.945 19354 19354 D InsetsController: hide(ime(), fromIme=false)
06-19 23:45:35.945 19354 19354 I ImeTracker: com.example.testeableapp:f6a400f6: onCancelled at PHASE_CLIENT_ALREADY_HIDDEN
06-19 23:45:35.946  1593  1864 D InputTransport: Input channel constructed: 'ClientS', fd=1489
06-19 23:45:35.946  6035  6035 I HBD     : HoneyBoardService onFinishInput
06-19 23:45:35.946  1593  1864 D InputTransport: Input channel destroyed: 'ClientS', fd=1489
06-19 23:45:35.947 19354 19467 D InputTransport: Input channel constructed: 'ClientS', fd=128
06-19 23:45:35.947  6035  6035 I HBD     : a IC have been unbinding,  RemoteInputConnection{idHash=#dd7c84}
06-19 23:45:35.947  6035  6035 I HBD     : HoneyBoardService [PF_CL][onFinishInput]  0 ms
06-19 23:45:35.948  6035  6035 I HBD     : HoneyBoardService [IMI] onStartInput - caller pid : 19354 , caller uid : 10355
06-19 23:45:35.948  6035  6035 I HBD     : k updateConfigs
06-19 23:45:35.948  6035  6035 I HBD     : k isEnabledNightMode : true
06-19 23:45:35.948  6035  6035 I HBD     : a IC have been binding, RemoteInputConnection{idHash=#dd7c84}
06-19 23:45:35.948  6035  6035 I HBD     : h [EditorInputType]setPrivateImeOptionsToTable privateImeOptions ( null )
06-19 23:45:35.948  6035  6035 I HBD     : b incognitoMode : false
06-19 23:45:35.948  6035  6035 I HBD     : c needOff = true , isForceOff = false, isNullInputClass : true
06-19 23:45:35.948  6035  6035 I HBD     : h getDefaultInputRange : UNKNOWN
06-19 23:45:35.948  6035  6035 I HBD     : h getDefaultInputRange : UNKNOWN
06-19 23:45:35.948  6035  6035 I HBD     : h getDefaultInputRange : UNKNOWN
06-19 23:45:35.949  1362  1542 I SurfaceFlinger: id=35224 createSurf, flag=24004, Surface(name=7490dd7 InputMethod)/@0x5cfd4e2 - animation-leash of insets_animation#35224
06-19 23:45:35.950  6035  6035 I HBD     : c needOff = true , isForceOff = false, isNullInputClass : true
06-19 23:45:35.950  6035  6035 I HBD     : c update cached prediction status : false
06-19 23:45:35.950  6035  6035 I HBD     : h getDefaultInputRange : UNKNOWN
06-19 23:45:35.950  6035  6035 I HBD     : a currentState : 0
06-19 23:45:35.950  6035  6035 I HBD     : a [UpdatePolicy] [post] a: 0 cl: 1179717 kit: [0/11] vt: 0 ir: 1
06-19 23:45:35.950  1362  1362 I SurfaceFlinger: [Surface(name=7490dd7 InputMethod)/@0x5cfd4e2 - animation-leash of insets_animation#35224] attach to parent LayerHierarchy{RequestedLayerState{WindowToken{f9f4abc type=2011 android.os.Binder@9c6b6af}#132 parentId=15} 2 children}
06-19 23:45:35.951  1593  3204 I ImeTracker: system_server:35dcaa65: onRequestHide at ORIGIN_SERVER reason IME_REQUESTED_CHANGED_LISTENER fromUser false
06-19 23:45:35.952  1593  1662 I ImeTracker: system_server:35dcaa65: onCancelled at PHASE_SERVER_SHOULD_HIDE
06-19 23:45:35.953  6035  6035 I HBD     : a [NRIC] resetNoResponseState
06-19 23:45:35.953  6035  6035 I HBD     : c needOff = true , isForceOff = false, isNullInputClass : true
06-19 23:45:35.953  6035  6035 I HBD     : c update cached prediction status : false
06-19 23:45:35.953  6035  6035 I HBD     : b [AiWriter] setContact : com.example.testeableapp
06-19 23:45:35.953  1593  1663 D SurfaceComposerClient: setCornerRadius ## 110239c com.example.testeableapp/com.example.testeableapp.MainActivity#35206 cornerRadius=0.000000
06-19 23:45:35.953  6035  6035 I HBD     : HoneyBoardService [PF_OP][onStartInput]  5 ms
06-19 23:45:35.954  2503  2503 I AppIconSolution: return adaptive icon for com.whatsapp, isNight = true
06-19 23:45:35.975  1593  3151 I SemDvfsHyPerManager: acquire hyper - AMS_APP_SWITCH/1593@22, type = -999
06-19 23:45:35.976  1275  1361 I HYPER-HAL: [RequestManager.cpp]acquire(): Acquired ID : 1304942  [1593 / 22]    HINT : AMS_APP_SWITCH    list :
06-19 23:45:35.976  1362  1542 I SurfaceFlinger: id=35225 createSurf, flag=24004, Task=566#35225
06-19 23:45:35.978  3503  3503 I SemDvfsHyPerManager: acquire hyper - APP_START_SHORT/3503@15, type = -999
06-19 23:45:35.978  1362  1542 I SurfaceFlinger: id=35226 createSurf, flag=84004, ActivityRecord{217723487 u0 com.example.testeableapp.test/androidx.test.core.app.InstrumentationActivityInvoker$EmptyActivity t566}#35226
06-19 23:45:35.979  2503  2503 I AppIconSolution: return adaptive icon for com.whatsapp, isNight = true
06-19 23:45:35.980  1275  1361 I HYPER-HAL: [RequestManager.cpp]acquire(): Acquired ID : 6189936  [3503 / 15]    HINT : APP_START    list : [TIMEOUT / 1500]
06-19 23:45:35.982  3332  3332 E pageboostd: Received HALT command code 2
06-19 23:45:35.983  1593  1620 I SemDvfsHyPerManager: acquire hyper - AMS_APP_LAUNCH/1593@16, type = -999
06-19 23:45:35.983  2503  2567 I ViewRootImpl: dVRR is disabled
06-19 23:45:35.983  1275  1361 I HYPER-HAL: [RequestManager.cpp]acquire(): Acquired ID : 1295261  [1593 / 16]    HINT : AMS_APP_LAUNCH    list :
06-19 23:45:35.984  1362  1362 I SurfaceFlinger: RequestedLayer [Surface(name=7490dd7 InputMethod)/@0[...]tion-leash of insets_animation#35224] hidden!! flag  from(1) --> to(0)
06-19 23:45:35.984  1362  1362 E SurfaceFlinger: alpha changed 1.000 -> 0.000 - Surface(name=7490dd7 InputMethod)/@0x5cfd4e2 - animation-leash of insets_animation#35224
06-19 23:45:35.984  1362  1362 I SurfaceFlinger: [LayerHierarchy{RequestedLayerState{ImeContainer#15 parentId=35203 relativeParentId=35218 z=1} 1 children}] RelativeParent to LayerHierarchy{RequestedLayerState{e47159e com.example.testeableapp/com.example.testeableapp.MainActivity#35218 parentId=35222 z=1} 3 children}
06-19 23:45:35.984  1362  1362 I SurfaceFlinger: [LayerHierarchy{RequestedLayerState{7490dd7 InputMethod#133 parentId=35224} no children}] reparent to LayerHierarchy{RequestedLayerState{Surface(name=7490dd7 InputMethod)/@0x5cfd4e2 - animation-leash of insets_animation#35224 parentId=132} 1 children}
06-19 23:45:35.984  1362  1362 I SurfaceFlinger: [LayerHierarchy{RequestedLayerState{Surface(name=7490dd7 InputMethod)/@0x5cfd4e2 - animation-leash of insets_animation#35217} no children}] reparent to OffscreenRoot
06-19 23:45:35.984  1362  1362 I SurfaceFlinger: [LayerHierarchy{RequestedLayerState{Surface(name=7490dd7 InputMethod)/@0x5cfd4e2 - animation-leash of insets_animation#35217} no children}] RelativeParent to null
06-19 23:45:35.984  1362  1362 I SurfaceFlinger: [Task=566#35225] attach to parent LayerHierarchy{RequestedLayerState{DefaultTaskDisplayArea_d0#10 parentId=9} 16 children}
06-19 23:45:35.984  1362  1362 I SurfaceFlinger: [ActivityRecord{217723487 u0 com.example.testeableapp.test/androidx.test.core.app.InstrumentationActivityInvoker$EmptyActivity t566}#35226] attach to parent LayerHierarchy{RequestedLayerState{Task=566#35225 parentId=10} 1 children}
06-19 23:45:35.985 19354 19354 D LifecycleMonitor: Lifecycle status change: com.example.testeableapp.MainActivity@e3d3459 in: PAUSED
06-19 23:45:35.985 19354 19354 V ActivityScenario: Update currentActivityStage to PAUSED, currentActivity=com.example.testeableapp.MainActivity@e3d3459
06-19 23:45:35.985  2503  2607 D NativeCustomFrequencyManager: [NativeCFMS] BpCustomFrequencyManager::BpCustomFrequencyManager()
06-19 23:45:35.988  2503  2557 D ShellDesktopMode: handleRequest: TransitionRequestInfo {type=1, tid=566, debugId=2957}
06-19 23:45:35.989  1362  1543 I SurfaceFlinger: id=35217 Removed Surface(name=7490dd7 InputMethod)/@0x5cfd4e2 - animation-leash of insets_animation#35217 (191)
06-19 23:45:35.989  2967  3307 I HoneySpace.TopTaskSource: onTaskMovedToFront : taskId = 566, displayId = 0
06-19 23:45:35.989  1593  2726 D InputDispatcher: Focused application(0): ActivityRecord{217723487 u0 com.example.testeableapp.test/androidx.test.core.app.InstrumentationActivityInvoker$EmptyActivity t566}
06-19 23:45:35.991  1362  1545 I SurfaceFlinger: id=35227 createSurf, flag=24000, Surface(name=b2ba1d5 NavigationBar0)/@0x108d35a - animation-leash of insets_animation#35227
06-19 23:45:35.993  1362  1376 I SurfaceFlinger: id=35228 createSurf, flag=24000, Surface(name=a1a3f36 StatusBar)/@0x69ae81 - animation-leash of insets_animation#35228
06-19 23:45:35.994  1593  3204 D GraphicsStatsService: requestRenderEngineFor(com.example.testeableapp.test)
06-19 23:45:35.998  1593  1620 D InputTransport: Input channel constructed: '6d844e3', fd=1695
06-19 23:45:35.998  1593  1620 D InputTransport: Input channel constructed: '6d844e3', fd=1696
06-19 23:45:35.998  1593  1620 D InputTransport: Input channel constructed: '6d844e3', fd=1700
06-19 23:45:35.998  1593  1620 D InputTransport: Input channel destroyed: '6d844e3', fd=1696
06-19 23:45:35.999  1362  1377 I SurfaceFlinger: id=35229 createSurf, flag=84004, 6d844e3 Splash Screen com.example.testeableapp.test#35229
06-19 23:45:35.999  2967  3309 I HoneySpace.TopTaskUseCase: topTasks 566 ComponentInfo{com.example.testeableapp.test/androidx.test.core.app.InstrumentationActivityInvoker$EmptyActivity}[displayId=0]
06-19 23:45:36.001  1362  1362 I SurfaceFlinger: destroyed Surface(name=7490dd7 InputMethod)/@0x5cfd4e2 - animation-leash of insets_animation#35217
06-19 23:45:36.001  1362  1362 I SurfaceFlinger: [6d844e3 Splash Screen com.example.testeableapp.test#35229] attach to parent LayerHierarchy{RequestedLayerState{ActivityRecord{217723487 u0 com.example.testeableapp.test/androidx.test.core.app.InstrumentationActivityInvoker$EmptyActivity t566}#35226 parentId=35225} 1 children}
06-19 23:45:36.001  1362  1362 I SurfaceFlinger: [Surface(name=b2ba1d5 NavigationBar0)/@0x108d35a - animation-leash of insets_animation#35227] attach to parent LayerHierarchy{RequestedLayerState{WindowToken{1db1eeb type=2019 android.os.BinderProxy@7119565}#94 parentId=34} 2 children}
06-19 23:45:36.001  1593  1620 D InputTransport: Input channel destroyed: '6d844e3', fd=1700
06-19 23:45:36.001  1362  1362 I SurfaceFlinger: [Surface(name=a1a3f36 StatusBar)/@0x69ae81 - animation-leash of insets_animation#35228] attach to parent LayerHierarchy{RequestedLayerState{WindowToken{2df28d1 type=2000 android.os.BinderProxy@248d75b}#101 parentId=17} 2 children}
06-19 23:45:36.003  2503  2567 D InputTransport: Input channel constructed: '6d844e3', fd=616
06-19 23:45:36.004  1362  1362 I Layer   : id=35217 Destroyed Surface(name=7490dd7 InputMethod)/@0x5cfd4e2 - animation-leash of insets_animation#35217
06-19 23:45:36.004  2503  2567 I InsetsController: onStateChanged: host=Splash Screen com.example.testeableapp.test, from=android.view.ViewRootImpl.onInsetsStateChanged:3026, state=InsetsState: {mDisplayFrame=Rect(0, 0 - 1080, 2340), mDisplayCutout=DisplayCutout{insets=Rect(0, 77 - 0, 0) waterfall=Insets{left=0, top=0, right=0, bottom=0} boundingRect={Bounds=[Rect(0, 0 - 0, 0), Rect(477, 0 - 603, 77), Rect(0, 0 - 0, 0), Rect(0, 0 - 0, 0)]} cutoutPathParserInfo={CutoutPathParserInfo{displayWidth=1080 displayHeight=2340 physicalDisplayWidth=1080 physicalDisplayHeight=2340 density={2.8125} cutoutSpec={M 0,0 H -22.4‬ V 27.37777777777778‬ H 22.4‬ V 0 H 0 Z @dp} rotation={0} scale={1.0} physicalPixelDisplaySizeRatio={1.0}}} sideOverrides={}}, mRoundedCorners=RoundedCorners{[RoundedCorner{position=TopLeft, radius=113, center=Point(113, 113)}, RoundedCorner{position=TopRight, radius=113, center=Point(967, 113)}, RoundedCorner{position=BottomRight, radius=113, center=Point(967, 2227)}, RoundedCorner{position=BottomLeft, radius=113, center=Point(113, 2227)}]}  mRoundedCornerFrame=Rect(0, 0 - 1080, 2340), mPrivacyIndicatorBounds=PrivacyIndicatorBounds {static bounds=Rect(956, 0 - 1080, 77) rotation=0}, mDisplayShape=DisplayShape{ spec=-311912193 displayWidth=1080 displayHeight=2340 physicalPixelDisplaySizeRatio=1.0 rotation=0 offsetX=0 offsetY=0 scale=1.0}, mSources= { InsetsSource: {84a40000 mType=statusBars mFrame=[0,0][1080,77] mVisible=true mFlags= mSideHint=TOP mBoundingRects=null}, InsetsSource: {84a40005 mType=mandatorySystemGestures mFrame=[0,0][1080,111] mVisible=true mFlags= mSideHint=TOP mBoundingRects=null}, InsetsSource: {84a40006 mType=tappableElement mFrame=[0,0][1080,77] mVisible=true mFlags= mSideHint=TOP mBoundingRects=null}, InsetsSource: {88bb0001 mType=navigationBars mFrame=[0,2298][1080,2340] mVisible=true mFlags=SUPPRESS_SCRIM mSideHint=BOTTOM mBoundingRects=null}, InsetsSource: {88bb0004 mType=systemGestures mFrame=[0,0][84,2340] mVisible=true mFlags= mSideHint=LEFT mBoundingRects=null}, InsetsSource: {88bb0005 mType=mandatorySystemGestures mFrame=[0,2250][1080,2340] mVisible=true mFlags= mSideHint=BOTTOM mBoundingRects=null}, InsetsSource: {88bb0006 mType=tappableElement mFrame=[0,0][0,0] mVisible=true mFlags= mSideHint=NONE mBoundingRects=null}, InsetsSource: {88bb0024 mType=systemGestures mFrame=[996,0][1080,2340] mVisible=true mFlags= mSideHint=RIGHT mBoundingRects=null}, InsetsSource: {3 mType=ime mFrame=[0,0][0,0] mVisible=false mFlags= mSideHint=NONE mBoundingRects=null}, InsetsSource: {27 mType=displayCutout mFrame=[0,0][1080,77] mVisible=true mFlags= mSideHint=TOP mBoundingRects=null} }
06-19 23:45:36.005  2503  2567 I VRI[test]@76b5288: onActiveControlsChanged, removed=false, mAdded=true, caller=android.view.ViewRootImpl.handleInsetsControlChanged:3002 android.view.ViewRootImpl.setView:2014 android.view.WindowManagerGlobal.addView:604 com.android.wm.shell.startingsurface.SplashscreenWindowCreator.addWindow:38 com.android.wm.shell.startingsurface.StartingWindowController$$ExternalSyntheticLambda4.run:1365
06-19 23:45:36.005  2503  2567 I VRI[test]@76b5288: synced displayState. AttachInfo displayState=2
06-19 23:45:36.005  2503  2567 I VRI[test]@76b5288: setView = android.widget.FrameLayout@86b22a IsHRR=false mFlingFrameRateChange=0 TM=true
06-19 23:45:36.008  2503  2503 D SubscreenNotificationListCoordinator: onAfterRenderList() isSubScreen = false, pluginLockMode = 0, doNotShowOnCover = false
06-19 23:45:36.009  5754  5874 I Rubin   : [148] A8.b.A(Unknown Source) : Notify com.samsung.android.rubin.inferenceengine.contextanalytics.engine.loggers.AppUsageLogger's database is updated.
06-19 23:45:36.009 19426 19426 I DecorView: setWindowBackground: isPopOver=false color=ffffffff d=android.graphics.drawable.ColorDrawable@71ef871
06-19 23:45:36.011  1593  2354 D AS.MultiSoundManager: mForegroundUid = 10356
06-19 23:45:36.011  1593  1660 D NetworkPolicy: already checked 10356
06-19 23:45:36.012  1593  1660 D NetworkPolicy: already checked 10356
06-19 23:45:36.012  2503  2607 D HWUI    : HWUI - treat SMPTE_170M as sRGB
06-19 23:45:36.012  1593  1660 D PkgPredictorService-SecIpmManagerServiceImpl: onForegroundActivitiesChanged pid:19426 uid:10356
06-19 23:45:36.013 19426 19426 I ViewRootImpl: dVRR is disabled
06-19 23:45:36.013 19426 19441 D NativeCustomFrequencyManager: [NativeCFMS] BpCustomFrequencyManager::BpCustomFrequencyManager()
06-19 23:45:36.014  1593  1663 D SurfaceComposerClient: setCornerRadius ## 6d844e3 Splash Screen com.example.testeableapp.test#35229 cornerRadius=0.000000
06-19 23:45:36.014  3503  3503 I SemDvfsHyPerManager: acquire hyper - APP_START/3503@17, type = -999
06-19 23:45:36.014  1593  1663 D SurfaceComposerClient: setCornerRadius ## 6d844e3 Splash Screen com.example.testeableapp.test#35229 cornerRadius=0.000000
06-19 23:45:36.015  6035  6035 I InputMethodService: scheduleImeSurfaceRemoval: removeImeSurface is posted.
06-19 23:45:36.015  1275  1361 I HYPER-HAL: [RequestManager.cpp]acquire(): Acquired ID : 6196977  [3503 / 17]    HINT : APP_START    list :
06-19 23:45:36.015  1342  1382 V APM_AudioPolicyManager: setAppState(portId:24603, state:1)
06-19 23:45:36.015  1593  3204 D InputTransport: Input channel constructed: '8f9cd0e', fd=1696
06-19 23:45:36.015  1593  3204 D InputTransport: Input channel constructed: '8f9cd0e', fd=1697
06-19 23:45:36.016  1593  3204 D InputTransport: Input channel constructed: '8f9cd0e', fd=1700
06-19 23:45:36.016  1593  3204 D InputTransport: Input channel destroyed: '8f9cd0e', fd=1697
06-19 23:45:36.016  1362  1543 I SurfaceFlinger: id=35230 createSurf, flag=84004, 8f9cd0e com.example.testeableapp.test/androidx.test.core.app.InstrumentationActivityInvoker$EmptyActivity#35230
06-19 23:45:36.017  1593  3029 V PkgPredictorService-SecIpmManagerServiceImpl: discard foreground app:com.example.testeableapp.test 1|true
06-19 23:45:36.017  1362  1362 I SurfaceFlinger: [LayerHierarchy{RequestedLayerState{b2ba1d5 NavigationBar0#95 parentId=35227} 1 children}] reparent to LayerHierarchy{RequestedLayerState{Surface(name=b2ba1d5 NavigationBar0)/@0x108d35a - animation-leash of insets_animation#35227 parentId=94} 1 children}
06-19 23:45:36.017  1362  1362 I SurfaceFlinger: [LayerHierarchy{RequestedLayerState{ImeContainer#15 parentId=35203 relativeParentId=35203 z=1} 1 children}] RelativeParent to null
06-19 23:45:36.017  1362  1362 I SurfaceFlinger: [LayerHierarchy{RequestedLayerState{a1a3f36 StatusBar#102 parentId=35228} 1 children}] reparent to LayerHierarchy{RequestedLayerState{Surface(name=a1a3f36 StatusBar)/@0x69ae81 - animation-leash of insets_animation#35228 parentId=101} 1 children}
06-19 23:45:36.017  1362  1362 I SurfaceFlinger: [LayerHierarchy{RequestedLayerState{Surface(name=b2ba1d5 NavigationBar0)/@0x108d35a - animation-leash of insets_animation#35219} no children}] reparent to OffscreenRoot
06-19 23:45:36.017  1362  1362 I SurfaceFlinger: [LayerHierarchy{RequestedLayerState{Surface(name=b2ba1d5 NavigationBar0)/@0x108d35a - animation-leash of insets_animation#35219} no children}] RelativeParent to null
06-19 23:45:36.017  1362  1362 I SurfaceFlinger: [LayerHierarchy{RequestedLayerState{Surface(name=a1a3f36 StatusBar)/@0x69ae81 - animation-leash of insets_animation#35220} no children}] reparent to OffscreenRoot
06-19 23:45:36.017  1362  1362 I SurfaceFlinger: [LayerHierarchy{RequestedLayerState{Surface(name=a1a3f36 StatusBar)/@0x69ae81 - animation-leash of insets_animation#35220} no children}] RelativeParent to null
06-19 23:45:36.017  1362  1362 I SurfaceFlinger: [8f9cd0e com.example.testeableapp.test/androidx.test.core.app.InstrumentationActivityInvoker$EmptyActivity#35230] attach to parent LayerHierarchy{RequestedLayerState{ActivityRecord{217723487 u0 com.example.testeableapp.test/androidx.test.core.app.InstrumentationActivityInvoker$EmptyActivity t566}#35226 parentId=35225} 2 children}
06-19 23:45:36.018  1593  3204 D InputTransport: Input channel destroyed: '8f9cd0e', fd=1700
06-19 23:45:36.018 19426 19426 D InputTransport: Input channel constructed: '8f9cd0e', fd=118
06-19 23:45:36.018  2967  3307 I HoneySpace.TopTaskSource: onTaskFocusChanged(): taskId = 566
06-19 23:45:36.019 19426 19426 I InsetsController: onStateChanged: host=com.example.testeableapp.test/androidx.test.core.app.InstrumentationActivityInvoker$EmptyActivity, from=android.view.ViewRootImpl.onInsetsStateChanged:3026, state=InsetsState: {mDisplayFrame=Rect(0, 0 - 1080, 2340), mDisplayCutout=DisplayCutout{insets=Rect(0, 77 - 0, 0) waterfall=Insets{left=0, top=0, right=0, bottom=0} boundingRect={Bounds=[Rect(0, 0 - 0, 0), Rect(477, 0 - 603, 77), Rect(0, 0 - 0, 0), Rect(0, 0 - 0, 0)]} cutoutPathParserInfo={CutoutPathParserInfo{displayWidth=1080 displayHeight=2340 physicalDisplayWidth=1080 physicalDisplayHeight=2340 density={2.8125} cutoutSpec={M 0,0 H -22.4‬ V 27.37777777777778‬ H 22.4‬ V 0 H 0 Z @dp} rotation={0} scale={1.0} physicalPixelDisplaySizeRatio={1.0}}} sideOverrides={}}, mRoundedCorners=RoundedCorners{[RoundedCorner{position=TopLeft, radius=113, center=Point(113, 113)}, RoundedCorner{position=TopRight, radius=113, center=Point(967, 113)}, RoundedCorner{position=BottomRight, radius=113, center=Point(967, 2227)}, RoundedCorner{position=BottomLeft, radius=113, center=Point(113, 2227)}]}  mRoundedCornerFrame=Rect(0, 0 - 1080, 2340), mPrivacyIndicatorBounds=PrivacyIndicatorBounds {static bounds=Rect(956, 0 - 1080, 77) rotation=0}, mDisplayShape=DisplayShape{ spec=-311912193 displayWidth=1080 displayHeight=2340 physicalPixelDisplaySizeRatio=1.0 rotation=0 offsetX=0 offsetY=0 scale=1.0}, mSources= { InsetsSource: {84a40000 mType=statusBars mFrame=[0,0][1080,77] mVisible=true mFlags= mSideHint=TOP mBoundingRects=null}, InsetsSource: {84a40005 mType=mandatorySystemGestures mFrame=[0,0][1080,111] mVisible=true mFlags= mSideHint=TOP mBoundingRects=null}, InsetsSource: {84a40006 mType=tappableElement mFrame=[0,0][1080,77] mVisible=true mFlags= mSideHint=TOP mBoundingRects=null}, InsetsSource: {88bb0001 mType=navigationBars mFrame=[0,2298][1080,2340] mVisible=true mFlags=SUPPRESS_SCRIM mSideHint=BOTTOM mBoundingRects=null}, InsetsSource: {88bb0004 mType=systemGestures mFrame=[0,0][84,2340] mVisible=true mFlags= mSideHint=LEFT mBoundingRects=null}, InsetsSource: {88bb0005 mType=mandatorySystemGestures mFrame=[0,2250][1080,2340] mVisible=true mFlags= mSideHint=BOTTOM mBoundingRects=null}, InsetsSource: {88bb0006 mType=tappableElement mFrame=[0,0][0,0] mVisible=true mFlags= mSideHint=NONE mBoundingRects=null}, InsetsSource: {88bb0024 mType=systemGestures mFrame=[996,0][1080,2340] mVisible=true mFlags= mSideHint=RIGHT mBoundingRects=null}, InsetsSource: {3 mType=ime mFrame=[0,0][0,0] mVisible=false mFlags= mSideHint=NONE mBoundingRects=null}, InsetsSource: {27 mType=displayCutout mFrame=[0,0][1080,77] mVisible=true mFlags= mSideHint=TOP mBoundingRects=null} }
06-19 23:45:36.019 19426 19426 I VRI[InstrumentationActivityInvoker$EmptyActivity]@d89cbc4: synced displayState. AttachInfo displayState=2
06-19 23:45:36.019 19426 19426 I VRI[InstrumentationActivityInvoker$EmptyActivity]@d89cbc4: setView = com.android.internal.policy.DecorView@9c92973 IsHRR=false mFlingFrameRateChange=0 TM=true
06-19 23:45:36.020 19426 19441 D HWUI    : HWUI - treat SMPTE_170M as sRGB
06-19 23:45:36.020  1328  1328 E SecVibrator-HAL-AIDL-CORE: V_2_0: Vibrator on for timeoutMs: 300
06-19 23:45:36.020  1328  1328 E SecVibrator-HAL-AIDL-CORE: HW_API: do_on for timeoutMs: 300
06-19 23:45:36.020  1328  1328 E SecVibrator-HAL-AIDL-CORE: HW_API: >> writeNode node:/timed_output/vibrator/enable val:300
06-19 23:45:36.021  1593  2726 I WindowManager: Relayout Window{8f9cd0e u0 com.example.testeableapp.test/androidx.test.core.app.InstrumentationActivityInvoker$EmptyActivity}: viewVisibility=0 req=1080x2340 ty=1 d0
06-19 23:45:36.022  1362  1543 I SurfaceFlinger: id=35231 createSurf, flag=44004, com.example.testeableapp.test/androidx.test.core.app.InstrumentationActivityInvoker$EmptyActivity$_19426#35231
06-19 23:45:36.023  1362  1376 I SurfaceFlinger: id=35219 Removed Surface(name=b2ba1d5 NavigationBar0)/@0x108d35a - animation-leash of insets_animation#35219 (195)
06-19 23:45:36.023  1362  1376 I SurfaceFlinger: id=35220 Removed Surface(name=a1a3f36 StatusBar)/@0x69ae81 - animation-leash of insets_animation#35220 (195)
06-19 23:45:36.023  1593  2726 D SurfaceComposerClient: setCornerRadius ## 8f9cd0e com.example.testeableapp.test/androidx.test.core.app.InstrumentationActivityInvoker$EmptyActivity#35230 cornerRadius=0.000000
06-19 23:45:36.023  1328  1328 E SecVibrator-HAL-AIDL-CORE: HW_API: << writeNode node OK : 4
06-19 23:45:36.023  1593  2726 D SurfaceComposerClient: setCornerRadius ## 6d844e3 Splash Screen com.example.testeableapp.test#35229 cornerRadius=0.000000
06-19 23:45:36.023  1593  2726 D SurfaceComposerClient: setCornerRadius ## 8f9cd0e com.example.testeableapp.test/androidx.test.core.app.InstrumentationActivityInvoker$EmptyActivity#35230 cornerRadius=0.000000
06-19 23:45:36.025  1362  1545 I SurfaceFlinger: id=35232 createSurf, flag=24000, Surface(name=b2ba1d5 NavigationBar0)/@0x108d35a - animation-leash of insets_animation#35232
06-19 23:45:36.026  1362  1437 D SurfaceFlinger: [input] setFocusedWindow: <null>
06-19 23:45:36.026  1593  3758 D InputDispatcher: Once focus requested (0): <null>
06-19 23:45:36.026  1593  3758 D InputDispatcher: Focus request (0): <null> but waiting because NO_WINDOW
06-19 23:45:36.026  1593  3758 D InputDispatcher: Focus left window (0): e47159e com.example.testeableapp/com.example.testeableapp.MainActivity
06-19 23:45:36.026  1362  1545 I SurfaceFlinger: id=35233 createSurf, flag=24000, Surface(name=a1a3f36 StatusBar)/@0x69ae81 - animation-leash of insets_animation#35233
06-19 23:45:36.026  2967 19030 I HoneySpace.RecentTasks: onRecentTasksChanged
06-19 23:45:36.027  2967 16519 I HoneySpace.RecentTasks: onRecentTasksChanged
06-19 23:45:36.028  1593  2726 I SystemKeyManager: requested systemKeyInfo size=1 focusedWindow=com.example.testeableapp.test/androidx.test.core.app.InstrumentationActivityInvoker$EmptyActivity
06-19 23:45:36.028  1593  2726 I WindowManager: Relayout hash=8f9cd0e, pid=19426, syncId=-1: mAttrs={(0,0)(fillxfill) sim={adjust=pan forwardNavigation} layoutInDisplayCutoutMode=always ty=BASE_APPLICATION
06-19 23:45:36.028  1593  2726 I WindowManager:   fl=81810100
06-19 23:45:36.028  1593  2726 I WindowManager:   pfl=100088c0
06-19 23:45:36.028  1593  2726 I WindowManager:   bhv=1
06-19 23:45:36.028  1593  2726 I WindowManager:   fitSides=0
06-19 23:45:36.028  1593  2726 I WindowManager:   frameRateBoostOnTouch=true
06-19 23:45:36.028  1593  2726 I WindowManager:   dvrrWindowFrameRateHint=true naviIconColor=0}
06-19 23:45:36.030 19426 19426 I BLASTBufferQueue_Java: new BLASTBufferQueue, mName= VRI[InstrumentationActivityInvoker$EmptyActivity]@d89cbc4 mNativeObject= 0xb40000707bc5d800 caller= android.view.ViewRootImpl.updateBlastSurfaceIfNeeded:3585 android.view.ViewRootImpl.relayoutWindow:11685 android.view.ViewRootImpl.performTraversals:4804 android.view.ViewRootImpl.doTraversal:3924 android.view.ViewRootImpl$TraversalRunnable.run:12903 android.view.Choreographer$CallbackRecord.run:1901 android.view.Choreographer$CallbackRecord.run:1910 android.view.Choreographer.doCallbacks:1367 android.view.Choreographer.doFrame:1292 android.view.Choreographer$FrameDisplayEventReceiver.run:1870
06-19 23:45:36.030 19426 19426 I BLASTBufferQueue_Java: update, w= 1080 h= 2340 mName = VRI[InstrumentationActivityInvoker$EmptyActivity]@d89cbc4 mNativeObject= 0xb40000707bc5d800 sc.mNativeObject= 0xb400006f1bbeb210 format= -1 caller= android.view.ViewRootImpl.updateBlastSurfaceIfNeeded:3590 android.view.ViewRootImpl.relayoutWindow:11685 android.view.ViewRootImpl.performTraversals:4804 android.view.ViewRootImpl.doTraversal:3924 android.view.ViewRootImpl$TraversalRunnable.run:12903 android.view.Choreographer$CallbackRecord.run:1901
06-19 23:45:36.030 19426 19426 I VRI[InstrumentationActivityInvoker$EmptyActivity]@d89cbc4: Relayout returned: old=(0,0,1080,2340) new=(0,0,1080,2340) relayoutAsync=false req=(1080,2340)0 dur=8 res=0x3 s={true 0xb400006f8bc45880} ch=true seqId=0
06-19 23:45:36.031  1593  1620 D SurfaceComposerClient: setCornerRadius ## 6d844e3 Splash Screen com.example.testeableapp.test#35229 cornerRadius=0.000000
06-19 23:45:36.031  1593  1620 D SurfaceComposerClient: setCornerRadius ## 8f9cd0e com.example.testeableapp.test/androidx.test.core.app.InstrumentationActivityInvoker$EmptyActivity#35230 cornerRadius=0.000000
06-19 23:45:36.031  1593  5211 D MotionRecognitionService: inject vibrator info = 1.0
06-19 23:45:36.031 19426 19426 I VRI[InstrumentationActivityInvoker$EmptyActivity]@d89cbc4: performConfigurationChange setNightDimText nightDimLevel=0
06-19 23:45:36.031 19426 19426 D VRI[InstrumentationActivityInvoker$EmptyActivity]@d89cbc4: mThreadedRenderer.initialize() mSurface={isValid=true 0xb400006f8bc45880} hwInitialized=true
06-19 23:45:36.032 19426 19426 D VRI[InstrumentationActivityInvoker$EmptyActivity]@d89cbc4: reportNextDraw android.view.ViewRootImpl.performTraversals:5443 android.view.ViewRootImpl.doTraversal:3924 android.view.ViewRootImpl$TraversalRunnable.run:12903 android.view.Choreographer$CallbackRecord.run:1901 android.view.Choreographer$CallbackRecord.run:1910
06-19 23:45:36.032  1265  1265 I SensorsHub: SensorBase::injectSensorData: ICM42632M Accelerometer default injection, type=268435461
06-19 23:45:36.032 19426 19426 D VRI[InstrumentationActivityInvoker$EmptyActivity]@d89cbc4: Setup new sync=wmsSync-VRI[InstrumentationActivityInvoker$EmptyActivity]@d89cbc4#8
06-19 23:45:36.032 19426 19426 I VRI[InstrumentationActivityInvoker$EmptyActivity]@d89cbc4: Creating new active sync group VRI[InstrumentationActivityInvoker$EmptyActivity]@d89cbc4#9
06-19 23:45:36.032 19426 19426 D VRI[InstrumentationActivityInvoker$EmptyActivity]@d89cbc4: registerCallbacksForSync syncBuffer=false
06-19 23:45:36.032 19354 19354 I ImeFocusController: onPreWindowFocus: skipped hasWindowFocus=false mHasImeFocus=true
06-19 23:45:36.033 19354 19354 I ImeFocusController: onPostWindowFocus: skipped hasWindowFocus=false mHasImeFocus=true
06-19 23:45:36.033 19426 19452 D VRI[InstrumentationActivityInvoker$EmptyActivity]@d89cbc4: Received frameDrawingCallback syncResult=0 frameNum=1.
