06-19 23:45:33.004  1328  1328 E SecVibrator-HAL-AIDL-CORE: HW_API: >> writeNode node:/timed_output/vibrator/enable val:0
06-19 23:45:33.005  1328  1328 E SecVibrator-HAL-AIDL-CORE: HW_API: << writeNode node OK : 2
06-19 23:45:33.005  1593  2582 D InputDispatcher: Focus entered window (0): 6bbfc8e com.android.settings/com.android.settings.SubSettings
06-19 23:45:33.011  1362  1362 I SurfaceFlinger: [Surface(name=eb0b778 com.example.testeableapp.test/androidx.test.core.app.InstrumentationActivityInvoker$EmptyActivity)/@0xef36e14 - animation-leash of starting_reveal#35160] attach to parent LayerHierarchy{RequestedLayerState{ActivityRecord{195887933 u0 com.example.testeableapp.test/androidx.test.core.app.InstrumentationActivityInvoker$EmptyActivity t562}#35143 parentId=35142} 4 children}
06-19 23:45:33.012  2503  2606 I VRI[test]@fd31c7: mWNT: t=0xb400006f2bebb890 mBlastBufferQueue=0xb40000707c5e1fb0 fn= 2 HdrRenderState mRenderHdrSdrRatio=1.0 caller= android.view.SyncRtSurfaceTransactionApplier.applyTransaction:100 android.view.SyncRtSurfaceTransactionApplier.lambda$scheduleApply$0:73 android.view.SyncRtSurfaceTransactionApplier.$r8$lambda$afI4fXg3U3-nBZQEDQMiNy-B06s:0
06-19 23:45:33.013  3723  3723 D VRI[SubSettings]@f0a4302: mThreadedRenderer.initializeIfNeeded()#2 mSurface={isValid=true 0xb400006f8be11d00}
06-19 23:45:33.013  2503  2606 I VRI[test]@fd31c7: mWNT: t=0xb400006f2be90fd0 mBlastBufferQueue=0xb40000707c5e1fb0 fn= 2 HdrRenderState mRenderHdrSdrRatio=1.0 caller= android.view.SyncRtSurfaceTransactionApplier.applyTransaction:100 android.view.SyncRtSurfaceTransactionApplier.lambda$scheduleApply$0:73 android.view.SyncRtSurfaceTransactionApplier.$r8$lambda$afI4fXg3U3-nBZQEDQMiNy-B06s:0
06-19 23:45:33.013  3723  3723 D InputMethodManagerUtils: startInputInner - Id : 0
06-19 23:45:33.013  3723  3723 I InputMethodManager: startInputInner - IInputMethodManagerGlobalInvoker.startInputOrWindowGainedFocus
06-19 23:45:33.019  1593  1864 I ImeTracker: com.android.settings:9ca56d2a: onRequestHide at ORIGIN_SERVER reason HIDE_UNSPECIFIED_WINDOW fromUser false
06-19 23:45:33.020  3723  3723 I InputMethodManager: handleMessage: setImeVisibility visible=false
06-19 23:45:33.020  3723  3723 D InsetsController: hide(ime(), fromIme=false)
06-19 23:45:33.020  3723  3723 I ImeTracker: com.android.settings:9ca56d2a: onCancelled at PHASE_CLIENT_ALREADY_HIDDEN
06-19 23:45:33.022  1593  1864 D InputTransport: Input channel constructed: 'ClientS', fd=1058
06-19 23:45:33.022  6035  6035 I HBD     : HoneyBoardService onFinishInput
06-19 23:45:33.022  1593  1864 D InputTransport: Input channel destroyed: 'ClientS', fd=1058
06-19 23:45:33.022  3723 13192 D InputTransport: Input channel constructed: 'ClientS', fd=168
06-19 23:45:33.022  6035  6035 I HBD     : a IC have been unbinding,  RemoteInputConnection{idHash=#251cbbc}
06-19 23:45:33.022  6035  6035 I HBD     : HoneyBoardService [PF_CL][onFinishInput]  0 ms
06-19 23:45:33.022  6035  6035 I HBD     : HoneyBoardService [IMI] onStartInput - caller pid : 3723 , caller uid : 1000
06-19 23:45:33.022  6035  6035 I HBD     : k updateConfigs
06-19 23:45:33.023  6035  6035 I HBD     : k isEnabledNightMode : true
06-19 23:45:33.023  6035  6035 I HBD     : a IC have been binding, RemoteInputConnection{idHash=#84f3745}
06-19 23:45:33.023  6035  6035 I HBD     : h [EditorInputType]setPrivateImeOptionsToTable privateImeOptions ( null )
06-19 23:45:33.023  6035  6035 I HBD     : b incognitoMode : false
06-19 23:45:33.023  6035  6035 I HBD     : c needOff = true , isForceOff = false, isNullInputClass : true
06-19 23:45:33.023  6035  6035 I HBD     : h getDefaultInputRange : UNKNOWN
06-19 23:45:33.023  6035  6035 I HBD     : h getDefaultInputRange : UNKNOWN
06-19 23:45:33.023  6035  6035 I HBD     : h getDefaultInputRange : UNKNOWN
06-19 23:45:33.023  1362  1542 I SurfaceFlinger: id=35161 createSurf, flag=24004, Surface(name=7490dd7 InputMethod)/@0x5cfd4e2 - animation-leash of insets_animation#35161
06-19 23:45:33.024  6035  6035 I HBD     : c needOff = true , isForceOff = false, isNullInputClass : true
06-19 23:45:33.024  6035  6035 I HBD     : c update cached prediction status : false
06-19 23:45:33.024  6035  6035 I HBD     : h getDefaultInputRange : UNKNOWN
06-19 23:45:33.024  6035  6035 I HBD     : a currentState : 0
06-19 23:45:33.024  6035  6035 I HBD     : a [UpdatePolicy] [post] a: 0 cl: 1179717 kit: [0/11] vt: 0 ir: 1
06-19 23:45:33.024  1593  2582 I ImeTracker: system_server:ebf2436d: onRequestHide at ORIGIN_SERVER reason IME_REQUESTED_CHANGED_LISTENER fromUser false
06-19 23:45:33.025  1593  1662 I ImeTracker: system_server:ebf2436d: onCancelled at PHASE_SERVER_SHOULD_HIDE
06-19 23:45:33.025  1593  1663 D SurfaceComposerClient: setCornerRadius ## 6bbfc8e com.android.settings/com.android.settings.SubSettings#34138 cornerRadius=0.000000
06-19 23:45:33.028  1362  1362 I SurfaceFlinger: [Surface(name=7490dd7 InputMethod)/@0x5cfd4e2 - animation-leash of insets_animation#35161] attach to parent LayerHierarchy{RequestedLayerState{WindowToken{f9f4abc type=2011 android.os.Binder@9c6b6af}#132 parentId=15} 2 children}
06-19 23:45:33.031  6035  6035 I HBD     : a [NRIC] resetNoResponseState
06-19 23:45:33.031  2503  2605 I VRI[test]@fd31c7: mWNT: t=0xb400006f2bd55a90 mBlastBufferQueue=0xb40000707c5e1fb0 fn= 3 HdrRenderState mRenderHdrSdrRatio=1.0 caller= android.view.SyncRtSurfaceTransactionApplier.applyTransaction:100 android.view.SyncRtSurfaceTransactionApplier.lambda$scheduleApply$0:73 android.view.SyncRtSurfaceTransactionApplier.$r8$lambda$afI4fXg3U3-nBZQEDQMiNy-B06s:0
06-19 23:45:33.031  6035  6035 I HBD     : c needOff = true , isForceOff = false, isNullInputClass : true
06-19 23:45:33.032  6035  6035 I HBD     : c update cached prediction status : false
06-19 23:45:33.032  6035  6035 I HBD     : b [AiWriter] setContact : com.android.settings
06-19 23:45:33.032  6035  6035 I HBD     : a [AiWriter] setContact : com.android.settings
06-19 23:45:33.032  6035  6035 I HBD     : o0 EBD si S 0
06-19 23:45:33.032  6035  6035 I HBD     : r updateContactDBLanguage : 1179717
06-19 23:45:33.033  6035  6035 I HBD     : g isCoverDisplay : false, cached selected json info : SelectedLanguageInfo(languageVersion=4.2, currentLanguageOrder=0, selectedLanguageList=[SelectedLanguage(id=1179649, isUsed=false, engName=Spanish, inputType=spanish_qwerty, activeOptionList=[auto_replace, spell_check, auto_spacing, prediction], bilingualId=-1), SelectedLanguage(id=1179717, isUsed=true, engName=Spanish(LatinAmerica), inputType=spanish_qwerty, activeOptionList=[auto_replace, spell_check, auto_spacing, prediction], bilingualId=-1)])
06-19 23:45:33.033  6035  6035 I HBD     : g updateSelectedLanguageCache is succeeded. Spanish(LatinAmerica)
06-19 23:45:33.033  6035  6035 I HBD     : l writeToFile path : /data/user/0/com.samsung.android.honeyboard/files/selected.json
06-19 23:45:33.033  6035  6035 I HBD     : l writeToFile json : {"version":"4.2","currentLanguageOrder":0,"selected":[{"activeOptionList":["auto_replace","spell_check","auto_spacing","prediction"],"bilingualId":-1,"engName":"Spanish","id":1179649,"inputType":"spanish_qwerty","isUsed":false},{"activeOptionList":["auto_replace","spell_check","auto_spacing","prediction"],"bilingualId":-1,"engName":"Spanish(LatinAmerica)","id":1179717,"inputType":"spanish_qwerty","isUsed":true}]}
06-19 23:45:33.039  6035  6035 I HBD     : l writeToFile complete
06-19 23:45:33.039  6035 19532 I HBD     : l Write selected lang for DE
06-19 23:45:33.039  6035 19532 I HBD     : l writeToFile path : /data/user_de/0/com.samsung.android.honeyboard/files/selected.json
06-19 23:45:33.039  6035 19532 I HBD     : l writeToFile json : {"version":"4.2","currentLanguageOrder":0,"selected":[{"activeOptionList":["auto_replace","spell_check","auto_spacing","prediction"],"bilingualId":-1,"engName":"Spanish","id":1179649,"inputType":"spanish_qwerty","isUsed":false},{"activeOptionList":["auto_replace","spell_check","auto_spacing","prediction"],"bilingualId":-1,"engName":"Spanish(LatinAmerica)","id":1179717,"inputType":"spanish_qwerty","isUsed":true}]}
06-19 23:45:33.039  6035  6035 I HBD     : g isCoverDisplay : false, cached selected json info : SelectedLanguageInfo(languageVersion=4.2, currentLanguageOrder=0, selectedLanguageList=[SelectedLanguage(id=1179649, isUsed=false, engName=Spanish, inputType=spanish_qwerty, activeOptionList=[auto_replace, spell_check, auto_spacing, prediction], bilingualId=-1), SelectedLanguage(id=1179717, isUsed=true, engName=Spanish(LatinAmerica), inputType=spanish_qwerty, activeOptionList=[auto_replace, spell_check, auto_spacing, prediction], bilingualId=-1)])
06-19 23:45:33.039  6035  6035 I HBD     : n updateActionOptionFromPreference isCover = false
06-19 23:45:33.040  6035  6035 I HBD     : n before lang.activeOptionList =  [auto_replace, spell_check, auto_spacing, prediction]
06-19 23:45:33.040  6035  6035 I HBD     : n after lang.activeOptionList = [auto_replace, spell_check, auto_spacing, prediction]
06-19 23:45:33.040  6035 19532 I HBD     : l writeToFile complete
06-19 23:45:33.041  6035  6035 I HBD     : l writeToFile path : /data/user/0/com.samsung.android.honeyboard/files/selected.json
06-19 23:45:33.041  6035  6035 I HBD     : l writeToFile json : {"version":"4.2","currentLanguageOrder":0,"selected":[{"activeOptionList":["auto_replace","spell_check","auto_spacing","prediction"],"bilingualId":-1,"engName":"Spanish","id":1179649,"inputType":"spanish_qwerty","isUsed":false},{"activeOptionList":["auto_replace","spell_check","auto_spacing","prediction"],"bilingualId":-1,"engName":"Spanish(LatinAmerica)","id":1179717,"inputType":"spanish_qwerty","isUsed":true}]}
06-19 23:45:33.041  1362  1362 D SurfaceFlinger: Display 4633128672291735931 HWC layers:
06-19 23:45:33.041  1362  1362 D SurfaceFlinger:        DEVICE |           15990163243179 | 00002102 | RGBA_8888    |  315.0    0.0 1080.0 2340.0 |    0    0  765 2340 | com.android.settings/com.android.settings.SubSettings$_3723#35154 (6)
06-19 23:45:33.041  1362  1362 D SurfaceFlinger:   SOLID_COLOR |                        0 | 00000000 | N/A          |    0.0    0.0    0.0    0.0 |    0    0 1080 2340 | DimTransitionLayer for Surface(name=Task=562)/@0xc87263e#35159 (0)
06-19 23:45:33.041  1362  1362 D SurfaceFlinger:        DEVICE |           83434034692104 | 00002102 | RGBA_8888    |    0.0    0.0 1009.0 2340.0 |   71    0 1080 2340 | com.example.testeableapp.test/androi[...]tyInvoker$EmptyActivity$_19426#35147 (1)
06-19 23:45:33.041  1362  1362 D SurfaceFlinger:        DEVICE |           10750303185113 | 00002100 | RGBA_8888    |    0.0    0.0 1009.0 2340.0 |   71    0 1080 2340 | Splash Screen com.example.testeableapp.test$_2503#35145 (2)
06-19 23:45:33.041  1362  1362 D SurfaceFlinger:        DEVICE |           10750303185019 | 00002100 | RGBA_8888    |    0.0    0.0 1080.0   77.0 |    0    0 1080   77 | StatusBar$_2503#111 (52374)
06-19 23:45:33.041  1362  1362 D SurfaceFlinger:        DEVICE |           12743167976380 | 00002100 | RGBA_8888    |
06-19 23:45:33.041  1362  1362 D SurfaceFlinger:  0.0    0.0   67.0  342.0 | 1013  821 1080 1163 | com.sec.android.app.launcher/com.sam[...]l.app.CocktailBarService$_2967#35048 (1)
06-19 23:45:33.041  1362  1362 D SurfaceFlinger:        DEVICE |           10750303185002 | 00002100 | RGBA_8888    |    0.0    0.0 1080.0  135.0 |    0 2205 1080 2340 | NavigationBar0$_2503#107 (27266)
06-19 23:45:33.041  1362  1362 D SurfaceFlinger:        DEVICE |           70158290780192 | 00002100 | RGBA_8888    |    0.0    0.0 1080.0 2340.0 |    0    0 1080 2340 | EdgeLightingWindow$_16335#35072 (84)
06-19 23:45:33.041  1362  1362 D SurfaceFlinger:
06-19 23:45:33.042  6035  6035 I HBD     : l writeToFile complete
06-19 23:45:33.042  6035  6035 I HBD     : m normal : updateLanguage : Spanish(LatinAmerica)
06-19 23:45:33.042  6035 19533 I HBD     : l Write selected lang for DE
06-19 23:45:33.042  6035 19533 I HBD     : l writeToFile path : /data/user_de/0/com.samsung.android.honeyboard/files/selected.json
06-19 23:45:33.042  6035  6035 I HBD     : g isCoverDisplay : false, cached selected json info : SelectedLanguageInfo(languageVersion=4.2, currentLanguageOrder=0, selectedLanguageList=[SelectedLanguage(id=1179649, isUsed=false, engName=Spanish, inputType=spanish_qwerty, activeOptionList=[auto_replace, spell_check, auto_spacing, prediction], bilingualId=-1), SelectedLanguage(id=1179717, isUsed=true, engName=Spanish(LatinAmerica), inputType=spanish_qwerty, activeOptionList=[auto_replace, spell_check, auto_spacing, prediction], bilingualId=-1)])
06-19 23:45:33.042  6035 19533 I HBD     : l writeToFile json : {"version":"4.2","currentLanguageOrder":0,"selected":[{"activeOptionList":["auto_replace","spell_check","auto_spacing","prediction"],"bilingualId":-1,"engName":"Spanish","id":1179649,"inputType":"spanish_qwerty","isUsed":false},{"activeOptionList":["auto_replace","spell_check","auto_spacing","prediction"],"bilingualId":-1,"engName":"Spanish(LatinAmerica)","id":1179717,"inputType":"spanish_qwerty","isUsed":true}]}
06-19 23:45:33.043  6035  6035 I HBD     : g isCoverDisplay : false, cached selected json info : SelectedLanguageInfo(languageVersion=4.2, currentLanguageOrder=0, selectedLanguageList=[SelectedLanguage(id=1179649, isUsed=false, engName=Spanish, inputType=spanish_qwerty, activeOptionList=[auto_replace, spell_check, auto_spacing, prediction], bilingualId=-1), SelectedLanguage(id=1179717, isUsed=true, engName=Spanish(LatinAmerica), inputType=spanish_qwerty, activeOptionList=[auto_replace, spell_check, auto_spacing, prediction], bilingualId=-1)])
06-19 23:45:33.043  6035  6035 I HBD     : n updateActionOptionFromPreference isCover = false
06-19 23:45:33.043  6035  6035 I HBD     : n before lang.activeOptionList =  [auto_replace, spell_check, auto_spacing, prediction]
06-19 23:45:33.043  6035  6035 I HBD     : n after lang.activeOptionList = [auto_replace, spell_check, auto_spacing, prediction]
06-19 23:45:33.044  6035 19533 I HBD     : l writeToFile complete
06-19 23:45:33.044  6035  6035 I HBD     : l writeToFile path : /data/user/0/com.samsung.android.honeyboard/files/selected.json
06-19 23:45:33.044  6035  6035 I HBD     : l writeToFile json : {"version":"4.2","currentLanguageOrder":0,"selected":[{"activeOptionList":["auto_replace","spell_check","auto_spacing","prediction"],"bilingualId":-1,"engName":"Spanish","id":1179649,"inputType":"spanish_qwerty","isUsed":false},{"activeOptionList":["auto_replace","spell_check","auto_spacing","prediction"],"bilingualId":-1,"engName":"Spanish(LatinAmerica)","id":1179717,"inputType":"spanish_qwerty","isUsed":true}]}
06-19 23:45:33.045  1362  1362 I SurfaceFlinger: RequestedLayer [Surface(name=7490dd7 InputMethod)/@0[...]tion-leash of insets_animation#35161] hidden!! flag  from(1) --> to(0)
06-19 23:45:33.045  1362  1362 E SurfaceFlinger: alpha changed 1.000 -> 0.000 - Surface(name=7490dd7 InputMethod)/@0x5cfd4e2 - animation-leash of insets_animation#35161
06-19 23:45:33.045  6035  6035 I HBD     : l writeToFile complete
06-19 23:45:33.045  1362  1362 I SurfaceFlinger: [LayerHierarchy{RequestedLayerState{ImeContainer#15 parentId=34137 relativeParentId=34138 z=1} 1 children}] reparent to LayerHierarchy{RequestedLayerState{ActivityRecord{249521351 u0 com.android.settings/.SubSettings t513}#34137 parentId=33546 z=2} 3 children}
06-19 23:45:33.045  1362  1362 I SurfaceFlinger: [LayerHierarchy{RequestedLayerState{ImeContainer#15 parentId=34137 relativeParentId=34138 z=1} 1 children}] RelativeParent to LayerHierarchy{RequestedLayerState{6bbfc8e com.android.settings/com.android.settings.SubSettings#34138 parentId=34137} 2 children}
06-19 23:45:33.045  1362  1362 I SurfaceFlinger: [LayerHierarchy{RequestedLayerState{7490dd7 InputMethod#133 parentId=35161} no children}] reparent to LayerHierarchy{RequestedLayerState{Surface(name=7490dd7 InputMethod)/@0x5cfd4e2 - animation-leash of insets_animation#35161 parentId=132} 1 children}
06-19 23:45:33.045  1362  1362 I SurfaceFlinger: [LayerHierarchy{RequestedLayerState{Surface(name=7490dd7 InputMethod)/@0x5cfd4e2 - animation-leash of insets_animation#35141} no children}] reparent to OffscreenRoot
06-19 23:45:33.045  6035  6035 I HBD     : m normal : updateLanguage : Spanish(LatinAmerica)
06-19 23:45:33.045  1362  1362 I SurfaceFlinger: [LayerHierarchy{RequestedLayerState{Surface(name=7490dd7 InputMethod)/@0x5cfd4e2 - animation-leash of insets_animation#35141} no children}] RelativeParent to null
06-19 23:45:33.046  1362  1362 I SurfaceFlinger: [LayerHierarchy{RequestedLayerState{eb0b778 com.example.testeableapp.test/androidx.test.core.app.InstrumentationActivityInvoker$EmptyActivity#35146 parentId=35160} 1 children}] reparent to LayerHierarchy{RequestedLayerState{Surface(name=eb0b778 com.example.testeableapp.test/androidx.test.core.app.InstrumentationActivityInvoker$EmptyActivity)/@0xef36e14 - animation-leash of starting_reveal#35160 parentId=35143} 1 children}
06-19 23:45:33.046  6035  6035 I HBD     : g isCoverDisplay : false, cached selected json info : SelectedLanguageInfo(languageVersion=4.2, currentLanguageOrder=0, selectedLanguageList=[SelectedLanguage(id=1179649, isUsed=false, engName=Spanish, inputType=spanish_qwerty, activeOptionList=[auto_replace, spell_check, auto_spacing, prediction], bilingualId=-1), SelectedLanguage(id=1179717, isUsed=true, engName=Spanish(LatinAmerica), inputType=spanish_qwerty, activeOptionList=[auto_replace, spell_check, auto_spacing, prediction], bilingualId=-1)])
06-19 23:45:33.046  6035  6035 I HBD     : g isCoverDisplay : false, cached selected json info : SelectedLanguageInfo(languageVersion=4.2, currentLanguageOrder=0, selectedLanguageList=[SelectedLanguage(id=1179649, isUsed=false, engName=Spanish, inputType=spanish_qwerty, activeOptionList=[auto_replace, spell_check, auto_spacing, prediction], bilingualId=-1), SelectedLanguage(id=1179717, isUsed=true, engName=Spanish(LatinAmerica), inputType=spanish_qwerty, activeOptionList=[auto_replace, spell_check, auto_spacing, prediction], bilingualId=-1)])
06-19 23:45:33.046  6035  6035 I HBD     : g updateSelectedLanguageCache is succeeded. Spanish(LatinAmerica)
06-19 23:45:33.046  6035  6035 I HBD     : l writeToFile path : /data/user/0/com.samsung.android.honeyboard/files/selected.json
06-19 23:45:33.046  6035  6035 I HBD     : l writeToFile json : {"version":"4.2","currentLanguageOrder":0,"selected":[{"activeOptionList":["auto_replace","spell_check","auto_spacing","prediction"],"bilingualId":-1,"engName":"Spanish","id":1179649,"inputType":"spanish_qwerty","isUsed":false},{"activeOptionList":["auto_replace","spell_check","auto_spacing","prediction"],"bilingualId":-1,"engName":"Spanish(LatinAmerica)","id":1179717,"inputType":"spanish_qwerty","isUsed":true}]}
06-19 23:45:33.047  6035 19534 I HBD     : l Write selected lang for DE
06-19 23:45:33.048  6035 19534 I HBD     : l writeToFile path : /data/user_de/0/com.samsung.android.honeyboard/files/selected.json
06-19 23:45:33.048  6035 19534 I HBD     : l writeToFile json : {"version":"4.2","currentLanguageOrder":0,"selected":[{"activeOptionList":["auto_replace","spell_check","auto_spacing","prediction"],"bilingualId":-1,"engName":"Spanish","id":1179649,"inputType":"spanish_qwerty","isUsed":false},{"activeOptionList":["auto_replace","spell_check","auto_spacing","prediction"],"bilingualId":-1,"engName":"Spanish(LatinAmerica)","id":1179717,"inputType":"spanish_qwerty","isUsed":true}]}
06-19 23:45:33.048  6035  6035 I HBD     : l writeToFile complete
06-19 23:45:33.049  6035  6035 I HBD     : g isCoverDisplay : false, cached selected json info : SelectedLanguageInfo(languageVersion=4.2, currentLanguageOrder=0, selectedLanguageList=[SelectedLanguage(id=1179649, isUsed=false, engName=Spanish, inputType=spanish_qwerty, activeOptionList=[auto_replace, spell_check, auto_spacing, prediction], bilingualId=-1), SelectedLanguage(id=1179717, isUsed=true, engName=Spanish(LatinAmerica), inputType=spanish_qwerty, activeOptionList=[auto_replace, spell_check, auto_spacing, prediction], bilingualId=-1)])
06-19 23:45:33.050  6035  6035 I HBD     : g updateSelectedLanguageCache is succeeded. Spanish(LatinAmerica)
06-19 23:45:33.050  6035  6035 I HBD     : l writeToFile path : /data/user/0/com.samsung.android.honeyboard/files/selected.json
06-19 23:45:33.050  6035 19534 I HBD     : l writeToFile complete
06-19 23:45:33.050  6035  6035 I HBD     : l writeToFile json : {"version":"4.2","currentLanguageOrder":0,"selected":[{"activeOptionList":["auto_replace","spell_check","auto_spacing","prediction"],"bilingualId":-1,"engName":"Spanish","id":1179649,"inputType":"spanish_qwerty","isUsed":false},{"activeOptionList":["auto_replace","spell_check","auto_spacing","prediction"],"bilingualId":-1,"engName":"Spanish(LatinAmerica)","id":1179717,"inputType":"spanish_qwerty","isUsed":true}]}
06-19 23:45:33.050  6035 19535 I HBD     : l Write selected lang for DE
06-19 23:45:33.050  6035 19535 I HBD     : l writeToFile path : /data/user_de/0/com.samsung.android.honeyboard/files/selected.json
06-19 23:45:33.051  1593  1931 D SecContentProvider: query(), uri = 17 selection = isSettingsChangesAllowed
06-19 23:45:33.051  6035 19535 I HBD     : l writeToFile json : {"version":"4.2","currentLanguageOrder":0,"selected":[{"activeOptionList":["auto_replace","spell_check","auto_spacing","prediction"],"bilingualId":-1,"engName":"Spanish","id":1179649,"inputType":"spanish_qwerty","isUsed":false},{"activeOptionList":["auto_replace","spell_check","auto_spacing","prediction"],"bilingualId":-1,"engName":"Spanish(LatinAmerica)","id":1179717,"inputType":"spanish_qwerty","isUsed":true}]}
06-19 23:45:33.051  6035  6035 I HBD     : l writeToFile complete
06-19 23:45:33.051  1593  1931 D SecContentProvider: query(), uri = 17 selection = isSettingsChangesAllowed
06-19 23:45:33.052  2503  2606 I VRI[test]@fd31c7: mWNT: t=0xb400006f2be57750 mBlastBufferQueue=0xb40000707c5e1fb0 fn= 4 HdrRenderState mRenderHdrSdrRatio=1.0 caller= android.view.SyncRtSurfaceTransactionApplier.applyTransaction:100 android.view.SyncRtSurfaceTransactionApplier.lambda$scheduleApply$0:73 android.view.SyncRtSurfaceTransactionApplier.$r8$lambda$afI4fXg3U3-nBZQEDQMiNy-B06s:0
06-19 23:45:33.052  1362  1377 I SurfaceFlinger: id=35141 Removed Surface(name=7490dd7 InputMethod)/@0x5cfd4e2 - animation-leash of insets_animation#35141 (198)
06-19 23:45:33.052  6035 19536 I HBD     : l Write selected lang for DE
06-19 23:45:33.052  6035  6035 I HBD     : a [UpdatePolicy] [post] a: 31 cl: 1179717 kit: [0/11] vt: 0 ir: 1
06-19 23:45:33.053  6035 19536 I HBD     : l writeToFile path : /data/user_de/0/com.samsung.android.honeyboard/files/selected.json
06-19 23:45:33.054  6035  6035 I HBD     : HoneyBoardService [PF_OP][onStartInput]  31 ms
06-19 23:45:33.054  6035 17389 I HBD     : u updated Sub Types. Spanish(LatinAmerica)
06-19 23:45:33.054  6035 19537 I HBD     : b InputMethodSubtype is set as local:es_LA
06-19 23:45:33.055  1593  1931 D SecContentProvider: query(), uri = 17 selection = isSettingsChangesAllowed
06-19 23:45:33.056  1593  1931 D SecContentProvider: query(), uri = 17 selection = isSettingsChangesAllowed
06-19 23:45:33.056  6035 19536 I HBD     : l writeToFile json : {"version":"4.2","currentLanguageOrder":0,"selected":[{"activeOptionList":["auto_replace","spell_check","auto_spacing","prediction"],"bilingualId":-1,"engName":"Spanish","id":1179649,"inputType":"spanish_qwerty","isUsed":false},{"activeOptionList":["auto_replace","spell_check","auto_spacing","prediction"],"bilingualId":-1,"engName":"Spanish(LatinAmerica)","id":1179717,"inputType":"spanish_qwerty","isUsed":true}]}
06-19 23:45:33.057  6035 10908 I HBD     : u updated Sub Types. Spanish(LatinAmerica)
06-19 23:45:33.058  6035 19536 I HBD     : l writeToFile complete
06-19 23:45:33.058  6035 19539 I HBD     : b InputMethodSubtype is set as local:es_LA
06-19 23:45:33.059  6035 19535 E AtomicFile: Failed to rename /data/user_de/0/com.samsung.android.honeyboard/files/selected.json.new to /data/user_de/0/com.samsung.android.honeyboard/files/selected.json
06-19 23:45:33.059  6035 19535 I HBD     : l writeToFile complete
06-19 23:45:33.059  6035 17389 I HBD     : a [SKE_SPECIFIC] specific model[com.android.settings] loaded, 4257308 ns
06-19 23:45:33.062  1362  1362 I SurfaceFlinger: destroyed Surface(name=7490dd7 InputMethod)/@0x5cfd4e2 - animation-leash of insets_animation#35141
06-19 23:45:33.065  1593  1931 I WindowManager: Relayout Window{d687ae1 u0 Splash Screen com.example.testeableapp.test}: viewVisibility=8 req=1080x2340 ty=3 d0
06-19 23:45:33.065  1593  1931 D SurfaceComposerClient: setCornerRadius ## 6bbfc8e com.android.settings/com.android.settings.SubSettings#34138 cornerRadius=0.000000
06-19 23:45:33.065  1362  1362 I Layer   : id=35141 Destroyed Surface(name=7490dd7 InputMethod)/@0x5cfd4e2 - animation-leash of insets_animation#35141
06-19 23:45:33.066  1593  1931 D SurfaceComposerClient: setCornerRadius ## 6bbfc8e com.android.settings/com.android.settings.SubSettings#34138 cornerRadius=0.000000
06-19 23:45:33.066  1593  1931 I WindowManager: Relayout hash=d687ae1, pid=2503, syncId=-1: mAttrs={(0,0)(fillxfill) sim={adjust=pan} layoutInDisplayCutoutMode=always ty=APPLICATION_STARTING fmt=TRANSLUCENT
06-19 23:45:33.066  1593  1931 I WindowManager:   fl=81030118
06-19 23:45:33.066  1593  1931 I WindowManager:   pfl=10000810
06-19 23:45:33.066  1593  1931 I WindowManager:   apr=18
06-19 23:45:33.066  1593  1931 I WindowManager:   bhv=1
06-19 23:45:33.066  1593  1931 I WindowManager:   fitSides=0
06-19 23:45:33.066  1593  1931 I WindowManager:   frameRateBoostOnTouch=true
06-19 23:45:33.066  1593  1931 I WindowManager:   dvrrWindowFrameRateHint=true naviIconColor=0}
06-19 23:45:33.067  6035  6035 I InputMethodService: scheduleImeSurfaceRemoval: removeImeSurface is posted.
06-19 23:45:33.067  2503  2567 I VRI[test]@fd31c7: onActiveControlsChanged, removed=false, mAdded=true, caller=android.view.ViewRootImpl.handleInsetsControlChanged:3002 android.view.ViewRootImpl.relayoutWindow:11629 android.view.ViewRootImpl.performTraversals:4804 android.view.ViewRootImpl.doTraversal:3924 android.view.ViewRootImpl$TraversalRunnable.run:12903
06-19 23:45:33.068  2503  2567 I VRI[test]@fd31c7: Relayout returned: old=(0,0,1080,2340) new=(0,0,1080,2340) relayoutAsync=false req=(1080,2340)8 dur=3 res=0x2 s={false 0x0} ch=true seqId=0
06-19 23:45:33.068  2503  2567 D VRI[test]@fd31c7: Not drawing due to not visible. Reason=View.GONE
06-19 23:45:33.068  2503  2567 I VRI[test]@fd31c7: dispatchDetachedFromWindow
06-19 23:45:33.068  1593  3758 D InputTransport: Input channel destroyed: 'd687ae1', fd=1436
06-19 23:45:33.069  1593  3758 D SurfaceComposerClient: setCornerRadius ## 6bbfc8e com.android.settings/com.android.settings.SubSettings#34138 cornerRadius=0.000000
06-19 23:45:33.069  1593  3758 D SurfaceComposerClient: setCornerRadius ## 6bbfc8e com.android.settings/com.android.settings.SubSettings#34138 cornerRadius=0.000000
06-19 23:45:33.070  1593  1663 D SurfaceComposerClient: setCornerRadius ## 6bbfc8e com.android.settings/com.android.settings.SubSettings#34138 cornerRadius=0.000000
06-19 23:45:33.070  2503  2567 D InputTransport: Input channel destroyed: 'd687ae1', fd=530
06-19 23:45:33.071  1342  1382 V APM_AudioPolicyManager: setAppState(portId:24603, state:1)
06-19 23:45:33.071  1476  6895 I CameraService: onUidStateChanged: uid=10049, procState is changed. (1 -> 0)
06-19 23:45:33.077  1593  1813 D MotionEngine: [@@@ Motion Engine @@@] GetMotionScenarioId 1.613692 5.324705 8.133103 -0.213013 -0.133667 -0.034180 8 51 20
06-19 23:45:33.077  1593  1813 D MotionEngine: [@@@ Motion Engine @@@] GnStuckMode 0
06-19 23:45:33.080  1593  1663 D SurfaceComposerClient: setCornerRadius ## 6bbfc8e com.android.settings/com.android.settings.SubSettings#34138 cornerRadius=0.000000
06-19 23:45:33.086  2503  2503 D SystemUIService: SYSUI_RAM_OPTIMIZATION onTrimMemory=20
06-19 23:45:33.087  2503  2503 D CentralSurfaces: SYSUI_RAM_OPTIMIZATION onTrimMemory=20
06-19 23:45:33.089  2503  2607 D HWUI    : CacheManager::trimMemory(20)
06-19 23:45:33.095  1362  1362 I SurfaceFlinger: RequestedLayer [Splash Screen com.example.testeableapp.test$_2503#35145] hidden!! flag  from(0) --> to(1)
06-19 23:45:33.095  1362  1362 I SurfaceFlinger: [LayerHierarchy{RequestedLayerState{eb0b778 com.example.testeableapp.test/androidx.test.core.app.InstrumentationActivityInvoker$EmptyActivity#35146 parentId=35143} 1 children}] reparent to LayerHierarchy{RequestedLayerState{ActivityRecord{195887933 u0 com.example.testeableapp.test/androidx.test.core.app.InstrumentationActivityInvoker$EmptyActivity t562}#35143 parentId=35142} 4 children}
06-19 23:45:33.095  1362  1362 I SurfaceFlinger: [LayerHierarchy{RequestedLayerState{Surface(name=eb0b778 com.example.testeableapp.test/androidx.test.core.app.InstrumentationActivityInvoker$EmptyActivity)/@0xef36e14 - animation-leash of starting_reveal#35160} no children}] reparent to OffscreenRoot
06-19 23:45:33.095  1362  1362 I SurfaceFlinger: [LayerHierarchy{RequestedLayerState{Surface(name=eb0b778 com.example.testeableapp.test/androidx.test.core.app.InstrumentationActivityInvoker$EmptyActivity)/@0xef36e14 - animation-leash of starting_reveal#35160} no children}] RelativeParent to null
06-19 23:45:33.105  1362  1362 D SurfaceFlinger: Display 4633128672291735931 HWC layers:
06-19 23:45:33.105  1362  1362 D SurfaceFlinger:        DEVICE |           15990163243179 | 00002102 | RGBA_8888    |  137.0    0.0 1080.0 2340.0 |    0    0  943 2340 | com.android.settings/com.android.settings.SubSettings$_3723#35154 (10)
06-19 23:45:33.105  1362  1362 D SurfaceFlinger:   SOLID_COLOR |                        0 | 00000000 | N/A          |    0.0    0.0    0.0    0.0 |    0    0 1080 2340 | DimTransitionLayer for Surface(name=Task=562)/@0xc87263e#35159 (0)
06-19 23:45:33.105  1362  1362 D SurfaceFlinger:        DEVICE |           83434034692104 | 00002102 | RGBA_8888    |    0.0    0.0  439.0 2340.0 |  641    0 1080 2340 | com.example.testeableapp.test/androi[...]tyInvoker$EmptyActivity$_19426#35147 (1)
06-19 23:45:33.105  1362  1362 D SurfaceFlinger:        DEVICE |           10750303185019 | 00002100 | RGBA_8888    |    0.0    0.0 1080.0   77.0 |    0    0 1080   77 | StatusBar$_2503#111 (52378)
06-19 23:45:33.105  1362  1362 D SurfaceFlinger:        DEVICE |           12743167976380 | 00002100 | RGBA_8888    |    0.0    0.0   67.0  342.0 | 1013  821 1080 1163 | com.sec.android.app.launcher/com.sam[...]l.app.CocktailBarService$_2967#35048 (1)
06-19 23:45:33.105  1362  1362 D SurfaceFlinger:        DEVICE |           10750303185002 | 00002
06-19 23:45:33.105  1362  1362 D SurfaceFlinger: 100 | RGBA_8888    |    0.0    0.0 1080.0  135.0 |    0 2205 1080 2340 | NavigationBar0$_2503#107 (27270)
06-19 23:45:33.105  1362  1362 D SurfaceFlinger:        DEVICE |           70158290780192 | 00002100 | RGBA_8888    |    0.0    0.0 1080.0 2340.0 |    0    0 1080 2340 | EdgeLightingWindow$_16335#35072 (88)
06-19 23:45:33.105  1362  1362 D SurfaceFlinger:
06-19 23:45:33.143 19354 19354 W WindowOnBackDispatcher: sendCancelIfRunning: isInProgress=false callback=android.app.Activity$$ExternalSyntheticLambda0@f52ffc7
06-19 23:45:33.144 19354 19354 D LifecycleMonitor: Lifecycle status change: com.example.testeableapp.MainActivity@e84d7c4 in: DESTROYED
06-19 23:45:33.144 19354 19354 V ActivityScenario: Update currentActivityStage to DESTROYED, currentActivity=null
06-19 23:45:33.149 19354 19376 D HWUI    : CacheManager::trimMemory(20)
06-19 23:45:33.150 19354 19354 D ViewRootImpl: Skipping stats log for color mode
06-19 23:45:33.150 19354 19354 I VRI[MainActivity]@db14feb: dispatchDetachedFromWindow
06-19 23:45:33.150  1593  1931 D InputTransport: Input channel destroyed: 'c0633ae', fd=1133
06-19 23:45:33.151  1593  1931 D SurfaceComposerClient: setCornerRadius ## 6bbfc8e com.android.settings/com.android.settings.SubSettings#34138 cornerRadius=0.000000
06-19 23:45:33.151  1593  1931 D SurfaceComposerClient: setCornerRadius ## 6bbfc8e com.android.settings/com.android.settings.SubSettings#34138 cornerRadius=0.000000
06-19 23:45:33.152 19354 19354 D InputTransport: Input channel destroyed: 'c0633ae', fd=124
06-19 23:45:33.154 19354 19354 D BBA2    : setIsFg isFg = false; delayValue 3999ms
06-19 23:45:33.154  1362  1376 I SurfaceFlinger: id=35134 Removed 6ca2480 ActivityRecordInputSink com.example.testeableapp/.MainActivity#35134 (198)
06-19 23:45:33.155  1362  1545 I SurfaceFlinger: id=35162 createSurf, flag=24004, Task=561#35162
06-19 23:45:33.155 19354 19354 D InputTransport: Input channel destroyed: 'ClientS', fd=140
06-19 23:45:33.155 19354 19370 D IdlingRegistry: Unregistering idling resources: [androidx.compose.ui.test.EspressoLink@15f8300]
06-19 23:45:33.157  2967  2967 I HoneySpace.TaskStackChangeRepositoryImpl: onTaskRemoved : 561
06-19 23:45:33.157  2967  2967 I HoneySpace.TaskStackChangeRepositoryImpl: onTaskRemoved : 561
06-19 23:45:33.158  2967  3307 I HoneySpace.TopTaskSource: onTaskRemoved: 561
06-19 23:45:33.158  2967  2967 I HoneySpace.TaskListViewModel[268167138]: taskRemoveId, 561
06-19 23:45:33.158  2967  2967 W HoneySpace.TaskListViewModel[268167138]: task is already removed: 561
06-19 23:45:33.158  2967  2967 I HoneySpace.TaskListViewModel[268167138]: taskRemoveId, 561
06-19 23:45:33.159  2967  2967 W HoneySpace.TaskListViewModel[268167138]: task is already removed: 561
06-19 23:45:33.159  2967  3307 I HoneySpace.TopTaskSource: onTaskRemoved: 561
06-19 23:45:33.161 19354 19370 E TestRunner: failed: mensajeDePedidoVacio_esVisibleAlInicio(com.example.testeableapp.RestaurantOrderTest)
06-19 23:45:33.161  1362  1362 E SurfaceFlinger: alpha changed 0.020 -> 0.000 - DimTransitionLayer for Surface(name=Task=562)/@0xc87263e#35159
06-19 23:45:33.162  1362  1362 I SurfaceFlinger: [Task=561#35162] attach to parent Root
06-19 23:45:33.162 19354 19370 E TestRunner: ----- begin exception -----
06-19 23:45:33.162 19354 19370 E TestRunner: java.lang.AssertionError: Assert failed: The component with TestTag = 'emptyOrderMessage' is not displayed!
06-19 23:45:33.162 19354 19370 E TestRunner: 	at androidx.compose.ui.test.AssertionsKt.assertIsDisplayed(Assertions.kt:34)
06-19 23:45:33.162 19354 19370 E TestRunner: 	at com.example.testeableapp.RestaurantOrderTest.mensajeDePedidoVacio_esVisibleAlInicio(RestaurantOrderTest.kt:79)
06-19 23:45:33.162 19354 19370 E TestRunner: 	at java.lang.reflect.Method.invoke(Native Method)
06-19 23:45:33.162 19354 19370 E TestRunner: 	at org.junit.runners.model.FrameworkMethod$1.runReflectiveCall(FrameworkMethod.java:59)
06-19 23:45:33.162 19354 19370 E TestRunner: 	at org.junit.internal.runners.model.ReflectiveCallable.run(ReflectiveCallable.java:12)
06-19 23:45:33.162 19354 19370 E TestRunner: 	at org.junit.runners.model.FrameworkMethod.invokeExplosively(FrameworkMethod.java:56)
06-19 23:45:33.162 19354 19370 E TestRunner: 	at org.junit.internal.runners.statements.InvokeMethod.evaluate(InvokeMethod.java:17)
06-19 23:45:33.162 19354 19370 E TestRunner: 	at androidx.test.internal.runner.junit4.statement.RunBefores.evaluate(RunBefores.java:80)
06-19 23:45:33.162 19354 19370 E TestRunner: 	at androidx.compose.ui.test.junit4.AndroidComposeTestRule$apply$testWithDisposal$1.evaluate(AndroidComposeTestRule.android.kt:306)
06-19 23:45:33.162 19354 19370 E TestRunner: 	at org.junit.rules.ExternalResource$1.evaluate(ExternalResource.java:54)
06-19 23:45:33.162 19354 19370 E TestRunner: 	at androidx.compose.ui.test.junit4.AndroidComposeTestRule$apply$1$evaluate$1.invokeSuspend(AndroidComposeTestRule.android.kt:318)
06-19 23:45:33.162 19354 19370 E TestRunner: 	at androidx.compose.ui.test.junit4.AndroidComposeTestRule$apply$1$evaluate$1.invoke(Unknown Source:8)
06-19 23:45:33.162 19354 19370 E TestRunner: 	at androidx.compose.ui.test.junit4.AndroidComposeTestRule$apply$1$evaluate$1.invoke(Unknown Source:4)
06-19 23:45:33.162 19354 19370 E TestRunner: 	at androidx.compose.ui.test.AndroidComposeUiTestEnvironment$runTest$1$1$1$1$1.invokeSuspend(ComposeUiTest.android.kt:569)
06-19 23:45:33.162 19354 19370 E TestRunner: 	at androidx.compose.ui.test.AndroidComposeUiTestEnvironment$runTest$1$1$1$1$1.invoke(Unknown Source:8)
06-19 23:45:33.162 19354 19370 E TestRunner: 	at androidx.compose.ui.test.AndroidComposeUiTestEnvironment$runTest$1$1$1$1$1.invoke(Unknown Source:2)
06-19 23:45:33.162 19354 19370 E TestRunner: 	at androidx.compose.ui.test.EspressoLink.withStrategy(EspressoLink.android.kt:69)
06-19 23:45:33.162 19354 19370 E TestRunner: 	at androidx.compose.ui.test.AndroidComposeUiTestEnvironment$runTest$1$1.invokeSuspend(ComposeUiTest.android.kt:566)
06-19 23:45:33.162 19354 19370 E TestRunner: 	at androidx.compose.ui.test.AndroidComposeUiTestEnvironment$runTest$1$1.invoke(Unknown Source:8)
06-19 23:45:33.162 19354 19370 E TestRunner: 	at androidx.compose.ui.test.AndroidComposeUiTestEnvironment$runTest$1$1.invoke(Unknown Source:4)
06-19 23:45:33.162 19354 19370 E TestRunner: 	at kotlinx.coroutines.test.TestBuildersKt__TestBuildersKt$runTest$2$1$1.invokeSuspend(TestBuilders.kt:318)
06-19 23:45:33.162 19354 19370 E TestRunner: 	at kotlin.coroutines.jvm.internal.BaseContinuationImpl.resumeWith(ContinuationImpl.kt:33)
06-19 23:45:33.162 19354 19370 E TestRunner: 	at kotlinx.coroutines.DispatchedTask.run(DispatchedTask.kt:101)
06-19 23:45:33.162 19354 19370 E TestRunner: 	at kotlinx.coroutines.test.TestDispatcher.processEvent$kotlinx_coroutines_test(TestDispatcher.kt:24)
06-19 23:45:33.162 19354 19370 E TestRunner: 	at kotlinx.coroutines.test.TestCoroutineScheduler.tryRunNextTaskUnless$kotlinx_coroutines_test(TestCoroutineScheduler.kt:99)
06-19 23:45:33.162 19354 19370 E TestRunner: 	at kotlinx.coroutines.test.TestBuildersKt__TestBuildersKt$runTest$2$1$workRunner$1.invokeSuspend(TestBuilders.kt:327)
06-19 23:45:33.162 19354 19370 E TestRunner: 	at kotlin.coroutines.jvm.internal.BaseContinuationImpl.resumeWith(ContinuationImpl.kt:33)
06-19 23:45:33.162 19354 19370 E TestRunner: 	at kotlinx.coroutines.DispatchedTask.run(DispatchedTask.kt:101)
06-19 23:45:33.162 19354 19370 E TestRunner: 	at kotlinx.coroutines.EventLoopImplBase.processNextEvent(EventLoop.common.kt:263)
06-19 23:45:33.162 19354 19370 E TestRunner: 	at kotlinx.coroutines.BlockingCoroutine.joinBlocking(Builders.kt:95)
06-19 23:45:33.162 19354 19370 E TestRunner: 	at kotlinx.coroutines.BuildersKt__BuildersKt.runBlocking(Builders.kt:69)
06-19 23:45:33.162 19354 19370 E TestRunner: 	at kotlinx.coroutines.BuildersKt.runBlocking(Unknown Source:1)
06-19 23:45:33.162 19354 19370 E TestRunner: 	at kotlinx.coroutines.BuildersKt__BuildersKt.runBlocking$default(Builders.kt:47)
06-19 23:45:33.162 19354 19370 E TestRunner: 	at kotlinx.coroutines.BuildersKt.runBlocking$default(Unknown Source:1)
06-19 23:45:33.162 19354 19370 E TestRunner: 	at kotlinx.coroutines.test.TestBuildersJvmKt.createTestResult(TestBuildersJvm.kt:10)
06-19 23:45:33.162 19354 19370 E TestRunner: 	at kotlinx.coroutines.test.TestBuildersKt__TestBuildersKt.runTest-8Mi8wO0(TestBuilders.kt:310)
06-19 23:45:33.162 19354 19370 E TestRunner: 	at kotlinx.coroutines.test.TestBuildersKt.runTest-8Mi8wO0(Unknown Source:1)
06-19 23:45:33.162 19354 19370 E TestRunner: 	at kotlinx.coroutines.test.TestBuildersKt__TestBuildersKt.runTest-8Mi8wO0(TestBuilders.kt:168)
06-19 23:45:33.162 19354 19370 E TestRunner: 	at kotlinx.coroutines.test.TestBuildersKt.runTest-8Mi8wO0(Unknown Source:1)
06-19 23:45:33.162 19354 19370 E TestRunner: 	at androidx.compose.ui.test.AndroidComposeUiTestEnvironment.runTest(ComposeUiTest.android.kt:549)
06-19 23:45:33.162 19354 19370 E TestRunner: 	at androidx.compose.ui.test.junit4.AndroidComposeTestRule$apply$1.evaluate(AndroidComposeTestRule.android.kt:318)
06-19 23:45:33.162 19354 19370 E TestRunner: 	at org.junit.runners.ParentRunner$3.evaluate(ParentRunner.java:306)
06-19 23:45:33.162 19354 19370 E TestRunner: 	at org.junit.runners.BlockJUnit4ClassRunner$1.evaluate(BlockJUnit4ClassRunner.java:100)
06-19 23:45:33.162 19354 19370 E TestRunner: 	at org.junit.runners.ParentRunner.runLeaf(ParentRunner.java:366)
06-19 23:45:33.162 19354 19370 E TestRunner: 	at org.junit.runners.BlockJUnit4ClassRunner.runChild(BlockJUnit4ClassRunner.java:103)
06-19 23:45:33.162 19354 19370 E TestRunner: 	at org.junit.runners.BlockJUnit4ClassRunner.runChild(BlockJUnit4ClassRunner.java:63)
06-19 23:45:33.162 19354 19370 E TestRunner: 	at org.junit.runners.ParentRunner$4.run(ParentRunner.java:331)
06-19 23:45:33.162 19354 19370 E TestRunner: 	at org.junit.runners.ParentRunner$1.schedule(ParentRunner.java:79)
06-19 23:45:33.162 19354 19370 E TestRunner: 	at org.junit.runners.ParentRunner.runChildren(ParentRunner.java:329)
06-19 23:45:33.162 19354 19370 E TestRunner: 	at org.junit.runners.ParentRunner.access$100(ParentRunner.java:66)
06-19 23:45:33.162 19354 19370 E TestRunner: 	at org.junit.runners.ParentRunner$2.evaluate(ParentRunner.java:293)
06-19 23:45:33.162 19354 19370 E TestRunner: 	at org.junit.runners.ParentRunner$3.evaluate(ParentRunner.java:306)
06-19 23:45:33.162 19354 19370 E TestRunner: 	at org.junit.runners.ParentRunner.run(ParentRunner.java:413)
06-19 23:45:33.162 19354 19370 E TestRunner: 	at org.junit.runners.Suite.runChild(Suite.java:128)
06-19 23:45:33.162 19354 19370 E TestRunner: 	at org.junit.runners.Suite.runChild(Suite.java:27)
06-19 23:45:33.162 19354 19370 E TestRunner: 	at org.junit.runners.ParentRunner$4.run(ParentRunner.java:331)
06-19 23:45:33.162 19354 19370 E TestRunner: 	at org.junit.runners.ParentRunner$1.schedule(ParentRunner.java:79)
06-19 23:45:33.162 19354 19370 E TestRunner: 	at org.junit.runners.ParentRunner.runChildren(ParentRunner.java:329)
06-19 23:45:33.162 19354 19370 E TestRunner: 	at org.junit.runners.ParentRunner.access$100(ParentRunner.java:66)
06-19 23:45:33.162 19354 19370 E TestRunner: 	at org.junit.runners.ParentRunner$2.evaluate(ParentRunner.java:293)
06-19 23:45:33.162 19354 19370 E TestRunner: 	at org.junit.runners.ParentRunner$3.evaluate(ParentRunner.java:306)
06-19 23:45:33.162 19354 19370 E TestRunner: 	at org.junit.runners.ParentRunner.run(ParentRunner.java:413)
06-19 23:45:33.162 19354 19370 E TestRunner: 	at org.junit.runner.JUnitCore.run(JUnitCore.java:137)
06-19 23:45:33.162 19354 19370 E TestRunner: 	at org.junit.runner.JUnitCore.run(JUnitCore.java:115)
06-19 23:45:33.162 19354 19370 E TestRunner: 	at androidx.test.internal.runner.TestExecutor.execute(TestExecutor.java:68)
06-19 23:45:33.162 19354 19370 E TestRunner: 	at androidx.test.internal.runner.TestExecutor.execute(TestExecutor.java:59)
06-19 23:45:33.162 19354 19370 E TestRunner: 	at androidx.test.runner.AndroidJUnitRunner.onStart(AndroidJUnitRunner.java:467)
06-19 23:45:33.162 19354 19370 E TestRunner: 	at android.app.Instrumentation$InstrumentationThread.run(Instrumentation.java:2653)
06-19 23:45:33.162 19354 19370 E TestRunner: ----- end exception -----
06-19 23:45:33.165 19354 19370 I TestRunner: finished: mensajeDePedidoVacio_esVisibleAlInicio(com.example.testeableapp.RestaurantOrderTest)
