06-19 23:45:32.840  1593  3605 I SystemKeyManager: requested systemKeyInfo size=1 focusedWindow=com.example.testeableapp.test/androidx.test.core.app.InstrumentationActivityInvoker$EmptyActivity
06-19 23:45:32.840  2503  2605 I VRI[test]@fd31c7: mWNT: t=0xb400006f2bee0f10 mBlastBufferQueue=0xb40000707c5e1fb0 fn= 1 HdrRenderState mRenderHdrSdrRatio=1.0 caller= android.view.ViewRootImpl$12.onFrameDraw:15441 android.view.ThreadedRenderer$1.onFrameDraw:718 <bottom of call stack>
06-19 23:45:32.840  2503  2605 I VRI[test]@fd31c7: Setting up sync and frameCommitCallback
06-19 23:45:32.840  1593  3605 I WindowManager: Relayout hash=eb0b778, pid=19426, syncId=-1: mAttrs={(0,0)(fillxfill) sim={adjust=pan forwardNavigation} layoutInDisplayCutoutMode=always ty=BASE_APPLICATION
06-19 23:45:32.840  1593  3605 I WindowManager:   fl=81810100
06-19 23:45:32.840  1593  3605 I WindowManager:   pfl=100088c0
06-19 23:45:32.840  1593  3605 I WindowManager:   bhv=1
06-19 23:45:32.840  1593  3605 I WindowManager:   fitSides=0
06-19 23:45:32.840  1593  3605 I WindowManager:   frameRateBoostOnTouch=true
06-19 23:45:32.840  1593  3605 I WindowManager:   dvrrWindowFrameRateHint=true naviIconColor=0}
06-19 23:45:32.841  2503  2607 I BLASTBufferQueue: [VRI[test]@fd31c7#1931](f:0,a:0,s:0) onFrameAvailable the first frame is available
06-19 23:45:32.842 19426 19426 I BLASTBufferQueue_Java: new BLASTBufferQueue, mName= VRI[InstrumentationActivityInvoker$EmptyActivity]@619ad34 mNativeObject= 0xb40000707bc1c3f0 caller= android.view.ViewRootImpl.updateBlastSurfaceIfNeeded:3585 android.view.ViewRootImpl.relayoutWindow:11685 android.view.ViewRootImpl.performTraversals:4804 android.view.ViewRootImpl.doTraversal:3924 android.view.ViewRootImpl$TraversalRunnable.run:12903 android.view.Choreographer$CallbackRecord.run:1901 android.view.Choreographer$CallbackRecord.run:1910 android.view.Choreographer.doCallbacks:1367 android.view.Choreographer.doFrame:1292 android.view.Choreographer$FrameDisplayEventReceiver.run:1870
06-19 23:45:32.842  2503  2607 I VRI[test]@fd31c7: Received frameCommittedCallback lastAttemptedDrawFrameNum=1 didProduceBuffer=true
06-19 23:45:32.842 19426 19426 I BLASTBufferQueue_Java: update, w= 1080 h= 2340 mName = VRI[InstrumentationActivityInvoker$EmptyActivity]@619ad34 mNativeObject= 0xb40000707bc1c3f0 sc.mNativeObject= 0xb400006f1bbeb210 format= -1 caller= android.view.ViewRootImpl.updateBlastSurfaceIfNeeded:3590 android.view.ViewRootImpl.relayoutWindow:11685 android.view.ViewRootImpl.performTraversals:4804 android.view.ViewRootImpl.doTraversal:3924 android.view.ViewRootImpl$TraversalRunnable.run:12903 android.view.Choreographer$CallbackRecord.run:1901
06-19 23:45:32.842  1362  1542 I SurfaceFlinger: [Splash Screen com.example.testeableapp.test$_2503#35145] setTransactionState with the first frame. bufferData(ID: 10750303185110, frameNumber: 1)
06-19 23:45:32.842  2503  2607 D HWUI    : CFMS:: SetUp Pid : 2503    Tid : 2607
06-19 23:45:32.843  2503  2567 D VRI[test]@fd31c7: reportDrawFinished seqId=0
06-19 23:45:32.843 19426 19426 I VRI[InstrumentationActivityInvoker$EmptyActivity]@619ad34: Relayout returned: old=(0,0,1080,2340) new=(0,0,1080,2340) relayoutAsync=false req=(1080,2340)0 dur=10 res=0x3 s={true 0xb400006f8bc404d0} ch=true seqId=0
06-19 23:45:32.844 19426 19426 I VRI[InstrumentationActivityInvoker$EmptyActivity]@619ad34: performConfigurationChange setNightDimText nightDimLevel=0
06-19 23:45:32.844 19426 19426 D VRI[InstrumentationActivityInvoker$EmptyActivity]@619ad34: mThreadedRenderer.initialize() mSurface={isValid=true 0xb400006f8bc404d0} hwInitialized=true
06-19 23:45:32.845 19426 19426 D VRI[InstrumentationActivityInvoker$EmptyActivity]@619ad34: reportNextDraw android.view.ViewRootImpl.performTraversals:5443 android.view.ViewRootImpl.doTraversal:3924 android.view.ViewRootImpl$TraversalRunnable.run:12903 android.view.Choreographer$CallbackRecord.run:1901 android.view.Choreographer$CallbackRecord.run:1910
06-19 23:45:32.845 19426 19426 D VRI[InstrumentationActivityInvoker$EmptyActivity]@619ad34: Setup new sync=wmsSync-VRI[InstrumentationActivityInvoker$EmptyActivity]@619ad34#4
06-19 23:45:32.845 19426 19426 I VRI[InstrumentationActivityInvoker$EmptyActivity]@619ad34: Creating new active sync group VRI[InstrumentationActivityInvoker$EmptyActivity]@619ad34#5
06-19 23:45:32.845  1362  1362 I SurfaceFlinger: [LayerHierarchy{RequestedLayerState{b2ba1d5 NavigationBar0#95 parentId=35148} 1 children}] reparent to LayerHierarchy{RequestedLayerState{Surface(name=b2ba1d5 NavigationBar0)/@0x108d35a - animation-leash of insets_animation#35148 parentId=94} 1 children}
06-19 23:45:32.845  1362  1362 I SurfaceFlinger: [LayerHierarchy{RequestedLayerState{a1a3f36 StatusBar#102 parentId=35149} 1 children}] reparent to LayerHierarchy{RequestedLayerState{Surface(name=a1a3f36 StatusBar)/@0x69ae81 - animation-leash of insets_animation#35149 parentId=101} 1 children}
06-19 23:45:32.845 19426 19426 D VRI[InstrumentationActivityInvoker$EmptyActivity]@619ad34: registerCallbacksForSync syncBuffer=false
06-19 23:45:32.845  1362  1362 I SurfaceFlinger: [LayerHierarchy{RequestedLayerState{Surface(name=a1a3f36 StatusBar)/@0x69ae81 - animation-leash of insets_animation#35139} no children}] reparent to OffscreenRoot
06-19 23:45:32.845  1362  1362 I SurfaceFlinger: [LayerHierarchy{RequestedLayerState{Surface(name=a1a3f36 StatusBar)/@0x69ae81 - animation-leash of insets_animation#35139} no children}] RelativeParent to null
06-19 23:45:32.845  1362  1362 I SurfaceFlinger: [LayerHierarchy{RequestedLayerState{Surface(name=b2ba1d5 NavigationBar0)/@0x108d35a - animation-leash of insets_animation#35138} no children}] reparent to OffscreenRoot
06-19 23:45:32.845  1362  1362 I SurfaceFlinger: [LayerHierarchy{RequestedLayerState{Surface(name=b2ba1d5 NavigationBar0)/@0x108d35a - animation-leash of insets_animation#35138} no children}] RelativeParent to null
06-19 23:45:32.845  1362  1362 I SurfaceFlinger: [com.example.testeableapp.test/androidx.test.core.app.InstrumentationActivityInvoker$EmptyActivity$_19426#35147] attach to parent LayerHierarchy{RequestedLayerState{eb0b778 com.example.testeableapp.test/androidx.test.core.app.InstrumentationActivityInvoker$EmptyActivity#35146 parentId=35143} 1 children}
06-19 23:45:32.845  1362  1362 I SurfaceFlinger: [Surface(name=b2ba1d5 NavigationBar0)/@0x108d35a - animation-leash of insets_animation#35148] attach to parent LayerHierarchy{RequestedLayerState{WindowToken{1db1eeb type=2019 android.os.BinderProxy@7119565}#94 parentId=34} 1 children}
06-19 23:45:32.845  1362  1362 I SurfaceFlinger: [Surface(name=a1a3f36 StatusBar)/@0x69ae81 - animation-leash of insets_animation#35149] attach to parent LayerHierarchy{RequestedLayerState{WindowToken{2df28d1 type=2000 android.os.BinderProxy@248d75b}#101 parentId=17} 1 children}
06-19 23:45:32.846 19426 19452 D VRI[InstrumentationActivityInvoker$EmptyActivity]@619ad34: Received frameDrawingCallback syncResult=0 frameNum=1.
06-19 23:45:32.846 19426 19452 I VRI[InstrumentationActivityInvoker$EmptyActivity]@619ad34: mWNT: t=0xb400006f2bc11cd0 mBlastBufferQueue=0xb40000707bc1c3f0 fn= 1 HdrRenderState mRenderHdrSdrRatio=1.0 caller= android.view.ViewRootImpl$12.onFrameDraw:15441 android.view.ThreadedRenderer$1.onFrameDraw:718 <bottom of call stack>
06-19 23:45:32.846 19426 19452 I VRI[InstrumentationActivityInvoker$EmptyActivity]@619ad34: Setting up sync and frameCommitCallback
06-19 23:45:32.848  2967  2967 I HoneySpace.EdgePanel.CocktailHostRepositoryImpl: onNoteResume
06-19 23:45:32.848  2967  2967 I HoneySpace.EdgePanel.EdgePanelContainerViewModel: cocktailHostRepository.edgePanelOperation NoteResumeComponent(componentName=ComponentInfo{com.example.testeableapp.test/androidx.test.core.app.InstrumentationActivityInvoker$EmptyActivity})
06-19 23:45:32.849  1593  1663 D SurfaceComposerClient: setCornerRadius ## d687ae1 Splash Screen com.example.testeableapp.test#35144 cornerRadius=0.000000
06-19 23:45:32.849  1593  1663 D SurfaceComposerClient: setCornerRadius ## eb0b778 com.example.testeableapp.test/androidx.test.core.app.InstrumentationActivityInvoker$EmptyActivity#35146 cornerRadius=0.000000
06-19 23:45:32.849  2967  2967 I HoneySpace.EdgePanel.ActivityUtils: HomePackage : com.sec.android.app.launcher, resumePackageName : com.example.testeableapp.test, className : androidx.test.core.app.InstrumentationActivityInvoker$EmptyActivity
06-19 23:45:32.849  1593  1663 D SurfaceComposerClient: setCornerRadius ## d687ae1 Splash Screen com.example.testeableapp.test#35144 cornerRadius=0.000000
06-19 23:45:32.849  1593  1663 D SurfaceComposerClient: setCornerRadius ## eb0b778 com.example.testeableapp.test/androidx.test.core.app.InstrumentationActivityInvoker$EmptyActivity#35146 cornerRadius=0.000000
06-19 23:45:32.850  1362  1545 I SurfaceFlinger: id=35150 createSurf, flag=84004, Transition Root: Task=562#35150
06-19 23:45:32.851 19426 19441 I BLASTBufferQueue: [VRI[InstrumentationActivityInvoker$EmptyActivity]@619ad34#2](f:0,a:0,s:0) onFrameAvailable the first frame is available
06-19 23:45:32.851 19426 19441 I VRI[InstrumentationActivityInvoker$EmptyActivity]@619ad34: Received frameCommittedCallback lastAttemptedDrawFrameNum=1 didProduceBuffer=true
06-19 23:45:32.852  1362  1545 I SurfaceFlinger: [com.example.testeableapp.test/androidx.test.core.app.InstrumentationActivityInvoker$EmptyActivity$_19426#35147] setTransactionState with the first frame. bufferData(ID: 83434034692104, frameNumber: 1)
06-19 23:45:32.852 19426 19441 D HWUI    : CFMS:: SetUp Pid : 19426    Tid : 19441
06-19 23:45:32.852 19426 19426 D VRI[InstrumentationActivityInvoker$EmptyActivity]@619ad34: reportDrawFinished seqId=0
06-19 23:45:32.853  1593  1663 I SurfaceControlRegistry: show, t=StartTransaction_SyncId<2951> sc=ActivityRecord{195887933 u0 com.example.testeableapp.test/androidx.test.core.app.InstrumentationActivityInvoker$EmptyActivity t562}, caller=android.view.SurfaceControl$Transaction.show:3557 com.android.server.wm.Transition.onTransactionReady:2048 com.android.server.wm.BLASTSyncEngine$SyncGroup.finishNow:240 com.android.server.wm.BLASTSyncEngine.onSurfacePlacement:263 com.android.server.wm.RootWindowContainer.performSurfacePlacementNoTrace:1083 com.android.server.wm.WindowSurfacePlacer.performSurfacePlacement:166
06-19 23:45:32.853  1593  1663 D SurfaceComposerClient: setCornerRadius ## Task=561#35127 cornerRadius=0.000000
06-19 23:45:32.854  1593  1663 D SurfaceComposerClient: setCornerRadius ## Task=562#35142 cornerRadius=0.000000
06-19 23:45:32.856 19354 19528 D ProfileInstaller: Installing profile for com.example.testeableapp
06-19 23:45:32.856  1593  1663 D ScreenCapture: [Capture_TEST] : setIsScreenShotBySystem false
06-19 23:45:32.856  1593  1663 I SurfaceComposerClient: captureLayers:childrenOnly:1, sync:1
06-19 23:45:32.859  2503  2557 I SurfaceControlRegistry: hide, t=FinishTransaction_SyncId<2951> sc=Task=561, caller=android.view.SurfaceControl$Transaction.hide:3583 com.android.wm.shell.transition.Transitions.dispatchReady:1263 com.android.wm.shell.transition.Transitions.onTransitionReady:251 com.android.wm.shell.transition.Transitions$TransitionPlayerImpl$$ExternalSyntheticLambda0.run:13 android.os.Handler.handleCallback:995 android.os.Handler.dispatchMessage:103
06-19 23:45:32.859  2503  2557 I SurfaceControlRegistry: show, t=StartTransaction_SyncId<2951> sc=Task=562, caller=android.view.SurfaceControl$Transaction.show:3557 com.android.wm.shell.transition.Transitions.dispatchReady:1279 com.android.wm.shell.transition.Transitions.onTransitionReady:251 com.android.wm.shell.transition.Transitions$TransitionPlayerImpl$$ExternalSyntheticLambda0.run:13 android.os.Handler.handleCallback:995 android.os.Handler.dispatchMessage:103
06-19 23:45:32.859  2503  2557 I SurfaceControlRegistry: show, t=FinishTransaction_SyncId<2951> sc=Task=562, caller=android.view.SurfaceControl$Transaction.show:3557 com.android.wm.shell.transition.Transitions.dispatchReady:1330 com.android.wm.shell.transition.Transitions.onTransitionReady:251 com.android.wm.shell.transition.Transitions$TransitionPlayerImpl$$ExternalSyntheticLambda0.run:13 android.os.Handler.handleCallback:995 android.os.Handler.dispatchMessage:103
06-19 23:45:32.859  2503  2557 I SurfaceControlRegistry: show, t=StartTransaction_SyncId<2951> sc=Transition Root: Task=562, caller=android.view.SurfaceControl$Transaction.show:3557 com.android.wm.shell.transition.Transitions.playTransition:79 com.android.wm.shell.transition.Transitions.processReadyQueue:239 com.android.wm.shell.transition.Transitions.dispatchReady:1352 com.android.wm.shell.transition.Transitions.onTransitionReady:251 com.android.wm.shell.transition.Transitions$TransitionPlayerImpl$$ExternalSyntheticLambda0.run:13
06-19 23:45:32.862  1362  1542 I SurfaceFlinger: id=35151 createSurf, flag=20004, DimTransitionLayer for Surface(name=Task=562)/@0x67a4678#35151
06-19 23:45:32.862  1362  1362 I SurfaceFlinger: [Transition Root: Task=562#35150] attach to parent LayerHierarchy{RequestedLayerState{DefaultTaskDisplayArea_d0#10 parentId=9} 17 children}
06-19 23:45:32.862  1362  1362 I SurfaceFlinger: [DimTransitionLayer for Surface(name=Task=562)/@0x67a4678#35151] attach to parent LayerHierarchy{RequestedLayerState{Transition Root: Task=562#35150 parentId=10} 1 children}
06-19 23:45:32.863  2503  2557 I SurfaceControlRegistry: show, t=StartTransaction_SyncId<2951> sc=DimTransitionLayer for Surface(name=Task=562)/@0x67a4678, caller=android.view.SurfaceControl$Transaction.show:3557 com.android.wm.shell.transition.DefaultTransitionHandler.startAnimation:2931 com.android.wm.shell.transition.Transitions.dispatchTransition:90 com.android.wm.shell.transition.Transitions.playTransition:774 com.android.wm.shell.transition.Transitions.processReadyQueue:239 com.android.wm.shell.transition.Transitions.dispatchReady:1352
06-19 23:45:32.863  2503  2557 I SurfaceControlRegistry: apply, t=StartTransaction_SyncId<2951>, caller=android.view.SurfaceControl$Transaction.apply:3459 android.view.SurfaceControl$Transaction.apply:3447 android.view.SurfaceControl$Transaction.apply:3397 com.android.wm.shell.transition.DefaultTransitionHandler.startAnimation:3387 com.android.wm.shell.transition.Transitions.dispatchTransition:90 com.android.wm.shell.transition.Transitions.playTransition:774
06-19 23:45:32.864  1362  1545 I SurfaceFlinger: Capture layer list: 	 com.example.testeableapp/com.example.testeableapp.MainActivity$_19354#35135(seamlessTransition:0)
06-19 23:45:32.869  1362  1437 D SurfaceFlinger: [input] setFocusedWindow: eb0b778 com.example.testeableapp.test/androidx.test.core.app.InstrumentationActivityInvoker$EmptyActivity
06-19 23:45:32.869  1593  3605 D InputDispatcher: Once focus requested (0): eb0b778 com.example.testeableapp.test/androidx.test.core.app.InstrumentationActivityInvoker$EmptyActivity
06-19 23:45:32.870  1593  3605 D InputDispatcher: Focus request (0): eb0b778 com.example.testeableapp.test/androidx.test.core.app.InstrumentationActivityInvoker$EmptyActivity but waiting because NOT_VISIBLE
06-19 23:45:32.872  2503  2557 D ShellDesktopMode: handleRequest: TransitionRequestInfo {type=2, tid=562, debugId=2952}
06-19 23:45:32.874  1593  2582 I SemDvfsHyPerManager: acquire hyper - AMS_RESUME_TAIL/1593@17, type = -999
06-19 23:45:32.874  2503  2503 D SamsungLightBarControlHelper: updateStatusBar (BLACK icon) numStacks:1, StatusBarMode:MODE_TRANSPARENT, lightBarBounds:[Rect(0, 0 - 1080, 2340)], StatusBarState:SHADE, packageName:, isWhiteKeyguardStatusBar:false
06-19 23:45:32.874  1593  2582 I SemDvfsHyPerManager: acquire hyper - AMS_ACT_LAZY/1593@18, type = -999
06-19 23:45:32.874  2503  2503 D SamsungLightBarControlHelper: onStatusBarAppearanceChanged() -  sbModeChanged:false, statusBarMode:0, barState:MODE_TRANSPARENT, isKeyguardShowing:false, navbarColorManagedByIme:false, (AppearanceRegion{LIGHT_STATUS_BARS bounds=[0,0][1080,2340]}, )
06-19 23:45:32.874  2503  2503 D NavigationBar: onSystemBarAttributesChanged() -  displayId:0, appearance:16, packageName: com.example.testeableapp.test (APPEARANCE_LIGHT_NAVIGATION_BARS ), navbarColorManagedByIme:false
06-19 23:45:32.875  1275  1361 I HYPER-HAL: [RequestManager.cpp]acquire(): Acquired ID : 1296872  [1593 / 17]    HINT : AMS_RESUME_TAIL    list :
06-19 23:45:32.876  1275  1361 I HYPER-HAL: [RequestManager.cpp]releaseLocked(): Released ID : 1304942
06-19 23:45:32.877  1593  1659 I PkgPredictorService-SecIpmManagerServiceImpl: reportToNAP uid:10356 com.example.testeableapp.test/androidx.test.core.app.InstrumentationActivityInvoker$EmptyActivity thisTime:92
06-19 23:45:32.877  1593  1659 D PkgPredictorService-SecIpmManagerServiceImpl: reportToNAP: mHeavyLaunchCounter is false
06-19 23:45:32.878  1362  1362 I SurfaceFlinger: RequestedLayer [d687ae1 Splash Screen com.example.testeableapp.test#35144] hidden!! flag  from(1) --> to(0)
06-19 23:45:32.878  1362  1362 I SurfaceFlinger: RequestedLayer [eb0b778 com.example.testeableapp.tes[...]nActivityInvoker$EmptyActivity#35146] hidden!! flag  from(1) --> to(0)
06-19 23:45:32.878  1362  1362 I SurfaceFlinger: RequestedLayer [Splash Screen com.example.testeableapp.test$_2503#35145] hidden!! flag  from(1) --> to(0)
06-19 23:45:32.878  1362  1362 I SurfaceFlinger: RequestedLayer [Task=562#35142] hidden!! flag  from(1) --> to(0)
06-19 23:45:32.878  1362  1362 E SurfaceFlinger: alpha changed 1.000 -> 0.000 - Task=562#35142
06-19 23:45:32.878  1362  1362 I SurfaceFlinger: RequestedLayer [Transition Root: Task=562#35150] hidden!! flag  from(1) --> to(0)
06-19 23:45:32.878  1362  1362 I SurfaceFlinger: RequestedLayer [ActivityRecord{195887933 u0 com.exam[...]ityInvoker$EmptyActivity t562}#35143] hidden!! flag  from(1) --> to(0)
06-19 23:45:32.878  1362  1362 I SurfaceFlinger: RequestedLayer [DimTransitionLayer for Surface(name=Task=562)/@0x67a4678#35151] hidden!! flag  from(1) --> to(0)
06-19 23:45:32.878  1362  1362 E SurfaceFlinger: alpha changed 1.000 -> 0.000 - DimTransitionLayer for Surface(name=Task=562)/@0x67a4678#35151
06-19 23:45:32.878  1362  1362 E SurfaceFlinger: alpha changed 0.000 -> 1.000 - Task=562#35142
06-19 23:45:32.878  1362  1362 E SurfaceFlinger: alpha changed 0.000 -> 0.000 - DimTransitionLayer for Surface(name=Task=562)/@0x67a4678#35151
06-19 23:45:32.878  1362  1362 I SurfaceFlinger: [LayerHierarchy{RequestedLayerState{Task=561#35127 parentId=35150 z=2} 1 children}] reparent to LayerHierarchy{RequestedLayerState{Transition Root: Task=562#35150 parentId=10 z=13} 2 children}
06-19 23:45:32.878  1362  1362 I SurfaceFlinger: [LayerHierarchy{RequestedLayerState{Task=562#35142 parentId=35150 z=5} 1 children}] reparent to LayerHierarchy{RequestedLayerState{Transition Root: Task=562#35150 parentId=10 z=13} 3 children}
06-19 23:45:32.878  1362  1362 I SurfaceFlinger: [LayerHierarchy{RequestedLayerState{DimTransitionLayer for Surface(name=Task=562)/@0x67a4678#35151 parentId=35150 relativeParentId=35142 z=-1} no children}] RelativeParent to LayerHierarchy{RequestedLayerState{Task=562#35142 parentId=35150 z=5} 2 children}
06-19 23:45:32.879  1593  2726 I SemDvfsHyPerManager: acquire hyper - AMS_ACT_RESUME/1593@20, type = -999
06-19 23:45:32.880  1275  1361 I HYPER-HAL: [RequestManager.cpp]acquire(): Acquired ID : 1301711  [1593 / 20]    HINT : AMS_ACT_RESUME    list :
06-19 23:45:32.881  1593  3029 D PkgPredictorService-SecIpmManagerServiceImpl: ACTION_FOREGROUND_FINISH_EVENT sCurForegroundApp :com.example.testeableapp.test
06-19 23:45:32.881  1593  2726 D InputDispatcher: Focused application(0): ActivityRecord{249521351 u0 com.android.settings/.SubSettings t513}
06-19 23:45:32.881  3723  3723 I VRI[SubSettings]@f0a4302: handleAppVisibility mAppVisible = false visible = true
06-19 23:45:32.881  2967 14230 I HoneySpace.RecentTasks: onRunningTaskAppeared
06-19 23:45:32.881  2967 18507 I HoneySpace.RecentTasks: onRecentTasksChanged
06-19 23:45:32.882  1593  2354 D AS.MultiSoundManager: mForegroundUid = 1000
06-19 23:45:32.883  1342  6557 V APM_AudioPolicyManager: setAppState(portId:24603, state:1)
06-19 23:45:32.883  1342  6557 V APM_AudioPolicyManager: setAppState(portId:24603, state:1)
06-19 23:45:32.883  1342 21519 V APM_AudioPolicyManager: setAppState(portId:24603, state:1)
06-19 23:45:32.886  1593  1659 I ActivityTaskManager: Displayed com.example.testeableapp.test/androidx.test.core.app.InstrumentationActivityInvoker$EmptyActivity for user 0: +92ms
06-19 23:45:32.886  3332  3332 E pageboostd: Received HALT command code 2
06-19 23:45:32.887  1362  1543 I SurfaceFlinger: id=35152 createSurf, flag=24000, Surface(name=b2ba1d5 NavigationBar0)/@0x108d35a - animation-leash of insets_animation#35152
06-19 23:45:32.888  1476  1552 I CameraService: onUidStateChanged: uid=10232, procState is changed. (3 -> 5)
06-19 23:45:32.888  1362  1542 I SurfaceFlinger: id=35153 createSurf, flag=24000, Surface(name=a1a3f36 StatusBar)/@0x69ae81 - animation-leash of insets_animation#35153
06-19 23:45:32.890  2503  2503 D NavigationBar: onSystemBarAttributesChanged() -  displayId:0, appearance:24, packageName: com.example.testeableapp.test (APPEARANCE_LIGHT_STATUS_BARS APPEARANCE_LIGHT_NAVIGATION_BARS ), navbarColorManagedByIme:false
06-19 23:45:32.893  1593  2726 D SurfaceComposerClient: setCornerRadius ## 6bbfc8e com.android.settings/com.android.settings.SubSettings#34138 cornerRadius=0.000000
06-19 23:45:32.894  3723  3723 I VRI[SubSettings]@f0a4302: stopped(false) old = true
06-19 23:45:32.894  3723  3723 D VRI[SubSettings]@f0a4302: WindowStopped on com.android.settings/com.android.settings.SubSettings set to false
06-19 23:45:32.894  1362  1362 I SurfaceFlinger: [Surface(name=b2ba1d5 NavigationBar0)/@0x108d35a - animation-leash of insets_animation#35152] attach to parent LayerHierarchy{RequestedLayerState{WindowToken{1db1eeb type=2019 android.os.BinderProxy@7119565}#94 parentId=34} 2 children}
06-19 23:45:32.895  1362  1362 I SurfaceFlinger: [Surface(name=a1a3f36 StatusBar)/@0x69ae81 - animation-leash of insets_animation#35153] attach to parent LayerHierarchy{RequestedLayerState{WindowToken{2df28d1 type=2000 android.os.BinderProxy@248d75b}#101 parentId=17} 2 children}
06-19 23:45:32.898  1362  1362 D SurfaceFlinger: GPIS:: requestGpisForClientComposition
06-19 23:45:32.900  1362  1377 I SurfaceFlinger: id=35138 Removed Surface(name=b2ba1d5 NavigationBar0)/@0x108d35a - animation-leash of insets_animation#35138 (198)
06-19 23:45:32.900  1362  1377 I SurfaceFlinger: id=35139 Removed Surface(name=a1a3f36 StatusBar)/@0x69ae81 - animation-leash of insets_animation#35139 (198)
06-19 23:45:32.900  6035  6035 I InputMethodService: removeImeSurface
06-19 23:45:32.900  6035  6035 I InputMethodService: cancelImeSurfaceRemoval: removeCallbacks
06-19 23:45:32.901  3723  3723 D ActivityEmbeddingUtils: isSettingsSplitSupported = false
06-19 23:45:32.902  3723  3723 I AppContextHelper: registerStateHandlerCallback() by WirelessDebuggingFragment
06-19 23:45:32.903  3723 15925 D SettingsActivity: No enabled state changed, skipping updateCategory call
06-19 23:45:32.905  5754  5874 I Rubin   : [148] A8.b.A(Unknown Source) : Notify com.samsung.android.rubin.inferenceengine.contextanalytics.engine.loggers.AppUsageLogger's database is updated.
06-19 23:45:32.905  3723  3723 I WirelessDebuggingFrag: onEnabled(): connect_port=32805
06-19 23:45:32.907  3723  3723 D WirelessDebuggingEnabler: isUsbDebuggingAllowed = true
06-19 23:45:32.908  3723  3723 D WirelessDebuggingEnabler: isUsbDebuggingAllowed = true
06-19 23:45:32.908  3723  3723 W ElapsedTimeUtils: getElapsedTime: sSuwFinishedTimeStamp is null
06-19 23:45:32.909  1593  1660 D NetworkPolicy: already checked 1000
06-19 23:45:32.910  1593  1660 D NetworkPolicy: already checked 1000
06-19 23:45:32.910  2967 18507 I HoneySpace.RecentTasks: onRecentTasksChanged
06-19 23:45:32.911  1362  1362 E SurfaceFlinger: alpha changed 0.000 -> 0.020 - DimTransitionLayer for Surface(name=Task=562)/@0x67a4678#35151
06-19 23:45:32.911  1362  1362 I SurfaceFlinger: RequestedLayer [com.example.testeableapp.test/androi[...]tyInvoker$EmptyActivity$_19426#35147] hidden!! flag  from(1) --> to(0)
06-19 23:45:32.911  1362  1362 I SurfaceFlinger: destroyed Surface(name=a1a3f36 StatusBar)/@0x69ae81 - animation-leash of insets_animation#35139
06-19 23:45:32.911  1362  1362 I SurfaceFlinger: destroyed Surface(name=b2ba1d5 NavigationBar0)/@0x108d35a - animation-leash of insets_animation#35138
06-19 23:45:32.911  1362  1362 I SurfaceFlinger: [LayerHierarchy{RequestedLayerState{b2ba1d5 NavigationBar0#95 parentId=35152} 1 children}] reparent to LayerHierarchy{RequestedLayerState{Surface(name=b2ba1d5 NavigationBar0)/@0x108d35a - animation-leash of insets_animation#35152 parentId=94} 1 children}
06-19 23:45:32.912  1362  1362 I SurfaceFlinger: [LayerHierarchy{RequestedLayerState{a1a3f36 StatusBar#102 parentId=35153} 1 children}] reparent to LayerHierarchy{RequestedLayerState{Surface(name=a1a3f36 StatusBar)/@0x69ae81 - animation-leash of insets_animation#35153 parentId=101} 1 children}
06-19 23:45:32.912  1362  1362 I SurfaceFlinger: [LayerHierarchy{RequestedLayerState{Surface(name=b2ba1d5 NavigationBar0)/@0x108d35a - animation-leash of insets_animation#35148} no children}] reparent to OffscreenRoot
06-19 23:45:32.912  1362  1362 I SurfaceFlinger: [LayerHierarchy{RequestedLayerState{Surface(name=b2ba1d5 NavigationBar0)/@0x108d35a - animation-leash of insets_animation#35148} no children}] RelativeParent to null
06-19 23:45:32.912  1362  1362 I SurfaceFlinger: [LayerHierarchy{RequestedLayerState{Surface(name=a1a3f36 StatusBar)/@0x69ae81 - animation-leash of insets_animation#35149} no children}] reparent to OffscreenRoot
06-19 23:45:32.912  1362  1362 I SurfaceFlinger: [LayerHierarchy{RequestedLayerState{Surface(name=a1a3f36 StatusBar)/@0x69ae81 - animation-leash of insets_animation#35149} no children}] RelativeParent to null
06-19 23:45:32.914  2967  3307 I HoneySpace.TopTaskSource: onTaskMovedToFront : taskId = 513, displayId = 0
06-19 23:45:32.914  3723 15925 I SecTileUtils: loadTilesForAction com.android.settings.action.SETTINGS
06-19 23:45:32.915  1362  1362 I Layer   : id=35139 Destroyed Surface(name=a1a3f36 StatusBar)/@0x69ae81 - animation-leash of insets_animation#35139
06-19 23:45:32.915  1362  1362 I Layer   : id=35138 Destroyed Surface(name=b2ba1d5 NavigationBar0)/@0x108d35a - animation-leash of insets_animation#35138
06-19 23:45:32.917  1362  1545 I SurfaceFlinger: id=35148 Removed Surface(name=b2ba1d5 NavigationBar0)/@0x108d35a - animation-leash of insets_animation#35148 (196)
06-19 23:45:32.917  1362  1545 I SurfaceFlinger: id=35149 Removed Surface(name=a1a3f36 StatusBar)/@0x69ae81 - animation-leash of insets_animation#35149 (196)
06-19 23:45:32.917  1593  3204 I WindowManager: Relayout Window{6bbfc8e u0 com.android.settings/com.android.settings.SubSettings}: viewVisibility=0 req=1080x2340 ty=1 d0
06-19 23:45:32.917  3723 15925 W SecTileUtils: Found com.android.settings.Settings$LockscreenSettingsActivity for intent Intent { act=com.android.settings.action.SETTINGS pkg=com.android.settings } missing metadata com.android.settings.category
06-19 23:45:32.917  3723 15925 I SecTileUtils: Found com.android.settings.Settings$BluetoothSettingsActivity for intent Intent { act=com.android.settings.action.SETTINGS pkg=com.android.settings } metadata Bundle[{com.android.settings.support=KNOXCUSTOM_KIOSK, com.samsung.android.settings.menu.group.mpsm=group1, com.android.settings.FRAGMENT_CLASS=com.samsung.android.settings.bluetooth.BluetoothSettings, voicecommand=2132019263, com.android.settings.TOP_LEVEL_TILE_ID=connections_settings, com.android.settings.tileid=bluetooth_settings, com.sec.android.PRIMARY_KNOX_CONTROLLED=true, com.android.settings.category=com.android.settings.category.ia.homepage, com.android.settings.HIGHLIGHT_MENU_KEY=top_level_connections, com.android.settings.icon=2131233612}]
06-19 23:45:32.917  3723 15925 D SecTileUtils: setMetaData key : Pair{com.android.settings com.android.settings.Settings$BluetoothSettingsActivity} , categoryKey com.android.settings.category.ia.homepage
06-19 23:45:32.917  3723 15925 D SecTileUtils: META_DATA_SAMSUNG_TILE_ID/META_DATA_TILE_ID tile.tileId : bluetooth_settings
06-19 23:45:32.917  3723 15925 D SecTileUtils: META_DATA_PREFERENCE_SUPPORT tile.support : KNOXCUSTOM_KIOSK
06-19 23:45:32.917  3723 15925 W SecTileUtils: Found com.android.settings.Settings$CloudAccountSettingsActivity for intent Intent { act=com.android.settings.action.SETTINGS pkg=com.android.settings } missing metadata com.android.settings.category
06-19 23:45:32.917  3723 15925 W SecTileUtils: Found com.android.settings.Settings$UsefulFeatureMainActivity for intent Intent { act=com.android.settings.action.SETTINGS pkg=com.android.settings } missing metadata com.android.settings.category
06-19 23:45:32.917  1362  1545 I SurfaceFlinger: id=35154 createSurf, flag=44004, com.android.settings/com.android.settings.SubSettings$_3723#35154
06-19 23:45:32.918  3723 15925 I SecTileUtils: loadTilesForAction com.android.settings.OPERATOR_APPLICATION_SETTING
06-19 23:45:32.918  1593  1660 D PkgPredictorService-SecIpmManagerServiceImpl: onForegroundActivitiesChanged pid:3723 uid:1000
06-19 23:45:32.918  3723 15925 D SecTileUtils: setMetaData key : Pair{com.samsung.android.emergency com.samsung.android.emergency.settings.ui.EmergencySettingsActivity} , categoryKey com.android.settings.category.ia.safety_emergency
06-19 23:45:32.918  3723 15925 D SecTileUtils: setMetaData key : Pair{com.sec.android.app.safetyassurance com.sec.android.app.safetyassurance.settings.EmergencySharingActivity} , categoryKey com.android.settings.category.ia.safety_emergency
06-19 23:45:32.918  1593  3204 D SurfaceComposerClient: setCornerRadius ## 6bbfc8e com.android.settings/com.android.settings.SubSettings#34138 cornerRadius=0.000000
06-19 23:45:32.919  2967  3309 I HoneySpace.TopTaskUseCase: topTasks 513 ComponentInfo{com.android.settings/com.android.settings.SubSettings}[displayId=0]
06-19 23:45:32.919  3723 15925 I SecTileUtils: loadTilesForAction com.android.settings.MANUFACTURER_APPLICATION_SETTING
06-19 23:45:32.919  1352  1367 E HeatmapThread: ECT Thread time in milliseconds: 1781934332
06-19 23:45:32.919  1352  1367 D HeatmapThread: !@ batteryplugType : 0
06-19 23:45:32.919  1352  1367 D HeatmapThread: !@ batteryLevel : 0  batteryTemperature : 0
06-19 23:45:32.919  1352  1367 D HeatmapThread: !@ Heatmap currtime: 29698905
06-19 23:45:32.919  1352  1367 D HeatmapThread: !@ Heatmap prevtime: 29698904
06-19 23:45:32.919  1352  1367 D HeatmapThread: !@ Heatmap plugstarttime: 35791394
06-19 23:45:32.919  1352  1367 D HeatmapThread: !@ Heatmap prevv_dsoh_update_time: 29636664
06-19 23:45:32.919  1352  1367 E HeatmapThread: !@Could not open '/efs/FactoryApp/bsoh', errno = 13
06-19 23:45:32.919  1352  1367 E HeatmapThread: !@ CAM Could not access BSOH EFS
06-19 23:45:32.919  1352  1367 E HeatmapThread: !@ CAM New BSOH: 0
06-19 23:45:32.919  1593  3204 D SurfaceComposerClient: setCornerRadius ## 6bbfc8e com.android.settings/com.android.settings.SubSettings#34138 cornerRadius=0.000000
06-19 23:45:32.921  1362  1542 I SurfaceFlinger: id=35155 createSurf, flag=24000, Surface(name=b2ba1d5 NavigationBar0)/@0x108d35a - animation-leash of insets_animation#35155
06-19 23:45:32.921  1342  1382 V APM_AudioPolicyManager: setAppState(portId:24603, state:1)
06-19 23:45:32.922  3723 15925 D SecTileUtils: setMetaData key : Pair{com.samsung.android.app.telephonyui com.samsung.android.app.telephonyui.netsettings.ui.NetSettingsActivity} , categoryKey com.android.settings.category.ia.homepage
06-19 23:45:32.922  3723 15925 D SecTileUtils: META_DATA_SAMSUNG_TILE_ID/META_DATA_TILE_ID tile.tileId : mobile_networks
06-19 23:45:32.922  3723 15925 D SecTileUtils: META_DATA_PREFERENCE_SUPPORT tile.support : VZW,UPSM,KIOSKCONTAINER
06-19 23:45:32.922  3723 15925 I SecTileUtils: Sec Found com.samsung.android.themestore.activity.LauncherfromSetting for intent Intent { act=com.android.settings.MANUFACTURER_APPLICATION_SETTING } metadata Bundle[{com.android.settings.summary=2131886350, com.android.settings.support=Common,SkipMinimalBatteryUse,SkipDexMode, com.samsung.android.settings.menu.group=group2, com.samsung.android.settings.category=com.android.settings.category.ia.homepage, com.android.settings.order=-260000, com.android.settings.title=2131886436, com.android.settings.tileid=wallpapers_themes_settings, com.samsung.android.themestore.activity.meta.isMainActivity=true, com.android.settings.category=com.android.settings.category.device, com.android.settings.icon=2131230944}]
06-19 23:45:32.922  3723 15925 D SecTileUtils: setMetaData key : Pair{com.samsung.android.themestore com.samsung.android.themestore.activity.LauncherfromSetting} , categoryKey com.android.settings.category.ia.homepage
06-19 23:45:32.922  3723 15925 D SecTileUtils: META_DATA_SAMSUNG_TILE_ID/META_DATA_TILE_ID tile.tileId : wallpapers_themes_settings
06-19 23:45:32.922  3723 15925 D SecTileUtils: META_DATA_PREFERENCE_SUPPORT tile.support : Common,SkipMinimalBatteryUse,SkipDexMode
06-19 23:45:32.922  3723 15925 D SecTileUtils: setMetaData key : Pair{com.sec.android.app.launcher com.samsung.app.honeyspace.edge.edgepanel.app.setting.EdgeSettingMainActivity} , categoryKey com.android.settings.category.device
06-19 23:45:32.922  3723 15925 D SecTileUtils: META_DATA_SAMSUNG_TILE_ID/META_DATA_TILE_ID tile.tileId : edge_screen_settings
06-19 23:45:32.922  3723 15925 D SecTileUtils: META_DATA_PREFERENCE_SUPPORT tile.support : VZW
06-19 23:45:32.922  3723 15925 D SecTileUtils: setMetaData key : Pair{com.samsung.android.vtcamerasettings com.samsung.android.vtcamerasettings.settings.SettingsActivity} , categoryKey com.samsung.android.settings.category.ia.usefulfeatures
06-19 23:45:32.922  3723 15925 D SecTileUtils: META_DATA_SAMSUNG_TILE_ID/META_DATA_TILE_ID tile.tileId : Efectos de video
06-19 23:45:32.922  3723 15925 I Settings: com.sec.android.app.shealth is not signed with platform key.
06-19 23:45:32.922  3723 15925 D SecTileUtils: setMetaData key : Pair{com.sec.android.app.shealth com.samsung.android.app.shealth.home.settings.advanced.generativeinsight.HealthAssistSettingsActivity} , categoryKey com.samsung.android.settings.category.ia.intelligenceservice
06-19 23:45:32.922  3723 15925 D SecTileUtils: setMetaData key : Pair{com.samsung.android.app.dressroom com.samsung.android.app.dressroom.presentation.landing.AdvancedIntelligenceActivity} , categoryKey com.samsung.android.settings.category.ia.intelligenceservice
06-19 23:45:32.922  3723 15925 D SecTileUtils: setMetaData key : Pair{com.samsung.android.app.telephonyui com.samsung.android.app.telephonyui.callsettings.ui.preference.CallSettingsActivity} , categoryKey com.samsung.android.settings.category.ia.intelligenceservice
06-19 23:45:32.922  3723 15925 D SecTileUtils: setMetaData key : Pair{com.samsung.android.honeyboard com.samsung.android.honeyboard.settings.aiwriter.WritingAssistSettings} , categoryKey com.samsung.android.settings.category.ia.intelligenceservice
06-19 23:45:32.922  3723 15925 D SecTileUtils: setMetaData key : Pair{com.samsung.android.smartsuggestions com.samsung.android.smartsuggestions.briefsettings.BriefMainSettingsActivity} , categoryKey com.samsung.android.settings.category.ia.intelligenceservice
06-19 23:45:32.922  3723 15925 D SecTileUtils: setMetaData key : Pair{com.sec.android.app.vepreload com.sec.android.app.vepreload.singleedit.activity.AutoTrimSettingActivity} , categoryKey com.samsung.android.settings.category.ia.intelligentfeatures
06-19 23:45:32.922  3723 15925 D SecTileUtils: setMetaData key : Pair{com.sec.android.app.vepreload com.sec.android.app.vepreload.singleedit.activity.AudioEraserSettingActivity} , categoryKey com.samsung.android.settings.category.ia.intelligenceservice
06-19 23:45:32.922  3723 15925 D SecTileUtils: setMetaData key : Pair{com.sec.android.gallery3d com.samsung.android.gallery.settings.activity.EditSuggestionsActivity} , categoryKey com.samsung.android.settings.category.ia.intelligentfeatures
06-19 23:45:32.922  3723 15925 D SecTileUtils: setMetaData key : Pair{com.sec.android.mimage.photoretouching com.sec.android.mimage.photoretouching.BestFaceSettingsActivity} , categoryKey com.samsung.android.settings.category.ia.intelligentfeatures
06-19 23:45:32.922  3723 15925 D SecTileUtils: setMetaData key : Pair{com.sec.android.mimage.photoretouching com.sec.android.mimage.photoretouching.AIRemoverSettingsActivity} , categoryKey com.samsung.android.settings.category.ia.intelligentfeatures
06-19 23:45:32.922  3723 15925 D SecTileUtils: setMetaData key : Pair{com.samsung.android.app.notes com.samsung.android.support.senl.nt.app.settings.SettingsActivity} , categoryKey com.samsung.android.settings.category.ia.intelligenceservice
06-19 23:45:32.922  3723 15925 D SecTileUtils: setMetaData key : Pair{com.sec.android.app.sbrowser com.sec.android.app.sbrowser.settings.SettingsActivity} , categoryKey com.samsung.android.settings.category.ia.intelligenceservice
06-19 23:45:32.923  3723 15925 D SecTileUtils: setMetaData key : Pair{com.sec.android.app.sbrowser com.sec.android.app.sbrowser.settings.SettingsActivityIntelligentFeatures} , categoryKey com.samsung.android.settings.category.ia.intelligentfeatures
06-19 23:45:32.923  3723 15925 D SecTileUtils: setMetaData key : Pair{com.sec.android.app.voicenote com.sec.android.app.voicenote.activity.TranscriptionAssistActivity} , categoryKey com.samsung.android.settings.category.ia.intelligenceservice
06-19 23:45:32.923  3723 15925 I SecTileUtils: loadTilesForAction com.android.settings.action.EXTRA_SETTINGS
06-19 23:45:32.923  1362  1545 I SurfaceFlinger: id=35156 createSurf, flag=24000, Surface(name=a1a3f36 StatusBar)/@0x69ae81 - animation-leash of insets_animation#35156
06-19 23:45:32.923  3723 15925 D SecTileUtils: setMetaData key : Pair{com.google.android.gms com.google.android.gms.app.settings.GoogleSettingsLink} , categoryKey com.android.settings.category.personal
06-19 23:45:32.924  3723 15925 I SecTileUtils: loadTilesForAction com.android.settings.action.IA_SETTINGS
06-19 23:45:32.924  5754  5874 I Rubin   : [148] com.samsung.android.rubin.inferenceengine.contextanalytics.engine.monitors.moment.exercise.ExercisingWithCmhMonitor.isSatisfiedByCmh(Unknown Source) : isSatisfiedByCmh is false
06-19 23:45:32.925  1593  3204 I SystemKeyManager: requested systemKeyInfo size=1 focusedWindow=com.android.settings/com.android.settings.SubSettings
06-19 23:45:32.925  1593  3204 I WindowManager: Relayout hash=6bbfc8e, pid=3723, syncId=-1: mAttrs={(0,0)(fillxfill) sim={adjust=resize} layoutInDisplayCutoutMode=always ty=BASE_APPLICATION wanim=0x1030306
06-19 23:45:32.925  1593  3204 I WindowManager:   fl=81810100
06-19 23:45:32.925  1593  3204 I WindowManager:   pfl=10088840
06-19 23:45:32.925  1593  3204 I WindowManager:   bhv=1
06-19 23:45:32.925  1593  3204 I WindowManager:   fitSides=0
06-19 23:45:32.925  1593  3204 I WindowManager:   frameRateBoostOnTouch=true
06-19 23:45:32.925  1593  3204 I WindowManager:   dvrrWindowFrameRateHint=true naviIconColor=0
06-19 23:45:32.925  1593  3204 I WindowManager:   sfl=1}
06-19 23:45:32.926  2503  2503 D NavigationBar: onSystemBarAttributesChanged() -  displayId:0, appearance:16, packageName: com.android.settings (APPEARANCE_LIGHT_NAVIGATION_BARS ), navbarColorManagedByIme:false
06-19 23:45:32.926  3723  3723 I BLASTBufferQueue_Java: new BLASTBufferQueue, mName= VRI[SubSettings]@f0a4302 mNativeObject= 0xb40000707bc284b0 caller= android.view.ViewRootImpl.updateBlastSurfaceIfNeeded:3585 android.view.ViewRootImpl.relayoutWindow:11685 android.view.ViewRootImpl.performTraversals:4804 android.view.ViewRootImpl.doTraversal:3924 android.view.ViewRootImpl$TraversalRunnable.run:12903 android.view.Choreographer$CallbackRecord.run:1901 android.view.Choreographer$CallbackRecord.run:1910 android.view.Choreographer.doCallbacks:1367 android.view.Choreographer.doFrame:1292 android.view.Choreographer$FrameDisplayEventReceiver.run:1870
06-19 23:45:32.926  3723  3723 I BLASTBufferQueue_Java: update, w= 1080 h= 2340 mName = VRI[SubSettings]@f0a4302 mNativeObject= 0xb40000707bc284b0 sc.mNativeObject= 0xb400006f1bc137d0 format= -1 caller= android.view.ViewRootImpl.updateBlastSurfaceIfNeeded:3590 android.view.ViewRootImpl.relayoutWindow:11685 android.view.ViewRootImpl.performTraversals:4804 android.view.ViewRootImpl.doTraversal:3924 android.view.ViewRootImpl$TraversalRunnable.run:12903 android.view.Choreographer$CallbackRecord.run:1901
06-19 23:45:32.927  1362  1362 D SurfaceFlinger: Display 4633128672291735931 HWC layers:
06-19 23:45:32.927  1362  1362 D SurfaceFlinger:        CLIENT |           83124797046795 | 00002102 | RGBA_8888    |   33.0    0.0 1080.0 2340.0 |    0    0 1080 2340 | com.example.testeableapp/com.example.testeableapp.MainActivity$_19354#35135 (1)
06-19 23:45:32.927  1362  1362 D SurfaceFlinger:   SOLID_COLOR |                        0 | 00000000 | N/A          |    0.0    0.0    0.0    0.0 |    0    0 1080 2340 | DimTransitionLayer for Surface(name=Task=562)/@0x67a4678#35151 (0)
06-19 23:45:32.927  1362  1362 D SurfaceFlinger:        DEVICE |           83434034692104 | 00002102 | RGBA_8888    |    0.0    0.0  106.0 2340.0 |  974    0 1080 2340 | com.example.testeableapp.test/androi[...]tyInvoker$EmptyActivity$_19426#35147 (1)
06-19 23:45:32.927  1362  1362 D SurfaceFlinger:        DEVICE |           10750303185110 | 00002100 | RGBA_8888    |    0.0    0.0  106.0 2340.0 |  974    0 1080 2340 | Splash Screen com.example.testeableapp.test$_2503#35145 (1)
06-19 23:45:32.927  1362  1362 D SurfaceFlinger:        DEVICE |           10750303185019 | 00002100 | RGBA_8888    |    0.0    0.0 1080.0   77.0 |    0    0 1080   77 | StatusBar$_2503#111 (52370)
06-19 23:45:32.927  1362  1362 D SurfaceFlinger:        DEVICE |           12743167976380 | 00002100 | RGBA_88
06-19 23:45:32.927  1362  1362 D SurfaceFlinger: 88    |    0.0    0.0   67.0  342.0 | 1013  821 1080 1163 | com.sec.android.app.launcher/com.sam[...]l.app.CocktailBarService$_2967#35048 (1)
06-19 23:45:32.927  1362  1362 D SurfaceFlinger:        DEVICE |           10750303185001 | 00002100 | RGBA_8888    |    0.0    0.0 1080.0  135.0 |    0 2205 1080 2340 | NavigationBar0$_2503#107 (27265)
06-19 23:45:32.927  1362  1362 D SurfaceFlinger:        DEVICE |           70158290780193 | 00002100 | RGBA_8888    |    0.0    0.0 1080.0 2340.0 |    0    0 1080 2340 | EdgeLightingWindow$_16335#35072 (77)
06-19 23:45:32.927  1362  1362 D SurfaceFlinger:
06-19 23:45:32.927  3723  3723 I VRI[SubSettings]@f0a4302: Relayout returned: old=(0,0,1080,2340) new=(0,0,1080,2340) relayoutAsync=false req=(1080,2340)0 dur=12 res=0x3 s={true 0xb400006f8be11d00} ch=true seqId=0
06-19 23:45:32.927  1362  1437 D SurfaceFlinger: [input] setFocusedWindow: <null>
06-19 23:45:32.928  1362  1362 I SurfaceFlinger: destroyed Surface(name=b2ba1d5 NavigationBar0)/@0x108d35a - animation-leash of insets_animation#35148
06-19 23:45:32.928  1362  1362 I SurfaceFlinger: destroyed Surface(name=a1a3f36 StatusBar)/@0x69ae81 - animation-leash of insets_animation#35149
06-19 23:45:32.928  1362  1362 I SurfaceFlinger: [Surface(name=a1a3f36 StatusBar)/@0x69ae81 - animation-leash of insets_animation#35156] attach to parent LayerHierarchy{RequestedLayerState{WindowToken{2df28d1 type=2000 android.os.BinderProxy@248d75b}#101 parentId=17} 2 children}
06-19 23:45:32.928  1362  1362 I SurfaceFlinger: [Surface(name=b2ba1d5 NavigationBar0)/@0x108d35a - animation-leash of insets_animation#35155] attach to parent LayerHierarchy{RequestedLayerState{WindowToken{1db1eeb type=2019 android.os.BinderProxy@7119565}#94 parentId=34} 2 children}
06-19 23:45:32.928  1593  3758 D InputDispatcher: Once focus requested (0): <null>
06-19 23:45:32.928  1362  1362 I SurfaceFlinger: [com.android.settings/com.android.settings.SubSettings$_3723#35154] attach to parent LayerHierarchy{RequestedLayerState{6bbfc8e com.android.settings/com.android.settings.SubSettings#34138 parentId=34137} 1 children}
06-19 23:45:32.929  2503  2567 I VRI[test]@fd31c7: onActiveControlsChanged, removed=false, mAdded=true, caller=android.view.ViewRootImpl.handleInsetsControlChanged:3002 android.view.ViewRootImpl$ViewRootHandler.handleMessageImpl:8352 android.view.ViewRootImpl$ViewRootHandler.handleMessage:8301 android.os.Handler.dispatchMessage:110 android.os.Looper.loopOnce:273
06-19 23:45:32.929  3723  3723 D VRI[SubSettings]@f0a4302: mThreadedRenderer.initialize() mSurface={isValid=true 0xb400006f8be11d00} hwInitialized=true
06-19 23:45:32.930  3723  3723 D VRI[SubSettings]@f0a4302: reportNextDraw android.view.ViewRootImpl.performTraversals:5443 android.view.ViewRootImpl.doTraversal:3924 android.view.ViewRootImpl$TraversalRunnable.run:12903 android.view.Choreographer$CallbackRecord.run:1901 android.view.Choreographer$CallbackRecord.run:1910
06-19 23:45:32.930  3723  3723 D VRI[SubSettings]@f0a4302: Setup new sync=wmsSync-VRI[SubSettings]@f0a4302#76
06-19 23:45:32.930  3723  3723 I VRI[SubSettings]@f0a4302: Creating new active sync group VRI[SubSettings]@f0a4302#77
06-19 23:45:32.930  3723  3723 D VRI[SubSettings]@f0a4302: Start draw after previous draw not visible
06-19 23:45:32.930  3723  3723 D VRI[SubSettings]@f0a4302: registerCallbacksForSync syncBuffer=false
06-19 23:45:32.931  1362  1362 I Layer   : id=35148 Destroyed Surface(name=b2ba1d5 NavigationBar0)/@0x108d35a - animation-leash of insets_animation#35148
06-19 23:45:32.931  1362  1362 I Layer   : id=35149 Destroyed Surface(name=a1a3f36 StatusBar)/@0x69ae81 - animation-leash of insets_animation#35149
06-19 23:45:32.932  3723  3723 I View    : RoundedCornerOffset Pair{0 0}
06-19 23:45:32.934  3723  3967 D VRI[SubSettings]@f0a4302: Received frameDrawingCallback syncResult=0 frameNum=1.
06-19 23:45:32.934  3723  3967 I VRI[SubSettings]@f0a4302: mWNT: t=0xb400006f2bcdf190 mBlastBufferQueue=0xb40000707bc284b0 fn= 1 HdrRenderState mRenderHdrSdrRatio=1.0 caller= android.view.ViewRootImpl$12.onFrameDraw:15441 android.view.ThreadedRenderer$1.onFrameDraw:718 <bottom of call stack>
06-19 23:45:32.934  3723  3967 I VRI[SubSettings]@f0a4302: Setting up sync and frameCommitCallback
06-19 23:45:32.936  3723  3928 I BLASTBufferQueue: [VRI[SubSettings]@f0a4302#36](f:0,a:0,s:0) onFrameAvailable the first frame is available
06-19 23:45:32.936  3723  3928 I VRI[SubSettings]@f0a4302: Received frameCommittedCallback lastAttemptedDrawFrameNum=1 didProduceBuffer=true
06-19 23:45:32.936  3723  3723 D VRI[SubSettings]@f0a4302: reportDrawFinished seqId=0
06-19 23:45:32.937  1593  1663 D SurfaceComposerClient: setCornerRadius ## 6bbfc8e com.android.settings/com.android.settings.SubSettings#34138 cornerRadius=0.000000
06-19 23:45:32.937  2503  2503 I {OngoingActivityController}: onTaskFocusChanged but OA data is empty
06-19 23:45:32.938  1593  1663 D SurfaceComposerClient: setCornerRadius ## 6bbfc8e com.android.settings/com.android.settings.SubSettings#34138 cornerRadius=0.000000
06-19 23:45:32.938  1362  1376 I SurfaceFlinger: [com.android.settings/com.android.settings.SubSettings$_3723#35154] setTransactionState with the first frame. bufferData(ID: 15990163243177, frameNumber: 1)
06-19 23:45:32.938  1593  3204 W ParceledListSlice: Element #46 is 21592 bytes.
06-19 23:45:32.939  1275  1361 I HYPER-HAL: [RequestManager.cpp]releaseLocked(): Released ID : 1301711
06-19 23:45:32.939  1362  1376 I SurfaceFlinger: id=35157 createSurf, flag=84004, Transition Root: Task=513#35157
06-19 23:45:32.939  2967  3307 I HoneySpace.TopTaskSource: onTaskFocusChanged(): taskId = 513
06-19 23:45:32.940  3723 15925 D SecTileUtils: setMetaData key : Pair{com.google.android.gms com.google.android.gms.security.settings.VerifyAppsSettingsActivity} , categoryKey com.android.settings.category.ia.security
06-19 23:45:32.940  3723 15925 D SecTileUtils: setMetaData key : Pair{com.google.android.gms com.google.android.gms.mdm.settings.FindMyDeviceSettingsActivity} , categoryKey com.android.settings.category.ia.security
06-19 23:45:32.940  3723 15925 D SecTileUtils: setMetaData key : Pair{com.google.android.gms com.google.android.gms.update.SystemUpdateActivity} , categoryKey com.android.settings.category.ia.security
06-19 23:45:32.940  3723 15925 D SecTileUtils: setMetaData key : Pair{com.android.vending com.google.android.finsky.systemupdateactivity.SystemUpdateActivity} , categoryKey com.android.settings.category.ia.security
06-19 23:45:32.940  3723 15925 W SecTileUtils: Found com.google.android.apps.carrier.carrierwifi.appinfo.AppInfoSettingsActivity for intent Intent { act=com.android.settings.action.IA_SETTINGS } missing metadata com.android.settings.category
06-19 23:45:32.940  3723 15925 D SecTileUtils: setMetaData key : Pair{com.google.android.apps.restore com.google.android.apps.restore.restoreanytime.trampoline.Trampoline} , categoryKey com.android.settings.category.ia.accounts_and_backup
06-19 23:45:32.940  3723 15925 D SecTileUtils: setMetaData key : Pair{com.google.android.as com.google.android.apps.miphone.aiai.captions.settingsui.settingsactivity.CaptionsSettingsActivity} , categoryKey com.android.settings.category.ia.sound
06-19 23:45:32.940  3723 15925 D SecTileUtils: setMetaData key : Pair{com.google.android.as com.google.android.apps.miphone.aiai.settings.ui.user.AsiSettingsActivity} , categoryKey com.android.settings.category.ia.privacy
06-19 23:45:32.940  3723 15925 D SecTileUtils: setMetaData key : Pair{com.google.android.gms com.google.android.gms.accountsettings.ui.PrivacyHubActivityControlsActivity} , categoryKey com.android.settings.category.ia.privacy
06-19 23:45:32.940  3723 15925 D SecTileUtils: setMetaData key : Pair{com.google.android.gms com.google.android.gms.adsidentity.settings.AdsIdentityIaSettingsActivity} , categoryKey com.android.settings.category.ia.privacy
