06-19 23:45:29.680  2503  2557 I SurfaceControlRegistry: show, t=FinishTransaction_SyncId<2947> sc=Task=513, caller=android.view.SurfaceControl$Transaction.show:3557 com.android.wm.shell.transition.Transitions.dispatchReady:1330 com.android.wm.shell.transition.Transitions.onTransitionReady:251 com.android.wm.shell.transition.Transitions$TransitionPlayerImpl$$ExternalSyntheticLambda0.run:13 android.os.Handler.handleCallback:995 android.os.Handler.dispatchMessage:103
06-19 23:45:29.681  2503  2557 I SurfaceControlRegistry: apply, t=FinishTransaction_SyncId<2946>, caller=android.view.SurfaceControl$Transaction.apply:3459 android.view.SurfaceControl$Transaction.apply:3447 android.view.SurfaceControl$Transaction.apply:3397 com.android.wm.shell.transition.Transitions.onFinish:315 com.android.wm.shell.transition.Transitions$$ExternalSyntheticLambda7.onTransitionFinished:12 com.android.wm.shell.transition.DefaultTransitionHandler$$ExternalSyntheticLambda2.run:36
06-19 23:45:29.683 14303 14605 I Routine@Core[4.9.04.13]: MigrationParser: getMigrationData rawMigrationData : [vibrate_once, custom_key_v3, aircommand_open_with_pen, text_to_speech, unlock_with_finger_print, edge_panel_routine_v3, edge_panel_routine_v3, data_saver_routine]
06-19 23:45:29.684 14303 14605 I Routine@Core[4.9.04.13]: MigrationParser: getMemoryMigrationData rawMemoryMigrationData : [motion_smoothness_v3, motion_smoothness_and_screen_resolution_v3, cover_screen_motion_smoothness_v3, brightness_v3, font_size_v3, screen_zoom_v3, screen_layout_and_zoom_v3, screen_resolution_v3, screen_timeout_v3, rotation_screen_v3, multi_window_tray_v3, dark_mode_v3, bixby_text_command_v3, bixby_quick_command_v3, bixby_voice_wake_up_v3, spotify_playlist_v3, play_media_v3, launch_app_v3, close_app_v3, separate_app_sound_v3, dnd_mode_on_v3, custom_notification_v3, hard_key_v3, quick_decline_message_v3, quick_decline_message_v3, video_enhancer_v3, bluetooth_on_v3, instant_session_v3, airplane_mode_on_v3, mobile_network_mode_setting_v3, mobile_data_on_v3, hotspot_on_v3, gps_on_v3, auto_data_sync_v3, sound_sdk3, vibrate_once, connect_url_sdk3, wifi_on_sdk3, lockscreen_shortcut_v3, launch_app_v3, launch_game_v3, samsung_health_during_exercise_v3, samsung_health_during_exercise_when_starting_v3, notification_with_keyword_v3, specify_wifi_v3, wifi_rssi_v3, specify_bluetooth_v3, specify_bluetooth_only_connected_v3, nfc_tagged_v3, airplane_mode_v3, specific_time_v3, time_v3, plugin_gps_location_v3, plugin_gps_location_only_arrived_v3, calling_v3, during_call_v3, connected_headset_v3, plugged_battery_v3, battery_condition_v3, dex_mode_on_v3, fold_state_v3, ringer_mode_v3, night_mode_v3, wifi_on_sdk3]
06-19 23:45:29.684 14303 14605 I Routine@Core[4.9.04.13]: RoutineDataMigrator: isAvailableToMigrate() newPackageName:com.samsung.android.app.routines, newTag:read_notifications, isAvailableToMigrate:true
06-19 23:45:29.684 14303 14605 I Routine@Core[4.9.04.13]: RoutineDataMigrator: isAvailableToMigrate() newPackageName:com.samsung.android.app.routines, newTag:flashlight, isAvailableToMigrate:true
06-19 23:45:29.684 14303 14605 I Routine@Core[4.9.04.13]: RoutineDataMigrator: isAvailableToMigrate() newPackageName:com.samsung.android.app.routines, newTag:message_received, isAvailableToMigrate:false
06-19 23:45:29.684 14303 14605 I Routine@Core[4.9.04.13]: RoutineDataMigrator: isAvailableToMigrate() newPackageName:com.samsung.android.app.routines, newTag:message_received, isAvailableToMigrate:false
06-19 23:45:29.684 14303 14605 I Routine@Core[4.9.04.13]: RoutineDataMigrator: isAvailableToMigrate() newPackageName:com.samsung.android.app.aodservice, newTag:aod_main_setting, isAvailableToMigrate:true
06-19 23:45:29.684 14303 14605 I Routine@Core[4.9.04.13]: RoutineDataMigrator: isAvailableToMigrate() newPackageName:com.android.settings, newTag:sec_eye_comfort_shield_routine, isAvailableToMigrate:true
06-19 23:45:29.684 14303 14605 I Routine@Core[4.9.04.13]: RoutineDataMigrator: isAvailableToMigrate() newPackageName:com.samsung.android.app.routines, newTag:control_smartthings_not_reversible, isAvailableToMigrate:true
06-19 23:45:29.684 14303 14605 I Routine@Core[4.9.04.13]: RoutineDataMigrator: isAvailableToMigrate() newPackageName:com.samsung.android.app.routines, newTag:control_smartthings_not_reversible, isAvailableToMigrate:true
06-19 23:45:29.684 14303 14605 I Routine@Core[4.9.04.13]: RoutineDataMigrator: isAvailableToMigrate() newPackageName:com.android.settings, newTag:accessibility_color_correction, isAvailableToMigrate:true
06-19 23:45:29.684 14303 14605 I Routine@Core[4.9.04.13]: RoutineDataMigrator: isAvailableToMigrate() newPackageName:com.samsung.android.lool, newTag:dc_power_mode_action, isAvailableToMigrate:true
06-19 23:45:29.684 14303 14605 I Routine@Core[4.9.04.13]: RoutineDataMigrator: isAvailableToMigrate() newPackageName:com.samsung.accessibility, newTag:accessibility_amplify_ambient_sound, isAvailableToMigrate:true
06-19 23:45:29.684 14303 14605 I Routine@Core[4.9.04.13]: RoutineDataMigrator: isAvailableToMigrate() newPackageName:com.android.settings, newTag:accessibility_camera_flash, isAvailableToMigrate:true
06-19 23:45:29.684 14303 14605 I Routine@Core[4.9.04.13]: RoutineDataMigrator: isAvailableToMigrate() newPackageName:com.android.settings, newTag:accessibility_color_correction, isAvailableToMigrate:true
06-19 23:45:29.685 14303 14605 I Routine@Core[4.9.04.13]: RoutineDataMigrator: isAvailableToMigrate() newPackageName:com.android.settings, newTag:accessibility_color_filter, isAvailableToMigrate:true
06-19 23:45:29.685 14303 14605 I Routine@Core[4.9.04.13]: RoutineDataMigrator: isAvailableToMigrate() newPackageName:com.android.settings, newTag:accessibility_color_inversion, isAvailableToMigrate:true
06-19 23:45:29.685 14303 14605 I Routine@Core[4.9.04.13]: RoutineDataMigrator: isAvailableToMigrate() newPackageName:com.android.settings, newTag:accessibility_extra_dim, isAvailableToMigrate:true
06-19 23:45:29.685 14303 14605 I Routine@Core[4.9.04.13]: RoutineDataMigrator: isAvailableToMigrate() newPackageName:com.android.settings, newTag:accessibility_live_caption, isAvailableToMigrate:true
06-19 23:45:29.685 14303 14605 I Routine@Core[4.9.04.13]: RoutineDataMigrator: isAvailableToMigrate() newPackageName:com.android.settings, newTag:accessibility_mono_audio, isAvailableToMigrate:true
06-19 23:45:29.685 14303 14605 I Routine@Core[4.9.04.13]: RoutineDataMigrator: isAvailableToMigrate() newPackageName:com.android.settings, newTag:accessibility_mute_all_sounds, isAvailableToMigrate:true
06-19 23:45:29.685 14303 14605 I Routine@Core[4.9.04.13]: RoutineDataMigrator: isAvailableToMigrate() newPackageName:com.android.settings, newTag:accessibility_screen_flash, isAvailableToMigrate:true
06-19 23:45:29.685 14303 14605 I Routine@Core[4.9.04.13]: RoutineDataMigrator: isAvailableToMigrate() newPackageName:com.android.settings, newTag:accessibility_sound_balance, isAvailableToMigrate:true
06-19 23:45:29.685 14303 14605 I Routine@Core[4.9.04.13]: RoutineDataMigrator: isAvailableToMigrate() newPackageName:com.samsung.android.waterplugin, newTag:watch_theater_mode, isAvailableToMigrate:false
06-19 23:45:29.685 14303 14605 I Routine@Core[4.9.04.13]: RoutineDataMigrator: isAvailableToMigrate() newPackageName:com.samsung.android.heartplugin, newTag:watch_theater_mode, isAvailableToMigrate:false
06-19 23:45:29.685 14303 14605 I Routine@Core[4.9.04.13]: RoutineDataMigrator: isAvailableToMigrate() newPackageName:com.samsung.android.lool, newTag:dc_enhanced_processing, isAvailableToMigrate:false
06-19 23:45:29.685 14303 14605 I Routine@Core[4.9.04.13]: RoutineDataMigrator: isAvailableToMigrate() newPackageName:com.samsung.android.lool, newTag:dc_fast_cable_charging, isAvailableToMigrate:true
06-19 23:45:29.685 14303 14605 I Routine@Core[4.9.04.13]: RoutineDataMigrator: isAvailableToMigrate() newPackageName:com.samsung.android.lool, newTag:dc_fast_wireless_charging, isAvailableToMigrate:false
06-19 23:45:29.685 14303 14605 I Routine@Core[4.9.04.13]: RoutineDataMigrator: isAvailableToMigrate() newPackageName:com.samsung.android.lool, newTag:dc_processing_speed, isAvailableToMigrate:false
06-19 23:45:29.685 14303 14605 I Routine@Core[4.9.04.13]: RoutineDataMigrator: isAvailableToMigrate() newPackageName:com.samsung.android.lool, newTag:dc_protect_battery, isAvailableToMigrate:true
06-19 23:45:29.685 14303 14605 I Routine@Core[4.9.04.13]: RoutineDataMigrator: isAvailableToMigrate() newPackageName:com.samsung.android.lool, newTag:dc_super_fast_cable_charging, isAvailableToMigrate:false
06-19 23:45:29.685 14303 14605 I Routine@Core[4.9.04.13]: RoutineDataMigrator: isAvailableToMigrate() newPackageName:com.samsung.android.sm_cn, newTag:dc_enhanced_processing, isAvailableToMigrate:false
06-19 23:45:29.685 14303 14605 I Routine@Core[4.9.04.13]: RoutineDataMigrator: isAvailableToMigrate() newPackageName:com.samsung.android.sm_cn, newTag:dc_fast_cable_charging, isAvailableToMigrate:false
06-19 23:45:29.685 14303 14605 I Routine@Core[4.9.04.13]: RoutineDataMigrator: isAvailableToMigrate() newPackageName:com.samsung.android.sm_cn, newTag:dc_fast_wireless_charging, isAvailableToMigrate:false
06-19 23:45:29.685 14303 14605 I Routine@Core[4.9.04.13]: RoutineDataMigrator: isAvailableToMigrate() newPackageName:com.samsung.android.sm_cn, newTag:dc_power_mode_action, isAvailableToMigrate:false
06-19 23:45:29.685 14303 14605 I Routine@Core[4.9.04.13]: RoutineDataMigrator: isAvailableToMigrate() newPackageName:com.samsung.android.sm_cn, newTag:dc_processing_speed, isAvailableToMigrate:false
06-19 23:45:29.685 14303 14605 I Routine@Core[4.9.04.13]: RoutineDataMigrator: isAvailableToMigrate() newPackageName:com.samsung.android.sm_cn, newTag:dc_protect_battery, isAvailableToMigrate:false
06-19 23:45:29.685 14303 14605 I Routine@Core[4.9.04.13]: RoutineDataMigrator: isAvailableToMigrate() newPackageName:com.samsung.android.sm_cn, newTag:dc_super_fast_cable_charging, isAvailableToMigrate:false
06-19 23:45:29.685 14303 14605 I Routine@Core[4.9.04.13]: RoutineDataMigrator: isAvailableToMigrate() newPackageName:com.samsung.android.app.dressroom, newTag:change_lock_screen_wallpaper_profile, isAvailableToMigrate:true
06-19 23:45:29.685 14303 14605 I Routine@Core[4.9.04.13]: RoutineDataMigrator: deprecateOldTag() should not deprecate oldTag(lockscreen_shortcut
06-19 23:45:29.685 14303 14605 I Routine@Core[4.9.04.13]: RoutineDataMigrator: isAvailableToMigrate() newPackageName:com.samsung.android.app.routines, newTag:nfc_on_off, isAvailableToMigrate:true
06-19 23:45:29.686 14303 14605 I Routine@Core[4.9.04.13]: RoutineDataMigrator: isAvailableToMigrate() newPackageName:com.sec.android.app.launcher, newTag:edge_panel, isAvailableToMigrate:false
06-19 23:45:29.686 14303 14605 I Routine@Core[4.9.04.13]: RoutineDataMigrator: isAvailableToMigrate() newPackageName:com.android.settings, newTag:as_dialing_keypad_tones, isAvailableToMigrate:true
06-19 23:45:29.686 14303 14605 I Routine@Core[4.9.04.13]: RoutineDataMigrator: isAvailableToMigrate() newPackageName:com.android.settings, newTag:as_keyboard_sound, isAvailableToMigrate:true
06-19 23:45:29.686 14303 14605 I Routine@Core[4.9.04.13]: RoutineDataMigrator: isAvailableToMigrate() newPackageName:com.android.settings, newTag:as_keyboard_vibration, isAvailableToMigrate:true
06-19 23:45:29.686 14303 14605 I Routine@Core[4.9.04.13]: RoutineDataMigrator: isAvailableToMigrate() newPackageName:com.android.settings, newTag:as_media_volume, isAvailableToMigrate:true
06-19 23:45:29.686 14303 14605 I Routine@Core[4.9.04.13]: RoutineDataMigrator: isAvailableToMigrate() newPackageName:com.android.settings, newTag:as_volume, isAvailableToMigrate:true
06-19 23:45:29.686 14303 14605 I Routine@Core[4.9.04.13]: RoutineDataMigrator: isAvailableToMigrate() newPackageName:com.sec.android.app.clockpackage, newTag:appfunction://com.sec.android.app.clockpackage.crossappactions#StopwatchCrossAppFunctions_startStopwatch, isAvailableToMigrate:true
06-19 23:45:29.686 14303 14605 I Routine@Core[4.9.04.13]: RoutineDataMigrator: isAvailableToMigrate() newPackageName:com.sec.android.app.launcher, newTag:samsung_dex, isAvailableToMigrate:true
06-19 23:45:29.686 14303 14605 I Routine@Core[4.9.04.13]: RoutineDataMigrator: isAvailableToMigrate() newPackageName:com.samsung.android.secondscreen, newTag:second_screen_condition_tag, isAvailableToMigrate:false
06-19 23:45:29.686 14303 14605 I Routine@Core[4.9.04.13]: RoutineDataMigrator: isAvailableToMigrate() newPackageName:com.samsung.android.app.routines, newTag:vibrate_once, isAvailableToMigrate:true
06-19 23:45:29.686 14303 14605 I Routine@Core[4.9.04.13]: RoutineDataMigrator: isAvailableToMigrate() newPackageName:com.samsung.android.app.routineplus, newTag:custom_key_v3, isAvailableToMigrate:false
06-19 23:45:29.686 14303 14605 I Routine@Core[4.9.04.13]: RoutineDataMigrator: isAvailableToMigrate() newPackageName:com.samsung.android.service.aircommand, newTag:aircommand_open_with_pen, isAvailableToMigrate:false
06-19 23:45:29.686 14303 14605 I Routine@Core[4.9.04.13]: RoutineDataMigrator: isAvailableToMigrate() newPackageName:com.samsung.android.app.routines, newTag:text_to_speech, isAvailableToMigrate:true
06-19 23:45:29.686 14303 14605 I Routine@Core[4.9.04.13]: RoutineDataMigrator: isAvailableToMigrate() newPackageName:com.samsung.android.app.routines, newTag:unlock_with_finger_print, isAvailableToMigrate:true
06-19 23:45:29.686 14303 14605 I Routine@Core[4.9.04.13]: RoutineDataMigrator: isAvailableToMigrate() newPackageName:com.sec.android.app.launcher, newTag:edge_panel_routine_v3, isAvailableToMigrate:true
06-19 23:45:29.686 14303 14605 I Routine@Core[4.9.04.13]: RoutineDataMigrator: isAvailableToMigrate() newPackageName:com.sec.android.app.launcher, newTag:edge_panel_routine_v3, isAvailableToMigrate:true
06-19 23:45:29.686 14303 14605 I Routine@Core[4.9.04.13]: RoutineDataMigrator: isAvailableToMigrate() newPackageName:com.android.settings, newTag:data_saver_routine, isAvailableToMigrate:true
06-19 23:45:29.686 14303 14605 I Routine@Core[4.9.04.13]: RoutineDataMigrator: isAvailableToMigrate() newPackageName:com.samsung.android.app.routines, newTag:motion_smoothness_v3, isAvailableToMigrate:true
06-19 23:45:29.686 14303 14605 I Routine@Core[4.9.04.13]: RoutineDataMigrator: isAvailableToMigrate() newPackageName:com.samsung.android.app.routines, newTag:motion_smoothness_and_screen_resolution_v3, isAvailableToMigrate:false
06-19 23:45:29.686 14303 14605 I Routine@Core[4.9.04.13]: RoutineDataMigrator: isAvailableToMigrate() newPackageName:com.samsung.android.app.routines, newTag:cover_screen_motion_smoothness_v3, isAvailableToMigrate:false
06-19 23:45:29.687 14303 14605 I Routine@Core[4.9.04.13]: RoutineDataMigrator: isAvailableToMigrate() newPackageName:com.samsung.android.app.routines, newTag:brightness_v3, isAvailableToMigrate:true
06-19 23:45:29.687 14303 14605 I Routine@Core[4.9.04.13]: RoutineDataMigrator: isAvailableToMigrate() newPackageName:com.samsung.android.app.routines, newTag:font_size_v3, isAvailableToMigrate:true
06-19 23:45:29.687 14303 14605 I Routine@Core[4.9.04.13]: RoutineDataMigrator: isAvailableToMigrate() newPackageName:com.samsung.android.app.routines, newTag:screen_zoom_v3, isAvailableToMigrate:true
06-19 23:45:29.687 14303 14605 I Routine@Core[4.9.04.13]: RoutineDataMigrator: isAvailableToMigrate() newPackageName:com.samsung.android.app.routines, newTag:screen_layout_and_zoom_v3, isAvailableToMigrate:false
06-19 23:45:29.687 14303 14605 I Routine@Core[4.9.04.13]: RoutineDataMigrator: isAvailableToMigrate() newPackageName:com.samsung.android.app.routines, newTag:screen_resolution_v3, isAvailableToMigrate:false
06-19 23:45:29.687 14303 14605 I Routine@Core[4.9.04.13]: RoutineDataMigrator: isAvailableToMigrate() newPackageName:com.samsung.android.app.routines, newTag:screen_timeout_v3, isAvailableToMigrate:true
06-19 23:45:29.687 14303 14605 I Routine@Core[4.9.04.13]: RoutineDataMigrator: isAvailableToMigrate() newPackageName:com.samsung.android.app.routines, newTag:rotation_screen_v3, isAvailableToMigrate:true
06-19 23:45:29.687 14303 14605 I Routine@Core[4.9.04.13]: RoutineDataMigrator: isAvailableToMigrate() newPackageName:com.samsung.android.app.routines, newTag:multi_window_tray_v3, isAvailableToMigrate:false
06-19 23:45:29.687 14303 14605 I Routine@Core[4.9.04.13]: RoutineDataMigrator: isAvailableToMigrate() newPackageName:com.samsung.android.app.routines, newTag:dark_mode_v3, isAvailableToMigrate:true
06-19 23:45:29.687 14303 14605 I Routine@Core[4.9.04.13]: RoutineDataMigrator: isAvailableToMigrate() newPackageName:com.samsung.android.app.routines, newTag:bixby_text_command_v3, isAvailableToMigrate:false
06-19 23:45:29.687 14303 14605 I Routine@Core[4.9.04.13]: RoutineDataMigrator: isAvailableToMigrate() newPackageName:com.samsung.android.app.routines, newTag:bixby_quick_command_v3, isAvailableToMigrate:false
06-19 23:45:29.687 14303 14605 I Routine@Core[4.9.04.13]: RoutineDataMigrator: isAvailableToMigrate() newPackageName:com.samsung.android.app.routines, newTag:bixby_voice_wake_up_v3, isAvailableToMigrate:false
06-19 23:45:29.687 14303 14605 I Routine@Core[4.9.04.13]: RoutineDataMigrator: isAvailableToMigrate() newPackageName:com.samsung.android.app.routines, newTag:spotify_playlist_v3, isAvailableToMigrate:true
06-19 23:45:29.687 14303 14605 I Routine@Core[4.9.04.13]: RoutineDataMigrator: isAvailableToMigrate() newPackageName:com.samsung.android.app.routines, newTag:play_media_v3, isAvailableToMigrate:true
06-19 23:45:29.687 14303 14605 I Routine@Core[4.9.04.13]: RoutineDataMigrator: isAvailableToMigrate() newPackageName:com.samsung.android.app.routines, newTag:launch_app_v3, isAvailableToMigrate:true
06-19 23:45:29.687 14303 14605 I Routine@Core[4.9.04.13]: RoutineDataMigrator: isAvailableToMigrate() newPackageName:com.samsung.android.app.routines, newTag:close_app_v3, isAvailableToMigrate:true
06-19 23:45:29.688 14303 14605 I Routine@Core[4.9.04.13]: RoutineDataMigrator: isAvailableToMigrate() newPackageName:com.samsung.android.app.routines, newTag:separate_app_sound_v3, isAvailableToMigrate:true
06-19 23:45:29.688 14303 14605 I Routine@Core[4.9.04.13]: RoutineDataMigrator: isAvailableToMigrate() newPackageName:com.samsung.android.app.routines, newTag:dnd_mode_on_v3, isAvailableToMigrate:true
06-19 23:45:29.689 14303 14605 I Routine@Core[4.9.04.13]: RoutineDataMigrator: isAvailableToMigrate() newPackageName:com.samsung.android.app.routines, newTag:custom_notification_v3, isAvailableToMigrate:true
06-19 23:45:29.689 14303 14605 I Routine@Core[4.9.04.13]: RoutineDataMigrator: isAvailableToMigrate() newPackageName:com.samsung.android.app.routines, newTag:hard_key_v3, isAvailableToMigrate:true
06-19 23:45:29.689 14303 14605 I Routine@Core[4.9.04.13]: RoutineDataMigrator: isAvailableToMigrate() newPackageName:com.samsung.android.app.routines, newTag:quick_decline_message_v3, isAvailableToMigrate:true
06-19 23:45:29.689 14303 14605 I Routine@Core[4.9.04.13]: RoutineDataMigrator: isAvailableToMigrate() newPackageName:com.samsung.android.app.routines, newTag:quick_decline_message_v3, isAvailableToMigrate:true
06-19 23:45:29.689 14303 14605 I Routine@Core[4.9.04.13]: RoutineDataMigrator: isAvailableToMigrate() newPackageName:com.samsung.android.app.routines, newTag:video_enhancer_v3, isAvailableToMigrate:false
06-19 23:45:29.689 14303 14605 I Routine@Core[4.9.04.13]: RoutineDataMigrator: isAvailableToMigrate() newPackageName:com.samsung.android.app.routines, newTag:bluetooth_on_v3, isAvailableToMigrate:true
06-19 23:45:29.689 14303 14605 I Routine@Core[4.9.04.13]: RoutineDataMigrator: isAvailableToMigrate() newPackageName:com.samsung.android.app.routines, newTag:instant_session_v3, isAvailableToMigrate:true
06-19 23:45:29.689 14303 14605 I Routine@Core[4.9.04.13]: RoutineDataMigrator: isAvailableToMigrate() newPackageName:com.samsung.android.app.routines, newTag:airplane_mode_on_v3, isAvailableToMigrate:true
06-19 23:45:29.689 14303 14605 I Routine@Core[4.9.04.13]: RoutineDataMigrator: isAvailableToMigrate() newPackageName:com.samsung.android.app.routines, newTag:mobile_network_mode_setting_v3, isAvailableToMigrate:true
06-19 23:45:29.689 14303 14605 I Routine@Core[4.9.04.13]: RoutineDataMigrator: isAvailableToMigrate() newPackageName:com.samsung.android.app.routines, newTag:mobile_data_on_v3, isAvailableToMigrate:true
06-19 23:45:29.689 14303 14605 I Routine@Core[4.9.04.13]: RoutineDataMigrator: isAvailableToMigrate() newPackageName:com.samsung.android.app.routines, newTag:hotspot_on_v3, isAvailableToMigrate:true
06-19 23:45:29.689 14303 14605 I Routine@Core[4.9.04.13]: RoutineDataMigrator: isAvailableToMigrate() newPackageName:com.samsung.android.app.routines, newTag:gps_on_v3, isAvailableToMigrate:true
06-19 23:45:29.689 14303 14605 I Routine@Core[4.9.04.13]: RoutineDataMigrator: isAvailableToMigrate() newPackageName:com.samsung.android.app.routines, newTag:auto_data_sync_v3, isAvailableToMigrate:true
06-19 23:45:29.689 14303 14605 I Routine@Core[4.9.04.13]: RoutineDataMigrator: isAvailableToMigrate() newPackageName:com.samsung.android.app.routines, newTag:sound_sdk3, isAvailableToMigrate:true
06-19 23:45:29.689 14303 14605 I Routine@Core[4.9.04.13]: RoutineDataMigrator: isAvailableToMigrate() newPackageName:com.samsung.android.app.routines, newTag:vibrate_once, isAvailableToMigrate:true
06-19 23:45:29.689 14303 14605 I Routine@Core[4.9.04.13]: RoutineDataMigrator: isAvailableToMigrate() newPackageName:com.samsung.android.app.routines, newTag:connect_url_sdk3, isAvailableToMigrate:true
06-19 23:45:29.689 14303 14605 I Routine@Core[4.9.04.13]: RoutineDataMigrator: isAvailableToMigrate() newPackageName:com.samsung.android.app.routines, newTag:wifi_on_sdk3, isAvailableToMigrate:true
06-19 23:45:29.689 14303 14605 I Routine@Core[4.9.04.13]: RoutineDataMigrator: isAvailableToMigrate() newPackageName:com.samsung.android.app.routines, newTag:lockscreen_shortcut_v3, isAvailableToMigrate:true
06-19 23:45:29.689 14303 14605 I Routine@Core[4.9.04.13]: RoutineDataMigrator: isAvailableToMigrate() newPackageName:com.samsung.android.app.routines, newTag:launch_app_v3, isAvailableToMigrate:true
06-19 23:45:29.689 14303 14605 I Routine@Core[4.9.04.13]: RoutineDataMigrator: isAvailableToMigrate() newPackageName:com.samsung.android.app.routines, newTag:launch_game_v3, isAvailableToMigrate:true
06-19 23:45:29.690 14303 14605 I Routine@Core[4.9.04.13]: RoutineDataMigrator: isAvailableToMigrate() newPackageName:com.samsung.android.app.routines, newTag:samsung_health_during_exercise_v3, isAvailableToMigrate:true
06-19 23:45:29.690 14303 14605 I Routine@Core[4.9.04.13]: RoutineDataMigrator: isAvailableToMigrate() newPackageName:com.samsung.android.app.routines, newTag:samsung_health_during_exercise_when_starting_v3, isAvailableToMigrate:true
06-19 23:45:29.690 14303 14605 I Routine@Core[4.9.04.13]: RoutineDataMigrator: isAvailableToMigrate() newPackageName:com.samsung.android.app.routines, newTag:notification_with_keyword_v3, isAvailableToMigrate:true
06-19 23:45:29.690 14303 14605 I Routine@Core[4.9.04.13]: RoutineDataMigrator: isAvailableToMigrate() newPackageName:com.samsung.android.app.routines, newTag:specify_wifi_v3, isAvailableToMigrate:true
06-19 23:45:29.690 14303 14605 I Routine@Core[4.9.04.13]: RoutineDataMigrator: isAvailableToMigrate() newPackageName:com.samsung.android.app.routines, newTag:wifi_rssi_v3, isAvailableToMigrate:true
06-19 23:45:29.690 14303 14605 I Routine@Core[4.9.04.13]: RoutineDataMigrator: isAvailableToMigrate() newPackageName:com.samsung.android.app.routines, newTag:specify_bluetooth_v3, isAvailableToMigrate:true
06-19 23:45:29.690 14303 14605 I Routine@Core[4.9.04.13]: RoutineDataMigrator: isAvailableToMigrate() newPackageName:com.samsung.android.app.routines, newTag:specify_bluetooth_only_connected_v3, isAvailableToMigrate:true
06-19 23:45:29.690 14303 14605 I Routine@Core[4.9.04.13]: RoutineDataMigrator: isAvailableToMigrate() newPackageName:com.samsung.android.app.routines, newTag:nfc_tagged_v3, isAvailableToMigrate:true
06-19 23:45:29.690 14303 14605 I Routine@Core[4.9.04.13]: RoutineDataMigrator: isAvailableToMigrate() newPackageName:com.samsung.android.app.routines, newTag:airplane_mode_v3, isAvailableToMigrate:true
06-19 23:45:29.690 14303 14605 I Routine@Core[4.9.04.13]: RoutineDataMigrator: isAvailableToMigrate() newPackageName:com.samsung.android.app.routines, newTag:specific_time_v3, isAvailableToMigrate:true
06-19 23:45:29.690 14303 14605 I Routine@Core[4.9.04.13]: RoutineDataMigrator: isAvailableToMigrate() newPackageName:com.samsung.android.app.routines, newTag:time_v3, isAvailableToMigrate:true
06-19 23:45:29.690 14303 14605 I Routine@Core[4.9.04.13]: RoutineDataMigrator: isAvailableToMigrate() newPackageName:com.samsung.android.app.routines, newTag:plugin_gps_location_v3, isAvailableToMigrate:true
06-19 23:45:29.690 14303 14605 I Routine@Core[4.9.04.13]: RoutineDataMigrator: isAvailableToMigrate() newPackageName:com.samsung.android.app.routines, newTag:plugin_gps_location_only_arrived_v3, isAvailableToMigrate:false
06-19 23:45:29.690 14303 14605 I Routine@Core[4.9.04.13]: RoutineDataMigrator: isAvailableToMigrate() newPackageName:com.samsung.android.app.routines, newTag:calling_v3, isAvailableToMigrate:true
06-19 23:45:29.690 14303 14605 I Routine@Core[4.9.04.13]: RoutineDataMigrator: isAvailableToMigrate() newPackageName:com.samsung.android.app.routines, newTag:during_call_v3, isAvailableToMigrate:true
06-19 23:45:29.690 14303 14605 I Routine@Core[4.9.04.13]: RoutineDataMigrator: isAvailableToMigrate() newPackageName:com.samsung.android.app.routines, newTag:connected_headset_v3, isAvailableToMigrate:true
06-19 23:45:29.690 14303 14605 I Routine@Core[4.9.04.13]: RoutineDataMigrator: isAvailableToMigrate() newPackageName:com.samsung.android.app.routines, newTag:plugged_battery_v3, isAvailableToMigrate:true
06-19 23:45:29.690 14303 14605 I Routine@Core[4.9.04.13]: RoutineDataMigrator: isAvailableToMigrate() newPackageName:com.samsung.android.app.routines, newTag:battery_condition_v3, isAvailableToMigrate:true
06-19 23:45:29.690 14303 14605 I Routine@Core[4.9.04.13]: RoutineDataMigrator: isAvailableToMigrate() newPackageName:com.samsung.android.app.routines, newTag:dex_mode_on_v3, isAvailableToMigrate:false
06-19 23:45:29.690 14303 14605 I Routine@Core[4.9.04.13]: RoutineDataMigrator: isAvailableToMigrate() newPackageName:com.samsung.android.app.routines, newTag:fold_state_v3, isAvailableToMigrate:false
06-19 23:45:29.690 14303 14605 I Routine@Core[4.9.04.13]: RoutineDataMigrator: isAvailableToMigrate() newPackageName:com.samsung.android.app.routines, newTag:ringer_mode_v3, isAvailableToMigrate:true
06-19 23:45:29.690 14303 14605 I Routine@Core[4.9.04.13]: RoutineDataMigrator: isAvailableToMigrate() newPackageName:com.samsung.android.app.routines, newTag:night_mode_v3, isAvailableToMigrate:true
06-19 23:45:29.690 14303 14605 I Routine@Core[4.9.04.13]: RoutineDataMigrator: isAvailableToMigrate() newPackageName:com.samsung.android.app.routines, newTag:wifi_on_sdk3, isAvailableToMigrate:true
06-19 23:45:29.690 14303 14605 I Routine@Core[4.9.04.13]: RoutineDataMigrator: isAvailableToMigrate() newPackageName:com.samsung.android.app.routines, newTag:show_action_list, isAvailableToMigrate:true
06-19 23:45:29.690 14303 14605 I Routine@Core[4.9.04.13]: RoutineDataMigrator: deprecateOldTag() should not deprecate oldTag(show_action_list
06-19 23:45:29.690 14303 14605 I Routine@Core[4.9.04.13]: RoutineDataMigrator: migration - end, results = []
06-19 23:45:29.691 14303 14461 I Routine@Core[4.9.04.13]: WatchMetaUpdateRequester: asyncRequestUpdateMetaToWatch
06-19 23:45:29.692 14303 14461 I Routine@Core[4.9.04.13]: GooglePlayServiceChecker: isPackageEnabled: com.google.android.gms - result(true)
06-19 23:45:29.694  1328  1328 E SecVibrator-HAL-AIDL-CORE: V_2_0: Vibrator off
06-19 23:45:29.694  1328  1328 E SecVibrator-HAL-AIDL-CORE: HW_API: do_off
06-19 23:45:29.694  1328  1328 E SecVibrator-HAL-AIDL-CORE: HW_API: >> writeNode node:/timed_output/vibrator/enable val:0
06-19 23:45:29.695 14303 14605 I Routine@Core[4.9.04.13]: MetadataLoadManager: refreshRegisterPackageChangeIntentFilter
06-19 23:45:29.696 14303 14605 I Routine@Core[4.9.04.13]: MetadataPackageUtil: getMetaLoadedPackageMonitoringList - packages size : 51, targetPackages : [com.samsung.android.app.aodservice, com.android.systemui, com.samsung.android.honeyboard, com.samsung.android.app.dressroom, com.samsung.android.lool, com.sec.android.app.launcher, com.samsung.android.smartmirroring, com.samsung.android.app.reminder, com.samsung.android.mdecservice, com.samsung.android.app.routines, com.samsung.android.game.gametools, com.samsung.android.calendar, com.sec.android.app.soundalive, com.samsung.android.mdx, com.samsung.android.app.smartcapture, com.samsung.android.inputshare, com.sec.android.app.clockpackage, com.sec.android.gallery3d, com.samsung.accessibility, com.android.settings, com.samsung.android.app.notes, com.samsung.android.app.telephonyui, com.samsung.android.app.sharelive, com.samsung.accessory.budsunitemgr, com.samsung.android.game.gos, com.samsung.android.app.routineplus, com.samsung.android.app.clockpack, com.samsung.android.app.cocktailbarservice, com.samsung.android.app.galaxyregistry, com.samsung.android.app.smartwidget, com.samsung.android.fast, com.samsung.android.routinesdkv3, com.samsung.android.secondscreen, com.samsung.android.service.aircommand, com.samsung.android.sidegesturepad, com.samsung.android.sm_cn, com.samsung.android.soundassistant, com.sec.android.desktopmode.uiservice, com.samsung.android.waterplugin, com.samsung.android.heartplugin, com.samsung.wearable.watch6plugin, com.samsung.wearable.watch7plugin, com.samsung.wearable.watchuniteplugin, com.samsung.accessory.popcornmgr, com.samsung.accessory.berrymgr, com.samsung.accessory.jellymgr, com.samsung.accessory.neobeanmgr, com.samsung.accessory.atticmgr, com.samsung.accessory.zenithmgr, com.samsung.accessory.paranmgr, com.samsung.accessory.pearlmgr]
06-19 23:45:29.696  1362  1362 I SurfaceFlinger: RequestedLayer [Task=557#35055] hidden!! flag  from(0) --> to(1)
06-19 23:45:29.696 14303 14605 I Routine@Core[4.9.04.13]: BroadcastRegister: refreshRegisterPackageChangeIntentFilter - packages size: 51
06-19 23:45:29.696 14303 14605 I Routine@Core[4.9.04.13]: BroadcastRegister: unregisterPackageChangeIntentFilter
06-19 23:45:29.696  1362  1362 I SurfaceFlinger: [LayerHierarchy{RequestedLayerState{Task=557#35055 parentId=10 z=12} 1 children}] reparent to LayerHierarchy{RequestedLayerState{DefaultTaskDisplayArea_d0#10 parentId=9} 17 children}
06-19 23:45:29.696  1362  1362 I SurfaceFlinger: [LayerHierarchy{RequestedLayerState{Task=558#35073 parentId=10 z=13} 2 children}] reparent to LayerHierarchy{RequestedLayerState{DefaultTaskDisplayArea_d0#10 parentId=9} 18 children}
06-19 23:45:29.696  1362  1362 I SurfaceFlinger: [LayerHierarchy{RequestedLayerState{Transition Root: Task=558#35077 z=13} 1 children}] reparent to OffscreenRoot
06-19 23:45:29.696  1362  1362 I SurfaceFlinger: [LayerHierarchy{RequestedLayerState{Transition Root: Task=558#35077 z=13} 1 children}] RelativeParent to null
06-19 23:45:29.696  1362  1362 I SurfaceFlinger: [LayerHierarchy{RequestedLayerState{DimTransitionLayer for Surface(name=Task=558)/@0x8891390#35078 z=-1} no children}] reparent to OffscreenRoot
06-19 23:45:29.696  1362  1362 I SurfaceFlinger: [LayerHierarchy{RequestedLayerState{DimTransitionLayer for Surface(name=Task=558)/@0x8891390#35078 z=-1} no children}] RelativeParent to null
06-19 23:45:29.697  1328  1328 E SecVibrator-HAL-AIDL-CORE: HW_API: << writeNode node OK : 2
06-19 23:45:29.697  1547  1630 D BufferPoolAccessor2.0: evictor expired: 1, evicted: 0
06-19 23:45:29.698 14303 14605 I SEP_UNION_SemUnionManager: getUnionService(semeventdelegator)
06-19 23:45:29.698  1593  3527 D SEP_UNION_SemDeviceInfoManagerService: Unregister intent = android.intent.action.PACKAGE_ADDED, , package = com.samsung.android.app.routines, userId = 0
06-19 23:45:29.698 14303 14605 I SEP_UNION_SemUnionManager: getUnionService(semeventdelegator)
06-19 23:45:29.699  1593  3527 D SEP_UNION_SemDeviceInfoManagerService: Unregister intent = android.intent.action.PACKAGE_REPLACED, android.intent.action.PACKAGE_CHANGED, android.intent.action.PACKAGE_REMOVED, android.intent.action.PACKAGE_FULLY_REMOVED, android.intent.action.MY_PACKAGE_REPLACED, , package = com.samsung.android.app.routines, userId = 0
06-19 23:45:29.699 14303 14605 I Routine@Core[4.9.04.13]: BroadcastRegister: registerPackageAddedIntentFilterInternal
06-19 23:45:29.700 14303 14605 I SEP_UNION_SemUnionManager: getUnionService(semeventdelegator)
06-19 23:45:29.700 14303 14605 I Routine@Core[4.9.04.13]: BroadcastRegister: registerPackageMonitoringIntentFilterInternal
06-19 23:45:29.700  1362  1362 I SurfaceFlinger: id=35078 Removed DimTransitionLayer for Surface(name=Task=558)/@0x8891390#35078 (189)
06-19 23:45:29.700  1593  3527 D SEP_UNION_SemDeviceInfoManagerService: Register intent = android.intent.action.PACKAGE_ADDED,  package = com.samsung.android.app.routines, userId = 0, flag = 0, conditions = null
06-19 23:45:29.700 14303 14605 I SEP_UNION_SemUnionManager: getUnionService(semeventdelegator)
06-19 23:45:29.700  1593  3527 D SEP_UNION_SemDeviceInfoManagerService: PendingIntentWithConditions added f=0
06-19 23:45:29.700  1593  3527 D SEP_UNION_SemDeviceInfoManagerService: Register intent = android.intent.action.PACKAGE_REPLACED, android.intent.action.PACKAGE_CHANGED, android.intent.action.PACKAGE_REMOVED, android.intent.action.PACKAGE_FULLY_REMOVED, android.intent.action.MY_PACKAGE_REPLACED,  package = com.samsung.android.app.routines, userId = 0, flag = 1, conditions = [com.samsung.android.app.aodservice, com.android.systemui, com.samsung.android.honeyboard, com.samsung.android.app.dressroom, com.samsung.android.lool, com.sec.android.app.launcher, com.samsung.android.smartmirroring, com.samsung.android.app.reminder, com.samsung.android.mdecservice, com.samsung.android.app.routines, com.samsung.android.game.gametools, com.samsung.android.calendar, com.sec.android.app.soundalive, com.samsung.android.mdx, com.samsung.android.app.smartcapture, com.samsung.android.inputshare, com.sec.android.app.clockpackage, com.sec.android.gallery3d, com.samsung.accessibility, com.android.settings, com.samsung.android.app.notes, com.samsung.android.app.telephonyui, com.samsung.android.app.sharelive, com.samsung.accessory.budsunitemgr, com.samsung.android.game.gos, com.samsung.android.app.routineplus, com.samsung.android.app.clockpack, com.samsung.android.app.cocktailbarservice, com.samsung.android.app.galaxyregistry, com.samsung.android.app.smartwidget, com.samsung.android.fast, com.samsung.android.routinesdkv3, com.samsung.android.secondscreen, com.samsung.android.service.aircommand, com.samsung.android.sidegesturepad, com.samsung.android.sm_cn, com.samsung.android.soundassistant, com.sec.android.desktopmode.uiservice, com.samsung.android.waterplugin, com.samsung.android.heartplugin, com.samsung.wearable.watch6plugin, com.samsung.wearable.watch7plugin, com.samsung.wearable.watchuniteplugin, com.samsung.accessory.popcornmgr, com.samsung.accessory.berrymgr, com.samsung.accessory.jellymgr, com.samsung.accessory.neobeanmgr, com.samsung.accessory.atticmgr, com.samsung.accessory.zenithmgr, com.samsung.accessory.paranmgr, com.samsung.accessory.pearlmgr]
06-19 23:45:29.701  1593  3527 D SEP_UNION_SemDeviceInfoManagerService: PendingIntentWithConditions added f=1
06-19 23:45:29.701  1593  3527 D SEP_UNION_SemDeviceInfoManagerService: PendingIntentWithConditions added f=1
06-19 23:45:29.701  1593  3527 D SEP_UNION_SemDeviceInfoManagerService: Adding new UnionBroadcastReceiver for the action: android.intent.action.PACKAGE_CHANGED in User 0
06-19 23:45:29.701  1593  3527 D SEP_UNION_SemDeviceInfoManagerService: PendingIntentWithConditions added f=1
06-19 23:45:29.701  1593  3527 D SEP_UNION_SemDeviceInfoManagerService: PendingIntentWithConditions added f=1
06-19 23:45:29.701  1593  3527 D SEP_UNION_SemDeviceInfoManagerService: PendingIntentWithConditions added f=1
06-19 23:45:29.701  1593  3527 D SEP_UNION_SemDeviceInfoManagerService: Adding new UnionBroadcastReceiver for the action: android.intent.action.MY_PACKAGE_REPLACED in User 0
06-19 23:45:29.701  1362  1545 I SurfaceFlinger: Capture layer list: 	 com.example.testeableapp.test/androidx.test.core.app.InstrumentationActivityInvoker$EmptyActivity$_19426#35083(seamlessTransition:0)
06-19 23:45:29.701  1362  1545 I SurfaceFlinger: Capture layer list: 	 Splash Screen com.example.testeableapp.test$_2503#35076(seamlessTransition:0)
06-19 23:45:29.702 14303 14605 I Routine@Core[4.9.04.13]: Pref: removeSharedPrefsData() key=meta_loading_target_package_name
06-19 23:45:29.706  1499 19454 V AudioSink: +++ close
06-19 23:45:29.706  1499 19454 V AudioSink: --- close
06-19 23:45:29.707 14303 16777 I Routine@Core[4.9.04.13]: ModeOrderObserver: ModeOrderObserver:onChange: uri content://com.samsung.android.app.routines.routineprovider/preference
06-19 23:45:29.708 14303 14605 I Routine@Core[4.9.04.13]: MetadataLoadManager: enableAllConditions
06-19 23:45:29.708 14303 14605 I Routine@Core[4.9.04.13]: ProcessUtils: setProcessImportant: needForeground=true, reason=ENGINE_COORDINATOR
06-19 23:45:29.708  1362  1362 D SurfaceFlinger: Display 4633128672291735931 HWC layers:
06-19 23:45:29.708  1362  1362 D SurfaceFlinger:        DEVICE |           83434034692096 | 00002102 | RGBA_8888    |    0.0    0.0 1080.0 2340.0 |    0    0 1080 2340 | com.example.testeableapp.test/androi[...]tyInvoker$EmptyActivity$_19426#35083 (1)
06-19 23:45:29.708  1362  1362 D SurfaceFlinger:        DEVICE |           10750303185058 | 00002100 | RGBA_8888    |    0.0    0.0 1080.0 2340.0 |    0    0 1080 2340 | Splash Screen com.example.testeableapp.test$_2503#35076 (1)
06-19 23:45:29.708  1362  1362 D SurfaceFlinger:        DEVICE |           10750303185019 | 00002100 | RGBA_8888    |    0.0    0.0 1080.0   77.0 |    0    0 1080   77 | StatusBar$_2503#111 (52318)
06-19 23:45:29.708  1362  1362 D SurfaceFlinger:        DEVICE |           12743167976380 | 00002100 | RGBA_8888    |    0.0    0.0   67.0  342.0 | 1013  821 1080 1163 | com.sec.android.app.launcher/com.sam[...]l.app.CocktailBarService$_2967#35048 (1)
06-19 23:45:29.708  1362  1362 D SurfaceFlinger:        DEVICE |           10750303184996 | 00002100 | RGBA_8888    |    0.0    0.0 1080.0  135.0 |    0 2205 1080 2340 | NavigationBar0$_2503#107 (27200)
06-19 23:45:29.708  1362  1362 D SurfaceFlinger:        DEVICE |           70158290780193 | 00002100 | RGBA_8888    |    0.0    0.0 1080.0 234
06-19 23:45:29.708  1362  1362 D SurfaceFlinger: 0.0 |    0    0 1080 2340 | EdgeLightingWindow$_16335#35072 (1)
06-19 23:45:29.708  1362  1362 D SurfaceFlinger:
06-19 23:45:29.709  1362  1362 I SurfaceFlinger: destroyed DimTransitionLayer for Surface(name=Task=558)/@0x8891390#35078
06-19 23:45:29.712  1362  1362 I Layer   : id=35078 Destroyed DimTransitionLayer for Surface(name=Task=558)/@0x8891390#35078
06-19 23:45:29.713  1593  1663 D SurfaceComposerClient: setCornerRadius ## 6bbfc8e com.android.settings/com.android.settings.SubSettings#34138 cornerRadius=0.000000
06-19 23:45:29.713 14303 17602 I Routine@Core[4.9.04.13]: MetadataSyncHistory: isMetaDataSyncedWithVersion: latest=9c17a0ca7155acc4a4ec81aebd062cfa44e6880f, currentVersion=9c17a0ca7155acc4a4ec81aebd062cfa44e6880f
06-19 23:45:29.713  1593  1663 D SurfaceComposerClient: setCornerRadius ## 6bbfc8e com.android.settings/com.android.settings.SubSettings#34138 cornerRadius=0.000000
06-19 23:45:29.713  1342  1382 V APM_AudioPolicyManager: selectOutput new bestOutput 13 criteria 0 100 0 0 0 0 0 2
06-19 23:45:29.714  1342  1382 V APM_AudioPolicyManager: getOutput() stream 3 selected devices {AUDIO_DEVICE_OUT_SPEAKER, @:}, output 13
06-19 23:45:29.714  2503  2503 D SamsungLightBarControlHelper: updateStatusBar (WHITE icon) numStacks:1, StatusBarMode:MODE_TRANSPARENT, lightBarBounds:[], StatusBarState:SHADE, packageName:, isWhiteKeyguardStatusBar:false
06-19 23:45:29.714  2503  2503 D SamsungLightBarControlHelper: onStatusBarAppearanceChanged() -  sbModeChanged:false, statusBarMode:0, barState:MODE_TRANSPARENT, isKeyguardShowing:false, navbarColorManagedByIme:false, (AppearanceRegion{ bounds=[0,0][1080,2340]}, )
06-19 23:45:29.714  2503  2503 D NavigationBar: onSystemBarAttributesChanged() -  displayId:0, appearance:0, packageName: com.android.settings, navbarColorManagedByIme:false
06-19 23:45:29.715  1342  1382 V APM_AudioPolicyManager: selectOutput new bestOutput 13 criteria 0 100 0 0 0 0 0 2
06-19 23:45:29.715  1342  1382 V APM_AudioPolicyManager: getOutput() stream 3 selected devices {AUDIO_DEVICE_OUT_SPEAKER, @:}, output 13
06-19 23:45:29.719  2503  2557 I SurfaceControlRegistry: show, t=StartTransaction_SyncId<2947> sc=Transition Root: Task=513, caller=android.view.SurfaceControl$Transaction.show:3557 com.android.wm.shell.transition.Transitions.playTransition:79 com.android.wm.shell.transition.Transitions.processReadyQueue:239 com.android.wm.shell.transition.Transitions.onFinish:528 com.android.wm.shell.transition.Transitions$$ExternalSyntheticLambda7.onTransitionFinished:12 com.android.wm.shell.transition.DefaultTransitionHandler$$ExternalSyntheticLambda2.run:36
06-19 23:45:29.723  1342  1382 V APM_AudioPolicyManager: selectOutput new bestOutput 13 criteria 0 100 0 0 0 0 0 2
06-19 23:45:29.724  1362  1362 I SurfaceFlinger: RequestedLayer [Task=513#33546] hidden!! flag  from(1) --> to(0)
06-19 23:45:29.724  1362  1362 I SurfaceFlinger: [LayerHierarchy{RequestedLayerState{Transition Root: Task=558#35077 z=13} no children}] reparent to OffscreenRoot
06-19 23:45:29.724  1362  1362 I SurfaceFlinger: [LayerHierarchy{RequestedLayerState{Transition Root: Task=558#35077 z=13} no children}] RelativeParent to null
06-19 23:45:29.727  1362  1362 I SurfaceFlinger: id=35077 Removed Transition Root: Task=558#35077 (188)
06-19 23:45:29.723  1342  1382 V APM_AudioPolicyManager: getOutput() stream 3 selected devices {AUDIO_DEVICE_OUT_SPEAKER, @:}, output 13
06-19 23:45:29.729  1499 19454 I NuPlayerRenderer: checkAudioSinkPcmMsSetting 500
06-19 23:45:29.729  1499 19454 V AudioSink: open(44100, 2, 0x3, 0x1, 0, 180321 0x0)
06-19 23:45:29.729  1362  1545 I SurfaceFlinger: id=35088 createSurf, flag=20004, DimTransitionLayer for Surface(name=Task=558)/@0x36baa27#35088
06-19 23:45:29.729  1342  1382 V APM_AudioPolicyManager: selectOutput new bestOutput 13 criteria 0 100 0 0 0 0 0 2
06-19 23:45:29.730  1342  1382 V APM_AudioPolicyManager: getOutput() stream 5 selected devices {AUDIO_DEVICE_OUT_SPEAKER, @:}, output 13
06-19 23:45:29.730  2503  2557 I SurfaceControlRegistry: show, t=StartTransaction_SyncId<2947> sc=DimTransitionLayer for Surface(name=Task=558)/@0x36baa27, caller=android.view.SurfaceControl$Transaction.show:3557 com.android.wm.shell.transition.DefaultTransitionHandler.startAnimation:2931 com.android.wm.shell.transition.Transitions.dispatchTransition:90 com.android.wm.shell.transition.Transitions.playTransition:774 com.android.wm.shell.transition.Transitions.processReadyQueue:239 com.android.wm.shell.transition.Transitions.onFinish:528
06-19 23:45:29.730  1342  1382 V APM_AudioPolicyManager: selectOutput new bestOutput 13 criteria 0 100 0 0 0 0 0 2
06-19 23:45:29.730  1342  1382 V APM_AudioPolicyManager: getOutput() stream 5 selected devices {AUDIO_DEVICE_OUT_SPEAKER, @:}, output 13
06-19 23:45:29.731  1499 19454 V AudioSink: no track available to recycle
06-19 23:45:29.731  1499 19454 V AudioSink: creating new AudioTrack
06-19 23:45:29.731  2503  2557 I SurfaceControlRegistry: apply, t=StartTransaction_SyncId<2947>, caller=android.view.SurfaceControl$Transaction.apply:3459 android.view.SurfaceControl$Transaction.apply:3447 android.view.SurfaceControl$Transaction.apply:3397 com.android.wm.shell.transition.DefaultTransitionHandler.startAnimation:3387 com.android.wm.shell.transition.Transitions.dispatchTransition:90 com.android.wm.shell.transition.Transitions.playTransition:774
06-19 23:45:29.732 14303 16777 I Routine@Core[4.9.04.13]: ModesOrderManager: getOrderOrDefault: uuid(100)
06-19 23:45:29.733  1593  1660 D PkgPredictorService-SecIpmManagerServiceImpl: bg information pid:19354 uid:10355 pkgName:com.example.testeableapp
06-19 23:45:29.733  1342  1382 V APM_AudioPolicyManager: getOutputForAttrInt() attributes={ Content type: AUDIO_CONTENT_TYPE_SONIFICATION Usage: AUDIO_USAGE_NOTIFICATION Source: AUDIO_SOURCE_INVALID Flags: 0x800 Tags:  } stream=AUDIO_STREAM_NOTIFICATION session 180321 selectedDeviceId 0
06-19 23:45:29.733  1342  1382 V APM_AudioPolicyManager: getOutputForAttrInt() device {AUDIO_DEVICE_OUT_SPEAKER, @:}, sampling rate 44100, format 0x1, channel mask 0x3, flags 0x600002 stream AUDIO_STREAM_NOTIFICATION
06-19 23:45:29.734  1342  1382 V APM_AudioPolicyManager: selectOutput new bestOutput 13 criteria 0 100 0 0 0 1 4 2
06-19 23:45:29.734  1342  1382 V APM_AudioPolicyManager: getOutputForAttrInt returns output 13 selectedDeviceIds 3
06-19 23:45:29.734  2967 16523 I HoneySpace.RecentTasks: onRecentTasksChanged
06-19 23:45:29.734  1342  1382 V APM_AudioPolicyManager: getOutputForAttr() returns output 13 requestedPortIds AUDIO_PORT_HANDLE_NONE selectedDeviceIds 3 for port ID 24610
06-19 23:45:29.734  1342  1382 I AudioFlinger: nonSecFlag 0, secFlag 600000, outputFlags 2
06-19 23:45:29.736 19354 19354 I VRI[MainActivity]@a68c7a6: handleAppVisibility mAppVisible = true visible = false
06-19 23:45:29.736 19354 19354 D VRI[MainActivity]@a68c7a6: visibilityChanged oldVisibility=true newVisibility=false
06-19 23:45:29.737  1342  1382 D AudioFlinger: Client defaulted notificationFrames to 7350 for frameCount 22050
06-19 23:45:29.737  1342  1382 I AF::PthrPatchRecord: creating track with enforcement level 0
06-19 23:45:29.741  1362  1362 I SurfaceFlinger: RequestedLayer [com.example.testeableapp/com.example.testeableapp.MainActivity$_19354#35065] hidden!! flag  from(0) --> to(1)
06-19 23:45:29.741  1362  1362 I SurfaceFlinger: RequestedLayer [ActivityRecord{55077752 u0 com.example.testeableapp/.MainActivity t557}#35056] hidden!! flag  from(0) --> to(1)
06-19 23:45:29.741  1362  1362 I SurfaceFlinger: RequestedLayer [com.android.settings/com.android.settings.SubSettings$_3723#35084] hidden!! flag  from(1) --> to(0)
06-19 23:45:29.741  1362  1362 I SurfaceFlinger: RequestedLayer [Transition Root: Task=513#35087] hidden!! flag  from(1) --> to(0)
06-19 23:45:29.741  1362  1362 I SurfaceFlinger: RequestedLayer [ActivityRecord{249521351 u0 com.android.settings/.SubSettings t513}#34137] hidden!! flag  from(1) --> to(0)
06-19 23:45:29.741  1362  1362 I SurfaceFlinger: RequestedLayer [DimTransitionLayer for Surface(name=Task=558)/@0x36baa27#35088] hidden!! flag  from(1) --> to(0)
06-19 23:45:29.741  1362  1362 E SurfaceFlinger: alpha changed 1.000 -> 0.000 - DimTransitionLayer for Surface(name=Task=558)/@0x36baa27#35088
06-19 23:45:29.742  1362  1362 E SurfaceFlinger: alpha changed 0.000 -> 0.180 - DimTransitionLayer for Surface(name=Task=558)/@0x36baa27#35088
06-19 23:45:29.742  1362  1362 I SurfaceFlinger: destroyed Transition Root: Task=558#35077
06-19 23:45:29.742  1362  1362 I SurfaceFlinger: [LayerHierarchy{RequestedLayerState{Task=513#33546 parentId=35087 z=3} 4 children}] reparent to LayerHierarchy{RequestedLayerState{Transition Root: Task=513#35087 parentId=10 z=13} 1 children}
06-19 23:45:29.742  1362  1362 I SurfaceFlinger: [LayerHierarchy{RequestedLayerState{Task=558#35073 parentId=35087 z=4} 1 children}] reparent to LayerHierarchy{RequestedLayerState{Transition Root: Task=513#35087 parentId=10 z=13} 2 children}
06-19 23:45:29.742  1362  1362 I SurfaceFlinger: [DimTransitionLayer for Surface(name=Task=558)/@0x36baa27#35088] attach to parent LayerHierarchy{RequestedLayerState{Transition Root: Task=513#35087 parentId=10 z=13} 3 children}
06-19 23:45:29.742 19354 19354 I VRI[MainActivity]@a68c7a6: stopped(true) old = false
06-19 23:45:29.742 19354 19354 D VRI[MainActivity]@a68c7a6: WindowStopped on com.example.testeableapp/com.example.testeableapp.MainActivity set to true
06-19 23:45:29.742 19354 19376 D HWUI    : CacheManager::trimMemory(20)
06-19 23:45:29.742  1342  1382 I AF::Track: setMixerOutConfig expectKey 202
06-19 23:45:29.742  1342  1382 I AF::Track: setMixerOutConfig select, mixer out f 5, s 48000, thread out f 1, s 48000
06-19 23:45:29.745  1362  1362 I Layer   : id=35077 Destroyed Transition Root: Task=558#35077
06-19 23:45:29.746 19354 19354 D LifecycleMonitor: Lifecycle status change: com.example.testeableapp.MainActivity@f64163b in: STOPPED
06-19 23:45:29.747 19354 19354 V ActivityScenario: Update currentActivityStage to STOPPED, currentActivity=com.example.testeableapp.MainActivity@f64163b
06-19 23:45:29.747  1362  1377 I SurfaceFlinger: id=35089 createSurf, flag=24000, Surface(name=baf5855 com.example.testeableapp.test/androidx.test.core.app.InstrumentationActivityInvoker$EmptyActivity)/@0x8d2dcef - animation-leash of starting_reveal#35089
06-19 23:45:29.749  2503  2557 D ShellTaskOrganizer: removeStartingWindow, removalInfo=StartingWindowRemovalInfo{taskId=558 frame=Rect(0, 0 - 1080, 2340) playRevealAnimation=true roundedCornerRadius=0.0 deferRemoveMode=0 windowlessSurface=false removeImmediately=false}
06-19 23:45:29.750 14303 16777 I Routine@Core[4.9.04.13]: ModesOrderManager: getOrder: uuid(100) -> order(999)
06-19 23:45:29.751 14303 16777 I Routine@Core[4.9.04.13]: ModeListHolder: update: size(1) updated(2026/06/19 23:45:29) [ModeMeta(id=1, uuid=100, iconResourceId=2131231140, iconStatusResourceId=2131231637, displayName=Sueño, isRunning=false, runningReason=, runningReasonCondition=, isSet=true, isDeleted=false, detailRunningReason=null, order=999, toggleTime=0)]
