06-19 23:45:30.919  1352  1367 E HeatmapThread: !@Could not open '/efs/FactoryApp/bsoh', errno = 13
06-19 23:45:30.919  1352  1367 E HeatmapThread: !@ CAM Could not access BSOH EFS
06-19 23:45:30.919  1352  1367 E HeatmapThread: !@ CAM New BSOH: 0
06-19 23:45:30.926  1362  1362 I SurfaceFlinger: destroyed com.android.settings/com.android.settings.SubSettings$_3723#35084
06-19 23:45:30.929  1362  1362 I Layer   : id=35084 Destroyed com.android.settings/com.android.settings.SubSettings$_3723#35084
06-19 23:45:30.947  1593  5211 D MotionRecognitionService: inject vibrator info = 0.0
06-19 23:45:30.948  1265  1265 I SensorsHub: SensorBase::injectSensorData: ICM42632M Accelerometer default injection, type=268435461
06-19 23:45:30.957  1593  4146 W ParceledListSlice: Element #4 is 17100 bytes.
06-19 23:45:30.957  1362  1362 I SurfaceFlinger: SFWD update time=331237152967358
06-19 23:45:30.959  1593  4146 W ParceledListSlice: Element #5 is 17796 bytes.
06-19 23:45:30.959  1593  4146 W ParceledListSlice: Element #7 is 19564 bytes.
06-19 23:45:30.981  2503  2503 D QSClock : onDarkChanged tint=WHITE
06-19 23:45:30.994  1593  1813 D MotionEngine: [@@@ Motion Engine @@@] GetMotionScenarioId 1.601721 5.377377 8.157045 -0.134277 -0.067139 -0.588379 8 51 20
06-19 23:45:30.994  1593  1813 D MotionEngine: [@@@ Motion Engine @@@] GnStuckMode 0
06-19 23:45:31.032  1593  3151 I SemDvfsHyPerManager: acquire hyper - AMS_APP_SWITCH/1593@22, type = -999
06-19 23:45:31.033  1275  1361 I HYPER-HAL: [RequestManager.cpp]acquire(): Acquired ID : 1304942  [1593 / 22]    HINT : AMS_APP_SWITCH    list :
06-19 23:45:31.033  1362  1543 I SurfaceFlinger: id=35108 createSurf, flag=24004, Task=560#35108
06-19 23:45:31.037  1362  1543 I SurfaceFlinger: id=35109 createSurf, flag=84004, ActivityRecord{93946175 u0 com.example.testeableapp.test/androidx.test.core.app.InstrumentationActivityInvoker$EmptyActivity t560}#35109
06-19 23:45:31.037  3503  3503 I SemDvfsHyPerManager: acquire hyper - APP_START_SHORT/3503@15, type = -999
06-19 23:45:31.038  1275  1361 I HYPER-HAL: [RequestManager.cpp]acquire(): Acquired ID : 6189936  [3503 / 15]    HINT : APP_START    list : [TIMEOUT / 1500]
06-19 23:45:31.042  1593  1929 I SemDvfsHyPerManager: acquire hyper - AMS_APP_LAUNCH/1593@16, type = -999
06-19 23:45:31.042  1275  1361 I HYPER-HAL: [RequestManager.cpp]acquire(): Acquired ID : 1295261  [1593 / 16]    HINT : AMS_APP_LAUNCH    list :
06-19 23:45:31.042  3332  3332 E pageboostd: Received HALT command code 2
06-19 23:45:31.044 19354 19354 D LifecycleMonitor: Lifecycle status change: com.example.testeableapp.MainActivity@49b934d in: PAUSED
06-19 23:45:31.044 19354 19354 V ActivityScenario: Update currentActivityStage to PAUSED, currentActivity=com.example.testeableapp.MainActivity@49b934d
06-19 23:45:31.048  1593  3774 D InputDispatcher: Focused application(0): ActivityRecord{93946175 u0 com.example.testeableapp.test/androidx.test.core.app.InstrumentationActivityInvoker$EmptyActivity t560}
06-19 23:45:31.050  1593  1929 D GraphicsStatsService: requestRenderEngineFor(com.example.testeableapp.test)
06-19 23:45:31.054  2503  2557 D ShellDesktopMode: handleRequest: TransitionRequestInfo {type=1, tid=560, debugId=2949}
06-19 23:45:31.055  1593  2354 D AS.MultiSoundManager: mForegroundUid = 10356
06-19 23:45:31.057  1593  2429 D SemWifiTransportLayerMonitor.TcpMonitorHandler: MSG_SAVE_PACKAGE_INFO
06-19 23:45:31.057  1593  2429 D SemWifiTransportLayerFileManager: saveWifiPackageInfoToFile
06-19 23:45:31.057  1593  2429 D SemWifiTransportLayerFileManager: writeWifiPackageInfoList
06-19 23:45:31.058  1362  1362 I SurfaceFlinger: [LayerHierarchy{RequestedLayerState{ImeContainer#15 parentId=35093 relativeParentId=35093 z=1} 1 children}] RelativeParent to null
06-19 23:45:31.058  1362  1362 I SurfaceFlinger: [Task=560#35108] attach to parent LayerHierarchy{RequestedLayerState{DefaultTaskDisplayArea_d0#10 parentId=9} 16 children}
06-19 23:45:31.058  1362  1362 I SurfaceFlinger: [ActivityRecord{93946175 u0 com.example.testeableapp.test/androidx.test.core.app.InstrumentationActivityInvoker$EmptyActivity t560}#35109] attach to parent LayerHierarchy{RequestedLayerState{Task=560#35108 parentId=10} 1 children}
06-19 23:45:31.058  1593  1660 D NetworkPolicy: already checked 10356
06-19 23:45:31.058  1593  1660 D NetworkPolicy: already checked 10356
06-19 23:45:31.060  1593  1660 D PkgPredictorService-SecIpmManagerServiceImpl: onForegroundActivitiesChanged pid:19426 uid:10356
06-19 23:45:31.060  1593  3029 V PkgPredictorService-SecIpmManagerServiceImpl: discard foreground app:com.example.testeableapp.test 1|true
06-19 23:45:31.062 19426 19426 I DecorView: setWindowBackground: isPopOver=false color=ffffffff d=android.graphics.drawable.ColorDrawable@7b98abe
06-19 23:45:31.065  2503  2503 I {OngoingActivityController}: onTaskFocusChanged but OA data is empty
06-19 23:45:31.065  5754  5874 I Rubin   : [148] A8.b.A(Unknown Source) : Notify com.samsung.android.rubin.inferenceengine.contextanalytics.engine.loggers.AppUsageLogger's database is updated.
06-19 23:45:31.066  1342  8129 V APM_AudioPolicyManager: setAppState(portId:24603, state:1)
06-19 23:45:31.066  6035  6035 I InputMethodService: removeImeSurface
06-19 23:45:31.067  6035  6035 I InputMethodService: cancelImeSurfaceRemoval: removeCallbacks
06-19 23:45:31.070 19426 19426 I ViewRootImpl: dVRR is disabled
06-19 23:45:31.071  2967 17427 I HoneySpace.RecentTasks: onRecentTasksChanged
06-19 23:45:31.071  5754  5874 I Rubin   : [148] com.samsung.android.rubin.inferenceengine.contextanalytics.engine.monitors.moment.exercise.ExercisingWithCmhMonitor.isSatisfiedByCmh(Unknown Source) : isSatisfiedByCmh is false
06-19 23:45:31.071 19426 19441 D NativeCustomFrequencyManager: [NativeCFMS] BpCustomFrequencyManager::BpCustomFrequencyManager()
06-19 23:45:31.074  3503  3503 I SemDvfsHyPerManager: acquire hyper - APP_START/3503@17, type = -999
06-19 23:45:31.074  1593  3774 D InputTransport: Input channel constructed: 'db067c5', fd=1604
06-19 23:45:31.074  1593  3774 D InputTransport: Input channel constructed: 'db067c5', fd=1611
06-19 23:45:31.074  1275  1361 I HYPER-HAL: [RequestManager.cpp]acquire(): Acquired ID : 6196977  [3503 / 17]    HINT : APP_START    list :
06-19 23:45:31.074  1593  3774 D InputTransport: Input channel constructed: 'db067c5', fd=1657
06-19 23:45:31.074  1593  3774 D InputTransport: Input channel destroyed: 'db067c5', fd=1611
06-19 23:45:31.074  2967 16523 I HoneySpace.RecentTasks: onRecentTasksChanged
06-19 23:45:31.075  1362  1362 I SurfaceFlinger: [Display 0 name="Pantalla integrada"#49] setFrameRateCategory: High
06-19 23:45:31.076  5222 19481 W adbd    : timed out while waiting for FUNCTIONFS_BIND, trying again
06-19 23:45:31.076  5222 19481 I adbd    : UsbFfs: connection terminated: monitor thread finished
06-19 23:45:31.077  1362  1362 I BpBinder: onLastStrongRef automatically unlinking death recipients:
06-19 23:45:31.080  1362  1543 I SurfaceFlinger: id=35110 createSurf, flag=84004, db067c5 com.example.testeableapp.test/androidx.test.core.app.InstrumentationActivityInvoker$EmptyActivity#35110
06-19 23:45:31.080  1362  1437 D SurfaceFlinger: [input] setFocusedWindow: <null>
06-19 23:45:31.081  1593  4146 D InputDispatcher: Focus left window (0): ca632db com.example.testeableapp/com.example.testeableapp.MainActivity
06-19 23:45:31.081  1593  1929 D InputDispatcher: Once focus requested (0): <null>
06-19 23:45:31.082  1593  3774 D InputTransport: Input channel destroyed: 'db067c5', fd=1657
06-19 23:45:31.082 19426 19426 D InputTransport: Input channel constructed: 'db067c5', fd=118
06-19 23:45:31.084 19426 19426 I InsetsController: onStateChanged: host=com.example.testeableapp.test/androidx.test.core.app.InstrumentationActivityInvoker$EmptyActivity, from=android.view.ViewRootImpl.onInsetsStateChanged:3026, state=InsetsState: {mDisplayFrame=Rect(0, 0 - 1080, 2340), mDisplayCutout=DisplayCutout{insets=Rect(0, 77 - 0, 0) waterfall=Insets{left=0, top=0, right=0, bottom=0} boundingRect={Bounds=[Rect(0, 0 - 0, 0), Rect(477, 0 - 603, 77), Rect(0, 0 - 0, 0), Rect(0, 0 - 0, 0)]} cutoutPathParserInfo={CutoutPathParserInfo{displayWidth=1080 displayHeight=2340 physicalDisplayWidth=1080 physicalDisplayHeight=2340 density={2.8125} cutoutSpec={M 0,0 H -22.4‬ V 27.37777777777778‬ H 22.4‬ V 0 H 0 Z @dp} rotation={0} scale={1.0} physicalPixelDisplaySizeRatio={1.0}}} sideOverrides={}}, mRoundedCorners=RoundedCorners{[RoundedCorner{position=TopLeft, radius=113, center=Point(113, 113)}, RoundedCorner{position=TopRight, radius=113, center=Point(967, 113)}, RoundedCorner{position=BottomRight, radius=113, center=Point(967, 2227)}, RoundedCorner{position=BottomLeft, radius=113, center=Point(113, 2227)}]}  mRoundedCornerFrame=Rect(0, 0 - 1080, 2340), mPrivacyIndicatorBounds=PrivacyIndicatorBounds {static bounds=Rect(956, 0 - 1080, 77) rotation=0}, mDisplayShape=DisplayShape{ spec=-311912193 displayWidth=1080 displayHeight=2340 physicalPixelDisplaySizeRatio=1.0 rotation=0 offsetX=0 offsetY=0 scale=1.0}, mSources= { InsetsSource: {84a40000 mType=statusBars mFrame=[0,0][1080,77] mVisible=true mFlags= mSideHint=TOP mBoundingRects=null}, InsetsSource: {84a40005 mType=mandatorySystemGestures mFrame=[0,0][1080,111] mVisible=true mFlags= mSideHint=TOP mBoundingRects=null}, InsetsSource: {84a40006 mType=tappableElement mFrame=[0,0][1080,77] mVisible=true mFlags= mSideHint=TOP mBoundingRects=null}, InsetsSource: {88bb0001 mType=navigationBars mFrame=[0,2298][1080,2340] mVisible=true mFlags=SUPPRESS_SCRIM mSideHint=BOTTOM mBoundingRects=null}, InsetsSource: {88bb0004 mType=systemGestures mFrame=[0,0][84,2340] mVisible=true mFlags= mSideHint=LEFT mBoundingRects=null}, InsetsSource: {88bb0005 mType=mandatorySystemGestures mFrame=[0,2250][1080,2340] mVisible=true mFlags= mSideHint=BOTTOM mBoundingRects=null}, InsetsSource: {88bb0006 mType=tappableElement mFrame=[0,0][0,0] mVisible=true mFlags= mSideHint=NONE mBoundingRects=null}, InsetsSource: {88bb0024 mType=systemGestures mFrame=[996,0][1080,2340] mVisible=true mFlags= mSideHint=RIGHT mBoundingRects=null}, InsetsSource: {3 mType=ime mFrame=[0,0][0,0] mVisible=false mFlags= mSideHint=NONE mBoundingRects=null}, InsetsSource: {27 mType=displayCutout mFrame=[0,0][1080,77] mVisible=true mFlags= mSideHint=TOP mBoundingRects=null} }
06-19 23:45:31.084  1593  2538 D SurfaceComposerClient: setCornerRadius ## db067c5 com.example.testeableapp.test/androidx.test.core.app.InstrumentationActivityInvoker$EmptyActivity#35110 cornerRadius=0.000000
06-19 23:45:31.085 19426 19426 I VRI[InstrumentationActivityInvoker$EmptyActivity]@ddcc835: synced displayState. AttachInfo displayState=2
06-19 23:45:31.085 19426 19426 I VRI[InstrumentationActivityInvoker$EmptyActivity]@ddcc835: setView = com.android.internal.policy.DecorView@905a158 IsHRR=false mFlingFrameRateChange=0 TM=true
06-19 23:45:31.086 19426 19441 D HWUI    : HWUI - treat SMPTE_170M as sRGB
06-19 23:45:31.087 19354 19354 I ImeFocusController: onPreWindowFocus: skipped hasWindowFocus=false mHasImeFocus=true
06-19 23:45:31.087  2503  2567 I ViewRootImpl: dVRR is disabled
06-19 23:45:31.087  2503  2607 D NativeCustomFrequencyManager: [NativeCFMS] BpCustomFrequencyManager::BpCustomFrequencyManager()
06-19 23:45:31.088 19354 19354 I ImeFocusController: onPostWindowFocus: skipped hasWindowFocus=false mHasImeFocus=true
06-19 23:45:31.089  1593  3774 D InputTransport: Input channel constructed: '2f08b1f', fd=1611
06-19 23:45:31.089  1593  3774 D InputTransport: Input channel constructed: '2f08b1f', fd=1657
06-19 23:45:31.090  1593  3774 D InputTransport: Input channel constructed: '2f08b1f', fd=1660
06-19 23:45:31.090  1593  3774 D InputTransport: Input channel destroyed: '2f08b1f', fd=1657
06-19 23:45:31.090  1362  1543 I SurfaceFlinger: id=35111 createSurf, flag=84004, 2f08b1f Splash Screen com.example.testeableapp.test#35111
06-19 23:45:31.091  2967  2967 I HoneySpace.EdgePanel.CocktailHostRepositoryImpl: onNoteResume
06-19 23:45:31.091  2967  2967 I HoneySpace.EdgePanel.EdgePanelContainerViewModel: cocktailHostRepository.edgePanelOperation NoteResumeComponent(componentName=ComponentInfo{com.example.testeableapp.test/androidx.test.core.app.InstrumentationActivityInvoker$EmptyActivity})
06-19 23:45:31.091  2967  2967 I HoneySpace.EdgePanel.ActivityUtils: HomePackage : com.sec.android.app.launcher, resumePackageName : com.example.testeableapp.test, className : androidx.test.core.app.InstrumentationActivityInvoker$EmptyActivity
06-19 23:45:31.092  1362  1362 I SurfaceFlinger: [db067c5 com.example.testeableapp.test/androidx.test.core.app.InstrumentationActivityInvoker$EmptyActivity#35110] attach to parent LayerHierarchy{RequestedLayerState{ActivityRecord{93946175 u0 com.example.testeableapp.test/androidx.test.core.app.InstrumentationActivityInvoker$EmptyActivity t560}#35109 parentId=35108} 1 children}
06-19 23:45:31.092  1362  1362 I SurfaceFlinger: [2f08b1f Splash Screen com.example.testeableapp.test#35111] attach to parent LayerHierarchy{RequestedLayerState{ActivityRecord{93946175 u0 com.example.testeableapp.test/androidx.test.core.app.InstrumentationActivityInvoker$EmptyActivity t560}#35109 parentId=35108} 2 children}
06-19 23:45:31.093  2967  3307 I HoneySpace.TopTaskSource: onTaskMovedToFront : taskId = 560, displayId = 0
06-19 23:45:31.094  1593  4146 I WindowManager: Relayout Window{db067c5 u0 com.example.testeableapp.test/androidx.test.core.app.InstrumentationActivityInvoker$EmptyActivity}: viewVisibility=0 req=1080x2340 ty=1 d0
06-19 23:45:31.094  2967  3307 I HoneySpace.TopTaskSource: onTaskFocusChanged(): taskId = 560
06-19 23:45:31.094  1593  3774 D InputTransport: Input channel destroyed: '2f08b1f', fd=1660
06-19 23:45:31.094  1362  1543 I SurfaceFlinger: id=35112 createSurf, flag=44004, com.example.testeableapp.test/androidx.test.core.app.InstrumentationActivityInvoker$EmptyActivity$_19426#35112
06-19 23:45:31.094  2503  2567 D InputTransport: Input channel constructed: '2f08b1f', fd=529
06-19 23:45:31.095  2503  2567 I InsetsController: onStateChanged: host=Splash Screen com.example.testeableapp.test, from=android.view.ViewRootImpl.onInsetsStateChanged:3026, state=InsetsState: {mDisplayFrame=Rect(0, 0 - 1080, 2340), mDisplayCutout=DisplayCutout{insets=Rect(0, 77 - 0, 0) waterfall=Insets{left=0, top=0, right=0, bottom=0} boundingRect={Bounds=[Rect(0, 0 - 0, 0), Rect(477, 0 - 603, 77), Rect(0, 0 - 0, 0), Rect(0, 0 - 0, 0)]} cutoutPathParserInfo={CutoutPathParserInfo{displayWidth=1080 displayHeight=2340 physicalDisplayWidth=1080 physicalDisplayHeight=2340 density={2.8125} cutoutSpec={M 0,0 H -22.4‬ V 27.37777777777778‬ H 22.4‬ V 0 H 0 Z @dp} rotation={0} scale={1.0} physicalPixelDisplaySizeRatio={1.0}}} sideOverrides={}}, mRoundedCorners=RoundedCorners{[RoundedCorner{position=TopLeft, radius=113, center=Point(113, 113)}, RoundedCorner{position=TopRight, radius=113, center=Point(967, 113)}, RoundedCorner{position=BottomRight, radius=113, center=Point(967, 2227)}, RoundedCorner{position=BottomLeft, radius=113, center=Point(113, 2227)}]}  mRoundedCornerFrame=Rect(0, 0 - 1080, 2340), mPrivacyIndicatorBounds=PrivacyIndicatorBounds {static bounds=Rect(956, 0 - 1080, 77) rotation=0}, mDisplayShape=DisplayShape{ spec=-311912193 displayWidth=1080 displayHeight=2340 physicalPixelDisplaySizeRatio=1.0 rotation=0 offsetX=0 offsetY=0 scale=1.0}, mSources= { InsetsSource: {84a40000 mType=statusBars mFrame=[0,0][1080,77] mVisible=true mFlags= mSideHint=TOP mBoundingRects=null}, InsetsSource: {84a40005 mType=mandatorySystemGestures mFrame=[0,0][1080,111] mVisible=true mFlags= mSideHint=TOP mBoundingRects=null}, InsetsSource: {84a40006 mType=tappableElement mFrame=[0,0][1080,77] mVisible=true mFlags= mSideHint=TOP mBoundingRects=null}, InsetsSource: {88bb0001 mType=navigationBars mFrame=[0,2298][1080,2340] mVisible=true mFlags=SUPPRESS_SCRIM mSideHint=BOTTOM mBoundingRects=null}, InsetsSource: {88bb0004 mType=systemGestures mFrame=[0,0][84,2340] mVisible=true mFlags= mSideHint=LEFT mBoundingRects=null}, InsetsSource: {88bb0005 mType=mandatorySystemGestures mFrame=[0,2250][1080,2340] mVisible=true mFlags= mSideHint=BOTTOM mBoundingRects=null}, InsetsSource: {88bb0006 mType=tappableElement mFrame=[0,0][0,0] mVisible=true mFlags= mSideHint=NONE mBoundingRects=null}, InsetsSource: {88bb0024 mType=systemGestures mFrame=[996,0][1080,2340] mVisible=true mFlags= mSideHint=RIGHT mBoundingRects=null}, InsetsSource: {3 mType=ime mFrame=[0,0][0,0] mVisible=false mFlags= mSideHint=NONE mBoundingRects=null}, InsetsSource: {27 mType=displayCutout mFrame=[0,0][1080,77] mVisible=true mFlags= mSideHint=TOP mBoundingRects=null} }
06-19 23:45:31.095  2503  2567 I VRI[test]@4af614f: onActiveControlsChanged, removed=false, mAdded=true, caller=android.view.ViewRootImpl.handleInsetsControlChanged:3002 android.view.ViewRootImpl.setView:2014 android.view.WindowManagerGlobal.addView:604 com.android.wm.shell.startingsurface.SplashscreenWindowCreator.addWindow:38 com.android.wm.shell.startingsurface.StartingWindowController$$ExternalSyntheticLambda4.run:1365
06-19 23:45:31.095  2503  2567 I VRI[test]@4af614f: synced displayState. AttachInfo displayState=2
06-19 23:45:31.095  2503  2567 I VRI[test]@4af614f: setView = android.widget.FrameLayout@60cf8ba IsHRR=false mFlingFrameRateChange=0 TM=true
06-19 23:45:31.096  1593  4146 D SurfaceComposerClient: setCornerRadius ## 2f08b1f Splash Screen com.example.testeableapp.test#35111 cornerRadius=0.000000
06-19 23:45:31.096  1593  4146 D SurfaceComposerClient: setCornerRadius ## db067c5 com.example.testeableapp.test/androidx.test.core.app.InstrumentationActivityInvoker$EmptyActivity#35110 cornerRadius=0.000000
06-19 23:45:31.097  1593  4146 D SurfaceComposerClient: setCornerRadius ## 2f08b1f Splash Screen com.example.testeableapp.test#35111 cornerRadius=0.000000
06-19 23:45:31.097  1593  4146 D SurfaceComposerClient: setCornerRadius ## db067c5 com.example.testeableapp.test/androidx.test.core.app.InstrumentationActivityInvoker$EmptyActivity#35110 cornerRadius=0.000000
06-19 23:45:31.098  1362  1543 I SurfaceFlinger: id=35113 createSurf, flag=24000, Surface(name=b2ba1d5 NavigationBar0)/@0x108d35a - animation-leash of insets_animation#35113
06-19 23:45:31.098  2503  2607 D HWUI    : HWUI - treat SMPTE_170M as sRGB
06-19 23:45:31.099  1342  1667 D AudioFlinger: mixer(0xb400007fa8d08510) throttle end: throttle time(2)
06-19 23:45:31.100  2967  3309 I HoneySpace.TopTaskUseCase: topTasks 560 ComponentInfo{com.example.testeableapp.test/androidx.test.core.app.InstrumentationActivityInvoker$EmptyActivity}[displayId=0]
06-19 23:45:31.100  1362  1545 I SurfaceFlinger: id=35114 createSurf, flag=24000, Surface(name=a1a3f36 StatusBar)/@0x69ae81 - animation-leash of insets_animation#35114
06-19 23:45:31.102  1593  4146 I SystemKeyManager: requested systemKeyInfo size=1 focusedWindow=com.example.testeableapp.test/androidx.test.core.app.InstrumentationActivityInvoker$EmptyActivity
06-19 23:45:31.103  1593  4146 I WindowManager: Relayout hash=db067c5, pid=19426, syncId=-1: mAttrs={(0,0)(fillxfill) sim={adjust=pan forwardNavigation} layoutInDisplayCutoutMode=always ty=BASE_APPLICATION
06-19 23:45:31.103  1593  4146 I WindowManager:   fl=81810100
06-19 23:45:31.103  1593  4146 I WindowManager:   pfl=100088c0
06-19 23:45:31.103  1593  4146 I WindowManager:   bhv=1
06-19 23:45:31.103  1593  4146 I WindowManager:   fitSides=0
06-19 23:45:31.103  1593  4146 I WindowManager:   frameRateBoostOnTouch=true
06-19 23:45:31.103  1593  4146 I WindowManager:   dvrrWindowFrameRateHint=true naviIconColor=0}
06-19 23:45:31.105 19426 19426 I BLASTBufferQueue_Java: new BLASTBufferQueue, mName= VRI[InstrumentationActivityInvoker$EmptyActivity]@ddcc835 mNativeObject= 0xb40000707bc36590 caller= android.view.ViewRootImpl.updateBlastSurfaceIfNeeded:3585 android.view.ViewRootImpl.relayoutWindow:11685 android.view.ViewRootImpl.performTraversals:4804 android.view.ViewRootImpl.doTraversal:3924 android.view.ViewRootImpl$TraversalRunnable.run:12903 android.view.Choreographer$CallbackRecord.run:1901 android.view.Choreographer$CallbackRecord.run:1910 android.view.Choreographer.doCallbacks:1367 android.view.Choreographer.doFrame:1292 android.view.Choreographer$FrameDisplayEventReceiver.run:1870
06-19 23:45:31.105  1476  6895 I CameraService: onUidStateChanged: uid=10049, procState is changed. (0 -> 1)
06-19 23:45:31.105 19426 19426 I BLASTBufferQueue_Java: update, w= 1080 h= 2340 mName = VRI[InstrumentationActivityInvoker$EmptyActivity]@ddcc835 mNativeObject= 0xb40000707bc36590 sc.mNativeObject= 0xb400006f1bbebf90 format= -1 caller= android.view.ViewRootImpl.updateBlastSurfaceIfNeeded:3590 android.view.ViewRootImpl.relayoutWindow:11685 android.view.ViewRootImpl.performTraversals:4804 android.view.ViewRootImpl.doTraversal:3924 android.view.ViewRootImpl$TraversalRunnable.run:12903 android.view.Choreographer$CallbackRecord.run:1901
06-19 23:45:31.106 19426 19426 I VRI[InstrumentationActivityInvoker$EmptyActivity]@ddcc835: Relayout returned: old=(0,0,1080,2340) new=(0,0,1080,2340) relayoutAsync=false req=(1080,2340)0 dur=16 res=0x3 s={true 0xb400006f8bc3d150} ch=true seqId=0
06-19 23:45:31.107 19426 19426 I VRI[InstrumentationActivityInvoker$EmptyActivity]@ddcc835: performConfigurationChange setNightDimText nightDimLevel=0
06-19 23:45:31.108 19426 19426 D VRI[InstrumentationActivityInvoker$EmptyActivity]@ddcc835: mThreadedRenderer.initialize() mSurface={isValid=true 0xb400006f8bc3d150} hwInitialized=true
06-19 23:45:31.108  1362  1362 I SurfaceFlinger: [LayerHierarchy{RequestedLayerState{b2ba1d5 NavigationBar0#95 parentId=35113} 1 children}] reparent to LayerHierarchy{RequestedLayerState{Surface(name=b2ba1d5 NavigationBar0)/@0x108d35a - animation-leash of insets_animation#35113 parentId=94} 1 children}
06-19 23:45:31.108  1362  1362 I SurfaceFlinger: [LayerHierarchy{RequestedLayerState{a1a3f36 StatusBar#102 parentId=35114} 1 children}] reparent to LayerHierarchy{RequestedLayerState{Surface(name=a1a3f36 StatusBar)/@0x69ae81 - animation-leash of insets_animation#35114 parentId=101} 1 children}
06-19 23:45:31.108  1362  1362 I SurfaceFlinger: [LayerHierarchy{RequestedLayerState{Surface(name=a1a3f36 StatusBar)/@0x69ae81 - animation-leash of insets_animation#35104} no children}] reparent to OffscreenRoot
06-19 23:45:31.108  1362  1362 I SurfaceFlinger: [LayerHierarchy{RequestedLayerState{Surface(name=a1a3f36 StatusBar)/@0x69ae81 - animation-leash of insets_animation#35104} no children}] RelativeParent to null
06-19 23:45:31.108  1362  1362 I SurfaceFlinger: [LayerHierarchy{RequestedLayerState{Surface(name=b2ba1d5 NavigationBar0)/@0x108d35a - animation-leash of insets_animation#35103} no children}] reparent to OffscreenRoot
06-19 23:45:31.108  1362  1362 I SurfaceFlinger: [LayerHierarchy{RequestedLayerState{Surface(name=b2ba1d5 NavigationBar0)/@0x108d35a - animation-leash of insets_animation#35103} no children}] RelativeParent to null
06-19 23:45:31.108  1362  1362 I SurfaceFlinger: [com.example.testeableapp.test/androidx.test.core.app.InstrumentationActivityInvoker$EmptyActivity$_19426#35112] attach to parent LayerHierarchy{RequestedLayerState{db067c5 com.example.testeableapp.test/androidx.test.core.app.InstrumentationActivityInvoker$EmptyActivity#35110 parentId=35109} 1 children}
06-19 23:45:31.109  1362  1362 I SurfaceFlinger: [Surface(name=b2ba1d5 NavigationBar0)/@0x108d35a - animation-leash of insets_animation#35113] attach to parent LayerHierarchy{RequestedLayerState{WindowToken{1db1eeb type=2019 android.os.BinderProxy@7119565}#94 parentId=34} 1 children}
06-19 23:45:31.109  1362  1362 I SurfaceFlinger: [Surface(name=a1a3f36 StatusBar)/@0x69ae81 - animation-leash of insets_animation#35114] attach to parent LayerHierarchy{RequestedLayerState{WindowToken{2df28d1 type=2000 android.os.BinderProxy@248d75b}#101 parentId=17} 1 children}
06-19 23:45:31.109 19426 19426 D VRI[InstrumentationActivityInvoker$EmptyActivity]@ddcc835: reportNextDraw android.view.ViewRootImpl.performTraversals:5443 android.view.ViewRootImpl.doTraversal:3924 android.view.ViewRootImpl$TraversalRunnable.run:12903 android.view.Choreographer$CallbackRecord.run:1901 android.view.Choreographer$CallbackRecord.run:1910
06-19 23:45:31.109 19426 19426 D VRI[InstrumentationActivityInvoker$EmptyActivity]@ddcc835: Setup new sync=wmsSync-VRI[InstrumentationActivityInvoker$EmptyActivity]@ddcc835#2
06-19 23:45:31.110 19426 19426 I VRI[InstrumentationActivityInvoker$EmptyActivity]@ddcc835: Creating new active sync group VRI[InstrumentationActivityInvoker$EmptyActivity]@ddcc835#3
06-19 23:45:31.110 19426 19426 D VRI[InstrumentationActivityInvoker$EmptyActivity]@ddcc835: registerCallbacksForSync syncBuffer=false
06-19 23:45:31.110  1342 13092 V APM_AudioPolicyManager: setAppState(portId:24603, state:1)
06-19 23:45:31.112 19426 19453 D VRI[InstrumentationActivityInvoker$EmptyActivity]@ddcc835: Received frameDrawingCallback syncResult=0 frameNum=1.
06-19 23:45:31.113 19426 19453 I VRI[InstrumentationActivityInvoker$EmptyActivity]@ddcc835: mWNT: t=0xb400006f2bc11b10 mBlastBufferQueue=0xb40000707bc36590 fn= 1 HdrRenderState mRenderHdrSdrRatio=1.0 caller= android.view.ViewRootImpl$12.onFrameDraw:15441 android.view.ThreadedRenderer$1.onFrameDraw:718 <bottom of call stack>
06-19 23:45:31.113  1342 13092 V APM_AudioPolicyManager: setAppState(portId:24603, state:1)
06-19 23:45:31.114  1342 13092 V APM_AudioPolicyManager: setAppState(portId:24603, state:1)
06-19 23:45:31.114  1342 13092 V APM_AudioPolicyManager: setAppState(portId:24603, state:1)
06-19 23:45:31.115 19426 19453 I VRI[InstrumentationActivityInvoker$EmptyActivity]@ddcc835: Setting up sync and frameCommitCallback
06-19 23:45:31.117 19426 19441 I BLASTBufferQueue: [VRI[InstrumentationActivityInvoker$EmptyActivity]@ddcc835#1](f:0,a:0,s:0) onFrameAvailable the first frame is available
06-19 23:45:31.118 19426 19441 I VRI[InstrumentationActivityInvoker$EmptyActivity]@ddcc835: Received frameCommittedCallback lastAttemptedDrawFrameNum=1 didProduceBuffer=true
06-19 23:45:31.119  1362  1543 I SurfaceFlinger: [com.example.testeableapp.test/androidx.test.core.app.InstrumentationActivityInvoker$EmptyActivity$_19426#35112] setTransactionState with the first frame. bufferData(ID: 83434034692100, frameNumber: 1)
06-19 23:45:31.119 19426 19441 D HWUI    : CFMS:: SetUp Pid : 19426    Tid : 19441
06-19 23:45:31.119 19426 19426 D VRI[InstrumentationActivityInvoker$EmptyActivity]@ddcc835: reportDrawFinished seqId=0
06-19 23:45:31.120  1593  3561 I WindowManager: Relayout Window{2f08b1f u0 Splash Screen com.example.testeableapp.test}: viewVisibility=0 req=1080x2340 ty=3 d0
06-19 23:45:31.121  1362  1377 I SurfaceFlinger: id=35115 createSurf, flag=44004, Splash Screen com.example.testeableapp.test$_2503#35115
06-19 23:45:31.122  1593  3561 D SurfaceComposerClient: setCornerRadius ## 2f08b1f Splash Screen com.example.testeableapp.test#35111 cornerRadius=0.000000
06-19 23:45:31.122  1362  1377 I SurfaceFlinger: id=35103 Removed Surface(name=b2ba1d5 NavigationBar0)/@0x108d35a - animation-leash of insets_animation#35103 (190)
06-19 23:45:31.122  1593  3561 D SurfaceComposerClient: setCornerRadius ## db067c5 com.example.testeableapp.test/androidx.test.core.app.InstrumentationActivityInvoker$EmptyActivity#35110 cornerRadius=0.000000
06-19 23:45:31.123  1362  1377 I SurfaceFlinger: id=35104 Removed Surface(name=a1a3f36 StatusBar)/@0x69ae81 - animation-leash of insets_animation#35104 (190)
06-19 23:45:31.125  1362  1362 I SurfaceFlinger: destroyed Surface(name=a1a3f36 StatusBar)/@0x69ae81 - animation-leash of insets_animation#35104
06-19 23:45:31.125  1362  1362 I SurfaceFlinger: destroyed Surface(name=b2ba1d5 NavigationBar0)/@0x108d35a - animation-leash of insets_animation#35103
06-19 23:45:31.125  1362  1362 I SurfaceFlinger: [Splash Screen com.example.testeableapp.test$_2503#35115] attach to parent LayerHierarchy{RequestedLayerState{2f08b1f Splash Screen com.example.testeableapp.test#35111 parentId=35109} 1 children}
06-19 23:45:31.127  1362  1362 I Layer   : id=35104 Destroyed Surface(name=a1a3f36 StatusBar)/@0x69ae81 - animation-leash of insets_animation#35104
06-19 23:45:31.127  1593  3561 D SurfaceComposerClient: setCornerRadius ## 2f08b1f Splash Screen com.example.testeableapp.test#35111 cornerRadius=0.000000
06-19 23:45:31.127  1362  1362 I Layer   : id=35103 Destroyed Surface(name=b2ba1d5 NavigationBar0)/@0x108d35a - animation-leash of insets_animation#35103
06-19 23:45:31.128  1593  3561 D SurfaceComposerClient: setCornerRadius ## db067c5 com.example.testeableapp.test/androidx.test.core.app.InstrumentationActivityInvoker$EmptyActivity#35110 cornerRadius=0.000000
06-19 23:45:31.129  1593  3561 D SurfaceComposerClient: setCornerRadius ## 2f08b1f Splash Screen com.example.testeableapp.test#35111 cornerRadius=0.000000
06-19 23:45:31.129  1593  3561 D SurfaceComposerClient: setCornerRadius ## db067c5 com.example.testeableapp.test/androidx.test.core.app.InstrumentationActivityInvoker$EmptyActivity#35110 cornerRadius=0.000000
06-19 23:45:31.130  1476  6895 I CameraService: onUidStateChanged: uid=10232, procState is changed. (3 -> 5)
06-19 23:45:31.131  1593  3561 D SurfaceComposerClient: setCornerRadius ## 2f08b1f Splash Screen com.example.testeableapp.test#35111 cornerRadius=0.000000
06-19 23:45:31.131  1593  3561 D SurfaceComposerClient: setCornerRadius ## db067c5 com.example.testeableapp.test/androidx.test.core.app.InstrumentationActivityInvoker$EmptyActivity#35110 cornerRadius=0.000000
06-19 23:45:31.132  1362  1437 D SurfaceFlinger: [input] setFocusedWindow: db067c5 com.example.testeableapp.test/androidx.test.core.app.InstrumentationActivityInvoker$EmptyActivity
06-19 23:45:31.133  5222  5230 I adbd    : opening control endpoint /dev/usb-ffs/adb/ep0
06-19 23:45:31.134  1593  1663 D SurfaceComposerClient: setCornerRadius ## 2f08b1f Splash Screen com.example.testeableapp.test#35111 cornerRadius=0.000000
06-19 23:45:31.134  1593  1663 D SurfaceComposerClient: setCornerRadius ## db067c5 com.example.testeableapp.test/androidx.test.core.app.InstrumentationActivityInvoker$EmptyActivity#35110 cornerRadius=0.000000
06-19 23:45:31.136  1593  3561 I WindowManager: Relayout hash=2f08b1f, pid=2503, syncId=-1: mAttrs={(0,0)(fillxfill) sim={adjust=pan} layoutInDisplayCutoutMode=always ty=APPLICATION_STARTING fmt=TRANSLUCENT
06-19 23:45:31.136  1593  3561 I WindowManager:   fl=81030118
06-19 23:45:31.136  1593  3561 I WindowManager:   pfl=10000810
06-19 23:45:31.136  1593  3561 I WindowManager:   apr=18
06-19 23:45:31.136  1593  3561 I WindowManager:   bhv=1
06-19 23:45:31.136  1593  3561 I WindowManager:   fitSides=0
06-19 23:45:31.136  1593  3561 I WindowManager:   frameRateBoostOnTouch=true
06-19 23:45:31.136  1593  3561 I WindowManager:   dvrrWindowFrameRateHint=true naviIconColor=0}
06-19 23:45:31.137  2503  2567 I VRI[test]@4af614f: onActiveControlsChanged, removed=false, mAdded=true, caller=android.view.ViewRootImpl.handleInsetsControlChanged:3002 android.view.ViewRootImpl.relayoutWindow:11629 android.view.ViewRootImpl.performTraversals:4804 android.view.ViewRootImpl.doTraversal:3924 android.view.ViewRootImpl$TraversalRunnable.run:12903
06-19 23:45:31.138 19426 19426 I InsetsSourceConsumer: applyRequestedVisibilityToControl: visible=true, type=navigationBars, host=com.example.testeableapp.test/androidx.test.core.app.InstrumentationActivityInvoker$EmptyActivity
06-19 23:45:31.139  2503  2567 I BLASTBufferQueue_Java: new BLASTBufferQueue, mName= VRI[test]@4af614f mNativeObject= 0xb40000707c415300 caller= android.view.ViewRootImpl.updateBlastSurfaceIfNeeded:3585 android.view.ViewRootImpl.relayoutWindow:11685 android.view.ViewRootImpl.performTraversals:4804 android.view.ViewRootImpl.doTraversal:3924 android.view.ViewRootImpl$TraversalRunnable.run:12903 android.view.Choreographer$CallbackRecord.run:1901 android.view.Choreographer$CallbackRecord.run:1910 android.view.Choreographer.doCallbacks:1367 android.view.Choreographer.doFrame:1292 android.view.Choreographer$FrameDisplayEventReceiver.run:1870
06-19 23:45:31.139  2503  2567 I BLASTBufferQueue_Java: update, w= 1080 h= 2340 mName = VRI[test]@4af614f mNativeObject= 0xb40000707c415300 sc.mNativeObject= 0xb400006f1bcab8d0 format= -3 caller= android.view.ViewRootImpl.updateBlastSurfaceIfNeeded:3590 android.view.ViewRootImpl.relayoutWindow:11685 android.view.ViewRootImpl.performTraversals:4804 android.view.ViewRootImpl.doTraversal:3924 android.view.ViewRootImpl$TraversalRunnable.run:12903 android.view.Choreographer$CallbackRecord.run:1901
06-19 23:45:31.139 19426 19426 I InsetsSourceConsumer: applyRequestedVisibilityToControl: visible=true, type=statusBars, host=com.example.testeableapp.test/androidx.test.core.app.InstrumentationActivityInvoker$EmptyActivity
06-19 23:45:31.140  2503  2567 I VRI[test]@4af614f: Relayout returned: old=(0,0,1080,2340) new=(0,0,1080,2340) relayoutAsync=false req=(1080,2340)0 dur=39 res=0x3 s={true 0xb400006f8c1af340} ch=true seqId=0
06-19 23:45:31.142  2503  2567 I VRI[test]@4af614f: performConfigurationChange setNightDimText nightDimLevel=0
06-19 23:45:31.143  2503  2567 D VRI[test]@4af614f: mThreadedRenderer.initialize() mSurface={isValid=true 0xb400006f8c1af340} hwInitialized=true
06-19 23:45:31.144  2503  2567 D VRI[test]@4af614f: reportNextDraw android.view.ViewRootImpl.performTraversals:5443 android.view.ViewRootImpl.doTraversal:3924 android.view.ViewRootImpl$TraversalRunnable.run:12903 android.view.Choreographer$CallbackRecord.run:1901 android.view.Choreographer$CallbackRecord.run:1910
06-19 23:45:31.144  2503  2567 D VRI[test]@4af614f: Setup new sync=wmsSync-VRI[test]@4af614f#75
06-19 23:45:31.144  2503  2567 I VRI[test]@4af614f: Creating new active sync group VRI[test]@4af614f#76
06-19 23:45:31.145  2503  2567 D VRI[test]@4af614f: registerCallbacksForSync syncBuffer=false
06-19 23:45:31.145  2503  2605 D VRI[test]@4af614f: Received frameDrawingCallback syncResult=0 frameNum=1.
06-19 23:45:31.145  2503  2605 I VRI[test]@4af614f: mWNT: t=0xb400006f2bdfedd0 mBlastBufferQueue=0xb40000707c415300 fn= 1 HdrRenderState mRenderHdrSdrRatio=1.0 caller= android.view.ViewRootImpl$12.onFrameDraw:15441 android.view.ThreadedRenderer$1.onFrameDraw:718 <bottom of call stack>
06-19 23:45:31.145  2503  2605 I VRI[test]@4af614f: Setting up sync and frameCommitCallback
06-19 23:45:31.140  1593  4146 D InputDispatcher: Once focus requested (0): db067c5 com.example.testeableapp.test/androidx.test.core.app.InstrumentationActivityInvoker$EmptyActivity
06-19 23:45:31.147  1593  4146 D InputDispatcher: Focus request (0): db067c5 com.example.testeableapp.test/androidx.test.core.app.InstrumentationActivityInvoker$EmptyActivity but waiting because NOT_VISIBLE
06-19 23:45:31.148  2503  2607 I BLASTBufferQueue: [VRI[test]@4af614f#1929](f:0,a:0,s:0) onFrameAvailable the first frame is available
06-19 23:45:31.148  2503  2607 I VRI[test]@4af614f: Received frameCommittedCallback lastAttemptedDrawFrameNum=1 didProduceBuffer=true
06-19 23:45:31.149  2503  2607 D HWUI    : CFMS:: SetUp Pid : 2503    Tid : 2607
06-19 23:45:31.149  2503  2567 D VRI[test]@4af614f: reportDrawFinished seqId=0
06-19 23:45:31.150  1593  3151 I SemDvfsHyPerManager: acquire hyper - AMS_APP_SWITCH/1593@22, type = -999
06-19 23:45:31.151  1275  1361 I HYPER-HAL: [RequestManager.cpp]acquire(): Acquired ID : 1304942  [1593 / 22]    HINT : AMS_APP_SWITCH    list :
06-19 23:45:31.151  3723  3723 I VRI[SubSettings]@f0a4302: handleAppVisibility mAppVisible = false visible = true
06-19 23:45:31.151  1593  3561 D InputDispatcher: Focused application(0): ActivityRecord{249521351 u0 com.android.settings/.SubSettings t513}
06-19 23:45:31.152  1593  2354 D AS.MultiSoundManager: mForegroundUid = 1000
06-19 23:45:31.155  3503  3503 I SemDvfsHyPerManager: acquire hyper - APP_START_SHORT/3503@15, type = -999
06-19 23:45:31.155  1362  1543 I SurfaceFlinger: id=35116 createSurf, flag=24000, Surface(name=b2ba1d5 NavigationBar0)/@0x108d35a - animation-leash of insets_animation#35116
06-19 23:45:31.157  1275  1361 I HYPER-HAL: [RequestManager.cpp]acquire(): Acquired ID : 6189936  [3503 / 15]    HINT : APP_START    list : [TIMEOUT / 1500]
06-19 23:45:31.158  1362  1545 I SurfaceFlinger: [Splash Screen com.example.testeableapp.test$_2503#35115] setTransactionState with the first frame. bufferData(ID: 10750303185082, frameNumber: 1)
06-19 23:45:31.158  1362  1362 I SurfaceFlinger: [Surface(name=b2ba1d5 NavigationBar0)/@0x108d35a - animation-leash of insets_animation#35116] attach to parent LayerHierarchy{RequestedLayerState{WindowToken{1db1eeb type=2019 android.os.BinderProxy@7119565}#94 parentId=34} 2 children}
06-19 23:45:31.158  1362  1362 I SurfaceFlinger: [Surface(name=a1a3f36 StatusBar)/@0x69ae81 - animation-leash of insets_animation#35117] attach to parent LayerHierarchy{RequestedLayerState{WindowToken{2df28d1 type=2000 android.os.BinderProxy@248d75b}#101 parentId=17} 2 children}
06-19 23:45:31.158  1362  1376 I SurfaceFlinger: id=35117 createSurf, flag=24000, Surface(name=a1a3f36 StatusBar)/@0x69ae81 - animation-leash of insets_animation#35117
06-19 23:45:31.164  1593  3561 D SurfaceComposerClient: setCornerRadius ## 6bbfc8e com.android.settings/com.android.settings.SubSettings#34138 cornerRadius=0.000000
06-19 23:45:31.165  3723  3723 I VRI[SubSettings]@f0a4302: stopped(false) old = true
06-19 23:45:31.165  3723  3723 D VRI[SubSettings]@f0a4302: WindowStopped on com.android.settings/com.android.settings.SubSettings set to false
06-19 23:45:31.170  1593  1663 D SurfaceComposerClient: setCornerRadius ## 6bbfc8e com.android.settings/com.android.settings.SubSettings#34138 cornerRadius=0.000000
06-19 23:45:31.175  1362  1362 I SurfaceFlinger: [LayerHierarchy{RequestedLayerState{b2ba1d5 NavigationBar0#95 parentId=35116} 1 children}] reparent to LayerHierarchy{RequestedLayerState{Surface(name=b2ba1d5 NavigationBar0)/@0x108d35a - animation-leash of insets_animation#35116 parentId=94} 1 children}
06-19 23:45:31.175  1362  1362 I SurfaceFlinger: [LayerHierarchy{RequestedLayerState{a1a3f36 StatusBar#102 parentId=35117} 1 children}] reparent to LayerHierarchy{RequestedLayerState{Surface(name=a1a3f36 StatusBar)/@0x69ae81 - animation-leash of insets_animation#35117 parentId=101} 1 children}
06-19 23:45:31.175  1362  1362 I SurfaceFlinger: [LayerHierarchy{RequestedLayerState{Surface(name=a1a3f36 StatusBar)/@0x69ae81 - animation-leash of insets_animation#35114} no children}] reparent to OffscreenRoot
06-19 23:45:31.175  1362  1362 I SurfaceFlinger: [LayerHierarchy{RequestedLayerState{Surface(name=a1a3f36 StatusBar)/@0x69ae81 - animation-leash of insets_animation#35114} no children}] RelativeParent to null
06-19 23:45:31.175  1362  1362 I SurfaceFlinger: [LayerHierarchy{RequestedLayerState{Surface(name=b2ba1d5 NavigationBar0)/@0x108d35a - animation-leash of insets_animation#35113} no children}] reparent to OffscreenRoot
06-19 23:45:31.175  1362  1362 I SurfaceFlinger: [LayerHierarchy{RequestedLayerState{Surface(name=b2ba1d5 NavigationBar0)/@0x108d35a - animation-leash of insets_animation#35113} no children}] RelativeParent to null
06-19 23:45:31.179  3723  3723 D ActivityEmbeddingUtils: isSettingsSplitSupported = false
06-19 23:45:31.180  3723  3723 I AppContextHelper: registerStateHandlerCallback() by WirelessDebuggingFragment
06-19 23:45:31.182  1362  1376 I SurfaceFlinger: id=35113 Removed Surface(name=b2ba1d5 NavigationBar0)/@0x108d35a - animation-leash of insets_animation#35113 (190)
06-19 23:45:31.182  1362  1376 I SurfaceFlinger: id=35114 Removed Surface(name=a1a3f36 StatusBar)/@0x69ae81 - animation-leash of insets_animation#35114 (190)
06-19 23:45:31.183  2967  3307 I HoneySpace.TopTaskSource: onTaskMovedToFront : taskId = 513, displayId = 0
06-19 23:45:31.183  2967 17427 I HoneySpace.RecentTasks: onRecentTasksChanged
06-19 23:45:31.183  1342  1667 D AudioFlinger: mixer(0xb400007fa8d08510) throttle end: throttle time(5)
06-19 23:45:31.185  2967  3309 I HoneySpace.TopTaskUseCase: topTasks 513 ComponentInfo{com.android.settings/com.android.settings.SubSettings}[displayId=0]
06-19 23:45:31.186 19354 19354 I InsetsSourceConsumer: applyRequestedVisibilityToControl: visible=true, type=navigationBars, host=com.example.testeableapp/com.example.testeableapp.MainActivity
06-19 23:45:31.187 19354 19354 I InsetsSourceConsumer: applyRequestedVisibilityToControl: visible=true, type=statusBars, host=com.example.testeableapp/com.example.testeableapp.MainActivity
06-19 23:45:31.189  3723  3723 I WirelessDebuggingFrag: onEnabled(): connect_port=32805
06-19 23:45:31.190  2503  2503 I {OngoingActivityController}: onTaskFocusChanged but OA data is empty
06-19 23:45:31.191  1362  1362 I SurfaceFlinger: destroyed Surface(name=a1a3f36 StatusBar)/@0x69ae81 - animation-leash of insets_animation#35114
06-19 23:45:31.191  1362  1362 I SurfaceFlinger: destroyed Surface(name=b2ba1d5 NavigationBar0)/@0x108d35a - animation-leash of insets_animation#35113
06-19 23:45:31.194  1362  1362 I Layer   : id=35114 Destroyed Surface(name=a1a3f36 StatusBar)/@0x69ae81 - animation-leash of insets_animation#35114
06-19 23:45:31.194  1362  1362 I Layer   : id=35113 Destroyed Surface(name=b2ba1d5 NavigationBar0)/@0x108d35a - animation-leash of insets_animation#35113
06-19 23:45:31.195  1593  1662 I SemWifiApAdvancedAutohotspotService: settings app is in foreground
06-19 23:45:31.196  2967  3307 I HoneySpace.TopTaskSource: onTaskFocusChanged(): taskId = 513
06-19 23:45:31.198  1362  1437 D SurfaceFlinger: [input] setFocusedWindow: <null>
06-19 23:45:31.198  2967  2967 I HoneySpace.EdgePanel.CocktailHostRepositoryImpl: onNoteResume
06-19 23:45:31.198  2967  2967 I HoneySpace.EdgePanel.EdgePanelContainerViewModel: cocktailHostRepository.edgePanelOperation NoteResumeComponent(componentName=ComponentInfo{com.android.settings/com.android.settings.SubSettings})
06-19 23:45:31.198  1593  2538 D InputDispatcher: Once focus requested (0): <null>
06-19 23:45:31.199  2967  2967 I HoneySpace.EdgePanel.ActivityUtils: HomePackage : com.sec.android.app.launcher, resumePackageName : com.android.settings, className : com.android.settings.SubSettings
06-19 23:45:31.200  3723  3723 D WirelessDebuggingEnabler: isUsbDebuggingAllowed = true
06-19 23:45:31.205  3723 15925 D SettingsActivity: No enabled state changed, skipping updateCategory call
06-19 23:45:31.206  1593  1660 D NetworkPolicy: already checked 1000
06-19 23:45:31.207  1593  1660 D NetworkPolicy: already checked 1000
06-19 23:45:31.208  5754  5874 I Rubin   : [148] A8.b.A(Unknown Source) : Notify com.samsung.android.rubin.inferenceengine.contextanalytics.engine.loggers.AppUsageLogger's database is updated.
06-19 23:45:31.208  3723  3723 D WirelessDebuggingEnabler: isUsbDebuggingAllowed = true
06-19 23:45:31.208  3723  3723 W ElapsedTimeUtils: getElapsedTime: sSuwFinishedTimeStamp is null
06-19 23:45:31.209  1593  1660 D PkgPredictorService-SecIpmManagerServiceImpl: onForegroundActivitiesChanged pid:3723 uid:1000
06-19 23:45:31.211  1342  3245 V APM_AudioPolicyManager: setAppState(portId:24603, state:1)
06-19 23:45:31.215  3723 15925 I SecTileUtils: loadTilesForAction com.android.settings.action.SETTINGS
06-19 23:45:31.215  5754  5874 I Rubin   : [148] com.samsung.android.rubin.inferenceengine.contextanalytics.engine.monitors.moment.exercise.ExercisingWithCmhMonitor.isSatisfiedByCmh(Unknown Source) : isSatisfiedByCmh is false
06-19 23:45:31.215  1593  3774 I WindowManager: Relayout Window{6bbfc8e u0 com.android.settings/com.android.settings.SubSettings}: viewVisibility=0 req=1080x2340 ty=1 d0
06-19 23:45:31.216  3723 15925 W SecTileUtils: Found com.android.settings.Settings$LockscreenSettingsActivity for intent Intent { act=com.android.settings.action.SETTINGS pkg=com.android.settings } missing metadata com.android.settings.category
06-19 23:45:31.216  3723 15925 I SecTileUtils: Found com.android.settings.Settings$BluetoothSettingsActivity for intent Intent { act=com.android.settings.action.SETTINGS pkg=com.android.settings } metadata Bundle[{com.android.settings.support=KNOXCUSTOM_KIOSK, com.samsung.android.settings.menu.group.mpsm=group1, com.android.settings.FRAGMENT_CLASS=com.samsung.android.settings.bluetooth.BluetoothSettings, voicecommand=2132019263, com.android.settings.TOP_LEVEL_TILE_ID=connections_settings, com.android.settings.tileid=bluetooth_settings, com.sec.android.PRIMARY_KNOX_CONTROLLED=true, com.android.settings.category=com.android.settings.category.ia.homepage, com.android.settings.HIGHLIGHT_MENU_KEY=top_level_connections, com.android.settings.icon=2131233612}]
06-19 23:45:31.216  3723 15925 D SecTileUtils: setMetaData key : Pair{com.android.settings com.android.settings.Settings$BluetoothSettingsActivity} , categoryKey com.android.settings.category.ia.homepage
06-19 23:45:31.216  3723 15925 D SecTileUtils: META_DATA_SAMSUNG_TILE_ID/META_DATA_TILE_ID tile.tileId : bluetooth_settings
06-19 23:45:31.216  3723 15925 D SecTileUtils: META_DATA_PREFERENCE_SUPPORT tile.support : KNOXCUSTOM_KIOSK
06-19 23:45:31.216  3723 15925 W SecTileUtils: Found com.android.settings.Settings$CloudAccountSettingsActivity for intent Intent { act=com.android.settings.action.SETTINGS pkg=com.android.settings } missing metadata com.android.settings.category
06-19 23:45:31.216  3723 15925 W SecTileUtils: Found com.android.settings.Settings$UsefulFeatureMainActivity for intent Intent { act=com.android.settings.action.SETTINGS pkg=com.android.settings } missing metadata com.android.settings.category
06-19 23:45:31.216  1362  1545 I SurfaceFlinger: id=35118 createSurf, flag=44004, com.android.settings/com.android.settings.SubSettings$_3723#35118
06-19 23:45:31.216  3723 15925 I SecTileUtils: loadTilesForAction com.android.settings.OPERATOR_APPLICATION_SETTING
06-19 23:45:31.217  3723 15925 D SecTileUtils: setMetaData key : Pair{com.samsung.android.emergency com.samsung.android.emergency.settings.ui.EmergencySettingsActivity} , categoryKey com.android.settings.category.ia.safety_emergency
06-19 23:45:31.217  3723 15925 D SecTileUtils: setMetaData key : Pair{com.sec.android.app.safetyassurance com.sec.android.app.safetyassurance.settings.EmergencySharingActivity} , categoryKey com.android.settings.category.ia.safety_emergency
06-19 23:45:31.217  3723 15925 I SecTileUtils: loadTilesForAction com.android.settings.MANUFACTURER_APPLICATION_SETTING
06-19 23:45:31.218  1593  3774 D SurfaceComposerClient: setCornerRadius ## 6bbfc8e com.android.settings/com.android.settings.SubSettings#34138 cornerRadius=0.000000
06-19 23:45:31.218  1593  3774 D SurfaceComposerClient: setCornerRadius ## 6bbfc8e com.android.settings/com.android.settings.SubSettings#34138 cornerRadius=0.000000
06-19 23:45:31.220  1362  1545 I SurfaceFlinger: id=35119 createSurf, flag=24000, Surface(name=b2ba1d5 NavigationBar0)/@0x108d35a - animation-leash of insets_animation#35119
06-19 23:45:31.220  3723 15925 D SecTileUtils: setMetaData key : Pair{com.samsung.android.app.telephonyui com.samsung.android.app.telephonyui.netsettings.ui.NetSettingsActivity} , categoryKey com.android.settings.category.ia.homepage
06-19 23:45:31.220  3723 15925 D SecTileUtils: META_DATA_SAMSUNG_TILE_ID/META_DATA_TILE_ID tile.tileId : mobile_networks
06-19 23:45:31.220  3723 15925 D SecTileUtils: META_DATA_PREFERENCE_SUPPORT tile.support : VZW,UPSM,KIOSKCONTAINER
06-19 23:45:31.220  3723 15925 I SecTileUtils: Sec Found com.samsung.android.themestore.activity.LauncherfromSetting for intent Intent { act=com.android.settings.MANUFACTURER_APPLICATION_SETTING } metadata Bundle[{com.android.settings.summary=2131886350, com.android.settings.support=Common,SkipMinimalBatteryUse,SkipDexMode, com.samsung.android.settings.menu.group=group2, com.samsung.android.settings.category=com.android.settings.category.ia.homepage, com.android.settings.order=-260000, com.android.settings.title=2131886436, com.android.settings.tileid=wallpapers_themes_settings, com.samsung.android.themestore.activity.meta.isMainActivity=true, com.android.settings.category=com.android.settings.category.device, com.android.settings.icon=2131230944}]
06-19 23:45:31.220  3723 15925 D SecTileUtils: setMetaData key : Pair{com.samsung.android.themestore com.samsung.android.themestore.activity.LauncherfromSetting} , categoryKey com.android.settings.category.ia.homepage
06-19 23:45:31.220  3723 15925 D SecTileUtils: META_DATA_SAMSUNG_TILE_ID/META_DATA_TILE_ID tile.tileId : wallpapers_themes_settings
06-19 23:45:31.220  3723 15925 D SecTileUtils: META_DATA_PREFERENCE_SUPPORT tile.support : Common,SkipMinimalBatteryUse,SkipDexMode
06-19 23:45:31.220  3723 15925 D SecTileUtils: setMetaData key : Pair{com.sec.android.app.launcher com.samsung.app.honeyspace.edge.edgepanel.app.setting.EdgeSettingMainActivity} , categoryKey com.android.settings.category.device
06-19 23:45:31.220  3723 15925 D SecTileUtils: META_DATA_SAMSUNG_TILE_ID/META_DATA_TILE_ID tile.tileId : edge_screen_settings
06-19 23:45:31.220  3723 15925 D SecTileUtils: META_DATA_PREFERENCE_SUPPORT tile.support : VZW
06-19 23:45:31.220  3723 15925 D SecTileUtils: setMetaData key : Pair{com.samsung.android.vtcamerasettings com.samsung.android.vtcamerasettings.settings.SettingsActivity} , categoryKey com.samsung.android.settings.category.ia.usefulfeatures
06-19 23:45:31.220  3723 15925 D SecTileUtils: META_DATA_SAMSUNG_TILE_ID/META_DATA_TILE_ID tile.tileId : Efectos de video
06-19 23:45:31.220  3723 15925 I Settings: com.sec.android.app.shealth is not signed with platform key.
06-19 23:45:31.221  3723 15925 D SecTileUtils: setMetaData key : Pair{com.sec.android.app.shealth com.samsung.android.app.shealth.home.settings.advanced.generativeinsight.HealthAssistSettingsActivity} , categoryKey com.samsung.android.settings.category.ia.intelligenceservice
