06-19 23:45:36.201  1362  1362 I SurfaceFlinger: [Surface(name=7490dd7 InputMethod)/@0x5cfd4e2 - animation-leash of insets_animation#35243] attach to parent LayerHierarchy{RequestedLayerState{WindowToken{f9f4abc type=2011 android.os.Binder@9c6b6af}#132 parentId=15} 2 children}
06-19 23:45:36.201  1362  1362 I SurfaceFlinger: [LayerHierarchy{RequestedLayerState{8f9cd0e com.example.testeableapp.test/androidx.test.core.app.InstrumentationActivityInvoker$EmptyActivity#35230 parentId=35242} 1 children}] reparent to LayerHierarchy{RequestedLayerState{Surface(name=8f9cd0e com.example.testeableapp.test/androidx.test.core.app.InstrumentationActivityInvoker$EmptyActivity)/@0xede4401 - animation-leash of starting_reveal#35242 parentId=35226} 1 children}
06-19 23:45:36.201  2503  2605 I VRI[test]@76b5288: mWNT: t=0xb400006f2bd76250 mBlastBufferQueue=0xb40000707c186a40 fn= 3 HdrRenderState mRenderHdrSdrRatio=1.0 caller= android.view.SyncRtSurfaceTransactionApplier.applyTransaction:100 android.view.SyncRtSurfaceTransactionApplier.lambda$scheduleApply$0:73 android.view.SyncRtSurfaceTransactionApplier.$r8$lambda$afI4fXg3U3-nBZQEDQMiNy-B06s:0
06-19 23:45:36.203  6035  6035 I HBD     : a [NRIC] resetNoResponseState
06-19 23:45:36.203  6035  6035 I HBD     : c needOff = true , isForceOff = false, isNullInputClass : true
06-19 23:45:36.203  6035  6035 I HBD     : c update cached prediction status : false
06-19 23:45:36.203  6035  6035 I HBD     : HoneyBoardService [PF_OP][onStartInput]  9 ms
06-19 23:45:36.205  1362  1362 I Layer   : id=35222 Destroyed Surface(name=e47159e com.example.testeableapp/com.example.testeableapp.MainActivity)/@0x7cf8802 - animation-leash of window_animation#35222
06-19 23:45:36.205  1499 19594 D CCodecConfig: c2 config diff is   c2::u32 coded.bitrate.value = 499821
06-19 23:45:36.205  1499 19594 D CCodecConfig:   c2::u32 raw.channel-count.value = 2
06-19 23:45:36.205  1499 19594 D CCodecConfig:   c2::u32 raw.sample-rate.value = 44100
06-19 23:45:36.206  1499 19594 W Codec2Client: query -- param skipped: index = 1107298332.
06-19 23:45:36.206  1499 19594 D CCodec  : encoding statistics level = 0
06-19 23:45:36.207  1499 19594 D CCodec  : setup formats input: AMessage(what = 0x00000000) = {
06-19 23:45:36.207  1499 19594 D CCodec  :   int32_t bitrate = 499821
06-19 23:45:36.207  1499 19594 D CCodec  :   int32_t channel-count = 2
06-19 23:45:36.207  1499 19594 D CCodec  :   int32_t max-input-size = 32768
06-19 23:45:36.207  1499 19594 D CCodec  :   string mime = "audio/vorbis"
06-19 23:45:36.207  1499 19594 D CCodec  :   int32_t sample-rate = 44100
06-19 23:45:36.207  1499 19594 D CCodec  : }
06-19 23:45:36.207  1499 19594 D CCodec  : setup formats output: AMessage(what = 0x00000000) = {
06-19 23:45:36.207  1499 19594 D CCodec  :   int32_t buffer-batch-max-output-size = 0
06-19 23:45:36.207  1499 19594 D CCodec  :   int32_t buffer-batch-threshold-output-size = 0
06-19 23:45:36.207  1499 19594 D CCodec  :   int32_t channel-count = 2
06-19 23:45:36.207  1499 19594 D CCodec  :   string mime = "audio/raw"
06-19 23:45:36.207  1499 19594 D CCodec  :   int32_t sample-rate = 44100
06-19 23:45:36.207  1499 19594 D CCodec  :   int32_t channel-mask = 3
06-19 23:45:36.207  1499 19594 D CCodec  :   int32_t android._config-pcm-encoding = 2
06-19 23:45:36.207  1499 19594 D CCodec  : }
06-19 23:45:36.207  1499 19594 I CCodecConfig: query failed after returning 8 values (BAD_INDEX)
06-19 23:45:36.208  1499 19594 E mediaserver: Failed to query component interface for required system resources: 6
06-19 23:45:36.210  1593  4142 D SehCodecSolutionService: updateMediaStatisticsData: (action=1@1986621044;category=4@1986621044;label=1634956898@1986621044)
06-19 23:45:36.210  1593  4142 D CodecSolution_MediaStatisticsData: MediaStatisticsData: action=1@1986621044;category=4@1986621044;label=1634956898@1986621044
06-19 23:45:36.210  1593  4142 D CodecSolution_MediaStatisticsData: Category.valueOf: 4
06-19 23:45:36.210  1593  4142 D CodecSolution_MediaStatisticsData: Action.valueOf: 1
06-19 23:45:36.210  1593  4142 D CodecSolution_MediaStatisticsData: Label.valueOf: 0x61737662
06-19 23:45:36.210  1593  4142 D CodecSolution_MediaStatisticsData: category: ADEC
06-19 23:45:36.210  1593  4142 D CodecSolution_MediaStatisticsData: action: INSTANTIATE
06-19 23:45:36.210  1593  4142 D CodecSolution_MediaStatisticsData: label: ANDROID_SW_VORBIS
06-19 23:45:36.210  1593  1593 D SehCodecSolutionService: handleMessage : 900
06-19 23:45:36.210  1593  1593 D SehCodecSolutionService: event : ADEC
06-19 23:45:36.210  1593  1593 D CodecSolution_Logging: dma : true, feature: ADEC, extra: ANDROID_SW_VORBIS, value: -1
06-19 23:45:36.210  1593  1593 D CodecSolution_Logging: insert diagmon log
06-19 23:45:36.210  1593  1593 D CodecSolution_Logging: permission granted
06-19 23:45:36.210  1499 19594 I MediaCodec: MediaCodec will operate in async mode
06-19 23:45:36.211  1499 19593 D MediaCodec: keep callback message for reclaim
06-19 23:45:36.211  1499 19594 I CCodec  : [c2.android.vorbis.decoder] state->set(STARTING)
06-19 23:45:36.212  1499 19594 W Codec2Client: query -- param skipped: index = 1342179345.
06-19 23:45:36.212  1499 19594 W Codec2Client: query -- param skipped: index = 2415921170.
06-19 23:45:36.214  1362  1362 D SurfaceFlinger: Display 4633128672291735931 HWC layers:
06-19 23:45:36.214  1362  1362 D SurfaceFlinger:        CLIENT |           83124797046800 | 00002102 | RGBA_8888    |   31.0    0.0 1080.0 2340.0 |    0    0 1080 2340 | com.example.testeableapp/com.example.testeableapp.MainActivity$_19354#35212 (40)
06-19 23:45:36.214  1362  1362 D SurfaceFlinger:        CLIENT |                        0 | 00000000 | N/A          |    0.0    0.0    0.0    0.0 |    0    0 1080 2340 | Dim Layer for - Task=565#35223 (0)
06-19 23:45:36.214  1362  1362 D SurfaceFlinger:        DEVICE |           83124797046806 | 00002100 | RGBA_8888    |   31.0    0.0 1080.0  768.0 |    0    0 1049  768 | com.example.testeableapp/com.example.testeableapp.MainActivity$_19354#35221 (2)
06-19 23:45:36.214  1362  1362 D SurfaceFlinger:   SOLID_COLOR |                        0 | 00000000 | N/A          |    0.0    0.0    0.0    0.0 |    0    0 1080 2340 | DimTransitionLayer for Surface(name=Task=513)/@0xc477539#35241 (0)
06-19 23:45:36.214  1362  1362 D SurfaceFlinger:        DEVICE |           15990163243185 | 00002102 | RGBA_8888    |    0.0    0.0   99.0 2340.0 |  981    0 1080 2340 | com.android.settings/com.android.settings.SubSettings$_3723#35237 (5)
06-19 23:45:36.214  1362  1362 D SurfaceFlinger:        DEVICE |           10750303184999 | 00
06-19 23:45:36.214  1362  1362 D SurfaceFlinger: 002100 | RGBA_8888    |    0.0    0.0 1080.0   77.0 |    0    0 1080   77 | StatusBar$_2503#111 (52443)
06-19 23:45:36.214  1362  1362 D SurfaceFlinger:        DEVICE |           12743167976380 | 00002100 | RGBA_8888    |    0.0    0.0   67.0  342.0 | 1013  821 1080 1163 | com.sec.android.app.launcher/com.sam[...]l.app.CocktailBarService$_2967#35048 (1)
06-19 23:45:36.214  1362  1362 D SurfaceFlinger:        DEVICE |           10750303185000 | 00002100 | RGBA_8888    |    0.0    0.0 1080.0  135.0 |    0 2205 1080 2340 | NavigationBar0$_2503#107 (27379)
06-19 23:45:36.214  1362  1362 D SurfaceFlinger:        DEVICE |           70158290780195 | 00002100 | RGBA_8888    |    0.0    0.0 1080.0 2340.0 |    0    0 1080 2340 | EdgeLightingWindow$_16335#35072 (94)
06-19 23:45:36.214  1362  1362 D SurfaceFlinger:
06-19 23:45:36.214  1499 19594 D BufferPoolAccessor2.0: bufferpool2 0xb4000078ddd24498 : 4(131072 size) total buffers - 4(131072 size) used buffers - 14/22 (recycle/alloc) - 8/34 (fetch/transfer)
06-19 23:45:36.214  1499 19594 D CCodecBufferChannel: [c2.android.vorbis.decoder#230] Created input block pool with allocatorID 16 => poolID 1103 - OK (0)
06-19 23:45:36.217  1499 19594 I CCodecBufferChannel: [c2.android.vorbis.decoder#230] Created output block pool with allocatorID 16 => poolID 2291 - OK
06-19 23:45:36.217  1499 19594 D CCodecBufferChannel: [c2.android.vorbis.decoder#230] Configured output block pool ids 2291 => OK
06-19 23:45:36.217  1362  1362 I SurfaceFlinger: RequestedLayer [Surface(name=7490dd7 InputMethod)/@0[...]tion-leash of insets_animation#35243] hidden!! flag  from(1) --> to(0)
06-19 23:45:36.218  1362  1362 E SurfaceFlinger: alpha changed 1.000 -> 0.000 - Surface(name=7490dd7 InputMethod)/@0x5cfd4e2 - animation-leash of insets_animation#35243
06-19 23:45:36.218  1547 15523 E Codec2-ComponentInterface: We have a failed config
06-19 23:45:36.218  1362  1362 I SurfaceFlinger: [LayerHierarchy{RequestedLayerState{ImeContainer#15 parentId=34137 relativeParentId=34138 z=1} 1 children}] reparent to LayerHierarchy{RequestedLayerState{ActivityRecord{249521351 u0 com.android.settings/.SubSettings t513}#34137 parentId=33546 z=2} 3 children}
06-19 23:45:36.218  1362  1362 I SurfaceFlinger: [LayerHierarchy{RequestedLayerState{ImeContainer#15 parentId=34137 relativeParentId=34138 z=1} 1 children}] RelativeParent to LayerHierarchy{RequestedLayerState{6bbfc8e com.android.settings/com.android.settings.SubSettings#34138 parentId=34137} 2 children}
06-19 23:45:36.218  1362  1362 I SurfaceFlinger: [LayerHierarchy{RequestedLayerState{7490dd7 InputMethod#133 parentId=35243} no children}] reparent to LayerHierarchy{RequestedLayerState{Surface(name=7490dd7 InputMethod)/@0x5cfd4e2 - animation-leash of insets_animation#35243 parentId=132} 1 children}
06-19 23:45:36.218  1362  1362 I SurfaceFlinger: [LayerHierarchy{RequestedLayerState{Surface(name=7490dd7 InputMethod)/@0x5cfd4e2 - animation-leash of insets_animation#35224} no children}] reparent to OffscreenRoot
06-19 23:45:36.218  1362  1362 I SurfaceFlinger: [LayerHierarchy{RequestedLayerState{Surface(name=7490dd7 InputMethod)/@0x5cfd4e2 - animation-leash of insets_animation#35224} no children}] RelativeParent to null
06-19 23:45:36.218  1499 19594 I CCodec  : [c2.android.vorbis.decoder] state->set(RUNNING)
06-19 23:45:36.221  2503  2606 I VRI[test]@76b5288: mWNT: t=0xb400006f2bd01010 mBlastBufferQueue=0xb40000707c186a40 fn= 4 HdrRenderState mRenderHdrSdrRatio=1.0 caller= android.view.SyncRtSurfaceTransactionApplier.applyTransaction:100 android.view.SyncRtSurfaceTransactionApplier.lambda$scheduleApply$0:73 android.view.SyncRtSurfaceTransactionApplier.$r8$lambda$afI4fXg3U3-nBZQEDQMiNy-B06s:0
06-19 23:45:36.221  1499 19594 I CCodecBufferChannel: [c2.android.vorbis.decoder#230] 4 initial input buffers available
06-19 23:45:36.222  1362  1376 I SurfaceFlinger: id=35224 Removed Surface(name=7490dd7 InputMethod)/@0x5cfd4e2 - animation-leash of insets_animation#35224 (198)
06-19 23:45:36.223  1547 19596 D SimpleC2Component: Using output block pool with poolID 2291 => got 2291 - 0
06-19 23:45:36.234  1499 19592 V AudioSink: +++ close
06-19 23:45:36.234  1499 19592 V AudioSink: --- close
06-19 23:45:36.234  1362  1362 I SurfaceFlinger: destroyed Surface(name=7490dd7 InputMethod)/@0x5cfd4e2 - animation-leash of insets_animation#35224
06-19 23:45:36.235  1342  1382 V APM_AudioPolicyManager: selectOutput new bestOutput 13 criteria 0 100 0 0 0 0 0 2
06-19 23:45:36.235  1342  1382 V APM_AudioPolicyManager: getOutput() stream 3 selected devices {AUDIO_DEVICE_OUT_SPEAKER, @:}, output 13
06-19 23:45:36.237  6035  6035 I InputMethodService: scheduleImeSurfaceRemoval: canceled, mShowInputRequested=false, mWindowVisible=false, IsmWindowNull=false, IsmImeSurfaceRemoverRunnableNotNull=true
06-19 23:45:36.237  1593  1620 I WindowManager: Relayout Window{6d844e3 u0 Splash Screen com.example.testeableapp.test}: viewVisibility=8 req=1080x2340 ty=3 d0
06-19 23:45:36.237  1342  1382 V APM_AudioPolicyManager: selectOutput new bestOutput 13 criteria 0 100 0 0 0 0 0 2
06-19 23:45:36.237  1342  1382 V APM_AudioPolicyManager: getOutput() stream 3 selected devices {AUDIO_DEVICE_OUT_SPEAKER, @:}, output 13
06-19 23:45:36.237  1593  1620 D SurfaceComposerClient: setCornerRadius ## 6bbfc8e com.android.settings/com.android.settings.SubSettings#34138 cornerRadius=0.000000
06-19 23:45:36.238  1362  1362 I Layer   : id=35224 Destroyed Surface(name=7490dd7 InputMethod)/@0x5cfd4e2 - animation-leash of insets_animation#35224
06-19 23:45:36.238  1593  1620 D SurfaceComposerClient: setCornerRadius ## 6bbfc8e com.android.settings/com.android.settings.SubSettings#34138 cornerRadius=0.000000
06-19 23:45:36.238  1342  1382 V APM_AudioPolicyManager: selectOutput new bestOutput 13 criteria 0 100 0 0 0 0 0 2
06-19 23:45:36.239  1342  1382 V APM_AudioPolicyManager: getOutput() stream 3 selected devices {AUDIO_DEVICE_OUT_SPEAKER, @:}, output 13
06-19 23:45:36.239  1593  1620 I WindowManager: Relayout hash=6d844e3, pid=2503, syncId=-1: mAttrs={(0,0)(fillxfill) sim={adjust=pan} layoutInDisplayCutoutMode=always ty=APPLICATION_STARTING fmt=TRANSLUCENT
06-19 23:45:36.239  1593  1620 I WindowManager:   fl=81030118
06-19 23:45:36.239  1593  1620 I WindowManager:   pfl=10000810
06-19 23:45:36.239  1593  1620 I WindowManager:   apr=18
06-19 23:45:36.239  1593  1620 I WindowManager:   bhv=1
06-19 23:45:36.239  1593  1620 I WindowManager:   fitSides=0
06-19 23:45:36.239  1593  1620 I WindowManager:   frameRateBoostOnTouch=true
06-19 23:45:36.239  1593  1620 I WindowManager:   dvrrWindowFrameRateHint=true naviIconColor=0}
06-19 23:45:36.240  2503  2567 I VRI[test]@76b5288: onActiveControlsChanged, removed=false, mAdded=true, caller=android.view.ViewRootImpl.handleInsetsControlChanged:3002 android.view.ViewRootImpl.relayoutWindow:11629 android.view.ViewRootImpl.performTraversals:4804 android.view.ViewRootImpl.doTraversal:3924 android.view.ViewRootImpl$TraversalRunnable.run:12903
06-19 23:45:36.240  2503  2567 I VRI[test]@76b5288: Relayout returned: old=(0,0,1080,2340) new=(0,0,1080,2340) relayoutAsync=false req=(1080,2340)8 dur=4 res=0x2 s={false 0x0} ch=true seqId=0
06-19 23:45:36.240  2503  2567 D VRI[test]@76b5288: Not drawing due to not visible. Reason=View.GONE
06-19 23:45:36.240  2503  2567 I VRI[test]@76b5288: dispatchDetachedFromWindow
06-19 23:45:36.240  1476  1476 I CameraService: onUidStateChanged: uid=10049, procState is changed. (1 -> 0)
06-19 23:45:36.241  1593  4142 D InputTransport: Input channel destroyed: '6d844e3', fd=1695
06-19 23:45:36.241  1593  4142 D SurfaceComposerClient: setCornerRadius ## 6bbfc8e com.android.settings/com.android.settings.SubSettings#34138 cornerRadius=0.000000
06-19 23:45:36.242  1593  4142 D SurfaceComposerClient: setCornerRadius ## 6bbfc8e com.android.settings/com.android.settings.SubSettings#34138 cornerRadius=0.000000
06-19 23:45:36.242  2503  2567 D InputTransport: Input channel destroyed: '6d844e3', fd=616
06-19 23:45:36.243  1593  1663 D SurfaceComposerClient: setCornerRadius ## 6bbfc8e com.android.settings/com.android.settings.SubSettings#34138 cornerRadius=0.000000
06-19 23:45:36.244  1342  1382 V APM_AudioPolicyManager: setAppState(portId:24603, state:1)
06-19 23:45:36.244  1499 19592 I NuPlayerRenderer: checkAudioSinkPcmMsSetting 500
06-19 23:45:36.245  1499 19592 V AudioSink: open(44100, 2, 0x3, 0x1, 0, 180337 0x0)
06-19 23:45:36.247  1342  1382 V APM_AudioPolicyManager: selectOutput new bestOutput 13 criteria 0 100 0 0 0 0 0 2
06-19 23:45:36.247  1342  1382 V APM_AudioPolicyManager: getOutput() stream 5 selected devices {AUDIO_DEVICE_OUT_SPEAKER, @:}, output 13
06-19 23:45:36.247  1342  6557 V APM_AudioPolicyManager: selectOutput new bestOutput 13 criteria 0 100 0 0 0 0 0 2
06-19 23:45:36.247  1342  6557 V APM_AudioPolicyManager: getOutput() stream 5 selected devices {AUDIO_DEVICE_OUT_SPEAKER, @:}, output 13
06-19 23:45:36.248  1499 19592 V AudioSink: no track available to recycle
06-19 23:45:36.248  1499 19592 V AudioSink: creating new AudioTrack
06-19 23:45:36.250  1342  6557 V APM_AudioPolicyManager: getOutputForAttrInt() attributes={ Content type: AUDIO_CONTENT_TYPE_SONIFICATION Usage: AUDIO_USAGE_NOTIFICATION Source: AUDIO_SOURCE_INVALID Flags: 0x800 Tags:  } stream=AUDIO_STREAM_NOTIFICATION session 180337 selectedDeviceId 0
06-19 23:45:36.250  1342  6557 V APM_AudioPolicyManager: getOutputForAttrInt() device {AUDIO_DEVICE_OUT_SPEAKER, @:}, sampling rate 44100, format 0x1, channel mask 0x3, flags 0x600002 stream AUDIO_STREAM_NOTIFICATION
06-19 23:45:36.251  2503  2503 D SystemUIService: SYSUI_RAM_OPTIMIZATION onTrimMemory=20
06-19 23:45:36.250  1342  6557 V APM_AudioPolicyManager: selectOutput new bestOutput 13 criteria 0 100 0 0 0 1 4 2
06-19 23:45:36.251  1342  6557 V APM_AudioPolicyManager: getOutputForAttrInt returns output 13 selectedDeviceIds 3
06-19 23:45:36.251  2503  2503 D CentralSurfaces: SYSUI_RAM_OPTIMIZATION onTrimMemory=20
06-19 23:45:36.251  1342  6557 V APM_AudioPolicyManager: getOutputForAttr() returns output 13 requestedPortIds AUDIO_PORT_HANDLE_NONE selectedDeviceIds 3 for port ID 24612
06-19 23:45:36.251  1342  6557 I AudioFlinger: nonSecFlag 0, secFlag 600000, outputFlags 2
06-19 23:45:36.252  2503  2607 D HWUI    : CacheManager::trimMemory(20)
06-19 23:45:36.252  1342  6557 D AudioFlinger: Client defaulted notificationFrames to 7350 for frameCount 22050
06-19 23:45:36.252  1342  6557 I AF::PthrPatchRecord: creating track with enforcement level 0
06-19 23:45:36.253  1593  1663 D SurfaceComposerClient: setCornerRadius ## 6bbfc8e com.android.settings/com.android.settings.SubSettings#34138 cornerRadius=0.000000
06-19 23:45:36.255  1342  6557 I AF::Track: setMixerOutConfig expectKey 202
06-19 23:45:36.255  1342  6557 I AF::Track: setMixerOutConfig select, mixer out f 5, s 48000, thread out f 1, s 48000
06-19 23:45:36.257  1499 19592 V AudioSink: deleteRecycledTrack_l
06-19 23:45:36.257  1499 19592 V AudioSink: setVolume
06-19 23:45:36.257  1499 19592 D AudioTrack: setVolume(1.000000, 1.000000) pid : 2503
06-19 23:45:36.258  1498 31885 D AudioAnalytics: gc(1700, 2000): log size:1700 item map size:178, item map items:1700
06-19 23:45:36.260  1499 19592 V AudioSink: updateTrack() DONE status 0
06-19 23:45:36.261  1499 19592 V AudioSink: setPlaybackRate(1.000000 1.000000 2 0)
06-19 23:45:36.261  1499 19592 V AudioSink: start
06-19 23:45:36.261  1499 19592 D AudioTrack: setVolume(1.000000, 1.000000) pid : 2503
06-19 23:45:36.261  1499 19592 I SAG_VOR_a64: VoiceActivityDetectionInit() Version Samsung VAD v3.0 a64 2020.06.22)
06-19 23:45:36.264  1342  1382 I AF::Track: setMixerOutConfig expectKey 202
06-19 23:45:36.264  1342  1382 I AF::Track: setMixerOutConfig select, mixer out f 5, s 48000, thread out f 1, s 48000
06-19 23:45:36.264  1342  1382 V APM_AudioPolicyManager: startOutput portId 24612
06-19 23:45:36.264  1342  1382 V APM_AudioPolicyManager: startOutput() output 13, stream 5, session 180337
06-19 23:45:36.264  1342  1382 V APM_AudioPolicyManager: setBeaconMute(1) mBeaconMuteRefCount=2 mBeaconPlayingRefCount=0
06-19 23:45:36.265  1342  1382 V APM_AudioPolicyManager: getNewOutputDevices selected devices {AUDIO_DEVICE_OUT_SPEAKER, @:}
06-19 23:45:36.265  1342  1382 V APM_AudioPolicyManager: setOutputDevices caller startSource[[portId:1][io:13, primary output]] device {AUDIO_DEVICE_OUT_SPEAKER, @:} delayMs 0
06-19 23:45:36.265  1342  1382 V APM_AudioPolicyManager: setOutputDevices: caller startSource[[portId:1][io:13, primary output]] suppressing checkDeviceMuteStrategies
06-19 23:45:36.265  1342  1382 V APM_AudioPolicyManager: setOutputDevices caller startSource[[portId:1][io:13, primary output]] changing device to {AUDIO_DEVICE_OUT_SPEAKER, @:} (prevDevice {AUDIO_DEVICE_OUT_SPEAKER, @:})
06-19 23:45:36.267  1362  1362 E SurfaceFlinger: alpha changed 0.005 -> 0.000 - Dim Layer for - Task=565#35223
06-19 23:45:36.268  1362  1362 I SurfaceFlinger: RequestedLayer [Task=566#35225] hidden!! flag  from(0) --> to(1)
06-19 23:45:36.268  1362  1362 I SurfaceFlinger: [LayerHierarchy{RequestedLayerState{6d844e3 Splash Screen com.example.testeableapp.test#35229 z=2147483647} 1 children}] reparent to OffscreenRoot
06-19 23:45:36.268  1362  1362 I SurfaceFlinger: [LayerHierarchy{RequestedLayerState{6d844e3 Splash Screen com.example.testeableapp.test#35229 z=2147483647} 1 children}] RelativeParent to null
06-19 23:45:36.268  1362  1362 I SurfaceFlinger: [LayerHierarchy{RequestedLayerState{Surface(name=8f9cd0e com.example.testeableapp.test/androidx.test.core.app.InstrumentationActivityInvoker$EmptyActivity)/@0xede4401 - animation-leash of starting_reveal#35242} 1 children}] reparent to OffscreenRoot
06-19 23:45:36.268  1362  1362 I SurfaceFlinger: [LayerHierarchy{RequestedLayerState{Surface(name=8f9cd0e com.example.testeableapp.test/androidx.test.core.app.InstrumentationActivityInvoker$EmptyActivity)/@0xede4401 - animation-leash of starting_reveal#35242} 1 children}] RelativeParent to null
06-19 23:45:36.268  1362  1362 I SurfaceFlinger: [LayerHierarchy{RequestedLayerState{Splash Screen com.example.testeableapp.test$_2503#35234} no children}] reparent to OffscreenRoot
06-19 23:45:36.268  1362  1362 I SurfaceFlinger: [LayerHierarchy{RequestedLayerState{Splash Screen com.example.testeableapp.test$_2503#35234} no children}] RelativeParent to null
06-19 23:45:36.268  1362  1362 I SurfaceFlinger: [LayerHierarchy{RequestedLayerState{8f9cd0e com.example.testeableapp.test/androidx.test.core.app.InstrumentationActivityInvoker$EmptyActivity#35230 parentId=35226} 1 children}] reparent to LayerHierarchy{RequestedLayerState{ActivityRecord{217723487 u0 com.example.testeableapp.test/androidx.test.core.app.InstrumentationActivityInvoker$EmptyActivity t566}#35226 parentId=35225} 1 children}
06-19 23:45:36.271  1362  1362 I SurfaceFlinger: id=35234 Removed Splash Screen com.example.testeableapp.test$_2503#35234 (197)
06-19 23:45:36.277  1362  1362 D SurfaceFlinger: Display 4633128672291735931 HWC layers:
06-19 23:45:36.277  1362  1362 D SurfaceFlinger:        CLIENT |           83124797046800 | 00002102 | RGBA_8888    |  214.0    0.0 1080.0 2340.0 |    0    0 1080 2340 | com.example.testeableapp/com.example.testeableapp.MainActivity$_19354#35212 (40)
06-19 23:45:36.277  1362  1362 D SurfaceFlinger:        DEVICE |           83124797046806 | 00002100 | RGBA_8888    |  214.0    0.0 1080.0  768.0 |    0    0  866  768 | com.example.testeableapp/com.example.testeableapp.MainActivity$_19354#35221 (2)
06-19 23:45:36.277  1362  1362 D SurfaceFlinger:   SOLID_COLOR |                        0 | 00000000 | N/A          |    0.0    0.0    0.0    0.0 |    0    0 1080 2340 | DimTransitionLayer for Surface(name=Task=513)/@0xc477539#35241 (0)
06-19 23:45:36.277  1362  1362 D SurfaceFlinger:        DEVICE |           15990163243185 | 00002102 | RGBA_8888    |    0.0    0.0  686.0 2340.0 |  394    0 1080 2340 | com.android.settings/com.android.settings.SubSettings$_3723#35237 (9)
06-19 23:45:36.277  1362  1362 D SurfaceFlinger:        DEVICE |           10750303184999 | 00002100 | RGBA_8888    |    0.0    0.0 1080.0   77.0 |    0    0 1080   77 | StatusBar$_2503#111 (52443)
06-19 23:45:36.277  1362  1362 D SurfaceFlinger:        DEVICE |           12743167976380 | 00002100
06-19 23:45:36.277  1362  1362 D SurfaceFlinger: | RGBA_8888    |    0.0    0.0   67.0  342.0 | 1013  821 1080 1163 | com.sec.android.app.launcher/com.sam[...]l.app.CocktailBarService$_2967#35048 (1)
06-19 23:45:36.277  1362  1362 D SurfaceFlinger:        DEVICE |           10750303185000 | 00002100 | RGBA_8888    |    0.0    0.0 1080.0  135.0 |    0 2205 1080 2340 | NavigationBar0$_2503#107 (27379)
06-19 23:45:36.277  1362  1362 D SurfaceFlinger:        DEVICE |           70158290780195 | 00002100 | RGBA_8888    |    0.0    0.0 1080.0 2340.0 |    0    0 1080 2340 | EdgeLightingWindow$_16335#35072 (94)
06-19 23:45:36.277  1362  1362 D SurfaceFlinger:
06-19 23:45:36.284  1362  1362 E SurfaceFlinger: alpha changed 0.000 -> 0.273 - Dim Layer for - Task=565#35223
06-19 23:45:36.284  1362  1362 I SurfaceFlinger: destroyed Splash Screen com.example.testeableapp.test$_2503#35234
06-19 23:45:36.284  1362  1362 I SurfaceFlinger: [LayerHierarchy{RequestedLayerState{Dim Layer for - Task=565#35223 z=-1} no children}] reparent to OffscreenRoot
06-19 23:45:36.284  1362  1362 I SurfaceFlinger: [LayerHierarchy{RequestedLayerState{Dim Layer for - Task=565#35223 z=-1} no children}] RelativeParent to null
06-19 23:45:36.287  1362  1362 I Layer   : id=35234 Destroyed Splash Screen com.example.testeableapp.test$_2503#35234
06-19 23:45:36.287  1362  1362 I SurfaceFlinger: id=35223 Removed Dim Layer for - Task=565#35223 (196)
06-19 23:45:36.301  1362  1362 I SurfaceFlinger: destroyed Dim Layer for - Task=565#35223
06-19 23:45:36.303  1362  1362 I Layer   : id=35223 Destroyed Dim Layer for - Task=565#35223
06-19 23:45:36.306  1256  4796 D DlbDlbEffect: handle_EFFECT_CMD_SET_DEVICE(device=0x00000002)
06-19 23:45:36.306  1256  4796 D DlbEffectContext: setDevice(00000002)
06-19 23:45:36.306  1256  4796 D DlbEndpointParamCache: setDevice(device=0x00000002)
06-19 23:45:36.307  1342  1667 I AudioEffectExtendAction: setDevice_l empty address, empty name
06-19 23:45:36.307  1342  1667 I AudioEffectExtendAction: setDevice_l empty address, empty name
06-19 23:45:36.308  1256  4796 D audio_hw_playback: primary_out-out_update_source_metadata: called
06-19 23:45:36.308  1256  4796 D audio_hw_playback: primary_out-out_set_parameters: enter
06-19 23:45:36.308  1256  4796 D audio_hw_playback: primary_out-out_set_parameters: routing = 0x2
06-19 23:45:36.308  1256  4796 I audio_hw_playback: primary_out-out_set_parameters: requested to change route from speaker-bottom to speaker-bottom
06-19 23:45:36.308  1256  4796 D audio_hw_primary_odm: primary_out-check_and_set_backend_mixer: no need to update backend 2 -> 2, out->backend_mode:2
06-19 23:45:36.309  1256  4796 I audio_hw_route: primary_out-set_route_for_playback-1: skip re-route as same device(speaker-bottom) and same usage(media)
06-19 23:45:36.309  1342  1667 D AudioFlinger: setCurDevice() 0x2
06-19 23:45:36.310  1256  4796 D audio_hw_playback: primary_out-out_update_source_metadata: called
06-19 23:45:36.310  1342  1382 V APM_AudioPolicyManager: setOutputDevices() AF::createAudioPatch returned 0 patchHandle 83652 num_sources 1 num_sinks 1
06-19 23:45:36.311  1328  1328 E SecVibrator-HAL-AIDL-CORE: V_2_0: Vibrator off
06-19 23:45:36.311  1328  1328 E SecVibrator-HAL-AIDL-CORE: HW_API: do_off
06-19 23:45:36.311  1328  1328 E SecVibrator-HAL-AIDL-CORE: HW_API: >> writeNode node:/timed_output/vibrator/enable val:0
06-19 23:45:36.311  1342  1382 V APM_AudioPolicyManager: checkAndSetVolume: output 13, stream 10, index 5, devices 0x2, volume 0.019953, delayMs 0, muted false
06-19 23:45:36.311  1328  1328 E SecVibrator-HAL-AIDL-CORE: HW_API: << writeNode node OK : 2
06-19 23:45:36.311  1342  1382 V APM_AudioPolicyManager: checkAndSetVolume: output 13, stream 4, index 15, devices 0x2, volume 1.000000, delayMs 0, muted false
06-19 23:45:36.312  1342  1382 V APM_AudioPolicyManager: checkAndSetVolume: output 13, stream 8, index 15, devices 0x2, volume 1.000000, delayMs 0, muted false
06-19 23:45:36.315  1342  1382 V APM_AudioPolicyManager: checkAndSetVolume: output 13, stream 3, index 4, devices 0x2, volume 0.009441, delayMs 0, muted false
06-19 23:45:36.315  1342  1382 V APM_AudioPolicyManager: checkAndSetVolume: output 13, stream 5, index 15, devices 0x2, volume 1.000000, delayMs 0, muted false
06-19 23:45:36.315  1342  1382 V APM_AudioPolicyManager: checkAndSetVolume: output 13, stream 2, index 15, devices 0x2, volume 1.000000, delayMs 0, muted false
06-19 23:45:36.315  1342  1382 V APM_AudioPolicyManager: checkAndSetVolume: output 13, stream 1, index 15, devices 0x2, volume 0.446684, delayMs 0, muted false
06-19 23:45:36.317  1342  1382 V APM_AudioPolicyManager: checkAndSetVolume: output 13, stream 9, index 4, devices 0x2, volume 0.125893, delayMs 0, muted false
06-19 23:45:36.317  1342  1382 V APM_AudioPolicyManager: checkAndSetVolume: output 13, stream 0, index 8, devices 0x2, volume 1.000000, delayMs 0, muted false
06-19 23:45:36.319  1342  1382 V APM_AudioPolicyManager: checkAndSetVolume: output 13, stream 11, index 5, devices 0x2, volume 0.016788, delayMs 0, muted false
06-19 23:45:36.320  1342  1382 V APM_AudioPolicyManager: checkAndSetVolume: output 13, stream 5, index 15, devices 0x2, volume 1.000000, delayMs 0, muted false
06-19 23:45:36.321  1342  1382 I AudioFlinger: updateStageIndex new -1301
06-19 23:45:36.322  1593  1813 D MotionEngine: [MotionEngine] -> PR_MOVE -> Move Recognition Lv(3)
06-19 23:45:36.322  1499 19592 I MediaClock: setThreshold mThresholdTimeUsForAnchor(500000), mMinClockModificationTimeUs(80000), mMaxCorrectionTimeUs(30000)
06-19 23:45:36.322  1499 19592 I NuPlayerRenderer: onAudioSinkChanged() getPosition : 0
06-19 23:45:36.322  1499 19592 I MediaClock: setPlaybackRate rate : 0.000000
06-19 23:45:36.322  1499 19592 I NuPlayerRenderer: onDrainAudioQueue() send kWhatPollingAudioStarted audio_out : 0
06-19 23:45:36.322  1499 19592 I NuPlayerRenderer: setAudioFirstAnchorTime mAudioFirstAnchorTimeMediaUs : -1, new mediaTimeUs : 0
06-19 23:45:36.322  1499 19592 I MediaClock: getMediaTime_l - mAnchorTimeRealUs is '-1'
06-19 23:45:36.322  1499 19592 I MediaClock: getMediaTime_l - mAnchorTimeRealUs is '-1'
06-19 23:45:36.323  1499 19592 I MediaClock: getMediaTime_l - mAnchorTimeRealUs is '-1'
06-19 23:45:36.323  1499 19592 I MediaClock: getMediaTime_l - mAnchorTimeRealUs is '-1'
06-19 23:45:36.324  1342  1667 I SoundBoosterEffectPlus: SB_setVolume(0xb400007df58cc590)
06-19 23:45:36.324  1342  1667 I SoundBoosterEffectPlus: command EFFECT_CMD_SET_VOLUME left = 1.000000, right =1.000000
06-19 23:45:36.325  1499 19582 V NuPlayer: media rendering started
06-19 23:45:36.325  1499 19582 V MediaPlayerService: [3211] notify (6, 0, 0)
06-19 23:45:36.326  1256  4796 D audio_hw_playback: primary_out-out_update_source_metadata: called
06-19 23:45:36.326  1256  4796 D audio_hw_playback: primary_out-out_update_source_metadata: This stream has 1 tracks
06-19 23:45:36.326  1256  4796 D audio_hw_playback: 1 Track has Usage(5), Content Type(4), Gain(0.000000)
06-19 23:45:36.328  2503  5610 V MediaPlayerNative: message received msg=6, ext1=0, ext2=0
06-19 23:45:36.328  2503  5610 V MediaPlayerNative: Received media started message
06-19 23:45:36.328  2503  3162 D SoundCraft.PlayingAudioConditionHandler: onPlaybackConfigChanged : lastStartedPackageName=null, lastStartedUid=-1, newStartedUid=-1, newStartPackageName=null, thread=Thread[RoutineHandlerThread,5,main]
06-19 23:45:36.330  1499 31738 I MediaClock: getMediaTime_l - mAnchorTimeRealUs is '-1'
06-19 23:45:36.330  1499  3601 D MediaPlayerService: onAudioDeviceUpdate deviceIds: 3
06-19 23:45:36.330  1499  3601 V MediaPlayerService: [3211] notify (10000, 13, 0)
06-19 23:45:36.330  1499 31738 D AudioTrack: getTimestamp_l(24612): device stall time corrected using current time 331242525454738
06-19 23:45:36.330  1499 19582 V MediaPlayerService: [3211] notify (211, 0, 0)
06-19 23:45:36.330  1499 31738 V NuPlayerDriver: getCurrentPosition(0xb4000078ddd82f20) 0 (msec), at state 5
06-19 23:45:36.332  2503  5610 V MediaPlayerNative: message received msg=10000, ext1=13, ext2=0
06-19 23:45:36.333  2503  5610 V MediaPlayerNative: message received msg=211, ext1=0, ext2=0
06-19 23:45:36.335  1499 31738 V MediaPlayerService: [3211] getRoutedDeviceIds
06-19 23:45:36.335  1499 31738 V AudioSink: getRoutedDeviceIds
06-19 23:45:36.342  1593  1813 D MotionEngine: [TURN OVER] #####  Init
06-19 23:45:36.346  2503  3162 D SoundCraft.PlayingAudioConditionHandler: onPlaybackConfigChanged : lastStartedPackageName=null, lastStartedUid=-1, newStartedUid=-1, newStartPackageName=null, thread=Thread[RoutineHandlerThread,5,main]
06-19 23:45:36.379  1342  1667 I AudioMixer: create resampler src 44100, 2, dst 48000, 2, f 0x5, q 8
06-19 23:45:36.379  1256  4796 D audio_hw_playback: primary_out-out_update_source_metadata: called
06-19 23:45:36.379  1256  4796 D audio_hw_playback: primary_out-out_update_source_metadata: This stream has 1 tracks
06-19 23:45:36.379  1256  4796 D audio_hw_playback: 1 Track has Usage(5), Content Type(4), Gain(1.000000)
06-19 23:45:36.380  1342  1667 I SoundAlive_SRC384 arch64: SoundAlive_SRC384() ID = 26294 GID = 26295
06-19 23:45:36.380  1342  1667 I SoundAlive_SRC384 arch64: SoundAlive_SRC384: Instance 26294 Init(outFs 7, InFs 7, chnum 0, outBW 0, inBW 0)
06-19 23:45:36.380  1342  1667 I Samsung_SoundAlive_SRC arch64: SRC384 version Samsung SoundAlive SRC ver320 arch64  2021.08.04 (Cppref for ARM64, ver.300.c 32bit 07_10_2016 based)
06-19 23:45:36.380  1342  1667 D SoundAliveResampler: [SoundAliveResampler] Init+++
06-19 23:45:36.380  1342  1667 I SoundAlive_SRC384 arch64: SoundAlive_SRC384: Instance 26294 Init(outFs 8, InFs 7, chnum 2, outBW 3, inBW 3)
06-19 23:45:36.380  1342  1667 I Samsung_SoundAlive_SRC arch64: SRC384 version Samsung SoundAlive SRC ver320 arch64  2021.08.04 (Cppref for ARM64, ver.300.c 32bit 07_10_2016 based)
06-19 23:45:36.389  2967  2967 I HoneySpace.EdgePanel.EdgeVisibilityRepository: getComputedTrayVisible : keyguardState = 1
06-19 23:45:36.389  2967  2967 I HoneySpace.EdgePanel.EdgeVisibilityRepository: updateTrayVisible: State = 0x1, visible = true, current containerState = 0, specificMode = 0
06-19 23:45:36.389  2967  2967 I HoneySpace.EdgePanel.EdgeVisibilityRepository: Same container state 0
06-19 23:45:36.403  1499 19592 W AudioTrack: getTimestamp_l(24612): retrograde timestamp time corrected, 331242594007777 < 331242594042161
06-19 23:45:36.404  5222 19577 W adbd    : timed out while waiting for FUNCTIONFS_BIND, trying again
06-19 23:45:36.404  5222 19577 I adbd    : UsbFfs: connection terminated: monitor thread finished
06-19 23:45:36.434  1275 19595 I HYPER-HAL: [RequestManager.cpp]releaseLocked(): Released ID : 1296872
06-19 23:45:36.473  5222  5230 I adbd    : opening control endpoint /dev/usb-ffs/adb/ep0
06-19 23:45:36.502  1499 19592 I NuPlayerRenderer: kWhatPollingAudioStarted clock running played_out : 10937 us, audio_out : 0 us, gap : 10937 us
06-19 23:45:36.502  1499 19592 I NuPlayerRenderer: kWhatPollingAudioStarted update nowMediaUs : 5812 us
06-19 23:45:36.502  1499 19592 I MediaClock: setPlaybackRate rate : 1.000000
06-19 23:45:36.502  1499 19592 I MediaClock: setSpeedAjust mSASpeed (0), mMinClockModificationTimeUs (80000)
06-19 23:45:36.502  1499 19582 V MediaPlayerService: [3211] notify (211, 0, 0)
06-19 23:45:36.503  1499 19582 V MediaPlayerService: [3211] notify (211, 0, 0)
06-19 23:45:36.503  1499 19582 V MediaPlayerService: [3211] notify (211, 0, 0)
06-19 23:45:36.503  2503  2522 V MediaPlayerNative: message received msg=211, ext1=0, ext2=0
06-19 23:45:36.503  2503  2522 V MediaPlayerNative: message received msg=211, ext1=0, ext2=0
06-19 23:45:36.503  2503  2522 V MediaPlayerNative: message received msg=211, ext1=0, ext2=0
06-19 23:45:36.510  1328  1328 E SecVibrator-HAL-AIDL-CORE: V_2_0: Vibrator on for timeoutMs: 300
06-19 23:45:36.510  1328  1328 E SecVibrator-HAL-AIDL-CORE: HW_API: do_on for timeoutMs: 300
06-19 23:45:36.510  1328  1328 E SecVibrator-HAL-AIDL-CORE: HW_API: >> writeNode node:/timed_output/vibrator/enable val:300
06-19 23:45:36.511  1328  1328 E SecVibrator-HAL-AIDL-CORE: HW_API: << writeNode node OK : 4
06-19 23:45:36.515  6035  6035 I InputMethodService: removeImeSurface
06-19 23:45:36.515  6035  6035 I InputMethodService: cancelImeSurfaceRemoval: removeCallbacks
06-19 23:45:36.562  1593  1813 D MotionEngine: [@@@ Motion Engine @@@] GetMotionScenarioId 1.728614 5.379771 8.145074 -0.164795 0.244141 0.662842 8 51 20
06-19 23:45:36.562  1593  1813 D MotionEngine: [@@@ Motion Engine @@@] GnStuckMode 0
06-19 23:45:36.620  2503  2557 I SurfaceControlRegistry: apply, t=FinishTransaction_SyncId<2957>, caller=android.view.SurfaceControl$Transaction.apply:3459 android.view.SurfaceControl$Transaction.apply:3447 android.view.SurfaceControl$Transaction.apply:3397 com.android.wm.shell.transition.Transitions.onFinish:315 com.android.wm.shell.transition.Transitions$$ExternalSyntheticLambda7.onTransitionFinished:12 com.android.wm.shell.transition.DefaultTransitionHandler$$ExternalSyntheticLambda2.run:36
06-19 23:45:36.624 19354 19354 I VRI[MainActivity]@a123301: handleAppVisibility mAppVisible = true visible = false
06-19 23:45:36.625 19354 19354 D VRI[MainActivity]@a123301: visibilityChanged oldVisibility=true newVisibility=false
06-19 23:45:36.625 19354 19354 I VRI[MainActivity]@4e6e364: handleAppVisibility mAppVisible = true visible = false
06-19 23:45:36.625 19354 19354 D VRI[MainActivity]@4e6e364: visibilityChanged oldVisibility=true newVisibility=false
06-19 23:45:36.627 19426 19426 I VRI[InstrumentationActivityInvoker$EmptyActivity]@d89cbc4: stopped(true) old = false
06-19 23:45:36.628 19426 19426 D VRI[InstrumentationActivityInvoker$EmptyActivity]@d89cbc4: WindowStopped on com.example.testeableapp.test/androidx.test.core.app.InstrumentationActivityInvoker$EmptyActivity set to true
06-19 23:45:36.628 19426 19441 D HWUI    : CacheManager::trimMemory(20)
06-19 23:45:36.628  1593  1660 D PkgPredictorService-SecIpmManagerServiceImpl: bg information pid:19354 uid:10355 pkgName:com.example.testeableapp
06-19 23:45:36.630  1593  1660 D PkgPredictorService-SecIpmManagerServiceImpl: bg information pid:19426 uid:10356 pkgName:com.example.testeableapp.test
06-19 23:45:36.630 19426 19426 W WindowOnBackDispatcher: sendCancelIfRunning: isInProgress=false callback=android.app.Activity$$ExternalSyntheticLambda0@739e030
06-19 23:45:36.635  1362  1362 I SurfaceFlinger: RequestedLayer [Task=565#35202] hidden!! flag  from(0) --> to(1)
06-19 23:45:36.636  1362  1362 I SurfaceFlinger: [Display 0 name="Pantalla integrada"#49] setFrameRateCategory: Default
06-19 23:45:36.636  1362  1362 I SurfaceFlinger: [LayerHierarchy{RequestedLayerState{Task=513#33546 parentId=10 z=13} 5 children}] reparent to LayerHierarchy{RequestedLayerState{DefaultTaskDisplayArea_d0#10 parentId=9} 16 children}
06-19 23:45:36.636  1362  1362 I SurfaceFlinger: [LayerHierarchy{RequestedLayerState{Task=565#35202 parentId=10 z=11} 1 children}] reparent to LayerHierarchy{RequestedLayerState{DefaultTaskDisplayArea_d0#10 parentId=9} 17 children}
06-19 23:45:36.636  1362  1362 I SurfaceFlinger: [LayerHierarchy{RequestedLayerState{Transition Root: Task=513#35240 z=13} 1 children}] reparent to OffscreenRoot
06-19 23:45:36.636  1362  1362 I SurfaceFlinger: [LayerHierarchy{RequestedLayerState{Transition Root: Task=513#35240 z=13} 1 children}] RelativeParent to null
06-19 23:45:36.636  1362  1362 I SurfaceFlinger: [LayerHierarchy{RequestedLayerState{DimTransitionLayer for Surface(name=Task=513)/@0xc477539#35241 z=-1} no children}] reparent to OffscreenRoot
06-19 23:45:36.636  1362  1362 I SurfaceFlinger: [LayerHierarchy{RequestedLayerState{DimTransitionLayer for Surface(name=Task=513)/@0xc477539#35241 z=-1} no children}] RelativeParent to null
06-19 23:45:36.636 19426 19441 D HWUI    : CacheManager::trimMemory(20)
06-19 23:45:36.637 19426 19426 D ViewRootImpl: Skipping stats log for color mode
06-19 23:45:36.638 19426 19426 I VRI[InstrumentationActivityInvoker$EmptyActivity]@d89cbc4: dispatchDetachedFromWindow
06-19 23:45:36.638  1593  3758 D InputTransport: Input channel destroyed: '8f9cd0e', fd=1696
06-19 23:45:36.639  1593  3758 D SurfaceComposerClient: setCornerRadius ## 6bbfc8e com.android.settings/com.android.settings.SubSettings#34138 cornerRadius=0.000000
06-19 23:45:36.639  1593  3758 D SurfaceComposerClient: setCornerRadius ## 6bbfc8e com.android.settings/com.android.settings.SubSettings#34138 cornerRadius=0.000000
06-19 23:45:36.640 19426 19426 D InputTransport: Input channel destroyed: '8f9cd0e', fd=118
06-19 23:45:36.640  1362  1362 I SurfaceFlinger: id=35241 Removed DimTransitionLayer for Surface(name=Task=513)/@0xc477539#35241 (195)
06-19 23:45:36.640  1362  1362 I SurfaceFlinger: id=35240 Removed Transition Root: Task=513#35240 (195)
06-19 23:45:36.640  1362  1362 I SurfaceFlinger: id=35229 Removed 6d844e3 Splash Screen com.example.testeableapp.test#35229 (195)
06-19 23:45:36.642  1362  1542 I SurfaceFlinger: id=35244 createSurf, flag=24004, Task=566#35244
06-19 23:45:36.643 19426 19441 D HWUI    : CacheManager::trimMemory(40)
06-19 23:45:36.645  2503  2503 D SystemUIService: SYSUI_RAM_OPTIMIZATION onTrimMemory=20
06-19 23:45:36.645  2503  2503 D CentralSurfaces: SYSUI_RAM_OPTIMIZATION onTrimMemory=20
06-19 23:45:36.646  1362  1362 D SurfaceFlinger: Display 4633128672291735931 HWC layers:
06-19 23:45:36.646  1362  1362 D SurfaceFlinger:        DEVICE |           15990163243188 | 00002102 | RGBA_8888    |    0.0    0.0 1080.0 2340.0 |    0    0 1080 2340 | com.android.settings/com.android.settings.SubSettings$_3723#35237 (20)
06-19 23:45:36.646  1362  1362 D SurfaceFlinger:        DEVICE |           10750303184999 | 00002100 | RGBA_8888    |    0.0    0.0 1080.0   77.0 |    0    0 1080   77 | StatusBar$_2503#111 (52443)
06-19 23:45:36.646  1362  1362 D SurfaceFlinger:        DEVICE |           12743167976380 | 00002100 | RGBA_8888    |    0.0    0.0   67.0  342.0 | 1013  821 1080 1163 | com.sec.android.app.launcher/com.sam[...]l.app.CocktailBarService$_2967#35048 (1)
06-19 23:45:36.646  1362  1362 D SurfaceFlinger:        DEVICE |           10750303185000 | 00002100 | RGBA_8888    |    0.0    0.0 1080.0  135.0 |    0 2205 1080 2340 | NavigationBar0$_2503#107 (27379)
06-19 23:45:36.646  1362  1362 D SurfaceFlinger:        DEVICE |           70158290780194 | 00002100 | RGBA_8888    |    0.0    0.0 1080.0 2340.0 |    0    0 1080 2340 | EdgeLightingWindow$_16335#35072 (115)
06-19 23:45:36.646  1362  1362 D SurfaceFlinger:
06-19 23:45:36.647  2503  2607 D HWUI    : CacheManager::trimMemory(20)
06-19 23:45:36.647  2967  2967 I HoneySpace.TaskStackChangeRepositoryImpl: onTaskRemoved : 566
06-19 23:45:36.647  2967  2967 I HoneySpace.TaskStackChangeRepositoryImpl: onTaskRemoved : 566
06-19 23:45:36.648  2967  3307 I HoneySpace.TopTaskSource: onTaskRemoved: 566
06-19 23:45:36.649  2967  2967 I HoneySpace.TaskListViewModel[268167138]: taskRemoveId, 566
06-19 23:45:36.649  2967  2967 W HoneySpace.TaskListViewModel[268167138]: task is already removed: 566
06-19 23:45:36.649  2967  2967 I HoneySpace.TaskListViewModel[268167138]: taskRemoveId, 566
06-19 23:45:36.650  2967  2967 W HoneySpace.TaskListViewModel[268167138]: task is already removed: 566
06-19 23:45:36.650  1593  3758 I WindowManager: Relayout Window{e47159e u0 com.example.testeableapp/com.example.testeableapp.MainActivity}: viewVisibility=8 req=900x588 ty=2 d0
06-19 23:45:36.651  1593  3758 D SurfaceComposerClient: setCornerRadius ## 6bbfc8e com.android.settings/com.android.settings.SubSettings#34138 cornerRadius=0.000000
06-19 23:45:36.651  1593  3758 D SurfaceComposerClient: setCornerRadius ## 6bbfc8e com.android.settings/com.android.settings.SubSettings#34138 cornerRadius=0.000000
06-19 23:45:36.651  1362  1362 I SurfaceFlinger: RequestedLayer [com.example.testeableapp/com.example.testeableapp.MainActivity$_19354#35221] hidden!! flag  from(0) --> to(1)
06-19 23:45:36.652  1362  1362 I SurfaceFlinger: RequestedLayer [com.example.testeableapp/com.example.testeableapp.MainActivity$_19354#35212] hidden!! flag  from(0) --> to(1)
06-19 23:45:36.652  1362  1362 I SurfaceFlinger: RequestedLayer [ActivityRecord{120412429 u0 com.exam[...]steableapp/.MainActivity t565}#35203] hidden!! flag  from(0) --> to(1)
06-19 23:45:36.652  1362  1362 I SurfaceFlinger: destroyed Transition Root: Task=513#35240
06-19 23:45:36.652  1362  1362 I SurfaceFlinger: destroyed 6d844e3 Splash Screen com.example.testeableapp.test#35229
06-19 23:45:36.652  1362  1362 I SurfaceFlinger: destroyed DimTransitionLayer for Surface(name=Task=513)/@0xc477539#35241
06-19 23:45:36.652  1362  1362 I SurfaceFlinger: [Task=566#35244] attach to parent Root
06-19 23:45:36.652  1593  3758 I WindowManager: Relayout hash=e47159e, pid=19354, syncId=-1: mAttrs={(0,0)(wrapxwrap) gr=CENTER sim={adjust=pan} ty=APPLICATION fmt=TRANSPARENT wanim=0x1030318 surfaceInsets=Rect(90, 90 - 90, 90)
06-19 23:45:36.652  1593  3758 I WindowManager:   fl=1800002
06-19 23:45:36.652  1593  3758 I WindowManager:   pfl=40000800
06-19 23:45:36.652  1593  3758 I WindowManager:   bhv=1
06-19 23:45:36.652  1593  3758 I WindowManager:   fitTypes=207
06-19 23:45:36.652  1593  3758 I WindowManager:   frameRateBoostOnTouch=true
06-19 23:45:36.652  1593  3758 I WindowManager:   dvrrWindowFrameRateHint=true
06-19 23:45:36.652  1593  3758 I WindowManager:  dimAmount=0.6 naviIconColor=0}
06-19 23:45:36.654  2967  3307 I HoneySpace.TopTaskSource: onTaskRemoved: 566
06-19 23:45:36.654  1362  1362 I Layer   : id=35240 Destroyed Transition Root: Task=513#35240
06-19 23:45:36.654  1362  1362 I Layer   : id=35229 Destroyed 6d844e3 Splash Screen com.example.testeableapp.test#35229
06-19 23:45:36.654  1362  1362 I Layer   : id=35241 Destroyed DimTransitionLayer for Surface(name=Task=513)/@0xc477539#35241
06-19 23:45:36.655  2967 16521 I HoneySpace.RecentTasks: onRunningTaskVanished
06-19 23:45:36.655  2967 18507 I HoneySpace.RecentTasks: onRecentTasksChanged
06-19 23:45:36.659 19354 19354 I VRI[MainActivity]@a123301: Relayout returned: old=(90,893,990,1481) new=(90,893,990,1481) relayoutAsync=false req=(900,588)8 dur=6 res=0x2 s={false 0x0} ch=true seqId=0
06-19 23:45:36.659 19354 19354 D VRI[MainActivity]@a123301: Not drawing due to not visible. Reason=!mAppVisible && !mForceDecorViewVisibility
06-19 23:45:36.662 19354 19376 D HWUI    : CacheManager::trimMemory(20)
06-19 23:45:36.664  1593  3758 I WindowManager: Relayout Window{110239c u0 com.example.testeableapp/com.example.testeableapp.MainActivity}: viewVisibility=8 req=1080x2340 ty=1 d0
06-19 23:45:36.665  1593  3758 D SurfaceComposerClient: setCornerRadius ## 6bbfc8e com.android.settings/com.android.settings.SubSettings#34138 cornerRadius=0.000000
06-19 23:45:36.665  1593  3758 D SurfaceComposerClient: setCornerRadius ## 6bbfc8e com.android.settings/com.android.settings.SubSettings#34138 cornerRadius=0.000000
06-19 23:45:36.666  1593  3758 I WindowManager: Relayout hash=110239c, pid=19354, syncId=-1: mAttrs={(0,0)(fillxfill) sim={adjust=pan forwardNavigation} layoutInDisplayCutoutMode=always ty=BASE_APPLICATION wanim=0x1030317
06-19 23:45:36.666  1593  3758 I WindowManager:   fl=81810100
06-19 23:45:36.666  1593  3758 I WindowManager:   pfl=100088c0
06-19 23:45:36.666  1593  3758 I WindowManager:   bhv=1
06-19 23:45:36.666  1593  3758 I WindowManager:   fitSides=0
06-19 23:45:36.666  1593  3758 I WindowManager:   frameRateBoostOnTouch=true
06-19 23:45:36.666  1593  3758 I WindowManager:   dvrrWindowFrameRateHint=true naviIconColor=0}
06-19 23:45:36.668  1362  1362 I SurfaceFlinger: [LayerHierarchy{RequestedLayerState{Task=566#35244 z=12} no children}] reparent to OffscreenRoot
06-19 23:45:36.668  1362  1362 I SurfaceFlinger: [LayerHierarchy{RequestedLayerState{Task=566#35244 z=12} no children}] RelativeParent to null
06-19 23:45:36.668  1362  1362 I SurfaceFlinger: [LayerHierarchy{RequestedLayerState{com.example.testeableapp.test/androidx.test.core.app.InstrumentationActivityInvoker$EmptyActivity$_19426#35231} no children}] reparent to OffscreenRoot
06-19 23:45:36.668  1362  1362 I SurfaceFlinger: [LayerHierarchy{RequestedLayerState{com.example.testeableapp.test/androidx.test.core.app.InstrumentationActivityInvoker$EmptyActivity$_19426#35231} no children}] RelativeParent to null
06-19 23:45:36.668  1362  1362 I SurfaceFlinger: [LayerHierarchy{RequestedLayerState{Task=566#35225 z=12} 1 children}] reparent to OffscreenRoot
06-19 23:45:36.668  1362  1362 I SurfaceFlinger: [LayerHierarchy{RequestedLayerState{Task=566#35225 z=12} 1 children}] RelativeParent to null
06-19 23:45:36.668  1362  1362 I SurfaceFlinger: [LayerHierarchy{RequestedLayerState{ActivityRecord{217723487 u0 com.example.testeableapp.test/androidx.test.core.app.InstrumentationActivityInvoker$EmptyActivity t566}#35226} 1 children}] reparent to OffscreenRoot
06-19 23:45:36.669  1362  1362 I SurfaceFlinger: [LayerHierarchy{RequestedLayerState{ActivityRecord{217723487 u0 com.example.testeableapp.test/androidx.test.core.app.InstrumentationActivityInvoker$EmptyActivity t566}#35226} 1 children}] RelativeParent to null
06-19 23:45:36.669  1362  1362 I SurfaceFlinger: [LayerHierarchy{RequestedLayerState{8f9cd0e com.example.testeableapp.test/androidx.test.core.app.InstrumentationActivityInvoker$EmptyActivity#35230} no children}] reparent to OffscreenRoot
06-19 23:45:36.669  1362  1362 I SurfaceFlinger: [LayerHierarchy{RequestedLayerState{8f9cd0e com.example.testeableapp.test/androidx.test.core.app.InstrumentationActivityInvoker$EmptyActivity#35230} no children}] RelativeParent to null
06-19 23:45:36.671  1362  1362 I SurfaceFlinger: id=35244 Removed Task=566#35244 (193)
06-19 23:45:36.671  1362  1362 I SurfaceFlinger: id=35226 Removed ActivityRecord{217723487 u0 com.example.testeableapp.test/androidx.test.core.app.InstrumentationActivityInvoker$EmptyActivity t566}#35226 (193)
06-19 23:45:36.671  1362  1362 I SurfaceFlinger: id=35230 Removed 8f9cd0e com.example.testeableapp.test/androidx.test.core.app.InstrumentationActivityInvoker$EmptyActivity#35230 (193)
06-19 23:45:36.671  1362  1362 I SurfaceFlinger: id=35231 Removed com.example.testeableapp.test/androidx.test.core.app.InstrumentationActivityInvoker$EmptyActivity$_19426#35231 (193)
06-19 23:45:36.671 19354 19354 I VRI[MainActivity]@4e6e364: Relayout returned: old=(0,0,1080,2340) new=(0,0,1080,2340) relayoutAsync=false req=(1080,2340)8 dur=6 res=0x2 s={false 0x0} ch=true seqId=0
06-19 23:45:36.672 19354 19354 D VRI[MainActivity]@4e6e364: Not drawing due to not visible. Reason=!mAppVisible && !mForceDecorViewVisibility
06-19 23:45:36.673 19354 19354 I VRI[MainActivity]@a123301: stopped(true) old = false
06-19 23:45:36.673 19354 19354 D VRI[MainActivity]@a123301: WindowStopped on com.example.testeableapp/com.example.testeableapp.MainActivity set to true
06-19 23:45:36.673 19354 19376 D HWUI    : CacheManager::trimMemory(20)
06-19 23:45:36.674 19354 19354 I VRI[MainActivity]@4e6e364: stopped(true) old = false
