06-19 23:45:31.270 18148 18164 I BadgeProvider: update, [calling package]: com.sec.android.provider.badge, [uri]: content://com.sec.badge/apps, [uri.query]: null, [BadgeCount]: badgecount=29, [UpdateCount]: 1
06-19 23:45:31.270 18148 18164 I BadgeCountReceiver: UpdateTask END: PendingResult hashCode: 199564607
06-19 23:45:31.273  1593  1663 D SurfaceComposerClient: setCornerRadius ## 6bbfc8e com.android.settings/com.android.settings.SubSettings#34138 cornerRadius=0.000000
06-19 23:45:31.273  1593  1663 D SurfaceComposerClient: setCornerRadius ## 6bbfc8e com.android.settings/com.android.settings.SubSettings#34138 cornerRadius=0.000000
06-19 23:45:31.275  1362  1362 I SurfaceFlinger: RequestedLayer [db067c5 com.example.testeableapp.tes[...]nActivityInvoker$EmptyActivity#35110] hidden!! flag  from(1) --> to(0)
06-19 23:45:31.275  1362  1362 I SurfaceFlinger: RequestedLayer [2f08b1f Splash Screen com.example.testeableapp.test#35111] hidden!! flag  from(1) --> to(0)
06-19 23:45:31.275  1362  1362 I SurfaceFlinger: RequestedLayer [com.android.settings/com.android.settings.SubSettings$_3723#35118] hidden!! flag  from(1) --> to(0)
06-19 23:45:31.275  1362  1362 I SurfaceFlinger: RequestedLayer [Task=513#33546] hidden!! flag  from(1) --> to(0)
06-19 23:45:31.275  1362  1362 E SurfaceFlinger: alpha changed 1.000 -> 0.000 - Task=513#33546
06-19 23:45:31.275  1362  1362 I SurfaceFlinger: RequestedLayer [Transition Root: Task=513#35121] hidden!! flag  from(1) --> to(0)
06-19 23:45:31.275  1362  1362 I SurfaceFlinger: RequestedLayer [ActivityRecord{249521351 u0 com.android.settings/.SubSettings t513}#34137] hidden!! flag  from(1) --> to(0)
06-19 23:45:31.275  1362  1362 I SurfaceFlinger: RequestedLayer [DimTransitionLayer for Surface(name=Task=513)/@0xe148c9d#35122] hidden!! flag  from(1) --> to(0)
06-19 23:45:31.275  1362  1362 E SurfaceFlinger: alpha changed 1.000 -> 0.000 - DimTransitionLayer for Surface(name=Task=513)/@0xe148c9d#35122
06-19 23:45:31.275  1362  1362 E SurfaceFlinger: alpha changed 0.000 -> 1.000 - Task=513#33546
06-19 23:45:31.275  1362  1362 E SurfaceFlinger: alpha changed 0.000 -> 0.000 - DimTransitionLayer for Surface(name=Task=513)/@0xe148c9d#35122
06-19 23:45:31.275  1362  1362 I SurfaceFlinger: [LayerHierarchy{RequestedLayerState{Task=513#33546 parentId=35121 z=5} 4 children}] reparent to LayerHierarchy{RequestedLayerState{Transition Root: Task=513#35121 parentId=10 z=13} 2 children}
06-19 23:45:31.275  1362  1362 I SurfaceFlinger: [LayerHierarchy{RequestedLayerState{Task=559#35092 parentId=35121 z=2} 1 children}] reparent to LayerHierarchy{RequestedLayerState{Transition Root: Task=513#35121 parentId=10 z=13} 3 children}
06-19 23:45:31.275  1362  1362 I SurfaceFlinger: [LayerHierarchy{RequestedLayerState{DimTransitionLayer for Surface(name=Task=513)/@0xe148c9d#35122 parentId=35121 relativeParentId=33546 z=-1} no children}] RelativeParent to LayerHierarchy{RequestedLayerState{Task=513#33546 parentId=35121 z=5} 5 children}
06-19 23:45:31.277  2503  2503 D SubscreenNotificationListCoordinator: onAfterRenderList() isSubScreen = false, pluginLockMode = 0, doNotShowOnCover = false
06-19 23:45:31.281  2503  2503 I LockscreenNotificationIconsOnlyController: onNotificationInfoUpdated 0
06-19 23:45:31.282  2503  2503 I AODNotificationManager: updateNotification()
06-19 23:45:31.285  1362  1376 I SurfaceFlinger: id=35123 createSurf, flag=24000, Surface(name=db067c5 com.example.testeableapp.test/androidx.test.core.app.InstrumentationActivityInvoker$EmptyActivity)/@0x94d7963 - animation-leash of starting_reveal#35123
06-19 23:45:31.287  2967 16519 I HoneySpace.RecentTasks: onRunningTaskAppeared
06-19 23:45:31.287  2967 16519 I HoneySpace.RecentTasks: onRecentTasksChanged
06-19 23:45:31.287  1593  3774 D InputDispatcher: Focus entered window (0): 6bbfc8e com.android.settings/com.android.settings.SubSettings
06-19 23:45:31.290  2503  2557 D ShellTaskOrganizer: removeStartingWindow, removalInfo=StartingWindowRemovalInfo{taskId=560 frame=Rect(0, 0 - 1080, 2340) playRevealAnimation=true roundedCornerRadius=0.0 deferRemoveMode=0 windowlessSurface=false removeImmediately=false}
06-19 23:45:31.293  1362  1362 I SurfaceFlinger: RequestedLayer [Task=560#35108] hidden!! flag  from(1) --> to(0)
06-19 23:45:31.293  2503  2606 I VRI[test]@4af614f: mWNT: t=0xb400006f2be2efd0 mBlastBufferQueue=0xb40000707c415300 fn= 2 HdrRenderState mRenderHdrSdrRatio=1.0 caller= android.view.SyncRtSurfaceTransactionApplier.applyTransaction:100 android.view.SyncRtSurfaceTransactionApplier.lambda$scheduleApply$0:73 android.view.SyncRtSurfaceTransactionApplier.$r8$lambda$afI4fXg3U3-nBZQEDQMiNy-B06s:0
06-19 23:45:31.293  1362  1362 I SurfaceFlinger: [LayerHierarchy{RequestedLayerState{db067c5 com.example.testeableapp.test/androidx.test.core.app.InstrumentationActivityInvoker$EmptyActivity#35110 parentId=35123} 1 children}] reparent to LayerHierarchy{RequestedLayerState{Surface(name=db067c5 com.example.testeableapp.test/androidx.test.core.app.InstrumentationActivityInvoker$EmptyActivity)/@0x94d7963 - animation-leash of starting_reveal#35123 parentId=35109} 1 children}
06-19 23:45:31.293  1362  1362 I SurfaceFlinger: [Surface(name=db067c5 com.example.testeableapp.test/androidx.test.core.app.InstrumentationActivityInvoker$EmptyActivity)/@0x94d7963 - animation-leash of starting_reveal#35123] attach to parent LayerHierarchy{RequestedLayerState{ActivityRecord{93946175 u0 com.example.testeableapp.test/androidx.test.core.app.InstrumentationActivityInvoker$EmptyActivity t560}#35109 parentId=35108} 2 children}
06-19 23:45:31.293  3723  3723 D VRI[SubSettings]@f0a4302: mThreadedRenderer.initializeIfNeeded()#2 mSurface={isValid=true 0xb400006f8bcc9e70}
06-19 23:45:31.293  2503  2606 I VRI[test]@4af614f: mWNT: t=0xb400006f2beadf90 mBlastBufferQueue=0xb40000707c415300 fn= 2 HdrRenderState mRenderHdrSdrRatio=1.0 caller= android.view.SyncRtSurfaceTransactionApplier.applyTransaction:100 android.view.SyncRtSurfaceTransactionApplier.lambda$scheduleApply$0:73 android.view.SyncRtSurfaceTransactionApplier.$r8$lambda$afI4fXg3U3-nBZQEDQMiNy-B06s:0
06-19 23:45:31.293  3723  3723 D InputMethodManagerUtils: startInputInner - Id : 0
06-19 23:45:31.293  3723  3723 I InputMethodManager: startInputInner - IInputMethodManagerGlobalInvoker.startInputOrWindowGainedFocus
06-19 23:45:31.297  1362  1362 D SurfaceFlinger: GPIS:: requestGpisForClientComposition
06-19 23:45:31.299  1342  1667 D AudioFlinger: mixer(0xb400007fa8d08510) throttle end: throttle time(4)
06-19 23:45:31.300  2967 17427 I HoneySpace.RecentTasks: onRecentTasksChanged
06-19 23:45:31.303  1362  1377 I SurfaceFlinger: id=35116 Removed Surface(name=b2ba1d5 NavigationBar0)/@0x108d35a - animation-leash of insets_animation#35116 (194)
06-19 23:45:31.304  1362  1377 I SurfaceFlinger: id=35117 Removed Surface(name=a1a3f36 StatusBar)/@0x69ae81 - animation-leash of insets_animation#35117 (194)
06-19 23:45:31.308  1362  1362 E SurfaceFlinger: alpha changed 0.000 -> 0.020 - DimTransitionLayer for Surface(name=Task=513)/@0xe148c9d#35122
06-19 23:45:31.309  1362  1362 I SurfaceFlinger: destroyed Surface(name=a1a3f36 StatusBar)/@0x69ae81 - animation-leash of insets_animation#35117
06-19 23:45:31.309  1362  1362 I SurfaceFlinger: destroyed Surface(name=b2ba1d5 NavigationBar0)/@0x108d35a - animation-leash of insets_animation#35116
06-19 23:45:31.312  3723  3723 I InsetsSourceConsumer: applyRequestedVisibilityToControl: visible=true, type=navigationBars, host=com.android.settings/com.android.settings.SubSettings
06-19 23:45:31.312  1362  1362 I Layer   : id=35117 Destroyed Surface(name=a1a3f36 StatusBar)/@0x69ae81 - animation-leash of insets_animation#35117
06-19 23:45:31.312  1362  1362 I Layer   : id=35116 Destroyed Surface(name=b2ba1d5 NavigationBar0)/@0x108d35a - animation-leash of insets_animation#35116
06-19 23:45:31.313  3723  3723 I InsetsSourceConsumer: applyRequestedVisibilityToControl: visible=true, type=statusBars, host=com.android.settings/com.android.settings.SubSettings
06-19 23:45:31.313  2503  2605 I VRI[test]@4af614f: mWNT: t=0xb400006f2be99690 mBlastBufferQueue=0xb40000707c415300 fn= 3 HdrRenderState mRenderHdrSdrRatio=1.0 caller= android.view.SyncRtSurfaceTransactionApplier.applyTransaction:100 android.view.SyncRtSurfaceTransactionApplier.lambda$scheduleApply$0:73 android.view.SyncRtSurfaceTransactionApplier.$r8$lambda$afI4fXg3U3-nBZQEDQMiNy-B06s:0
06-19 23:45:31.322  1362  1362 D SurfaceFlinger: Display 4633128672291735931 HWC layers:
06-19 23:45:31.322  1362  1362 D SurfaceFlinger:        CLIENT |           83124797046791 | 00002102 | RGBA_8888    |   33.0    0.0 1080.0 2340.0 |    0    0 1080 2340 | com.example.testeableapp/com.example.testeableapp.MainActivity$_19354#35100 (1)
06-19 23:45:31.322  1362  1362 D SurfaceFlinger:   SOLID_COLOR |                        0 | 00000000 | N/A          |    0.0    0.0    0.0    0.0 |    0    0 1080 2340 | DimTransitionLayer for Surface(name=Task=513)/@0xe148c9d#35122 (0)
06-19 23:45:31.322  1362  1362 D SurfaceFlinger:        DEVICE |           15990163243173 | 00002102 | RGBA_8888    |    0.0    0.0  106.0 2340.0 |  974    0 1080 2340 | com.android.settings/com.android.settings.SubSettings$_3723#35118 (5)
06-19 23:45:31.322  1362  1362 D SurfaceFlinger:        DEVICE |           10750303184997 | 00002100 | RGBA_8888    |    0.0    0.0 1080.0   77.0 |    0    0 1080   77 | StatusBar$_2503#111 (52345)
06-19 23:45:31.322  1362  1362 D SurfaceFlinger:        DEVICE |           12743167976380 | 00002100 | RGBA_8888    |    0.0    0.0   67.0  342.0 | 1013  821 1080 1163 | com.sec.android.app.launcher/com.sam[...]l.app.CocktailBarService$_2967#35048 (1)
06-19 23:45:31.322  1362  1362 D SurfaceFlinger:        DEVICE |           10750303185000 | 00002100
06-19 23:45:31.322  1362  1362 D SurfaceFlinger:  | RGBA_8888    |    0.0    0.0 1080.0  135.0 |    0 2205 1080 2340 | NavigationBar0$_2503#107 (27231)
06-19 23:45:31.322  1362  1362 D SurfaceFlinger:        DEVICE |           70158290780195 | 00002100 | RGBA_8888    |    0.0    0.0 1080.0 2340.0 |    0    0 1080 2340 | EdgeLightingWindow$_16335#35072 (42)
06-19 23:45:31.322  1362  1362 D SurfaceFlinger:
06-19 23:45:31.325  1593  1864 I ImeTracker: com.android.settings:faa0b8de: onRequestHide at ORIGIN_SERVER reason HIDE_UNSPECIFIED_WINDOW fromUser false
06-19 23:45:31.326 18148 18161 I BadgeProvider: query, [calling package]: com.sec.android.app.launcher, [selection]: null
06-19 23:45:31.327  3723  3723 I InputMethodManager: handleMessage: setImeVisibility visible=false
06-19 23:45:31.327  3723  3723 D InsetsController: hide(ime(), fromIme=false)
06-19 23:45:31.327  3723  3723 I ImeTracker: com.android.settings:faa0b8de: onCancelled at PHASE_CLIENT_ALREADY_HIDDEN
06-19 23:45:31.330  2503  2606 I VRI[test]@4af614f: mWNT: t=0xb400006f2beb0d10 mBlastBufferQueue=0xb40000707c415300 fn= 4 HdrRenderState mRenderHdrSdrRatio=1.0 caller= android.view.SyncRtSurfaceTransactionApplier.applyTransaction:100 android.view.SyncRtSurfaceTransactionApplier.lambda$scheduleApply$0:73 android.view.SyncRtSurfaceTransactionApplier.$r8$lambda$afI4fXg3U3-nBZQEDQMiNy-B06s:0
06-19 23:45:31.332  2967  5212 I HoneySpace.BadgeDataSourceImpl: BadgeProvider Update Event com.whatsapp/com.whatsapp.Main/UserHandle{0}: 28 -> 29
06-19 23:45:31.332  2967  5212 I HoneySpace.BadgeDataSourceImpl: Get notification count. PK(p='com.whatsapp', u=UserHandle{0}) - forceBadgeCount: false, notification listener: 16, badge provider: 29
06-19 23:45:31.332  2967 18508 I HoneySpace.BadgeDataSourceImpl: Get notification count. PK(p='com.google.android.youtube', u=UserHandle{0}) - forceBadgeCount: false, notification listener: 2, badge provider: 215
06-19 23:45:31.333  2967 18508 I HoneySpace.PackageEventOperator: [ApplistViewModel] badge count is updated. com.whatsapp/.Main#UserHandle{0}|128 : 29
06-19 23:45:31.333  2967 18508 I HoneySpace.BadgeDataSourceImpl: Get notification count. PK(p='com.google.android.apps.messaging', u=UserHandle{0}) - forceBadgeCount: false, notification listener: 1, badge provider: 0
06-19 23:45:31.333  2967 18508 I HoneySpace.BadgeDataSourceImpl: Get notification count. PK(p='com.google.android.youtube', u=UserHandle{0}) - forceBadgeCount: false, notification listener: 2, badge provider: 215
06-19 23:45:31.335  1593  1813 D MotionEngine: [CALIBRATION] Calibration Secess(1)[0.1215 -0.0189 -0.0269]
06-19 23:45:31.335  1593  1864 D InputTransport: Input channel constructed: 'ClientS', fd=1728
06-19 23:45:31.335  1593  1864 D InputTransport: Input channel destroyed: 'ClientS', fd=1728
06-19 23:45:31.337  6035  6035 I HBD     : HoneyBoardService onFinishInput
06-19 23:45:31.338  6035  6035 I HBD     : a IC have been unbinding,  RemoteInputConnection{idHash=#9617078}
06-19 23:45:31.338  6035  6035 I HBD     : HoneyBoardService [PF_CL][onFinishInput]  1 ms
06-19 23:45:31.338  6035  6035 I HBD     : HoneyBoardService [IMI] onStartInput - caller pid : 3723 , caller uid : 1000
06-19 23:45:31.338  6035  6035 I HBD     : k updateConfigs
06-19 23:45:31.338  6035  6035 I HBD     : k isEnabledNightMode : true
06-19 23:45:31.338  6035  6035 I HBD     : a IC have been binding, RemoteInputConnection{idHash=#391a351}
06-19 23:45:31.338  6035  6035 I HBD     : h [EditorInputType]setPrivateImeOptionsToTable privateImeOptions ( null )
06-19 23:45:31.338  6035  6035 I HBD     : b incognitoMode : false
06-19 23:45:31.339  6035  6035 I HBD     : c needOff = true , isForceOff = false, isNullInputClass : true
06-19 23:45:31.339  6035  6035 I HBD     : h getDefaultInputRange : UNKNOWN
06-19 23:45:31.339  6035  6035 I HBD     : h getDefaultInputRange : UNKNOWN
06-19 23:45:31.339  6035  6035 I HBD     : h getDefaultInputRange : UNKNOWN
06-19 23:45:31.339  1593  2386 I SemExecuteManagerService: onShortcutChanged: com.whatsapp0
06-19 23:45:31.340  6035  6035 I HBD     : c needOff = true , isForceOff = false, isNullInputClass : true
06-19 23:45:31.340  6035  6035 I HBD     : c update cached prediction status : false
06-19 23:45:31.340  6035  6035 I HBD     : h getDefaultInputRange : UNKNOWN
06-19 23:45:31.340  6035  6035 I HBD     : a currentState : 0
06-19 23:45:31.340  6035  6035 I HBD     : a [UpdatePolicy] [post] a: 0 cl: 1179717 kit: [0/11] vt: 0 ir: 1
06-19 23:45:31.343 19354 19354 D InputTransport: Input channel destroyed: 'ClientS', fd=140
06-19 23:45:31.345  1476  1476 I CameraService: onUidStateChanged: uid=10049, procState is changed. (1 -> 0)
06-19 23:45:31.347  1342  3245 V APM_AudioPolicyManager: setAppState(portId:24603, state:1)
06-19 23:45:31.349  6035  6035 I HBD     : a [NRIC] resetNoResponseState
06-19 23:45:31.349  6035  6035 I HBD     : c needOff = true , isForceOff = false, isNullInputClass : true
06-19 23:45:31.349  6035  6035 I HBD     : c update cached prediction status : false
06-19 23:45:31.349  6035  6035 I HBD     : b [AiWriter] setContact : com.android.settings
06-19 23:45:31.349  6035  6035 I HBD     : a [AiWriter] setContact : com.android.settings
06-19 23:45:31.349  6035  6035 I HBD     : o0 EBD si S 0
06-19 23:45:31.349  6035  6035 I HBD     : r updateContactDBLanguage : 1179717
06-19 23:45:31.349  6035  6035 I HBD     : g isCoverDisplay : false, cached selected json info : SelectedLanguageInfo(languageVersion=4.2, currentLanguageOrder=0, selectedLanguageList=[SelectedLanguage(id=1179649, isUsed=false, engName=Spanish, inputType=spanish_qwerty, activeOptionList=[auto_replace, spell_check, auto_spacing, prediction], bilingualId=-1), SelectedLanguage(id=1179717, isUsed=true, engName=Spanish(LatinAmerica), inputType=spanish_qwerty, activeOptionList=[auto_replace, spell_check, auto_spacing, prediction], bilingualId=-1)])
06-19 23:45:31.349  6035  6035 I HBD     : g updateSelectedLanguageCache is succeeded. Spanish(LatinAmerica)
06-19 23:45:31.350  6035  6035 I HBD     : l writeToFile path : /data/user/0/com.samsung.android.honeyboard/files/selected.json
06-19 23:45:31.350  3723  5008 D InputTransport: Input channel constructed: 'ClientS', fd=301
06-19 23:45:31.350  6035  6035 I HBD     : l writeToFile json : {"version":"4.2","currentLanguageOrder":0,"selected":[{"activeOptionList":["auto_replace","spell_check","auto_spacing","prediction"],"bilingualId":-1,"engName":"Spanish","id":1179649,"inputType":"spanish_qwerty","isUsed":false},{"activeOptionList":["auto_replace","spell_check","auto_spacing","prediction"],"bilingualId":-1,"engName":"Spanish(LatinAmerica)","id":1179717,"inputType":"spanish_qwerty","isUsed":true}]}
06-19 23:45:31.352  6035  6035 I HBD     : l writeToFile complete
06-19 23:45:31.353  6035  6035 I HBD     : g isCoverDisplay : false, cached selected json info : SelectedLanguageInfo(languageVersion=4.2, currentLanguageOrder=0, selectedLanguageList=[SelectedLanguage(id=1179649, isUsed=false, engName=Spanish, inputType=spanish_qwerty, activeOptionList=[auto_replace, spell_check, auto_spacing, prediction], bilingualId=-1), SelectedLanguage(id=1179717, isUsed=true, engName=Spanish(LatinAmerica), inputType=spanish_qwerty, activeOptionList=[auto_replace, spell_check, auto_spacing, prediction], bilingualId=-1)])
06-19 23:45:31.353  6035  6035 I HBD     : n updateActionOptionFromPreference isCover = false
06-19 23:45:31.353  6035  6035 I HBD     : n before lang.activeOptionList =  [auto_replace, spell_check, auto_spacing, prediction]
06-19 23:45:31.354  6035 19496 I HBD     : l Write selected lang for DE
06-19 23:45:31.354  6035 19496 I HBD     : l writeToFile path : /data/user_de/0/com.samsung.android.honeyboard/files/selected.json
06-19 23:45:31.354  6035 19496 I HBD     : l writeToFile json : {"version":"4.2","currentLanguageOrder":0,"selected":[{"activeOptionList":["auto_replace","spell_check","auto_spacing","prediction"],"bilingualId":-1,"engName":"Spanish","id":1179649,"inputType":"spanish_qwerty","isUsed":false},{"activeOptionList":["auto_replace","spell_check","auto_spacing","prediction"],"bilingualId":-1,"engName":"Spanish(LatinAmerica)","id":1179717,"inputType":"spanish_qwerty","isUsed":true}]}
06-19 23:45:31.356  6035 19496 I HBD     : l writeToFile complete
06-19 23:45:31.370  3160  4967 D androidtc: Initializing SystemTextClassifier, type = System
06-19 23:45:31.373  3723  3738 I ndroid.settings: Background concurrent mark compact GC freed 30MB AllocSpace bytes, 3(6504KB) LOS objects, 66% free, 12MB/38MB, paused 180us,1.075ms total 127.627ms
06-19 23:45:31.374  3723  3739 D InputTransport: Input channel destroyed: 'ClientS', fd=169
06-19 23:45:31.375  2503  2503 D SystemUIService: SYSUI_RAM_OPTIMIZATION onTrimMemory=20
06-19 23:45:31.376  2503  2503 D CentralSurfaces: SYSUI_RAM_OPTIMIZATION onTrimMemory=20
06-19 23:45:31.377  1362  1545 I SurfaceFlinger: id=35124 createSurf, flag=24004, Surface(name=7490dd7 InputMethod)/@0x5cfd4e2 - animation-leash of insets_animation#35124
06-19 23:45:31.377  6035  6035 I HBD     : n after lang.activeOptionList = [auto_replace, spell_check, auto_spacing, prediction]
06-19 23:45:31.378  6035  6035 I HBD     : l writeToFile path : /data/user/0/com.samsung.android.honeyboard/files/selected.json
06-19 23:45:31.378  6035  6035 I HBD     : l writeToFile json : {"version":"4.2","currentLanguageOrder":0,"selected":[{"activeOptionList":["auto_replace","spell_check","auto_spacing","prediction"],"bilingualId":-1,"engName":"Spanish","id":1179649,"inputType":"spanish_qwerty","isUsed":false},{"activeOptionList":["auto_replace","spell_check","auto_spacing","prediction"],"bilingualId":-1,"engName":"Spanish(LatinAmerica)","id":1179717,"inputType":"spanish_qwerty","isUsed":true}]}
06-19 23:45:31.379  3723  3739 D InputTransport: Input channel destroyed: 'ClientS', fd=266
06-19 23:45:31.381  1593  3774 I ImeTracker: system_server:483dd713: onRequestHide at ORIGIN_SERVER reason IME_REQUESTED_CHANGED_LISTENER fromUser false
06-19 23:45:31.381  6035  6035 I HBD     : l writeToFile complete
06-19 23:45:31.381  3723  3739 D InputTransport: Input channel destroyed: 'ClientS', fd=161
06-19 23:45:31.382  6035  6035 I HBD     : m normal : updateLanguage : Spanish(LatinAmerica)
06-19 23:45:31.382  3723  3739 D InputTransport: Input channel destroyed: 'ClientS', fd=316
06-19 23:45:31.382  6035  6035 I HBD     : g isCoverDisplay : false, cached selected json info : SelectedLanguageInfo(languageVersion=4.2, currentLanguageOrder=0, selectedLanguageList=[SelectedLanguage(id=1179649, isUsed=false, engName=Spanish, inputType=spanish_qwerty, activeOptionList=[auto_replace, spell_check, auto_spacing, prediction], bilingualId=-1), SelectedLanguage(id=1179717, isUsed=true, engName=Spanish(LatinAmerica), inputType=spanish_qwerty, activeOptionList=[auto_replace, spell_check, auto_spacing, prediction], bilingualId=-1)])
06-19 23:45:31.382  6035  6035 I HBD     : g isCoverDisplay : false, cached selected json info : SelectedLanguageInfo(languageVersion=4.2, currentLanguageOrder=0, selectedLanguageList=[SelectedLanguage(id=1179649, isUsed=false, engName=Spanish, inputType=spanish_qwerty, activeOptionList=[auto_replace, spell_check, auto_spacing, prediction], bilingualId=-1), SelectedLanguage(id=1179717, isUsed=true, engName=Spanish(LatinAmerica), inputType=spanish_qwerty, activeOptionList=[auto_replace, spell_check, auto_spacing, prediction], bilingualId=-1)])
06-19 23:45:31.382  6035  6035 I HBD     : n updateActionOptionFromPreference isCover = false
06-19 23:45:31.382  6035  6035 I HBD     : n before lang.activeOptionList =  [auto_replace, spell_check, auto_spacing, prediction]
06-19 23:45:31.383  3723  3739 D InputTransport: Input channel destroyed: 'ClientS', fd=162
06-19 23:45:31.383  2503  2607 D HWUI    : CacheManager::trimMemory(20)
06-19 23:45:31.383  6035 19497 I HBD     : l Write selected lang for DE
06-19 23:45:31.383  6035 19497 I HBD     : l writeToFile path : /data/user_de/0/com.samsung.android.honeyboard/files/selected.json
06-19 23:45:31.383  6035 19497 I HBD     : l writeToFile json : {"version":"4.2","currentLanguageOrder":0,"selected":[{"activeOptionList":["auto_replace","spell_check","auto_spacing","prediction"],"bilingualId":-1,"engName":"Spanish","id":1179649,"inputType":"spanish_qwerty","isUsed":false},{"activeOptionList":["auto_replace","spell_check","auto_spacing","prediction"],"bilingualId":-1,"engName":"Spanish(LatinAmerica)","id":1179717,"inputType":"spanish_qwerty","isUsed":true}]}
06-19 23:45:31.385  6035  6035 I HBD     : n after lang.activeOptionList = [auto_replace, spell_check, auto_spacing, prediction]
06-19 23:45:31.385  6035  6035 I HBD     : l writeToFile path : /data/user/0/com.samsung.android.honeyboard/files/selected.json
06-19 23:45:31.385  6035  6035 I HBD     : l writeToFile json : {"version":"4.2","currentLanguageOrder":0,"selected":[{"activeOptionList":["auto_replace","spell_check","auto_spacing","prediction"],"bilingualId":-1,"engName":"Spanish","id":1179649,"inputType":"spanish_qwerty","isUsed":false},{"activeOptionList":["auto_replace","spell_check","auto_spacing","prediction"],"bilingualId":-1,"engName":"Spanish(LatinAmerica)","id":1179717,"inputType":"spanish_qwerty","isUsed":true}]}
06-19 23:45:31.387  6035  6035 I HBD     : l writeToFile complete
06-19 23:45:31.388  6035  6035 I HBD     : m normal : updateLanguage : Spanish(LatinAmerica)
06-19 23:45:31.388  6035  6035 I HBD     : g isCoverDisplay : false, cached selected json info : SelectedLanguageInfo(languageVersion=4.2, currentLanguageOrder=0, selectedLanguageList=[SelectedLanguage(id=1179649, isUsed=false, engName=Spanish, inputType=spanish_qwerty, activeOptionList=[auto_replace, spell_check, auto_spacing, prediction], bilingualId=-1), SelectedLanguage(id=1179717, isUsed=true, engName=Spanish(LatinAmerica), inputType=spanish_qwerty, activeOptionList=[auto_replace, spell_check, auto_spacing, prediction], bilingualId=-1)])
06-19 23:45:31.388  1593  1593 W CoverManager: getCoverState : This device is not supported cover
06-19 23:45:31.388  6035  6035 I HBD     : g isCoverDisplay : false, cached selected json info : SelectedLanguageInfo(languageVersion=4.2, currentLanguageOrder=0, selectedLanguageList=[SelectedLanguage(id=1179649, isUsed=false, engName=Spanish, inputType=spanish_qwerty, activeOptionList=[auto_replace, spell_check, auto_spacing, prediction], bilingualId=-1), SelectedLanguage(id=1179717, isUsed=true, engName=Spanish(LatinAmerica), inputType=spanish_qwerty, activeOptionList=[auto_replace, spell_check, auto_spacing, prediction], bilingualId=-1)])
06-19 23:45:31.388  6035  6035 I HBD     : g updateSelectedLanguageCache is succeeded. Spanish(LatinAmerica)
06-19 23:45:31.388  1593  1662 I ImeTracker: system_server:483dd713: onCancelled at PHASE_SERVER_SHOULD_HIDE
06-19 23:45:31.388  6035  6035 I HBD     : l writeToFile path : /data/user/0/com.samsung.android.honeyboard/files/selected.json
06-19 23:45:31.389  6035  6035 I HBD     : l writeToFile json : {"version":"4.2","currentLanguageOrder":0,"selected":[{"activeOptionList":["auto_replace","spell_check","auto_spacing","prediction"],"bilingualId":-1,"engName":"Spanish","id":1179649,"inputType":"spanish_qwerty","isUsed":false},{"activeOptionList":["auto_replace","spell_check","auto_spacing","prediction"],"bilingualId":-1,"engName":"Spanish(LatinAmerica)","id":1179717,"inputType":"spanish_qwerty","isUsed":true}]}
06-19 23:45:31.390  6035  6035 I HBD     : l writeToFile complete
06-19 23:45:31.390  6035  6035 I HBD     : g isCoverDisplay : false, cached selected json info : SelectedLanguageInfo(languageVersion=4.2, currentLanguageOrder=0, selectedLanguageList=[SelectedLanguage(id=1179649, isUsed=false, engName=Spanish, inputType=spanish_qwerty, activeOptionList=[auto_replace, spell_check, auto_spacing, prediction], bilingualId=-1), SelectedLanguage(id=1179717, isUsed=true, engName=Spanish(LatinAmerica), inputType=spanish_qwerty, activeOptionList=[auto_replace, spell_check, auto_spacing, prediction], bilingualId=-1)])
06-19 23:45:31.390  6035  6035 I HBD     : g updateSelectedLanguageCache is succeeded. Spanish(LatinAmerica)
06-19 23:45:31.390  6035 19500 I HBD     : l Write selected lang for DE
06-19 23:45:31.391  6035 19500 I HBD     : l writeToFile path : /data/user_de/0/com.samsung.android.honeyboard/files/selected.json
06-19 23:45:31.391  6035 19500 I HBD     : l writeToFile json : {"version":"4.2","currentLanguageOrder":0,"selected":[{"activeOptionList":["auto_replace","spell_check","auto_spacing","prediction"],"bilingualId":-1,"engName":"Spanish","id":1179649,"inputType":"spanish_qwerty","isUsed":false},{"activeOptionList":["auto_replace","spell_check","auto_spacing","prediction"],"bilingualId":-1,"engName":"Spanish(LatinAmerica)","id":1179717,"inputType":"spanish_qwerty","isUsed":true}]}
06-19 23:45:31.391  6035  6035 I HBD     : l writeToFile path : /data/user/0/com.samsung.android.honeyboard/files/selected.json
06-19 23:45:31.391  6035  6035 I HBD     : l writeToFile json : {"version":"4.2","currentLanguageOrder":0,"selected":[{"activeOptionList":["auto_replace","spell_check","auto_spacing","prediction"],"bilingualId":-1,"engName":"Spanish","id":1179649,"inputType":"spanish_qwerty","isUsed":false},{"activeOptionList":["auto_replace","spell_check","auto_spacing","prediction"],"bilingualId":-1,"engName":"Spanish(LatinAmerica)","id":1179717,"inputType":"spanish_qwerty","isUsed":true}]}
06-19 23:45:31.392  1362  1362 I SurfaceFlinger: [Surface(name=7490dd7 InputMethod)/@0x5cfd4e2 - animation-leash of insets_animation#35124] attach to parent LayerHierarchy{RequestedLayerState{WindowToken{f9f4abc type=2011 android.os.Binder@9c6b6af}#132 parentId=15} 2 children}
06-19 23:45:31.395  6035 19498 I HBD     : l Write selected lang for DE
06-19 23:45:31.395  6035 19498 I HBD     : l writeToFile path : /data/user_de/0/com.samsung.android.honeyboard/files/selected.json
06-19 23:45:31.395  6035 19498 I HBD     : l writeToFile json : {"version":"4.2","currentLanguageOrder":0,"selected":[{"activeOptionList":["auto_replace","spell_check","auto_spacing","prediction"],"bilingualId":-1,"engName":"Spanish","id":1179649,"inputType":"spanish_qwerty","isUsed":false},{"activeOptionList":["auto_replace","spell_check","auto_spacing","prediction"],"bilingualId":-1,"engName":"Spanish(LatinAmerica)","id":1179717,"inputType":"spanish_qwerty","isUsed":true}]}
06-19 23:45:31.396  6035  6035 I HBD     : l writeToFile complete
06-19 23:45:31.396  6035 19497 I HBD     : l writeToFile complete
06-19 23:45:31.397  6035  6035 I HBD     : a [UpdatePolicy] [post] a: 31 cl: 1179717 kit: [0/11] vt: 0 ir: 1
06-19 23:45:31.397  6035  6035 I HBD     : HoneyBoardService [PF_OP][onStartInput]  59 ms
06-19 23:45:31.398  6035 19501 I HBD     : l Write selected lang for DE
06-19 23:45:31.398  6035 19501 I HBD     : l writeToFile path : /data/user_de/0/com.samsung.android.honeyboard/files/selected.json
06-19 23:45:31.402  6035 19501 I HBD     : l writeToFile json : {"version":"4.2","currentLanguageOrder":0,"selected":[{"activeOptionList":["auto_replace","spell_check","auto_spacing","prediction"],"bilingualId":-1,"engName":"Spanish","id":1179649,"inputType":"spanish_qwerty","isUsed":false},{"activeOptionList":["auto_replace","spell_check","auto_spacing","prediction"],"bilingualId":-1,"engName":"Spanish(LatinAmerica)","id":1179717,"inputType":"spanish_qwerty","isUsed":true}]}
06-19 23:45:31.403  6035  6367 I HBD     : a [SKE_SPECIFIC] specific model[com.android.settings] loaded, 4826500 ns
06-19 23:45:31.406  6035 19500 I HBD     : l writeToFile complete
06-19 23:45:31.408  6035 19498 E AtomicFile: Failed to rename /data/user_de/0/com.samsung.android.honeyboard/files/selected.json.new to /data/user_de/0/com.samsung.android.honeyboard/files/selected.json
06-19 23:45:31.408  6035 19498 I HBD     : l writeToFile complete
06-19 23:45:31.408  6035 19501 E AtomicFile: Failed to rename /data/user_de/0/com.samsung.android.honeyboard/files/selected.json.new to /data/user_de/0/com.samsung.android.honeyboard/files/selected.json
06-19 23:45:31.408  6035 19501 I HBD     : l writeToFile complete
06-19 23:45:31.427  1593  1593 W CoverManager: getCoverState : This device is not supported cover
06-19 23:45:31.427  1593  2726 D SecContentProvider: query(), uri = 17 selection = isSettingsChangesAllowed
06-19 23:45:31.430  1593  3763 D SecContentProvider: query(), uri = 17 selection = isSettingsChangesAllowed
06-19 23:45:31.433  1593  2726 D SecContentProvider: query(), uri = 17 selection = isSettingsChangesAllowed
06-19 23:45:31.434  1593  3605 D SecContentProvider: query(), uri = 17 selection = isSettingsChangesAllowed
06-19 23:45:31.434  6035 17389 I HBD     : u updated Sub Types. Spanish(LatinAmerica)
06-19 23:45:31.435  6035 10908 I HBD     : u updated Sub Types. Spanish(LatinAmerica)
06-19 23:45:31.440  6035 19504 I HBD     : b InputMethodSubtype is set as local:es_LA
06-19 23:45:31.440  6035 19503 I HBD     : b InputMethodSubtype is set as local:es_LA
06-19 23:45:31.443  1593  1663 D SurfaceComposerClient: setCornerRadius ## 6bbfc8e com.android.settings/com.android.settings.SubSettings#34138 cornerRadius=0.000000
06-19 23:45:31.445  1593  3771 I WindowManager: Relayout Window{2f08b1f u0 Splash Screen com.example.testeableapp.test}: viewVisibility=8 req=1080x2340 ty=3 d0
06-19 23:45:31.445  1593  3771 D SurfaceComposerClient: setCornerRadius ## 6bbfc8e com.android.settings/com.android.settings.SubSettings#34138 cornerRadius=0.000000
06-19 23:45:31.446  1593  3771 D SurfaceComposerClient: setCornerRadius ## 6bbfc8e com.android.settings/com.android.settings.SubSettings#34138 cornerRadius=0.000000
06-19 23:45:31.448 18148 18161 I BadgeProvider: query, [calling package]: com.sec.android.app.launcher, [selection]: null
06-19 23:45:31.449  1593  3771 I WindowManager: Relayout hash=2f08b1f, pid=2503, syncId=-1: mAttrs={(0,0)(fillxfill) sim={adjust=pan} layoutInDisplayCutoutMode=always ty=APPLICATION_STARTING fmt=TRANSLUCENT
06-19 23:45:31.449  1593  3771 I WindowManager:   fl=81030118
06-19 23:45:31.449  1593  3771 I WindowManager:   pfl=10000810
06-19 23:45:31.449  1593  3771 I WindowManager:   apr=18
06-19 23:45:31.449  1593  3771 I WindowManager:   bhv=1
06-19 23:45:31.449  1593  3771 I WindowManager:   fitSides=0
06-19 23:45:31.449  1593  3771 I WindowManager:   frameRateBoostOnTouch=true
06-19 23:45:31.449  1593  3771 I WindowManager:   dvrrWindowFrameRateHint=true naviIconColor=0}
06-19 23:45:31.450  2503  2567 I VRI[test]@4af614f: onActiveControlsChanged, removed=false, mAdded=true, caller=android.view.ViewRootImpl.handleInsetsControlChanged:3002 android.view.ViewRootImpl.relayoutWindow:11629 android.view.ViewRootImpl.performTraversals:4804 android.view.ViewRootImpl.doTraversal:3924 android.view.ViewRootImpl$TraversalRunnable.run:12903
06-19 23:45:31.457  2503  2567 I VRI[test]@4af614f: Relayout returned: old=(0,0,1080,2340) new=(0,0,1080,2340) relayoutAsync=false req=(1080,2340)8 dur=87 res=0x2 s={false 0x0} ch=true seqId=0
06-19 23:45:31.457  2503  2567 D VRI[test]@4af614f: Not drawing due to not visible. Reason=View.GONE
06-19 23:45:31.457  2503  2567 I VRI[test]@4af614f: dispatchDetachedFromWindow
06-19 23:45:31.458  3505 18502 I SSS:TextClassifierDelegateFactory: getDefaultTextClassifier()
06-19 23:45:31.458  1593  3570 D InputTransport: Input channel destroyed: '2f08b1f', fd=1611
06-19 23:45:31.459  1362  1362 I SurfaceFlinger: RequestedLayer [Surface(name=7490dd7 InputMethod)/@0[...]tion-leash of insets_animation#35124] hidden!! flag  from(1) --> to(0)
06-19 23:45:31.459  1362  1362 E SurfaceFlinger: alpha changed 1.000 -> 0.000 - Surface(name=7490dd7 InputMethod)/@0x5cfd4e2 - animation-leash of insets_animation#35124
06-19 23:45:31.459  1362  1362 I SurfaceFlinger: [LayerHierarchy{RequestedLayerState{ImeContainer#15 parentId=34137 relativeParentId=34138 z=1} 1 children}] reparent to LayerHierarchy{RequestedLayerState{ActivityRecord{249521351 u0 com.android.settings/.SubSettings t513}#34137 parentId=33546 z=2} 3 children}
06-19 23:45:31.459  1362  1362 I SurfaceFlinger: [LayerHierarchy{RequestedLayerState{ImeContainer#15 parentId=34137 relativeParentId=34138 z=1} 1 children}] RelativeParent to LayerHierarchy{RequestedLayerState{6bbfc8e com.android.settings/com.android.settings.SubSettings#34138 parentId=34137} 2 children}
06-19 23:45:31.459  1362  1362 I SurfaceFlinger: [LayerHierarchy{RequestedLayerState{7490dd7 InputMethod#133 parentId=35124} no children}] reparent to LayerHierarchy{RequestedLayerState{Surface(name=7490dd7 InputMethod)/@0x5cfd4e2 - animation-leash of insets_animation#35124 parentId=132} 1 children}
06-19 23:45:31.459  1362  1362 I SurfaceFlinger: [LayerHierarchy{RequestedLayerState{Surface(name=7490dd7 InputMethod)/@0x5cfd4e2 - animation-leash of insets_animation#35107} no children}] reparent to OffscreenRoot
06-19 23:45:31.459  1362  1362 I SurfaceFlinger: [LayerHierarchy{RequestedLayerState{Surface(name=7490dd7 InputMethod)/@0x5cfd4e2 - animation-leash of insets_animation#35107} no children}] RelativeParent to null
06-19 23:45:31.459  1593  3570 D SurfaceComposerClient: setCornerRadius ## 6bbfc8e com.android.settings/com.android.settings.SubSettings#34138 cornerRadius=0.000000
06-19 23:45:31.460  1593  3570 D SurfaceComposerClient: setCornerRadius ## 6bbfc8e com.android.settings/com.android.settings.SubSettings#34138 cornerRadius=0.000000
06-19 23:45:31.460  1593  1663 D SurfaceComposerClient: setCornerRadius ## 6bbfc8e com.android.settings/com.android.settings.SubSettings#34138 cornerRadius=0.000000
06-19 23:45:31.463  1362  1545 I SurfaceFlinger: id=35107 Removed Surface(name=7490dd7 InputMethod)/@0x5cfd4e2 - animation-leash of insets_animation#35107 (193)
06-19 23:45:31.470  1593  1663 D SurfaceComposerClient: setCornerRadius ## 6bbfc8e com.android.settings/com.android.settings.SubSettings#34138 cornerRadius=0.000000
06-19 23:45:31.471  2503  2567 D InputTransport: Input channel destroyed: '2f08b1f', fd=529
06-19 23:45:31.474  1593  1593 W CoverManager: getCoverState : This device is not supported cover
06-19 23:45:31.475  1362  1362 I SurfaceFlinger: RequestedLayer [Task=560#35108] hidden!! flag  from(0) --> to(1)
06-19 23:45:31.476  1362  1362 I SurfaceFlinger: destroyed Surface(name=7490dd7 InputMethod)/@0x5cfd4e2 - animation-leash of insets_animation#35107
06-19 23:45:31.476  1362  1362 I SurfaceFlinger: [LayerHierarchy{RequestedLayerState{Splash Screen com.example.testeableapp.test$_2503#35115} no children}] reparent to OffscreenRoot
06-19 23:45:31.476  1362  1362 I SurfaceFlinger: [LayerHierarchy{RequestedLayerState{Splash Screen com.example.testeableapp.test$_2503#35115} no children}] RelativeParent to null
06-19 23:45:31.476  1362  1362 I SurfaceFlinger: [LayerHierarchy{RequestedLayerState{Surface(name=db067c5 com.example.testeableapp.test/androidx.test.core.app.InstrumentationActivityInvoker$EmptyActivity)/@0x94d7963 - animation-leash of starting_reveal#35123} 1 children}] reparent to OffscreenRoot
06-19 23:45:31.476  1362  1362 I SurfaceFlinger: [LayerHierarchy{RequestedLayerState{Surface(name=db067c5 com.example.testeableapp.test/androidx.test.core.app.InstrumentationActivityInvoker$EmptyActivity)/@0x94d7963 - animation-leash of starting_reveal#35123} 1 children}] RelativeParent to null
06-19 23:45:31.476  1362  1362 I SurfaceFlinger: [LayerHierarchy{RequestedLayerState{db067c5 com.example.testeableapp.test/androidx.test.core.app.InstrumentationActivityInvoker$EmptyActivity#35110 parentId=35109} 1 children}] reparent to LayerHierarchy{RequestedLayerState{ActivityRecord{93946175 u0 com.example.testeableapp.test/androidx.test.core.app.InstrumentationActivityInvoker$EmptyActivity t560}#35109 parentId=35108} 2 children}
06-19 23:45:31.476  1362  1362 I SurfaceFlinger: [LayerHierarchy{RequestedLayerState{2f08b1f Splash Screen com.example.testeableapp.test#35111 z=2147483647} no children}] reparent to OffscreenRoot
06-19 23:45:31.476  1362  1362 I SurfaceFlinger: [LayerHierarchy{RequestedLayerState{2f08b1f Splash Screen com.example.testeableapp.test#35111 z=2147483647} no children}] RelativeParent to null
06-19 23:45:31.479  1362  1362 I Layer   : id=35107 Destroyed Surface(name=7490dd7 InputMethod)/@0x5cfd4e2 - animation-leash of insets_animation#35107
06-19 23:45:31.479  1362  1376 I SurfaceFlinger: id=35115 Removed Splash Screen com.example.testeableapp.test$_2503#35115 (192)
06-19 23:45:31.481  6035  6035 I InputMethodService: scheduleImeSurfaceRemoval: removeImeSurface is posted.
06-19 23:45:31.485  1499 19418 I GenericSource: readBuffer(Audio) mode = 0, EOS
06-19 23:45:31.491  2967  2967 I HoneySpace.PackageOperationTracker: onShortcutsChanged com.whatsapp - 21 UserHandle{0}
06-19 23:45:31.491  2503  6344 D RingtonePlayer: playAsync(uri=content://settings/system/notification_sound, user=UserHandle{0})
06-19 23:45:31.492  1362  1362 I SurfaceFlinger: destroyed Splash Screen com.example.testeableapp.test$_2503#35115
06-19 23:45:31.492  1499 19456 I NuPlayerDecoder: End of Stream
06-19 23:45:31.495  1362  1362 I Layer   : id=35115 Destroyed Splash Screen com.example.testeableapp.test$_2503#35115
06-19 23:45:31.495  1593  1593 D FlashNotifController: requestStartFlashNotification
06-19 23:45:31.496  1593  1593 I FlashNotifController: startFlashNotification: type=1, tag=android
06-19 23:45:31.496  1593  1593 D FlashNotifController: Flash notification is disabled
06-19 23:45:31.496  2503  6344 D RingtonePlayer: play uri=content://settings/system/notification_sound
06-19 23:45:31.498  1499 19456 I NuPlayerDecoder: End of Stream
06-19 23:45:31.499  1499 19457 D CCodecBufferChannel: [c2.android.vorbis.decoder#392] buffers after EOS ignored (0 us)
06-19 23:45:31.499  2967 16519 I HoneySpace.ShortcutDataSourceImpl: shortcut updated. ShortcutInfo {id=***, flags=0x2689 [DynIc-fIc-aStrRetsLiv], packageName=com.whatsapp, activity=ComponentInfo{com.whatsapp/com.whatsapp.Main}, shortLabel=***, resId=0[null], longLabel=***, resId=0[null], disabledMessage=***, resId=0[null], disabledReason=[Not disabled], categories={com.whatsapp.sharing.category.SHARE_TARGET_DEFAULT}, persons=null, icon=null, rank=9, timestamp=1781934238213, intents=null, extras=null}
06-19 23:45:31.500  2967 16519 I HoneySpace.ShortcutDataSourceImpl: shortcut updated. ShortcutInfo {id=***, flags=0x2689 [DynIc-fIc-aStrRetsLiv], packageName=com.whatsapp, activity=ComponentInfo{com.whatsapp/com.whatsapp.Main}, shortLabel=***, resId=0[null], longLabel=***, resId=0[null], disabledMessage=***, resId=0[null], disabledReason=[Not disabled], categories={com.whatsapp.sharing.category.SHARE_TARGET_DEFAULT}, persons=null, icon=null, rank=8, timestamp=1781932998035, intents=null, extras=null}
06-19 23:45:31.500  2967 16519 I HoneySpace.ShortcutDataSourceImpl: shortcut updated. ShortcutInfo {id=***, flags=0x6689 [DynIc-fIc-aStrRetsLiv], packageName=com.whatsapp, activity=ComponentInfo{com.whatsapp/com.whatsapp.Main}, shortLabel=***, resId=0[null], longLabel=***, resId=0[null], disabledMessage=***, resId=0[null], disabledReason=[Not disabled], categories={com.whatsapp.sharing.category.SHARE_TARGET_DEFAULT}, persons=null, icon=null, rank=4, timestamp=1781934331202, intents=null, extras=null}
06-19 23:45:31.500  2967 16519 I HoneySpace.ShortcutDataSourceImpl: shortcut updated. ShortcutInfo {id=***, flags=0x6689 [DynIc-fIc-aStrRetsLiv], packageName=com.whatsapp, activity=ComponentInfo{com.whatsapp/com.whatsapp.Main}, shortLabel=***, resId=0[null], longLabel=***, resId=0[null], disabledMessage=***, resId=0[null], disabledReason=[Not disabled], categories={com.whatsapp.sharing.category.SHARE_TARGET_DEFAULT}, persons=null, icon=null, rank=13, timestamp=1781934238359, intents=null, extras=null}
06-19 23:45:31.500  2967 16519 I HoneySpace.ShortcutDataSourceImpl: shortcut updated. ShortcutInfo {id=***, flags=0x2485 [DynIc-rStrRetsLiv], packageName=com.whatsapp, activity=ComponentInfo{com.whatsapp/com.whatsapp.Main}, shortLabel=***, resId=0[null], longLabel=***, resId=0[null], disabledMessage=***, resId=0[null], disabledReason=[Not disabled], categories=null, persons=null, icon=null, rank=1, timestamp=1781932997187, intents=null, extras=null}
06-19 23:45:31.500  2967 16519 I HoneySpace.ShortcutDataSourceImpl: shortcut updated. ShortcutInfo {id=***, flags=0x6689 [DynIc-fIc-aStrRetsLiv], packageName=com.whatsapp, activity=ComponentInfo{com.whatsapp/com.whatsapp.Main}, shortLabel=***, resId=0[null], longLabel=***, resId=0[null], disabledMessage=***, resId=0[null], disabledReason=[Not disabled], categories={com.whatsapp.sharing.category.SHARE_TARGET_DEFAULT}, persons=null, icon=null, rank=12, timestamp=1781934238327, intents=null, extras=null}
06-19 23:45:31.500  2967 16519 I HoneySpace.ShortcutDataSourceImpl: shortcut updated. ShortcutInfo {id=***, flags=0x6689 [DynIc-fIc-aStrRetsLiv], packageName=com.whatsapp, activity=ComponentInfo{com.whatsapp/com.whatsapp.Main}, shortLabel=***, resId=0[null], longLabel=***, resId=0[null], disabledMessage=***, resId=0[null], disabledReason=[Not disabled], categories={com.whatsapp.sharing.category.SHARE_TARGET_DEFAULT}, persons=null, icon=null, rank=10, timestamp=1781934238253, intents=null, extras=null}
06-19 23:45:31.500  2967 16519 I HoneySpace.ShortcutDataSourceImpl: shortcut updated. ShortcutInfo {id=***, flags=0x2689 [DynIc-fIc-aStrRetsLiv], packageName=com.whatsapp, activity=ComponentInfo{com.whatsapp/com.whatsapp.Main}, shortLabel=***, resId=0[null], longLabel=***, resId=0[null], disabledMessage=***, resId=0[null], disabledReason=[Not disabled], categories={com.whatsapp.sharing.category.SHARE_TARGET_DEFAULT}, persons=null, icon=null, rank=7, timestamp=1781932997913, intents=null, extras=null}
06-19 23:45:31.500  2967 16519 I HoneySpace.ShortcutDataSourceImpl: shortcut updated. ShortcutInfo {id=***, flags=0x6689 [DynIc-fIc-aStrRetsLiv], packageName=com.whatsapp, activity=ComponentInfo{com.whatsapp/com.whatsapp.Main}, shortLabel=***, resId=0[null], longLabel=***, resId=0[null], disabledMessage=***, resId=0[null], disabledReason=[Not disabled], categories={com.whatsapp.sharing.category.SHARE_TARGET_DEFAULT}, persons=null, icon=null, rank=3, timestamp=1781934238425, intents=null, extras=null}
06-19 23:45:31.501  2967 16519 I HoneySpace.ShortcutDataSourceImpl: shortcut updated. ShortcutInfo {id=***, flags=0x485 [DynIc-rStrRets], packageName=com.whatsapp, activity=ComponentInfo{com.whatsapp/com.whatsapp.Main}, shortLabel=***, resId=0[null], longLabel=***, resId=0[null], disabledMessage=***, resId=0[null], disabledReason=[Not disabled], categories=null, persons=null, icon=null, rank=0, timestamp=1781932997078, intents=null, extras=null}
06-19 23:45:31.501  2967 16519 I HoneySpace.ShortcutDataSourceImpl: shortcut updated. ShortcutInfo {id=***, flags=0x6689 [DynIc-fIc-aStrRetsLiv], packageName=com.whatsapp, activity=ComponentInfo{com.whatsapp/com.whatsapp.Main}, shortLabel=***, resId=0[null], longLabel=***, resId=0[null], disabledMessage=***, resId=0[null], disabledReason=[Not disabled], categories={com.whatsapp.sharing.category.SHARE_TARGET_DEFAULT}, persons=null, icon=null, rank=6, timestamp=1781932997780, intents=null, extras=null}
06-19 23:45:31.501  2967 16519 I HoneySpace.ShortcutDataSourceImpl: shortcut updated. ShortcutInfo {id=***, flags=0x6689 [DynIc-fIc-aStrRetsLiv], packageName=com.whatsapp, activity=ComponentInfo{com.whatsapp/com.whatsapp.Main}, shortLabel=***, resId=0[null], longLabel=***, resId=0[null], disabledMessage=***, resId=0[null], disabledReason=[Not disabled], categories={com.whatsapp.sharing.category.SHARE_TARGET_DEFAULT}, persons=null, icon=null, rank=2, timestamp=1781934309369, intents=null, extras=null}
06-19 23:45:31.501  2967 16519 I HoneySpace.ShortcutDataSourceImpl: shortcut updated. ShortcutInfo {id=***, flags=0x6689 [DynIc-fIc-aStrRetsLiv], packageName=com.whatsapp, activity=ComponentInfo{com.whatsapp/com.whatsapp.Main}, shortLabel=***, resId=0[null], longLabel=***, resId=0[null], disabledMessage=***, resId=0[null], disabledReason=[Not disabled], categories={com.whatsapp.sharing.category.SHARE_TARGET_DEFAULT}, persons=null, icon=null, rank=11, timestamp=1781934238289, intents=null, extras=null}
06-19 23:45:31.501  2967 16519 I HoneySpace.ShortcutDataSourceImpl: shortcut updated. ShortcutInfo {id=***, flags=0x2689 [DynIc-fIc-aStrRetsLiv], packageName=com.whatsapp, activity=ComponentInfo{com.whatsapp/com.whatsapp.Main}, shortLabel=***, resId=0[null], longLabel=***, resId=0[null], disabledMessage=***, resId=0[null], disabledReason=[Not disabled], categories={com.whatsapp.sharing.category.SHARE_TARGET_DEFAULT}, persons=null, icon=null, rank=14, timestamp=1781934238163, intents=null, extras=null}
06-19 23:45:31.501  2967 16519 I HoneySpace.ShortcutDataSourceImpl: shortcut updated. ShortcutInfo {id=***, flags=0x6689 [DynIc-fIc-aStrRetsLiv], packageName=com.whatsapp, activity=ComponentInfo{com.whatsapp/com.whatsapp.Main}, shortLabel=***, resId=0[null], longLabel=***, resId=0[null], disabledMessage=***, resId=0[null], disabledReason=[Not disabled], categories={com.whatsapp.sharing.category.SHARE_TARGET_DEFAULT}, persons=null, icon=null, rank=5, timestamp=1781932997658, intents=null, extras=null}
06-19 23:45:31.504  2967  2967 I HoneySpace.EdgePanel.EdgeVisibilityRepository: getComputedTrayVisible : keyguardState = 1
06-19 23:45:31.504  2967  2967 I HoneySpace.EdgePanel.EdgeVisibilityRepository: updateTrayVisible: State = 0x1, visible = true, current containerState = 0, specificMode = 0
06-19 23:45:31.504  2967  2967 I HoneySpace.EdgePanel.EdgeVisibilityRepository: Same container state 0
06-19 23:45:31.504  2967  2967 I HoneySpace.HoneySpaceManagerContainer: packageUpdateEvent - com.honeyspace.sdk.source.entity.PackageOperation$ShortcutChanged@4c575d2
06-19 23:45:31.506  2967 16521 I HoneySpace.HistoryViewModel@249058696@OneUI: handlePackageEvent
06-19 23:45:31.506  2967 16521 I HoneySpace.HistoryViewModel@249058696@OneUI: skip for alone
06-19 23:45:31.507  1499 19456 I NuPlayerDecoder: End of Stream
06-19 23:45:31.509  2967  2967 I HoneySpace.EventListenerRegistry: pendingPackageOperation : pending = false, com.honeyspace.sdk.source.entity.PackageOperation$ShortcutChanged@4c575d2
06-19 23:45:31.510  1499 19457 D CCodecBufferChannel: [c2.android.vorbis.decoder#392] buffers after EOS ignored (0 us)
06-19 23:45:31.512  2967  5212 I HoneySpace.NotificationListener: onNotificationPosted com.whatsapp: 0|com.whatsapp|1|OvmBtF+uSfs4NJh7cvinvdOaUTIKGjeLkFmW0mPW1Ag=
06-19 23:45:31.512  2967  5212 I HoneySpace.NotificationListener: |10383: 3
06-19 23:45:31.512  2967  5212 I HoneySpace.BadgeDataSourceImpl: Get notification count. PK(p='com.whatsapp', u=UserHandle{0}) - forceBadgeCount: false, notification listener: 17, badge provider: 29
06-19 23:45:31.513  2967 14230 I HoneySpace.BadgeDataSourceImpl: Get notification count. PK(p='com.google.android.youtube', u=UserHandle{0}) - forceBadgeCount: false, notification listener: 2, badge provider: 215
06-19 23:45:31.513  2967 14230 I HoneySpace.PackageEventOperator: [ApplistViewModel] badge count is updated. com.whatsapp/.Main#UserHandle{0}|128 : 29
06-19 23:45:31.513  2967 14230 I HoneySpace.BadgeDataSourceImpl: Get notification count. PK(p='com.google.android.apps.messaging', u=UserHandle{0}) - forceBadgeCount: false, notification listener: 1, badge provider: 0
06-19 23:45:31.513  1499 19418 I GenericSource: readBuffer(Audio) mode = 0, EOS
06-19 23:45:31.513  2967 14230 I HoneySpace.BadgeDataSourceImpl: Get notification count. PK(p='com.google.android.youtube', u=UserHandle{0}) - forceBadgeCount: false, notification listener: 2, badge provider: 215
06-19 23:45:31.514  1499 19454 I NuPlayerRenderer: onQueueEOS audio finalResult : -1011
06-19 23:45:31.514  1499 19454 I NuPlayerRenderer: [audio] notifyEOS() End of Stream, delayUs : 534651
06-19 23:45:31.514  1499 19454 V AudioSink: stop
06-19 23:45:31.514  1499 19454 D AudioTrack: stop(24610): called with 86336 frames delivered
06-19 23:45:31.517  2967  5212 I HoneySpace.NotificationListener: onNotificationPosted com.whatsapp: 0|com.whatsapp|1|null|10383: 29
