06-19 23:45:34.482  3723 15925 D SecTileUtils: setMetaData key : Pair{com.google.android.gms com.google.android.gms.autofill.ui.AutofillSettingsPrivacyHubActivity} , categoryKey com.android.settings.category.ia.privacy
06-19 23:45:34.482  3723 15925 D SecTileUtils: setMetaData key : Pair{com.google.android.gms com.google.android.gms.backup.navroot.BackupSettingsNavRootActivity} , categoryKey com.android.settings.category.ia.accounts_and_backup
06-19 23:45:34.482  3723 15925 D SecTileUtils: setMetaData key : Pair{com.google.android.gms com.google.android.gms.crisisalerts.settings.CrisisAlertsPlatformSettingsActivity} , categoryKey com.android.settings.category.ia.emergency
06-19 23:45:34.482  3723 15925 D SecTileUtils: setMetaData key : Pair{com.google.android.gms com.google.android.gms.multidevice.ui.link.LinkDevicesSettingsAppCompatActivity} , categoryKey com.android.settings.category.ia.device
06-19 23:45:34.482  3723 15925 D SecTileUtils: setMetaData key : Pair{com.google.android.gms com.google.android.personalsafety.settings.BleTagPlatformSettingsActivity} , categoryKey com.android.settings.category.ia.emergency
06-19 23:45:34.482  1362  1362 I SurfaceFlinger: RequestedLayer [Task=563#35163] hidden!! flag  from(0) --> to(1)
06-19 23:45:34.483  3723 15925 D SecTileUtils: setMetaData key : Pair{com.google.android.gms com.google.android.gms.safebrowsing.settings.SafeBrowsingSettingsActivityAdvancedSettings} , categoryKey com.google.android.settings.category.ia.advanced_security
06-19 23:45:34.483  1362  1362 I SurfaceFlinger: [LayerHierarchy{RequestedLayerState{Task=563#35163 parentId=10 z=12} 1 children}] reparent to LayerHierarchy{RequestedLayerState{DefaultTaskDisplayArea_d0#10 parentId=9} 16 children}
06-19 23:45:34.483  1362  1362 I SurfaceFlinger: [LayerHierarchy{RequestedLayerState{Task=564#35179 parentId=10 z=13} 2 children}] reparent to LayerHierarchy{RequestedLayerState{DefaultTaskDisplayArea_d0#10 parentId=9} 17 children}
06-19 23:45:34.483  1362  1362 I SurfaceFlinger: [LayerHierarchy{RequestedLayerState{Transition Root: Task=564#35184 z=13} 1 children}] reparent to OffscreenRoot
06-19 23:45:34.483  1362  1362 I SurfaceFlinger: [LayerHierarchy{RequestedLayerState{Transition Root: Task=564#35184 z=13} 1 children}] RelativeParent to null
06-19 23:45:34.483  1362  1362 I SurfaceFlinger: [LayerHierarchy{RequestedLayerState{DimTransitionLayer for Surface(name=Task=564)/@0x2b5b979#35190 z=-1} no children}] reparent to OffscreenRoot
06-19 23:45:34.483  1362  1362 I SurfaceFlinger: [LayerHierarchy{RequestedLayerState{DimTransitionLayer for Surface(name=Task=564)/@0x2b5b979#35190 z=-1} no children}] RelativeParent to null
06-19 23:45:34.483  1362  1362 I SurfaceFlinger: [Transition Root: Task=513#35197] attach to parent LayerHierarchy{RequestedLayerState{DefaultTaskDisplayArea_d0#10 parentId=9} 17 children}
06-19 23:45:34.483  3723 15925 D SecTileUtils: setMetaData key : Pair{com.google.android.gms com.google.android.gms.safebrowsing.settings.SafeBrowsingSettingsActivityAdvancedSecurity} , categoryKey com.android.settings.category.ia.legacy_advanced_security
06-19 23:45:34.484  3723 15925 D SecTileUtils: setMetaData key : Pair{com.google.android.gms com.google.android.gms.safebrowsing.settings.SafeBrowsingSettingsActivityAdvancedSecuritySafetyCenter} , categoryKey com.android.settings.category.ia.advanced_security
06-19 23:45:34.484  3723 15925 D SecTileUtils: setMetaData key : Pair{com.google.android.gms com.google.android.gms.thunderbird.settings.ThunderbirdSettingInjectorPlatformService} , categoryKey com.android.settings.category.ia.emergency
06-19 23:45:34.484  3723 15925 D SecTileUtils: setMetaData key : Pair{com.google.android.gms com.google.android.gms.usagereporting.settings.UsageReportingActivity} , categoryKey com.android.settings.category.ia.privacy
06-19 23:45:34.484  3723 15925 D SecTileUtils: setMetaData key : Pair{com.google.android.gms com.google.android.gms.actionlearner.settings.ui.LiaSettingsActivity} , categoryKey com.android.settings.category.ia.media_controls_settings
06-19 23:45:34.484  3723 15925 D SecTileUtils: setMetaData key : Pair{com.google.android.healthconnect.controller com.android.healthconnect.controller.LegacySettingsEntryPoint} , categoryKey com.android.settings.category.ia.privacy
06-19 23:45:34.484  3723 15925 D SecTileUtils: setMetaData key : Pair{com.google.android.projection.gearhead com.google.android.projection.gearhead.companion.settings.DefaultSettingsActivity} , categoryKey com.android.settings.category.ia.device
06-19 23:45:34.484  3723 15925 D SecTileUtils: setMetaData key : Pair{com.google.android.providers.media.module com.android.providers.media.photopicker.PhotoPickerSettingsActivity} , categoryKey com.android.settings.category.ia.apps
06-19 23:45:34.484  3723 15925 D SecTileUtils: setMetaData key : Pair{com.samsung.android.app.smartcapture com.samsung.android.app.settings.SettingsActivity} , categoryKey com.samsung.android.settings.category.ia.usefulfeatures
06-19 23:45:34.485  3723 15925 D SecTileUtils: setMetaData key : Pair{com.samsung.android.aremoji com.samsung.android.aremoji.home.HomeMain} , categoryKey com.samsung.android.settings.category.ia.usefulfeatures
06-19 23:45:34.485  3723 15925 D SecTileUtils: setMetaData key : Pair{com.samsung.android.fmm com.samsung.android.fmm.settings.FmmSettingsActivity} , categoryKey not_available
06-19 23:45:34.485  3723 15925 D SecTileUtils: setMetaData key : Pair{com.samsung.android.inputshare com.samsung.android.inputshare.settings.MultiControlActivity} , categoryKey com.samsung.android.settings.category.ia.multidevices
06-19 23:45:34.485  3723 15925 D SecTileUtils: setMetaData key : Pair{com.samsung.android.kmxservice com.samsung.android.kmxservice.dashboard.view.SecurityStatusActivity} , categoryKey com.android.settings.category.ia.security
06-19 23:45:34.485  3723 15925 D SecTileUtils: setMetaData key : Pair{com.samsung.android.mdecservice com.samsung.android.cmcsettings.view.CMCMainActivity} , categoryKey com.samsung.android.settings.category.ia.multidevices
06-19 23:45:34.485  3723 15925 D SecTileUtils: setMetaData key : Pair{com.samsung.android.mdx com.samsung.android.mdx.windowslink.tileservice.SeYourPhoneBridgeActivity} , categoryKey com.samsung.android.settings.category.ia.multidevices
06-19 23:45:34.485  3723 15925 D SecTileUtils: setMetaData key : Pair{com.samsung.android.samsungpass com.samsung.android.samsungpass.launcher.EntryActivity} , categoryKey com.android.settings.category.ia.advanced_security
06-19 23:45:34.485  3723 15925 D SecTileUtils: setMetaData key : Pair{com.samsung.android.settingshelper com.samsung.android.settingshelper.uiview.activity.SHSettingsAboutDeviceActivity} , categoryKey com.android.settings.category.ia.my_device_info
06-19 23:45:34.485  3723 15925 D SecTileUtils: setMetaData key : Pair{com.samsung.android.vtcamerasettings com.samsung.android.vtcamerasettings.AliasActivityBottom} , categoryKey com.samsung.android.settings.category.ia.usefulfeatures
06-19 23:45:34.485  3723 15925 D SecTileUtils: setMetaData key : Pair{com.samsung.android.vtcamerasettings com.samsung.android.vtcamerasettings.AliasActivityTop} , categoryKey com.samsung.android.settings.category.ia.usefulfeatures
06-19 23:45:34.485  3723 15925 D SecTileUtils: setMetaData key : Pair{com.samsung.gpuwatchapp com.samsung.gpuwatchapp.ui.ActivityMain} , categoryKey com.android.settings.category.ia.development
06-19 23:45:34.485  3723 15925 D SecTileUtils: setMetaData key : Pair{com.samsung.ssu com.samsung.ssu.unlock.SsuEmptyActivity} , categoryKey com.samsung.android.settings.category.ia.more_connections
06-19 23:45:34.485  3723 15925 D SecTileUtils: setMetaData key : Pair{com.samsung.ssu com.samsung.ssu.AliasActivity} , categoryKey com.samsung.android.settings.category.ia.more_connections
06-19 23:45:34.485  3723 15925 I SecTileUtils: Found com.android.settings.backup.UserBackupSettingsActivity for intent Intent { act=com.android.settings.action.IA_SETTINGS } metadata Bundle[{com.android.settings.order=-60, com.android.settings.category=com.android.settings.category.ia.system, com.android.settings.icon=2131232241}]
06-19 23:45:34.485  3723 15925 D SecTileUtils: setMetaData key : Pair{com.android.settings com.android.settings.backup.UserBackupSettingsActivity} , categoryKey com.android.settings.category.ia.system
06-19 23:45:34.485  3723 15925 D SecTileUtils: setMetaData key : Pair{com.android.traceur com.android.traceur.MainActivity} , categoryKey com.android.settings.category.ia.development
06-19 23:45:34.485  3723 15925 D SecTileUtils: setMetaData key : Pair{com.google.android.gms com.google.android.gms.adsidentity.settings.AdsIdentitySettingsActivity} , categoryKey com.android.settings.category.ia.privacy_controls
06-19 23:45:34.487  3723 15925 D SecTileUtils: setMetaData key : Pair{com.google.android.googlequicksearchbox com.google.android.apps.search.assistant.surfaces.settings.root.SettingsActivityForAppsSettings} , categoryKey com.android.settings.category.ia.apps
06-19 23:45:34.487  3723 15925 W SecTileUtils: Found com.samsung.accessory.hearablemgr.WelcomeActivity for intent Intent { act=com.android.settings.action.IA_SETTINGS } missing metadata
06-19 23:45:34.487  1362  1362 I SurfaceFlinger: id=35190 Removed DimTransitionLayer for Surface(name=Task=564)/@0x2b5b979#35190 (193)
06-19 23:45:34.488  3723 15925 D SecTileUtils: setMetaData key : Pair{com.samsung.android.game.gametools com.samsung.android.game.gametools.setting.ui.SettingGameBoosterMainActivity} , categoryKey com.samsung.android.settings.category.ia.usefulfeatures
06-19 23:45:34.488  3723 15925 D SecTileUtils: setMetaData key : Pair{com.samsung.android.rampart com.samsung.android.rampart.ui.PhoneMainSettingAliasActivity} , categoryKey com.android.settings.category.ia.security
06-19 23:45:34.488  3723 15925 D SecTileUtils: setMetaData key : Pair{com.samsung.android.smartmirroring com.samsung.android.smartmirroring.CastingActivity} , categoryKey com.samsung.android.settings.category.ia.multidevices
06-19 23:45:34.488  3723 15925 D SecTileUtils: setMetaData key : Pair{com.samsung.android.smartsuggestions com.samsung.android.smartsuggestions.settings.SmartSuggestionsSettingActivity} , categoryKey com.android.settings.category.ia.privacy
06-19 23:45:34.488  3723 15925 D SecTileUtils: setMetaData key : Pair{com.samsung.android.app.watchmanager com.samsung.android.app.watchmanager.setupwizard.SetupWizardWelcomeActivity} , categoryKey com.samsung.android.settings.category.ia.multidevices
06-19 23:45:34.488  3723 15925 D SecTileUtils: setMetaData key : Pair{com.google.android.gms com.google.android.gms.accountsettings.ui.AccountDetailsActivity} , categoryKey com.android.settings.category.ia.account_detail
06-19 23:45:34.489  3723 15925 I SecTileUtils: loadTilesForAction com.samsung.android.settings.action.INTELLIGENT_FEATURES_SETTINGS
06-19 23:45:34.490  1362  1377 I SurfaceFlinger: Capture layer list: 	 com.example.testeableapp.test/androidx.test.core.app.InstrumentationActivityInvoker$EmptyActivity$_19426#35185(seamlessTransition:0)
06-19 23:45:34.490  1362  1377 I SurfaceFlinger: Capture layer list: 	 Splash Screen com.example.testeableapp.test$_2503#35182(seamlessTransition:0)
06-19 23:45:34.490  3723 15925 W SecTileUtils: Found com.samsung.android.settings.usefulfeature.intelligentfeatures.IntelligentFeaturesActivity for intent Intent { act=com.samsung.android.settings.action.INTELLIGENT_FEATURES_SETTINGS } missing metadata
06-19 23:45:34.490  3723 15925 D SecTileUtils: setMetaData key : Pair{com.sec.android.app.camera com.sec.android.app.camera.setting.CustomFilterActivity} , categoryKey com.samsung.android.settings.category.ia.intelligentfeatures
06-19 23:45:34.490  3723 15925 D SecTileUtils: setMetaData key : Pair{com.sec.android.app.vepreload com.sec.android.app.vepreload.singleedit.activity.AutoTrimSettingActivity} , categoryKey com.samsung.android.settings.category.ia.intelligentfeatures
06-19 23:45:34.490  3723 15925 D SecTileUtils: setMetaData key : Pair{com.sec.android.gallery3d com.samsung.android.gallery.settings.activity.EditSuggestionsActivity} , categoryKey com.samsung.android.settings.category.ia.intelligentfeatures
06-19 23:45:34.490  3723 15925 D SecTileUtils: setMetaData key : Pair{com.sec.android.mimage.photoretouching com.sec.android.mimage.photoretouching.BestFaceSettingsActivity} , categoryKey com.samsung.android.settings.category.ia.intelligentfeatures
06-19 23:45:34.490  3723 15925 D SecTileUtils: setMetaData key : Pair{com.sec.android.mimage.photoretouching com.sec.android.mimage.photoretouching.AIRemoverSettingsActivity} , categoryKey com.samsung.android.settings.category.ia.intelligentfeatures
06-19 23:45:34.490  3723 15925 D SecTileUtils: setMetaData key : Pair{com.sec.android.app.sbrowser com.sec.android.app.sbrowser.settings.SettingsActivityIntelligentFeatures} , categoryKey com.samsung.android.settings.category.ia.intelligentfeatures
06-19 23:45:34.490  3723 15925 I SecTileUtils: loadTilesForAction com.samsung.android.settings.action.INTELLIGENCE_SERVICE_SETTINGS
06-19 23:45:34.494  1362  1362 D SurfaceFlinger: Display 4633128672291735931 HWC layers:
06-19 23:45:34.494  1362  1362 D SurfaceFlinger:        DEVICE |           83434034692108 | 00002102 | RGBA_8888    |    0.0    0.0 1080.0 2340.0 |    0    0 1080 2340 | com.example.testeableapp.test/androi[...]tyInvoker$EmptyActivity$_19426#35185 (1)
06-19 23:45:34.494  1362  1362 D SurfaceFlinger:        DEVICE |           10750303185133 | 00002100 | RGBA_8888    |    0.0    0.0 1080.0 2340.0 |    0    0 1080 2340 | Splash Screen com.example.testeableapp.test$_2503#35182 (1)
06-19 23:45:34.494  1362  1362 D SurfaceFlinger:        DEVICE |           10750303184999 | 00002100 | RGBA_8888    |    0.0    0.0 1080.0   77.0 |    0    0 1080   77 | StatusBar$_2503#111 (52407)
06-19 23:45:34.494  1362  1362 D SurfaceFlinger:        DEVICE |           12743167976380 | 00002100 | RGBA_8888    |    0.0    0.0   67.0  342.0 | 1013  821 1080 1163 | com.sec.android.app.launcher/com.sam[...]l.app.CocktailBarService$_2967#35048 (1)
06-19 23:45:34.494  1362  1362 D SurfaceFlinger:        DEVICE |           10750303185002 | 00002100 | RGBA_8888    |    0.0    0.0 1080.0  135.0 |    0 2205 1080 2340 | NavigationBar0$_2503#107 (27322)
06-19 23:45:34.494  1362  1362 D SurfaceFlinger:        DEVICE |           70158290780193 | 00002100 | RGBA_8888    |    0.0    0.0 1080.0 234
06-19 23:45:34.494  3723 15925 W SecTileUtils: Found com.samsung.android.settings.usefulfeature.intelligenceservice.IntelligenceServiceActivity for intent Intent { act=com.samsung.android.settings.action.INTELLIGENCE_SERVICE_SETTINGS } missing metadata
06-19 23:45:34.494  1362  1362 D SurfaceFlinger: 0.0 |    0    0 1080 2340 | EdgeLightingWindow$_16335#35072 (93)
06-19 23:45:34.494  1362  1362 D SurfaceFlinger:
06-19 23:45:34.494  3723 15925 D SecTileUtils: setMetaData key : Pair{com.sec.android.app.sbrowser com.sec.android.app.sbrowser.settings.SettingsActivity} , categoryKey com.samsung.android.settings.category.ia.intelligenceservice
06-19 23:45:34.494  3723 15925 I Settings: com.sec.android.app.shealth is not signed with platform key.
06-19 23:45:34.494  3723 15925 D SecTileUtils: setMetaData key : Pair{com.sec.android.app.shealth com.samsung.android.app.shealth.home.settings.advanced.generativeinsight.HealthAssistSettingsActivity} , categoryKey com.samsung.android.settings.category.ia.intelligenceservice
06-19 23:45:34.494  3723 15925 D SecTileUtils: setMetaData key : Pair{com.samsung.android.app.dressroom com.samsung.android.app.dressroom.presentation.landing.AdvancedIntelligenceActivity} , categoryKey com.samsung.android.settings.category.ia.intelligenceservice
06-19 23:45:34.494  3723 15925 W SecTileUtils: Found com.samsung.android.app.smartcapture.screenshot.CaptureTextExtractionActivity for intent Intent { act=com.samsung.android.settings.action.INTELLIGENCE_SERVICE_SETTINGS } missing metadata com.android.settings.category
06-19 23:45:34.494  3723 15925 D SecTileUtils: setMetaData key : Pair{com.samsung.android.app.telephonyui com.samsung.android.app.telephonyui.callsettings.ui.preference.CallSettingsActivity} , categoryKey com.samsung.android.settings.category.ia.intelligenceservice
06-19 23:45:34.494  3723 15925 D SecTileUtils: setMetaData key : Pair{com.samsung.android.honeyboard com.samsung.android.honeyboard.settings.aiwriter.WritingAssistSettings} , categoryKey com.samsung.android.settings.category.ia.intelligenceservice
06-19 23:45:34.494  3723 15925 D SecTileUtils: setMetaData key : Pair{com.samsung.android.smartsuggestions com.samsung.android.smartsuggestions.briefsettings.BriefMainSettingsActivity} , categoryKey com.samsung.android.settings.category.ia.intelligenceservice
06-19 23:45:34.494  3723 15925 W SecTileUtils: Found com.samsung.android.video.player.activity.MoviePlayer for intent Intent { act=com.samsung.android.settings.action.INTELLIGENCE_SERVICE_SETTINGS } missing metadata com.android.settings.category
06-19 23:45:34.494  3723 15925 D SecTileUtils: setMetaData key : Pair{com.sec.android.app.vepreload com.sec.android.app.vepreload.singleedit.activity.AutoTrimSettingActivity} , categoryKey com.samsung.android.settings.category.ia.intelligentfeatures
06-19 23:45:34.494  3723 15925 D SecTileUtils: setMetaData key : Pair{com.sec.android.app.vepreload com.sec.android.app.vepreload.singleedit.activity.AudioEraserSettingActivity} , categoryKey com.samsung.android.settings.category.ia.intelligenceservice
06-19 23:45:34.494  3723 15925 D SecTileUtils: setMetaData key : Pair{com.samsung.android.app.notes com.samsung.android.support.senl.nt.app.settings.SettingsActivity} , categoryKey com.samsung.android.settings.category.ia.intelligenceservice
06-19 23:45:34.494  3723 15925 D SecTileUtils: setMetaData key : Pair{com.sec.android.app.voicenote com.sec.android.app.voicenote.activity.TranscriptionAssistActivity} , categoryKey com.samsung.android.settings.category.ia.intelligenceservice
06-19 23:45:34.495  3723 15925 D SecTileUtils: new DashBoardCategory key : com.android.settings.category.ia.homepage
06-19 23:45:34.495  3723 15925 I SecTileUtils: tileID : bluetooth_settings , tile.support KNOXCUSTOM_KIOSK
06-19 23:45:34.495  3723 15925 D SecTileUtils: no condition about tile.support, skip addTile tileID : bluetooth_settings
06-19 23:45:34.495  3723 15925 D SecTileUtils: new DashBoardCategory key : com.android.settings.category.ia.safety_emergency
06-19 23:45:34.495  3723 15925 D SecTileUtils: category.addTile com.samsung.android.emergency.settings.ui.EmergencySettingsActivity , tileID : null
06-19 23:45:34.495  3723 15925 D SecTileUtils: category.addTile com.sec.android.app.safetyassurance.settings.EmergencySharingActivity , tileID : null
06-19 23:45:34.495  3723 15925 I SecTileUtils: tileID : mobile_networks , tile.support VZW,UPSM,KIOSKCONTAINER
06-19 23:45:34.495  3723 15925 D SecTileUtils: no condition about tile.support, skip addTile tileID : mobile_networks
06-19 23:45:34.495  3723 15925 I SecTileUtils: tileID : wallpapers_themes_settings , tile.support Common,SkipMinimalBatteryUse,SkipDexMode
06-19 23:45:34.495  3723 15925 D SecTileUtils: [GLOBAL, Common, SalesCode] category.addTile com.samsung.android.themestore.activity.LauncherfromSetting , tileID : wallpapers_themes_settings
06-19 23:45:34.495  3723 15925 D SecTileUtils: new DashBoardCategory key : com.android.settings.category.ia.system
06-19 23:45:34.495  3723 15925 I SecTileUtils: tileID : edge_screen_settings , tile.support VZW
06-19 23:45:34.495  3723 15925 D SecTileUtils: no condition about tile.support, skip addTile tileID : edge_screen_settings
06-19 23:45:34.496  3723 15925 D SecTileUtils: new DashBoardCategory key : com.samsung.android.settings.category.ia.usefulfeatures
06-19 23:45:34.496  3723 15925 D SecTileUtils: category.addTile com.samsung.android.vtcamerasettings.settings.SettingsActivity , tileID : Efectos de video
06-19 23:45:34.496  3723 15925 D SecTileUtils: new DashBoardCategory key : com.samsung.android.settings.category.ia.intelligenceservice
06-19 23:45:34.496  3723 15925 D SecTileUtils: category.addTile com.samsung.android.app.shealth.home.settings.advanced.generativeinsight.HealthAssistSettingsActivity , tileID : null
06-19 23:45:34.496  3723 15925 D SecTileUtils: category.addTile com.samsung.android.app.dressroom.presentation.landing.AdvancedIntelligenceActivity , tileID : null
06-19 23:45:34.496  3723 15925 D SecTileUtils: category.addTile com.samsung.android.app.telephonyui.callsettings.ui.preference.CallSettingsActivity , tileID : null
06-19 23:45:34.496  3723 15925 D SecTileUtils: category.addTile com.samsung.android.honeyboard.settings.aiwriter.WritingAssistSettings , tileID : null
06-19 23:45:34.496  3723 15925 D SecTileUtils: category.addTile com.samsung.android.smartsuggestions.briefsettings.BriefMainSettingsActivity , tileID : null
06-19 23:45:34.496  3723 15925 D SecTileUtils: new DashBoardCategory key : com.samsung.android.settings.category.ia.intelligentfeatures
06-19 23:45:34.496  3723 15925 D SecTileUtils: category.addTile com.sec.android.app.vepreload.singleedit.activity.AutoTrimSettingActivity , tileID : null
06-19 23:45:34.496  3723 15925 D SecTileUtils: category.addTile com.sec.android.app.vepreload.singleedit.activity.AudioEraserSettingActivity , tileID : null
06-19 23:45:34.496  3723 15925 D SecTileUtils: category.addTile com.samsung.android.gallery.settings.activity.EditSuggestionsActivity , tileID : null
06-19 23:45:34.496  3723 15925 D SecTileUtils: category.addTile com.sec.android.mimage.photoretouching.BestFaceSettingsActivity , tileID : null
06-19 23:45:34.496  3723 15925 D SecTileUtils: category.addTile com.sec.android.mimage.photoretouching.AIRemoverSettingsActivity , tileID : null
06-19 23:45:34.496  3723 15925 D SecTileUtils: category.addTile com.samsung.android.support.senl.nt.app.settings.SettingsActivity , tileID : null
06-19 23:45:34.496  3723 15925 D SecTileUtils: category.addTile com.sec.android.app.sbrowser.settings.SettingsActivity , tileID : null
06-19 23:45:34.496  3723 15925 D SecTileUtils: category.addTile com.sec.android.app.sbrowser.settings.SettingsActivityIntelligentFeatures , tileID : null
06-19 23:45:34.496  3723 15925 D SecTileUtils: category.addTile com.sec.android.app.voicenote.activity.TranscriptionAssistActivity , tileID : null
06-19 23:45:34.496  3723 15925 D SecTileUtils: new DashBoardCategory key : com.android.settings.category.personal
06-19 23:45:34.496  3723 15925 D SecTileUtils: category.addTile com.google.android.gms.app.settings.GoogleSettingsLink , tileID : null
06-19 23:45:34.496  3723 15925 D SecTileUtils: new DashBoardCategory key : com.android.settings.category.ia.security
06-19 23:45:34.496  3723 15925 D SecTileUtils: category.addTile com.google.android.gms.security.settings.VerifyAppsSettingsActivity , tileID : null
06-19 23:45:34.496  3723 15925 D SecTileUtils: category.addTile com.google.android.gms.mdm.settings.FindMyDeviceSettingsActivity , tileID : null
06-19 23:45:34.496  3723 15925 D SecTileUtils: category.addTile com.google.android.gms.update.SystemUpdateActivity , tileID : null
06-19 23:45:34.496  3723 15925 D SecTileUtils: category.addTile com.google.android.finsky.systemupdateactivity.SystemUpdateActivity , tileID : null
06-19 23:45:34.496  3723 15925 D SecTileUtils: new DashBoardCategory key : com.android.settings.category.ia.accounts_and_backup
06-19 23:45:34.496  3723 15925 D SecTileUtils: category.addTile com.google.android.apps.restore.restoreanytime.trampoline.Trampoline , tileID : null
06-19 23:45:34.496  3723 15925 D SecTileUtils: new DashBoardCategory key : com.android.settings.category.ia.sound
06-19 23:45:34.496  3723 15925 D SecTileUtils: category.addTile com.google.android.apps.miphone.aiai.captions.settingsui.settingsactivity.CaptionsSettingsActivity , tileID : null
06-19 23:45:34.496  3723 15925 D SecTileUtils: new DashBoardCategory key : com.android.settings.category.ia.privacy
06-19 23:45:34.496  3723 15925 D SecTileUtils: category.addTile com.google.android.apps.miphone.aiai.settings.ui.user.AsiSettingsActivity , tileID : null
06-19 23:45:34.496  3723 15925 D SecTileUtils: category.addTile com.google.android.gms.accountsettings.ui.PrivacyHubActivityControlsActivity , tileID : null
06-19 23:45:34.496  3723 15925 D SecTileUtils: category.addTile com.google.android.gms.adsidentity.settings.AdsIdentityIaSettingsActivity , tileID : null
06-19 23:45:34.496  3723 15925 D SecTileUtils: new DashBoardCategory key : com.android.settings.category.ia.device
06-19 23:45:34.496  3723 15925 D SecTileUtils: category.addTile com.google.android.gms.auth.proximity.multidevice.SettingsActivity , tileID : null
06-19 23:45:34.496  3723 15925 I SecTileUtils: tileID : google_settings , tile.support GLOBAL
06-19 23:45:34.496  3723 15925 D SecTileUtils: [GLOBAL, Common, SalesCode] category.addTile com.google.android.gms.app.settings.GoogleSettingsIALink , tileID : google_settings
06-19 23:45:34.496  3723 15925 D SecTileUtils: new DashBoardCategory key : com.android.settings.category.ia.emergency
06-19 23:45:34.496  3723 15925 D SecTileUtils: category.addTile com.google.android.gms.location.settings.DrivingBehaviorPlatformSettingsActivity , tileID : null
06-19 23:45:34.496  3723 15925 D SecTileUtils: category.addTile com.google.android.gms.location.settings.EAlertPlatformSettingsActivity , tileID : null
06-19 23:45:34.496  3723 15925 D SecTileUtils: category.addTile com.google.android.gms.autofill.ui.AutofillSettingsPrivacyHubActivity , tileID : null
06-19 23:45:34.496  3723 15925 D SecTileUtils: category.addTile com.google.android.gms.backup.navroot.BackupSettingsNavRootActivity , tileID : null
06-19 23:45:34.496  3723 15925 D SecTileUtils: category.addTile com.google.android.gms.crisisalerts.settings.CrisisAlertsPlatformSettingsActivity , tileID : null
06-19 23:45:34.496  3723 15925 D SecTileUtils: category.addTile com.google.android.gms.multidevice.ui.link.LinkDevicesSettingsAppCompatActivity , tileID : null
06-19 23:45:34.496  3723 15925 D SecTileUtils: category.addTile com.google.android.personalsafety.settings.BleTagPlatformSettingsActivity , tileID : null
06-19 23:45:34.496  3723 15925 D SecTileUtils: new DashBoardCategory key : com.google.android.settings.category.ia.advanced_security
06-19 23:45:34.496  3723 15925 D SecTileUtils: category.addTile com.google.android.gms.safebrowsing.settings.SafeBrowsingSettingsActivityAdvancedSettings , tileID : null
06-19 23:45:34.496  3723 15925 D SecTileUtils: new DashBoardCategory key : com.android.settings.category.ia.legacy_advanced_security
06-19 23:45:34.496  3723 15925 D SecTileUtils: category.addTile com.google.android.gms.safebrowsing.settings.SafeBrowsingSettingsActivityAdvancedSecurity , tileID : null
06-19 23:45:34.496  3723 15925 D SecTileUtils: new DashBoardCategory key : com.android.settings.category.ia.advanced_security
06-19 23:45:34.496  3723 15925 D SecTileUtils: category.addTile com.google.android.gms.safebrowsing.settings.SafeBrowsingSettingsActivityAdvancedSecuritySafetyCenter , tileID : null
06-19 23:45:34.496  3723 15925 D SecTileUtils: category.addTile com.google.android.gms.thunderbird.settings.ThunderbirdSettingInjectorPlatformService , tileID : null
06-19 23:45:34.496  3723 15925 D SecTileUtils: category.addTile com.google.android.gms.usagereporting.settings.UsageReportingActivity , tileID : null
06-19 23:45:34.496  3723 15925 D SecTileUtils: new DashBoardCategory key : com.android.settings.category.ia.media_controls_settings
06-19 23:45:34.496  3723 15925 D SecTileUtils: category.addTile com.google.android.gms.actionlearner.settings.ui.LiaSettingsActivity , tileID : null
06-19 23:45:34.496  3723 15925 D SecTileUtils: category.addTile com.android.healthconnect.controller.LegacySettingsEntryPoint , tileID : null
06-19 23:45:34.496  3723 15925 D SecTileUtils: category.addTile com.google.android.projection.gearhead.companion.settings.DefaultSettingsActivity , tileID : null
06-19 23:45:34.496  3723 15925 D SecTileUtils: new DashBoardCategory key : com.android.settings.category.ia.apps
06-19 23:45:34.496  3723 15925 D SecTileUtils: category.addTile com.android.providers.media.photopicker.PhotoPickerSettingsActivity , tileID : null
06-19 23:45:34.496  3723 15925 D SecTileUtils: category.addTile com.samsung.android.app.settings.SettingsActivity , tileID : null
06-19 23:45:34.496  3723 15925 D SecTileUtils: category.addTile com.samsung.android.aremoji.home.HomeMain , tileID : null
06-19 23:45:34.496  3723 15925 D SecTileUtils: new DashBoardCategory key : not_available
06-19 23:45:34.496  3723 15925 D SecTileUtils: category.addTile com.samsung.android.fmm.settings.FmmSettingsActivity , tileID : null
06-19 23:45:34.496  3723 15925 D SecTileUtils: new DashBoardCategory key : com.samsung.android.settings.category.ia.multidevices
06-19 23:45:34.496  3723 15925 D SecTileUtils: category.addTile com.samsung.android.inputshare.settings.MultiControlActivity , tileID : null
06-19 23:45:34.496  3723 15925 D SecTileUtils: category.addTile com.samsung.android.kmxservice.dashboard.view.SecurityStatusActivity , tileID : null
06-19 23:45:34.496  3723 15925 D SecTileUtils: category.addTile com.samsung.android.cmcsettings.view.CMCMainActivity , tileID : null
06-19 23:45:34.496  3723 15925 D SecTileUtils: category.addTile com.samsung.android.mdx.windowslink.tileservice.SeYourPhoneBridgeActivity , tileID : null
06-19 23:45:34.496  3723 15925 D SecTileUtils: category.addTile com.samsung.android.samsungpass.launcher.EntryActivity , tileID : null
06-19 23:45:34.496  3723 15925 D SecTileUtils: new DashBoardCategory key : com.android.settings.category.ia.my_device_info
06-19 23:45:34.496  3723 15925 D SecTileUtils: category.addTile com.samsung.android.settingshelper.uiview.activity.SHSettingsAboutDeviceActivity , tileID : null
06-19 23:45:34.496  3723 15925 D SecTileUtils: category.addTile com.samsung.android.vtcamerasettings.AliasActivityBottom , tileID : null
06-19 23:45:34.496  3723 15925 D SecTileUtils: category.addTile com.samsung.android.vtcamerasettings.AliasActivityTop , tileID : null
06-19 23:45:34.496  3723 15925 D SecTileUtils: new DashBoardCategory key : com.android.settings.category.ia.development
06-19 23:45:34.496  3723 15925 D SecTileUtils: category.addTile com.samsung.gpuwatchapp.ui.ActivityMain , tileID : null
06-19 23:45:34.496  3723 15925 D SecTileUtils: new DashBoardCategory key : com.samsung.android.settings.category.ia.more_connections
06-19 23:45:34.496  3723 15925 D SecTileUtils: category.addTile com.samsung.ssu.unlock.SsuEmptyActivity , tileID : null
06-19 23:45:34.496  3723 15925 D SecTileUtils: category.addTile com.samsung.ssu.AliasActivity , tileID : null
06-19 23:45:34.496  3723 15925 D SecTileUtils: category.addTile com.android.settings.backup.UserBackupSettingsActivity , tileID : null
06-19 23:45:34.496  3723 15925 D SecTileUtils: category.addTile com.android.traceur.MainActivity , tileID : null
06-19 23:45:34.496  3723 15925 D SecTileUtils: new DashBoardCategory key : com.android.settings.category.ia.privacy_controls
06-19 23:45:34.496  3723 15925 D SecTileUtils: category.addTile com.google.android.gms.adsidentity.settings.AdsIdentitySettingsActivity , tileID : null
06-19 23:45:34.496  3723 15925 D SecTileUtils: category.addTile com.google.android.apps.search.assistant.surfaces.settings.root.SettingsActivityForAppsSettings , tileID : null
06-19 23:45:34.496  3723 15925 D SecTileUtils: category.addTile com.samsung.android.game.gametools.setting.ui.SettingGameBoosterMainActivity , tileID : null
06-19 23:45:34.496  3723 15925 D SecTileUtils: category.addTile com.samsung.android.rampart.ui.PhoneMainSettingAliasActivity , tileID : null
06-19 23:45:34.496  3723 15925 D SecTileUtils: category.addTile com.samsung.android.smartmirroring.CastingActivity , tileID : null
06-19 23:45:34.496  3723 15925 D SecTileUtils: category.addTile com.samsung.android.smartsuggestions.settings.SmartSuggestionsSettingActivity , tileID : null
06-19 23:45:34.496  3723 15925 D SecTileUtils: category.addTile com.samsung.android.app.watchmanager.setupwizard.SetupWizardWelcomeActivity , tileID : null
06-19 23:45:34.496  3723 15925 D SecTileUtils: new DashBoardCategory key : com.android.settings.category.ia.account_detail
06-19 23:45:34.496  3723 15925 D SecTileUtils: category.addTile com.google.android.gms.accountsettings.ui.AccountDetailsActivity , tileID : null
06-19 23:45:34.496  3723 15925 D SecTileUtils: category.addTile com.sec.android.app.camera.setting.CustomFilterActivity , tileID : null
06-19 23:45:34.497  1593  1663 D SurfaceComposerClient: setCornerRadius ## 6bbfc8e com.android.settings/com.android.settings.SubSettings#34138 cornerRadius=0.000000
06-19 23:45:34.497  1362  1362 I SurfaceFlinger: destroyed DimTransitionLayer for Surface(name=Task=564)/@0x2b5b979#35190
06-19 23:45:34.500  1362  1362 I Layer   : id=35190 Destroyed DimTransitionLayer for Surface(name=Task=564)/@0x2b5b979#35190
06-19 23:45:34.501  2503  2503 D SamsungLightBarControlHelper: updateStatusBar (WHITE icon) numStacks:1, StatusBarMode:MODE_TRANSPARENT, lightBarBounds:[], StatusBarState:SHADE, packageName:, isWhiteKeyguardStatusBar:false
06-19 23:45:34.501  2503  2503 D SamsungLightBarControlHelper: onStatusBarAppearanceChanged() -  sbModeChanged:false, statusBarMode:0, barState:MODE_TRANSPARENT, isKeyguardShowing:false, navbarColorManagedByIme:false, (AppearanceRegion{ bounds=[0,0][1080,2340]}, )
06-19 23:45:34.501  2503  2503 D NavigationBar: onSystemBarAttributesChanged() -  displayId:0, appearance:0, packageName: com.android.settings, navbarColorManagedByIme:false
06-19 23:45:34.501  1593  1663 D SurfaceComposerClient: setCornerRadius ## 6bbfc8e com.android.settings/com.android.settings.SubSettings#34138 cornerRadius=0.000000
06-19 23:45:34.506 19354 19354 I VRI[MainActivity]@b013427: handleAppVisibility mAppVisible = true visible = false
06-19 23:45:34.506 19354 19354 D VRI[MainActivity]@b013427: visibilityChanged oldVisibility=true newVisibility=false
06-19 23:45:34.506  2503  2557 I SurfaceControlRegistry: show, t=StartTransaction_SyncId<2955> sc=Transition Root: Task=513, caller=android.view.SurfaceControl$Transaction.show:3557 com.android.wm.shell.transition.Transitions.playTransition:79 com.android.wm.shell.transition.Transitions.processReadyQueue:239 com.android.wm.shell.transition.Transitions.onFinish:528 com.android.wm.shell.transition.Transitions$$ExternalSyntheticLambda7.onTransitionFinished:12 com.android.wm.shell.transition.DefaultTransitionHandler$$ExternalSyntheticLambda2.run:36
06-19 23:45:34.508  1362  1377 I SurfaceFlinger: id=35198 createSurf, flag=20004, DimTransitionLayer for Surface(name=Task=564)/@0xa70fc30#35198
06-19 23:45:34.509  2503  2557 I SurfaceControlRegistry: show, t=StartTransaction_SyncId<2955> sc=DimTransitionLayer for Surface(name=Task=564)/@0xa70fc30, caller=android.view.SurfaceControl$Transaction.show:3557 com.android.wm.shell.transition.DefaultTransitionHandler.startAnimation:2931 com.android.wm.shell.transition.Transitions.dispatchTransition:90 com.android.wm.shell.transition.Transitions.playTransition:774 com.android.wm.shell.transition.Transitions.processReadyQueue:239 com.android.wm.shell.transition.Transitions.onFinish:528
06-19 23:45:34.510  2503  2557 I SurfaceControlRegistry: apply, t=StartTransaction_SyncId<2955>, caller=android.view.SurfaceControl$Transaction.apply:3459 android.view.SurfaceControl$Transaction.apply:3447 android.view.SurfaceControl$Transaction.apply:3397 com.android.wm.shell.transition.DefaultTransitionHandler.startAnimation:3387 com.android.wm.shell.transition.Transitions.dispatchTransition:90 com.android.wm.shell.transition.Transitions.playTransition:774
06-19 23:45:34.511  2967 16521 I HoneySpace.RecentTasks: onRecentTasksChanged
06-19 23:45:34.514  1362  1362 I SurfaceFlinger: RequestedLayer [ActivityRecord{182322255 u0 com.exam[...]steableapp/.MainActivity t563}#35164] hidden!! flag  from(0) --> to(1)
06-19 23:45:34.514  1362  1362 I SurfaceFlinger: RequestedLayer [com.example.testeableapp/com.example.testeableapp.MainActivity$_19354#35173] hidden!! flag  from(0) --> to(1)
06-19 23:45:34.514  1362  1362 I SurfaceFlinger: RequestedLayer [Task=513#33546] hidden!! flag  from(1) --> to(0)
06-19 23:45:34.514  1362  1362 I SurfaceFlinger: RequestedLayer [com.android.settings/com.android.settings.SubSettings$_3723#35194] hidden!! flag  from(1) --> to(0)
06-19 23:45:34.515  1362  1362 I SurfaceFlinger: RequestedLayer [Transition Root: Task=513#35197] hidden!! flag  from(1) --> to(0)
06-19 23:45:34.515  1362  1362 I SurfaceFlinger: RequestedLayer [ActivityRecord{249521351 u0 com.android.settings/.SubSettings t513}#34137] hidden!! flag  from(1) --> to(0)
06-19 23:45:34.515  1362  1362 I SurfaceFlinger: RequestedLayer [DimTransitionLayer for Surface(name=Task=564)/@0xa70fc30#35198] hidden!! flag  from(1) --> to(0)
06-19 23:45:34.515  1362  1362 E SurfaceFlinger: alpha changed 1.000 -> 0.000 - DimTransitionLayer for Surface(name=Task=564)/@0xa70fc30#35198
06-19 23:45:34.515  1362  1362 E SurfaceFlinger: alpha changed 0.000 -> 0.180 - DimTransitionLayer for Surface(name=Task=564)/@0xa70fc30#35198
06-19 23:45:34.515  1362  1362 I SurfaceFlinger: [LayerHierarchy{RequestedLayerState{Task=513#33546 parentId=35197 z=3} 4 children}] reparent to LayerHierarchy{RequestedLayerState{Transition Root: Task=513#35197 parentId=10 z=13} 1 children}
06-19 23:45:34.515  1362  1362 I SurfaceFlinger: [LayerHierarchy{RequestedLayerState{Task=564#35179 parentId=35197 z=4} 1 children}] reparent to LayerHierarchy{RequestedLayerState{Transition Root: Task=513#35197 parentId=10 z=13} 2 children}
06-19 23:45:34.515  1362  1362 I SurfaceFlinger: [LayerHierarchy{RequestedLayerState{Transition Root: Task=564#35184 z=13} no children}] reparent to OffscreenRoot
06-19 23:45:34.515  1362  1362 I SurfaceFlinger: [LayerHierarchy{RequestedLayerState{Transition Root: Task=564#35184 z=13} no children}] RelativeParent to null
06-19 23:45:34.515  1362  1362 I SurfaceFlinger: [DimTransitionLayer for Surface(name=Task=564)/@0xa70fc30#35198] attach to parent LayerHierarchy{RequestedLayerState{Transition Root: Task=513#35197 parentId=10 z=13} 3 children}
06-19 23:45:34.515  3723  3723 I InsetsSourceConsumer: applyRequestedVisibilityToControl: visible=true, type=navigationBars, host=com.android.settings/com.android.settings.SubSettings
06-19 23:45:34.516  3723  3723 I InsetsSourceConsumer: applyRequestedVisibilityToControl: visible=true, type=statusBars, host=com.android.settings/com.android.settings.SubSettings
06-19 23:45:34.517  1593  1660 D PkgPredictorService-SecIpmManagerServiceImpl: bg information pid:19354 uid:10355 pkgName:com.example.testeableapp
06-19 23:45:34.519  1362  1362 I SurfaceFlinger: id=35184 Removed Transition Root: Task=564#35184 (193)
06-19 23:45:34.519  2503  2567 I VRI[test]@d4eb63c: onActiveControlsChanged, removed=false, mAdded=true, caller=android.view.ViewRootImpl.handleInsetsControlChanged:3002 android.view.ViewRootImpl$ViewRootHandler.handleMessageImpl:8352 android.view.ViewRootImpl$ViewRootHandler.handleMessage:8301 android.os.Handler.dispatchMessage:110 android.os.Looper.loopOnce:273
06-19 23:45:34.519  1362  1377 I SurfaceFlinger: id=35192 Removed Surface(name=b2ba1d5 NavigationBar0)/@0x108d35a - animation-leash of insets_animation#35192 (193)
06-19 23:45:34.520  1362  1376 I SurfaceFlinger: id=35193 Removed Surface(name=a1a3f36 StatusBar)/@0x69ae81 - animation-leash of insets_animation#35193 (193)
06-19 23:45:34.521  1362  1376 I SurfaceFlinger: id=35199 createSurf, flag=24000, Surface(name=4efc1a8 com.example.testeableapp.test/androidx.test.core.app.InstrumentationActivityInvoker$EmptyActivity)/@0x260d34f - animation-leash of starting_reveal#35199
06-19 23:45:34.522 19354 19376 D HWUI    : CacheManager::trimMemory(20)
06-19 23:45:34.522  2503  2557 D ShellTaskOrganizer: removeStartingWindow, removalInfo=StartingWindowRemovalInfo{taskId=564 frame=Rect(0, 0 - 1080, 2340) playRevealAnimation=true roundedCornerRadius=0.0 deferRemoveMode=0 windowlessSurface=false removeImmediately=false}
06-19 23:45:34.524  1593  1620 I WindowManager: Relayout Window{1535c5 u0 com.example.testeableapp/com.example.testeableapp.MainActivity}: viewVisibility=8 req=1080x2340 ty=1 d0
06-19 23:45:34.525  1593  2582 D InputDispatcher: Focus entered window (0): 6bbfc8e com.android.settings/com.android.settings.SubSettings
06-19 23:45:34.525  1593  1620 D SurfaceComposerClient: setCornerRadius ## 6bbfc8e com.android.settings/com.android.settings.SubSettings#34138 cornerRadius=0.000000
06-19 23:45:34.526  1593  1620 D SurfaceComposerClient: setCornerRadius ## 6bbfc8e com.android.settings/com.android.settings.SubSettings#34138 cornerRadius=0.000000
06-19 23:45:34.527  1593  1620 I WindowManager: Relayout hash=1535c5, pid=19354, syncId=-1: mAttrs={(0,0)(fillxfill) sim={adjust=pan forwardNavigation} layoutInDisplayCutoutMode=always ty=BASE_APPLICATION wanim=0x1030317
06-19 23:45:34.527  1593  1620 I WindowManager:   fl=81810100
06-19 23:45:34.527  1593  1620 I WindowManager:   pfl=100088c0
06-19 23:45:34.527  1593  1620 I WindowManager:   bhv=1
06-19 23:45:34.527  1593  1620 I WindowManager:   fitSides=0
06-19 23:45:34.527  1593  1620 I WindowManager:   frameRateBoostOnTouch=true
06-19 23:45:34.527  1593  1620 I WindowManager:   dvrrWindowFrameRateHint=true naviIconColor=0}
06-19 23:45:34.531  1362  1362 I SurfaceFlinger: destroyed Surface(name=a1a3f36 StatusBar)/@0x69ae81 - animation-leash of insets_animation#35193
06-19 23:45:34.531  1362  1362 I SurfaceFlinger: destroyed Surface(name=b2ba1d5 NavigationBar0)/@0x108d35a - animation-leash of insets_animation#35192
06-19 23:45:34.531  1362  1362 I SurfaceFlinger: destroyed Transition Root: Task=564#35184
06-19 23:45:34.531  1362  1362 I SurfaceFlinger: [Surface(name=4efc1a8 com.example.testeableapp.test/androidx.test.core.app.InstrumentationActivityInvoker$EmptyActivity)/@0x260d34f - animation-leash of starting_reveal#35199] attach to parent LayerHierarchy{RequestedLayerState{ActivityRecord{253278423 u0 com.example.testeableapp.test/androidx.test.core.app.InstrumentationActivityInvoker$EmptyActivity t564}#35180 parentId=35179} 4 children}
06-19 23:45:34.533  3723  3723 D VRI[SubSettings]@f0a4302: mThreadedRenderer.initializeIfNeeded()#2 mSurface={isValid=true 0xb400006f8bd280d0}
06-19 23:45:34.533  3723  3723 D InputMethodManagerUtils: startInputInner - Id : 0
06-19 23:45:34.533  2503  2606 I VRI[test]@d4eb63c: mWNT: t=0xb400006f2bc862d0 mBlastBufferQueue=0xb40000707c7869e0 fn= 2 HdrRenderState mRenderHdrSdrRatio=1.0 caller= android.view.SyncRtSurfaceTransactionApplier.applyTransaction:100 android.view.SyncRtSurfaceTransactionApplier.lambda$scheduleApply$0:73 android.view.SyncRtSurfaceTransactionApplier.$r8$lambda$afI4fXg3U3-nBZQEDQMiNy-B06s:0
06-19 23:45:34.533  3723  3723 I InputMethodManager: startInputInner - IInputMethodManagerGlobalInvoker.startInputOrWindowGainedFocus
06-19 23:45:34.533  2503  2606 I VRI[test]@d4eb63c: mWNT: t=0xb400006f2bc5ba10 mBlastBufferQueue=0xb40000707c7869e0 fn= 2 HdrRenderState mRenderHdrSdrRatio=1.0 caller= android.view.SyncRtSurfaceTransactionApplier.applyTransaction:100 android.view.SyncRtSurfaceTransactionApplier.lambda$scheduleApply$0:73 android.view.SyncRtSurfaceTransactionApplier.$r8$lambda$afI4fXg3U3-nBZQEDQMiNy-B06s:0
06-19 23:45:34.534 19354 19354 I VRI[MainActivity]@b013427: Relayout returned: old=(0,0,1080,2340) new=(0,0,1080,2340) relayoutAsync=false req=(1080,2340)8 dur=9 res=0x2 s={false 0x0} ch=true seqId=0
06-19 23:45:34.535  1362  1362 I Layer   : id=35193 Destroyed Surface(name=a1a3f36 StatusBar)/@0x69ae81 - animation-leash of insets_animation#35193
06-19 23:45:34.535  1362  1362 I Layer   : id=35192 Destroyed Surface(name=b2ba1d5 NavigationBar0)/@0x108d35a - animation-leash of insets_animation#35192
06-19 23:45:34.535  1362  1362 I Layer   : id=35184 Destroyed Transition Root: Task=564#35184
06-19 23:45:34.536 19354 19354 D VRI[MainActivity]@b013427: Not drawing due to not visible. Reason=!mAppVisible && !mForceDecorViewVisibility
06-19 23:45:34.537 19354 19354 I VRI[MainActivity]@b013427: stopped(true) old = false
06-19 23:45:34.537 19354 19354 D VRI[MainActivity]@b013427: WindowStopped on com.example.testeableapp/com.example.testeableapp.MainActivity set to true
06-19 23:45:34.538 19354 19376 D HWUI    : CacheManager::trimMemory(20)
06-19 23:45:34.540  1593  1864 I ImeTracker: com.android.settings:b98f58dd: onRequestHide at ORIGIN_SERVER reason HIDE_UNSPECIFIED_WINDOW fromUser false
06-19 23:45:34.540  3723  3723 I InputMethodManager: handleMessage: setImeVisibility visible=false
06-19 23:45:34.540  3723  3723 D InsetsController: hide(ime(), fromIme=false)
06-19 23:45:34.541  3723  3723 I ImeTracker: com.android.settings:b98f58dd: onCancelled at PHASE_CLIENT_ALREADY_HIDDEN
06-19 23:45:34.541 19354 19354 D LifecycleMonitor: Lifecycle status change: com.example.testeableapp.MainActivity@bc0af10 in: STOPPED
06-19 23:45:34.541 19354 19354 V ActivityScenario: Update currentActivityStage to STOPPED, currentActivity=com.example.testeableapp.MainActivity@bc0af10
06-19 23:45:34.543  1593  1864 D InputTransport: Input channel constructed: 'ClientS', fd=1133
06-19 23:45:34.543  1593  1864 D InputTransport: Input channel destroyed: 'ClientS', fd=1133
06-19 23:45:34.543  6035  6035 I HBD     : HoneyBoardService onFinishInput
06-19 23:45:34.543  3723  3743 D InputTransport: Input channel constructed: 'ClientS', fd=168
06-19 23:45:34.544  6035  6035 I HBD     : a IC have been unbinding,  RemoteInputConnection{idHash=#7fc03c0}
06-19 23:45:34.544  6035  6035 I HBD     : HoneyBoardService [PF_CL][onFinishInput]  1 ms
06-19 23:45:34.544  6035  6035 I HBD     : HoneyBoardService [IMI] onStartInput - caller pid : 3723 , caller uid : 1000
06-19 23:45:34.544  6035  6035 I HBD     : k updateConfigs
06-19 23:45:34.544  6035  6035 I HBD     : k isEnabledNightMode : true
06-19 23:45:34.545  6035  6035 I HBD     : a IC have been binding, RemoteInputConnection{idHash=#5f248f9}
06-19 23:45:34.545  6035  6035 I HBD     : h [EditorInputType]setPrivateImeOptionsToTable privateImeOptions ( null )
06-19 23:45:34.545  6035  6035 I HBD     : b incognitoMode : false
06-19 23:45:34.545  6035  6035 I HBD     : c needOff = true , isForceOff = false, isNullInputClass : true
06-19 23:45:34.545  6035  6035 I HBD     : h getDefaultInputRange : UNKNOWN
06-19 23:45:34.545  6035  6035 I HBD     : h getDefaultInputRange : UNKNOWN
06-19 23:45:34.545  6035  6035 I HBD     : h getDefaultInputRange : UNKNOWN
06-19 23:45:34.545  1362  1376 I SurfaceFlinger: id=35200 createSurf, flag=24004, Surface(name=7490dd7 InputMethod)/@0x5cfd4e2 - animation-leash of insets_animation#35200
06-19 23:45:34.546  6035  6035 I HBD     : c needOff = true , isForceOff = false, isNullInputClass : true
06-19 23:45:34.546  6035  6035 I HBD     : c update cached prediction status : false
06-19 23:45:34.546  6035  6035 I HBD     : h getDefaultInputRange : UNKNOWN
06-19 23:45:34.546  6035  6035 I HBD     : a currentState : 0
06-19 23:45:34.546  6035  6035 I HBD     : a [UpdatePolicy] [post] a: 0 cl: 1179717 kit: [0/11] vt: 0 ir: 1
06-19 23:45:34.547  1593  1620 I ImeTracker: system_server:3947784d: onRequestHide at ORIGIN_SERVER reason IME_REQUESTED_CHANGED_LISTENER fromUser false
06-19 23:45:34.547  1593  1662 I ImeTracker: system_server:3947784d: onCancelled at PHASE_SERVER_SHOULD_HIDE
06-19 23:45:34.548  1362  1362 I SurfaceFlinger: [LayerHierarchy{RequestedLayerState{4efc1a8 com.example.testeableapp.test/androidx.test.core.app.InstrumentationActivityInvoker$EmptyActivity#35183 parentId=35199} 1 children}] reparent to LayerHierarchy{RequestedLayerState{Surface(name=4efc1a8 com.example.testeableapp.test/androidx.test.core.app.InstrumentationActivityInvoker$EmptyActivity)/@0x260d34f - animation-leash of starting_reveal#35199 parentId=35180} 1 children}
06-19 23:45:34.548  1362  1362 I SurfaceFlinger: [Surface(name=7490dd7 InputMethod)/@0x5cfd4e2 - animation-leash of insets_animation#35200] attach to parent LayerHierarchy{RequestedLayerState{WindowToken{f9f4abc type=2011 android.os.Binder@9c6b6af}#132 parentId=15} 2 children}
06-19 23:45:34.548  1593  1663 D SurfaceComposerClient: setCornerRadius ## 6bbfc8e com.android.settings/com.android.settings.SubSettings#34138 cornerRadius=0.000000
06-19 23:45:34.550  2503  2605 I VRI[test]@d4eb63c: mWNT: t=0xb400006f2bd93590 mBlastBufferQueue=0xb40000707c7869e0 fn= 3 HdrRenderState mRenderHdrSdrRatio=1.0 caller= android.view.SyncRtSurfaceTransactionApplier.applyTransaction:100 android.view.SyncRtSurfaceTransactionApplier.lambda$scheduleApply$0:73 android.view.SyncRtSurfaceTransactionApplier.$r8$lambda$afI4fXg3U3-nBZQEDQMiNy-B06s:0
06-19 23:45:34.550  6035  6035 I HBD     : a [NRIC] resetNoResponseState
06-19 23:45:34.551  6035  6035 I HBD     : c needOff = true , isForceOff = false, isNullInputClass : true
06-19 23:45:34.551  6035  6035 I HBD     : c update cached prediction status : false
06-19 23:45:34.551  6035  6035 I HBD     : b [AiWriter] setContact : com.android.settings
06-19 23:45:34.551  6035  6035 I HBD     : a [AiWriter] setContact : com.android.settings
06-19 23:45:34.551  6035  6035 I HBD     : o0 EBD si S 0
06-19 23:45:34.551  6035  6035 I HBD     : r updateContactDBLanguage : 1179717
06-19 23:45:34.551  6035  6035 I HBD     : g isCoverDisplay : false, cached selected json info : SelectedLanguageInfo(languageVersion=4.2, currentLanguageOrder=0, selectedLanguageList=[SelectedLanguage(id=1179649, isUsed=false, engName=Spanish, inputType=spanish_qwerty, activeOptionList=[auto_replace, spell_check, auto_spacing, prediction], bilingualId=-1), SelectedLanguage(id=1179717, isUsed=true, engName=Spanish(LatinAmerica), inputType=spanish_qwerty, activeOptionList=[auto_replace, spell_check, auto_spacing, prediction], bilingualId=-1)])
