06-19 23:45:34.551  6035  6035 I HBD     : g updateSelectedLanguageCache is succeeded. Spanish(LatinAmerica)
06-19 23:45:34.552  6035  6035 I HBD     : l writeToFile path : /data/user/0/com.samsung.android.honeyboard/files/selected.json
06-19 23:45:34.552  6035  6035 I HBD     : l writeToFile json : {"version":"4.2","currentLanguageOrder":0,"selected":[{"activeOptionList":["auto_replace","spell_check","auto_spacing","prediction"],"bilingualId":-1,"engName":"Spanish","id":1179649,"inputType":"spanish_qwerty","isUsed":false},{"activeOptionList":["auto_replace","spell_check","auto_spacing","prediction"],"bilingualId":-1,"engName":"Spanish(LatinAmerica)","id":1179717,"inputType":"spanish_qwerty","isUsed":true}]}
06-19 23:45:34.554  6035  6035 I HBD     : l writeToFile complete
06-19 23:45:34.555  6035 19557 I HBD     : l Write selected lang for DE
06-19 23:45:34.555  6035 19557 I HBD     : l writeToFile path : /data/user_de/0/com.samsung.android.honeyboard/files/selected.json
06-19 23:45:34.555  6035  6035 I HBD     : g isCoverDisplay : false, cached selected json info : SelectedLanguageInfo(languageVersion=4.2, currentLanguageOrder=0, selectedLanguageList=[SelectedLanguage(id=1179649, isUsed=false, engName=Spanish, inputType=spanish_qwerty, activeOptionList=[auto_replace, spell_check, auto_spacing, prediction], bilingualId=-1), SelectedLanguage(id=1179717, isUsed=true, engName=Spanish(LatinAmerica), inputType=spanish_qwerty, activeOptionList=[auto_replace, spell_check, auto_spacing, prediction], bilingualId=-1)])
06-19 23:45:34.555  6035 19557 I HBD     : l writeToFile json : {"version":"4.2","currentLanguageOrder":0,"selected":[{"activeOptionList":["auto_replace","spell_check","auto_spacing","prediction"],"bilingualId":-1,"engName":"Spanish","id":1179649,"inputType":"spanish_qwerty","isUsed":false},{"activeOptionList":["auto_replace","spell_check","auto_spacing","prediction"],"bilingualId":-1,"engName":"Spanish(LatinAmerica)","id":1179717,"inputType":"spanish_qwerty","isUsed":true}]}
06-19 23:45:34.555  6035  6035 I HBD     : n updateActionOptionFromPreference isCover = false
06-19 23:45:34.555  6035  6035 I HBD     : n before lang.activeOptionList =  [auto_replace, spell_check, auto_spacing, prediction]
06-19 23:45:34.556  6035  6035 I HBD     : n after lang.activeOptionList = [auto_replace, spell_check, auto_spacing, prediction]
06-19 23:45:34.556  6035  6035 I HBD     : l writeToFile path : /data/user/0/com.samsung.android.honeyboard/files/selected.json
06-19 23:45:34.556  6035 19557 I HBD     : l writeToFile complete
06-19 23:45:34.556  6035  6035 I HBD     : l writeToFile json : {"version":"4.2","currentLanguageOrder":0,"selected":[{"activeOptionList":["auto_replace","spell_check","auto_spacing","prediction"],"bilingualId":-1,"engName":"Spanish","id":1179649,"inputType":"spanish_qwerty","isUsed":false},{"activeOptionList":["auto_replace","spell_check","auto_spacing","prediction"],"bilingualId":-1,"engName":"Spanish(LatinAmerica)","id":1179717,"inputType":"spanish_qwerty","isUsed":true}]}
06-19 23:45:34.557  6035  6035 I HBD     : l writeToFile complete
06-19 23:45:34.558  6035  6035 I HBD     : m normal : updateLanguage : Spanish(LatinAmerica)
06-19 23:45:34.558  6035 19558 I HBD     : l Write selected lang for DE
06-19 23:45:34.558  6035 19558 I HBD     : l writeToFile path : /data/user_de/0/com.samsung.android.honeyboard/files/selected.json
06-19 23:45:34.558  6035 19558 I HBD     : l writeToFile json : {"version":"4.2","currentLanguageOrder":0,"selected":[{"activeOptionList":["auto_replace","spell_check","auto_spacing","prediction"],"bilingualId":-1,"engName":"Spanish","id":1179649,"inputType":"spanish_qwerty","isUsed":false},{"activeOptionList":["auto_replace","spell_check","auto_spacing","prediction"],"bilingualId":-1,"engName":"Spanish(LatinAmerica)","id":1179717,"inputType":"spanish_qwerty","isUsed":true}]}
06-19 23:45:34.558  6035  6035 I HBD     : g isCoverDisplay : false, cached selected json info : SelectedLanguageInfo(languageVersion=4.2, currentLanguageOrder=0, selectedLanguageList=[SelectedLanguage(id=1179649, isUsed=false, engName=Spanish, inputType=spanish_qwerty, activeOptionList=[auto_replace, spell_check, auto_spacing, prediction], bilingualId=-1), SelectedLanguage(id=1179717, isUsed=true, engName=Spanish(LatinAmerica), inputType=spanish_qwerty, activeOptionList=[auto_replace, spell_check, auto_spacing, prediction], bilingualId=-1)])
06-19 23:45:34.558  6035  6035 I HBD     : g isCoverDisplay : false, cached selected json info : SelectedLanguageInfo(languageVersion=4.2, currentLanguageOrder=0, selectedLanguageList=[SelectedLanguage(id=1179649, isUsed=false, engName=Spanish, inputType=spanish_qwerty, activeOptionList=[auto_replace, spell_check, auto_spacing, prediction], bilingualId=-1), SelectedLanguage(id=1179717, isUsed=true, engName=Spanish(LatinAmerica), inputType=spanish_qwerty, activeOptionList=[auto_replace, spell_check, auto_spacing, prediction], bilingualId=-1)])
06-19 23:45:34.558  6035  6035 I HBD     : n updateActionOptionFromPreference isCover = false
06-19 23:45:34.558  6035  6035 I HBD     : n before lang.activeOptionList =  [auto_replace, spell_check, auto_spacing, prediction]
06-19 23:45:34.559  6035  6035 I HBD     : n after lang.activeOptionList = [auto_replace, spell_check, auto_spacing, prediction]
06-19 23:45:34.559  6035 19558 I HBD     : l writeToFile complete
06-19 23:45:34.559  6035  6035 I HBD     : l writeToFile path : /data/user/0/com.samsung.android.honeyboard/files/selected.json
06-19 23:45:34.559  6035  6035 I HBD     : l writeToFile json : {"version":"4.2","currentLanguageOrder":0,"selected":[{"activeOptionList":["auto_replace","spell_check","auto_spacing","prediction"],"bilingualId":-1,"engName":"Spanish","id":1179649,"inputType":"spanish_qwerty","isUsed":false},{"activeOptionList":["auto_replace","spell_check","auto_spacing","prediction"],"bilingualId":-1,"engName":"Spanish(LatinAmerica)","id":1179717,"inputType":"spanish_qwerty","isUsed":true}]}
06-19 23:45:34.559  1593  1813 D MotionEngine: [CALIBRATION] Calibration Secess(2)[0.1648 0.0000 0.0085]
06-19 23:45:34.560  6035  6035 I HBD     : l writeToFile complete
06-19 23:45:34.560  6035  6035 I HBD     : m normal : updateLanguage : Spanish(LatinAmerica)
06-19 23:45:34.560  6035 19559 I HBD     : l Write selected lang for DE
06-19 23:45:34.561  6035 19559 I HBD     : l writeToFile path : /data/user_de/0/com.samsung.android.honeyboard/files/selected.json
06-19 23:45:34.561  6035 19559 I HBD     : l writeToFile json : {"version":"4.2","currentLanguageOrder":0,"selected":[{"activeOptionList":["auto_replace","spell_check","auto_spacing","prediction"],"bilingualId":-1,"engName":"Spanish","id":1179649,"inputType":"spanish_qwerty","isUsed":false},{"activeOptionList":["auto_replace","spell_check","auto_spacing","prediction"],"bilingualId":-1,"engName":"Spanish(LatinAmerica)","id":1179717,"inputType":"spanish_qwerty","isUsed":true}]}
06-19 23:45:34.561  6035  6035 I HBD     : g isCoverDisplay : false, cached selected json info : SelectedLanguageInfo(languageVersion=4.2, currentLanguageOrder=0, selectedLanguageList=[SelectedLanguage(id=1179649, isUsed=false, engName=Spanish, inputType=spanish_qwerty, activeOptionList=[auto_replace, spell_check, auto_spacing, prediction], bilingualId=-1), SelectedLanguage(id=1179717, isUsed=true, engName=Spanish(LatinAmerica), inputType=spanish_qwerty, activeOptionList=[auto_replace, spell_check, auto_spacing, prediction], bilingualId=-1)])
06-19 23:45:34.561  6035  6035 I HBD     : g isCoverDisplay : false, cached selected json info : SelectedLanguageInfo(languageVersion=4.2, currentLanguageOrder=0, selectedLanguageList=[SelectedLanguage(id=1179649, isUsed=false, engName=Spanish, inputType=spanish_qwerty, activeOptionList=[auto_replace, spell_check, auto_spacing, prediction], bilingualId=-1), SelectedLanguage(id=1179717, isUsed=true, engName=Spanish(LatinAmerica), inputType=spanish_qwerty, activeOptionList=[auto_replace, spell_check, auto_spacing, prediction], bilingualId=-1)])
06-19 23:45:34.561  1362  1362 D SurfaceFlinger: Display 4633128672291735931 HWC layers:
06-19 23:45:34.561  1362  1362 D SurfaceFlinger:        DEVICE |           15990163243183 | 00002102 | RGBA_8888    |  315.0    0.0 1080.0 2340.0 |    0    0  765 2340 | com.android.settings/com.android.settings.SubSettings$_3723#35194 (6)
06-19 23:45:34.561  1362  1362 D SurfaceFlinger:   SOLID_COLOR |                        0 | 00000000 | N/A          |    0.0    0.0    0.0    0.0 |    0    0 1080 2340 | DimTransitionLayer for Surface(name=Task=564)/@0xa70fc30#35198 (0)
06-19 23:45:34.561  1362  1362 D SurfaceFlinger:        DEVICE |           83434034692108 | 00002102 | RGBA_8888    |    0.0    0.0 1009.0 2284.0 |   71   56 1080 2340 | com.example.testeableapp.test/androi[...]tyInvoker$EmptyActivity$_19426#35185 (1)
06-19 23:45:34.561  1362  1362 D SurfaceFlinger:        DEVICE |           10750303185136 | 00002100 | RGBA_8888    |    0.0    0.0 1009.0 2340.0 |   71    0 1080 2340 | Splash Screen com.example.testeableapp.test$_2503#35182 (2)
06-19 23:45:34.561  1362  1362 D SurfaceFlinger:        DEVICE |           10750303184999 | 00002100 | RGBA_8888    |    0.0    0.0 1080.0   77.0 |    0    0 1080   77 | StatusBar$_2503#111 (52411)
06-19 23:45:34.561  1362  1362 D SurfaceFlinger:        DEVICE |           12743167976380 | 00002100 | RGBA_8888    |
06-19 23:45:34.561  1362  1362 D SurfaceFlinger:  0.0    0.0   67.0  342.0 | 1013  821 1080 1163 | com.sec.android.app.launcher/com.sam[...]l.app.CocktailBarService$_2967#35048 (1)
06-19 23:45:34.561  1362  1362 D SurfaceFlinger:        DEVICE |           10750303185002 | 00002100 | RGBA_8888    |    0.0    0.0 1080.0  135.0 |    0 2205 1080 2340 | NavigationBar0$_2503#107 (27322)
06-19 23:45:34.561  1362  1362 D SurfaceFlinger:        DEVICE |           70158290780193 | 00002100 | RGBA_8888    |    0.0    0.0 1080.0 2340.0 |    0    0 1080 2340 | EdgeLightingWindow$_16335#35072 (93)
06-19 23:45:34.561  1362  1362 D SurfaceFlinger:
06-19 23:45:34.561  6035  6035 I HBD     : g updateSelectedLanguageCache is succeeded. Spanish(LatinAmerica)
06-19 23:45:34.561  6035  6035 I HBD     : l writeToFile path : /data/user/0/com.samsung.android.honeyboard/files/selected.json
06-19 23:45:34.561  6035  6035 I HBD     : l writeToFile json : {"version":"4.2","currentLanguageOrder":0,"selected":[{"activeOptionList":["auto_replace","spell_check","auto_spacing","prediction"],"bilingualId":-1,"engName":"Spanish","id":1179649,"inputType":"spanish_qwerty","isUsed":false},{"activeOptionList":["auto_replace","spell_check","auto_spacing","prediction"],"bilingualId":-1,"engName":"Spanish(LatinAmerica)","id":1179717,"inputType":"spanish_qwerty","isUsed":true}]}
06-19 23:45:34.562  6035  6035 I HBD     : l writeToFile complete
06-19 23:45:34.562  6035 19559 I HBD     : l writeToFile complete
06-19 23:45:34.562  6035 19560 I HBD     : l Write selected lang for DE
06-19 23:45:34.563  6035 19560 I HBD     : l writeToFile path : /data/user_de/0/com.samsung.android.honeyboard/files/selected.json
06-19 23:45:34.563  6035 19560 I HBD     : l writeToFile json : {"version":"4.2","currentLanguageOrder":0,"selected":[{"activeOptionList":["auto_replace","spell_check","auto_spacing","prediction"],"bilingualId":-1,"engName":"Spanish","id":1179649,"inputType":"spanish_qwerty","isUsed":false},{"activeOptionList":["auto_replace","spell_check","auto_spacing","prediction"],"bilingualId":-1,"engName":"Spanish(LatinAmerica)","id":1179717,"inputType":"spanish_qwerty","isUsed":true}]}
06-19 23:45:34.563  6035  6035 I HBD     : g isCoverDisplay : false, cached selected json info : SelectedLanguageInfo(languageVersion=4.2, currentLanguageOrder=0, selectedLanguageList=[SelectedLanguage(id=1179649, isUsed=false, engName=Spanish, inputType=spanish_qwerty, activeOptionList=[auto_replace, spell_check, auto_spacing, prediction], bilingualId=-1), SelectedLanguage(id=1179717, isUsed=true, engName=Spanish(LatinAmerica), inputType=spanish_qwerty, activeOptionList=[auto_replace, spell_check, auto_spacing, prediction], bilingualId=-1)])
06-19 23:45:34.563  6035  6035 I HBD     : g updateSelectedLanguageCache is succeeded. Spanish(LatinAmerica)
06-19 23:45:34.563  6035  6035 I HBD     : l writeToFile path : /data/user/0/com.samsung.android.honeyboard/files/selected.json
06-19 23:45:34.563  6035  6035 I HBD     : l writeToFile json : {"version":"4.2","currentLanguageOrder":0,"selected":[{"activeOptionList":["auto_replace","spell_check","auto_spacing","prediction"],"bilingualId":-1,"engName":"Spanish","id":1179649,"inputType":"spanish_qwerty","isUsed":false},{"activeOptionList":["auto_replace","spell_check","auto_spacing","prediction"],"bilingualId":-1,"engName":"Spanish(LatinAmerica)","id":1179717,"inputType":"spanish_qwerty","isUsed":true}]}
06-19 23:45:34.563  6035 19560 I HBD     : l writeToFile complete
06-19 23:45:34.564  1593  1620 D SecContentProvider: query(), uri = 17 selection = isSettingsChangesAllowed
06-19 23:45:34.564  6035  6035 I HBD     : l writeToFile complete
06-19 23:45:34.564  1362  1362 I SurfaceFlinger: RequestedLayer [Surface(name=7490dd7 InputMethod)/@0[...]tion-leash of insets_animation#35200] hidden!! flag  from(1) --> to(0)
06-19 23:45:34.564  1362  1362 E SurfaceFlinger: alpha changed 1.000 -> 0.000 - Surface(name=7490dd7 InputMethod)/@0x5cfd4e2 - animation-leash of insets_animation#35200
06-19 23:45:34.564  6035  6035 I HBD     : a [UpdatePolicy] [post] a: 31 cl: 1179717 kit: [0/11] vt: 0 ir: 1
06-19 23:45:34.565  1362  1362 I SurfaceFlinger: [LayerHierarchy{RequestedLayerState{ImeContainer#15 parentId=34137 relativeParentId=34138 z=1} 1 children}] reparent to LayerHierarchy{RequestedLayerState{ActivityRecord{249521351 u0 com.android.settings/.SubSettings t513}#34137 parentId=33546 z=2} 3 children}
06-19 23:45:34.565  1362  1362 I SurfaceFlinger: [LayerHierarchy{RequestedLayerState{ImeContainer#15 parentId=34137 relativeParentId=34138 z=1} 1 children}] RelativeParent to LayerHierarchy{RequestedLayerState{6bbfc8e com.android.settings/com.android.settings.SubSettings#34138 parentId=34137} 2 children}
06-19 23:45:34.565  1362  1362 I SurfaceFlinger: [LayerHierarchy{RequestedLayerState{7490dd7 InputMethod#133 parentId=35200} no children}] reparent to LayerHierarchy{RequestedLayerState{Surface(name=7490dd7 InputMethod)/@0x5cfd4e2 - animation-leash of insets_animation#35200 parentId=132} 1 children}
06-19 23:45:34.565  1362  1362 I SurfaceFlinger: [LayerHierarchy{RequestedLayerState{Surface(name=7490dd7 InputMethod)/@0x5cfd4e2 - animation-leash of insets_animation#35178} no children}] reparent to OffscreenRoot
06-19 23:45:34.565  1362  1362 I SurfaceFlinger: [LayerHierarchy{RequestedLayerState{Surface(name=7490dd7 InputMethod)/@0x5cfd4e2 - animation-leash of insets_animation#35178} no children}] RelativeParent to null
06-19 23:45:34.565  6035  6035 I HBD     : HoneyBoardService [PF_OP][onStartInput]  21 ms
06-19 23:45:34.566  1593  1620 D SecContentProvider: query(), uri = 17 selection = isSettingsChangesAllowed
06-19 23:45:34.566  1593  2582 D SecContentProvider: query(), uri = 17 selection = isSettingsChangesAllowed
06-19 23:45:34.567  6035 19561 I HBD     : l Write selected lang for DE
06-19 23:45:34.567  6035 19561 I HBD     : l writeToFile path : /data/user_de/0/com.samsung.android.honeyboard/files/selected.json
06-19 23:45:34.567  6035 19561 I HBD     : l writeToFile json : {"version":"4.2","currentLanguageOrder":0,"selected":[{"activeOptionList":["auto_replace","spell_check","auto_spacing","prediction"],"bilingualId":-1,"engName":"Spanish","id":1179649,"inputType":"spanish_qwerty","isUsed":false},{"activeOptionList":["auto_replace","spell_check","auto_spacing","prediction"],"bilingualId":-1,"engName":"Spanish(LatinAmerica)","id":1179717,"inputType":"spanish_qwerty","isUsed":true}]}
06-19 23:45:34.568  6035 10908 I HBD     : u updated Sub Types. Spanish(LatinAmerica)
06-19 23:45:34.568  2503  2606 I VRI[test]@d4eb63c: mWNT: t=0xb400006f2bd20810 mBlastBufferQueue=0xb40000707c7869e0 fn= 4 HdrRenderState mRenderHdrSdrRatio=1.0 caller= android.view.SyncRtSurfaceTransactionApplier.applyTransaction:100 android.view.SyncRtSurfaceTransactionApplier.lambda$scheduleApply$0:73 android.view.SyncRtSurfaceTransactionApplier.$r8$lambda$afI4fXg3U3-nBZQEDQMiNy-B06s:0
06-19 23:45:34.569  1593  1620 D SecContentProvider: query(), uri = 17 selection = isSettingsChangesAllowed
06-19 23:45:34.569  1362  1377 I SurfaceFlinger: id=35178 Removed Surface(name=7490dd7 InputMethod)/@0x5cfd4e2 - animation-leash of insets_animation#35178 (192)
06-19 23:45:34.570  6035 17389 I HBD     : u updated Sub Types. Spanish(LatinAmerica)
06-19 23:45:34.571  6035 26420 I HBD     : a [SKE_SPECIFIC] specific model[com.android.settings] loaded, 5240730 ns
06-19 23:45:34.571  6035 19564 I HBD     : b InputMethodSubtype is set as local:es_LA
06-19 23:45:34.572  1499 19515 I NuPlayerRenderer: [audio] notifyEOS() End of Stream, delayUs : 0
06-19 23:45:34.572  1499 19509 V NuPlayer: reached audio EOS
06-19 23:45:34.572  1499 19509 V NuPlayerDriver: notifyListener_l(0xb4000078ddd9b3a0), playback complete, loop setting(0, 0)
06-19 23:45:34.572  1499 19509 V MediaPlayerService: [3210] notify (2, 0, 0)
06-19 23:45:34.572  2503  2552 V MediaPlayerNative: message received msg=2, ext1=0, ext2=0
06-19 23:45:34.573  2503  2552 V MediaPlayerNative: playback complete
06-19 23:45:34.574  1499 31738 V MediaPlayerService: [3210] enableAudioDeviceCallback, 0
06-19 23:45:34.574  1499 31738 V AudioSink: enableAudioDeviceCallback, 0
06-19 23:45:34.574  6035 19561 I HBD     : l writeToFile complete
06-19 23:45:34.574  2503 19507 D RingtonePlayer: onCompletion() abandoning AudioFocus
06-19 23:45:34.574  1499 19509 V NuPlayer: updatePlaybackTimer(stop)  time      331238361013895 (onPause)
06-19 23:45:34.574  1499 19509 V NuPlayer: updatePlaybackTimer()  log            2409056037
06-19 23:45:34.574  1499 19509 I GenericSource: pause
06-19 23:45:34.574  1499 19510 I GenericSource: kWhatPause
06-19 23:45:34.574  1499 19515 I NuPlayerRenderer: onPause
06-19 23:45:34.575  1499 19515 I MediaClock: setPlaybackRate rate : 0.000000
06-19 23:45:34.575  1593  1593 D MediaSessionService: Audio playback is changed, config=AudioPlaybackConfiguration piid:40775 deviceIds:[3] type:android.media.MediaPlayer u/pid:10049/2503 state:stopped attr:AudioAttributes: usage=USAGE_NOTIFICATION content=CONTENT_TYPE_SONIFICATION flags=0x800 tags= bundle=null sessionId:180329 mutedState:none  FormatInfo{isSpatialized=false, channelMask=0x3, sampleRate=44100}, removed=false
06-19 23:45:34.575  1499 19515 V AudioSink: stop
06-19 23:45:34.575  1593  1593 D MediaSessionStack: updateMediaButtonSessionIfNeeded, callers=com.android.server.media.AudioPlayerStateMonitor$MessageHandler.handleMessage:19 android.os.Handler.dispatchMessage:110
06-19 23:45:34.575  1593  1593 D MediaSessionStack: updateMediaButtonSessionIfNeeded, skipping uid=10049
06-19 23:45:34.575  1593  1593 D MediaSessionStack: updateMediaButtonSessionIfNeeded, skipping uid=10383
06-19 23:45:34.575  1593  1593 D MediaSessionStack: updateMediaButtonSessionIfNeeded, skipping uid=1000
06-19 23:45:34.575  1593  1593 D MediaSessionStack: updateMediaButtonSessionIfNeeded, skipping uid=10310
06-19 23:45:34.575  1593  1593 D MediaSessionStack: updateMediaButtonSessionIfNeeded, skipping uid=10319
06-19 23:45:34.575  1593  1593 D MediaSessionStack: updateMediaButtonSessionIfNeeded, skipping uid=10369
06-19 23:45:34.575  1593  1593 D MediaSessionStack: updateMediaButtonSessionIfNeeded, skipping uid=10249
06-19 23:45:34.575  1499 19509 V MediaPlayerService: [3210] notify (211, 0, 0)
06-19 23:45:34.575  2503  3162 D SoundCraft.PlayingAudioConditionHandler: onPlaybackConfigChanged : lastStartedPackageName=null, lastStartedUid=-1, newStartedUid=-1, newStartPackageName=null, thread=Thread[RoutineHandlerThread,5,main]
06-19 23:45:34.575  2503  2552 V MediaPlayerNative: message received msg=211, ext1=0, ext2=0
06-19 23:45:34.575  1593  3204 I MediaFocusControl: abandonAudioFocus() from uid/pid 10049/2503 clientId=android.media.AudioManager@eccde72 callingPack=com.android.systemui
06-19 23:45:34.575  1593  3204 D AS.AudioService: [Android Auto] isConnectedAndroidAuto = false
06-19 23:45:34.575  1593  3204 D MediaFocusControl: abandonAudioFocus, clientId = android.media.AudioManager@eccde72
06-19 23:45:34.575  1593  3204 D MediaFocusControl: selectFocusStack, uid = 10049, appDevice = 0, device = 2
06-19 23:45:34.575  1593  3204 I MediaFocusControl: removeFocusStackEntry client:android.media.AudioManager@eccde72
06-19 23:45:34.576  1593  3204 D MotionRecognitionManager: @ member 0 = com.android.server.notification.EasyMuteController$1@9851725
06-19 23:45:34.576  1593  3204 D MotionRecognitionService:   .unregisterCallback : 0, client=com.android.server.notification.EasyMuteController$1@9851725
06-19 23:45:34.576  1593  3204 D MotionRecognitionService: Acc/Gyro will be disabled by motion sensor  = 1
06-19 23:45:34.576  1593  3204 D MotionRecognitionService: Acc/Gyro will be disabled by motion sensor  = 2
06-19 23:45:34.576  1265  1265 I SensorsHub: activate: handle 1 enable 0
06-19 23:45:34.578  1265  1265 I SensorsHub: type : 1, enable : 0
06-19 23:45:34.578  6035 19563 I HBD     : b InputMethodSubtype is set as local:es_LA
06-19 23:45:34.578  1265  1265 I SensorsHub: activate: handle 4 enable 0
06-19 23:45:34.578  1265  1265 I SensorsHub: type : 4, enable : 0
06-19 23:45:34.579  1593  3204 D SensorManager: unregisterListener
06-19 23:45:34.579  1593  3204 D MotionRecognitionService:   .finalizeMotionEngine
06-19 23:45:34.579  1593  3204 I MotionRecognitionManager:   .unregisterListener : / listener count = 1->0, name :com.android.server.notification.EasyMuteController$1@9851725
06-19 23:45:34.579  2503 19507 D RingtonePlayer: onCompletion queue size=0
06-19 23:45:34.579  2503 19507 D RingtonePlayer: in onCompletion quitting looper Looper (Thread-1193, tid 5605) {b06ffca}
06-19 23:45:34.579  2503 19507 I NotificationPlayer: About to release MediaPlayer piid:40775 due to onCompletion
06-19 23:45:34.579  2503 19507 V MediaPlayer: resetDrmState:  mDrmInfo=null mDrmProvisioningThread=null mPrepareDrmInProgress=false mActiveDrmScheme=false
06-19 23:45:34.579  2503 19507 V MediaPlayer: cleanDrmObj: mDrmObj=null mDrmSessionId=null
06-19 23:45:34.579  2503 19507 V MediaPlayer-JNI: release
06-19 23:45:34.579  2503 19507 V MediaPlayerNative: setListener
06-19 23:45:34.579  2503 19507 V MediaPlayerNative: disconnect
06-19 23:45:34.580  2503  3162 D SoundCraft.PlayingAudioConditionHandler: onPlaybackConfigChanged : lastStartedPackageName=null, lastStartedUid=-1, newStartedUid=-1, newStartPackageName=null, thread=Thread[RoutineHandlerThread,5,main]
06-19 23:45:34.580  1499 31738 V MediaPlayerService: disconnect(3210) from AttributionSource AttributionSourceState{pid: 2503, uid: 10049, deviceId: 0, packageName: com.android.systemui, attributionTag: (null), token: binder:0xb40000798dd2cbd0, renouncedPermissions: [], next: []}
06-19 23:45:34.580  1499 31738 D NuPlayerDriver: reset(0xb4000078ddd9b3a0) at state 6
06-19 23:45:34.581  1499 31738 V NuPlayerDriver: updateMetrics(0xb4000078ddd9b3a0) from reset at state 6
06-19 23:45:34.581  1362  1362 I SurfaceFlinger: destroyed Surface(name=7490dd7 InputMethod)/@0x5cfd4e2 - animation-leash of insets_animation#35178
06-19 23:45:34.581  1499 31738 V NuPlayer: updateInternalTimers()
06-19 23:45:34.581  1499 31738 V NuPlayer: updatePlaybackTimer(snap)  time                    0 (updateInternalTimers)
06-19 23:45:34.581  1499 31738 V NuPlayer: updateRebufferingTimer(snap)  time                    0 (exiting 0)
06-19 23:45:34.581  1499 31738 V NuPlayerDriver: logMetrics(0xb4000078ddd9b3a0) from reset at state 6
06-19 23:45:34.582  1499 19509 V NuPlayer: kWhatReset
06-19 23:45:34.582  1499 19509 I MediaMonitor: stop time 331240770188
06-19 23:45:34.582  1499 19509 V NuPlayer: setDecoderBooster enable = No
06-19 23:45:34.582  1499 19509 V NuPlayer: updatePlaybackTimer(stop)  time                    0 (kWhatReset)
06-19 23:45:34.582  1499 19509 V NuPlayer: updateRebufferingTimer(stop)  time                    0 (exiting 1)
06-19 23:45:34.582  1499 19509 V NuPlayer: performDecoderFlush audio=2, video=2
06-19 23:45:34.582  1499 19509 V NuPlayer: [audio] flushDecoder needShutdown=1
06-19 23:45:34.582  1499 19509 V NuPlayer: postponing action mFlushingAudio=2, mFlushingVideo=0
06-19 23:45:34.582  1499 19516 I NuPlayerRenderer: flush audio, notifyComplete 1, shutdown Yes
06-19 23:45:34.582  1499 19515 I NuPlayerRenderer: flushing audio
06-19 23:45:34.583  1499 19515 I NuPlayerRenderer: onFlush mAudioDrainGeneration : 2
06-19 23:45:34.583  1499 19515 V AudioSink: flush
06-19 23:45:34.584  1362  1362 I Layer   : id=35178 Destroyed Surface(name=7490dd7 InputMethod)/@0x5cfd4e2 - animation-leash of insets_animation#35178
06-19 23:45:34.584  1342  1667 I SoundBoosterEffectPlus: SB_setVolume(0xb400007df58cc590)
06-19 23:45:34.584  1342  1667 I SoundBoosterEffectPlus: command EFFECT_CMD_SET_VOLUME left = 0.000000, right =0.000000
06-19 23:45:34.585  6035  6035 I InputMethodService: scheduleImeSurfaceRemoval: removeImeSurface is posted.
06-19 23:45:34.585  1342  1525 V APM_AudioPolicyManager: stopOutput portId 24611
06-19 23:45:34.585  1342  1525 V APM_AudioPolicyManager: stopOutput() output 13, stream 5, session 180329
06-19 23:45:34.586  1342  1525 V APM_AudioPolicyManager: setBeaconMute(1) mBeaconMuteRefCount=1 mBeaconPlayingRefCount=0
06-19 23:45:34.586  1342  1525 V APM_AudioPolicyManager: getNewOutputDevices selected devices AUDIO_DEVICE_NONE
06-19 23:45:34.586  1342  1525 V APM_AudioPolicyManager: setOutputDevices caller stopSource[[portId:1][io:13, primary output]] device AUDIO_DEVICE_NONE delayMs 160
06-19 23:45:34.587  1593  3204 I WindowManager: Relayout Window{d55ab1d u0 Splash Screen com.example.testeableapp.test}: viewVisibility=8 req=1080x2340 ty=3 d0
06-19 23:45:34.587  1593  3204 D SurfaceComposerClient: setCornerRadius ## 6bbfc8e com.android.settings/com.android.settings.SubSettings#34138 cornerRadius=0.000000
06-19 23:45:34.588  1593  3204 D SurfaceComposerClient: setCornerRadius ## 6bbfc8e com.android.settings/com.android.settings.SubSettings#34138 cornerRadius=0.000000
06-19 23:45:34.588  1342  1525 V APM_AudioPolicyManager: setOutputDevices caller stopSource[[portId:1][io:13, primary output]] setting same device AUDIO_DEVICE_NONE or null device, force=0, patch handle=6543
06-19 23:45:34.589  1593  3204 I WindowManager: Relayout hash=d55ab1d, pid=2503, syncId=-1: mAttrs={(0,0)(fillxfill) sim={adjust=pan} layoutInDisplayCutoutMode=always ty=APPLICATION_STARTING fmt=TRANSLUCENT
06-19 23:45:34.589  1593  3204 I WindowManager:   fl=81030118
06-19 23:45:34.589  1593  3204 I WindowManager:   pfl=10000810
06-19 23:45:34.589  1593  3204 I WindowManager:   apr=18
06-19 23:45:34.589  1593  3204 I WindowManager:   bhv=1
06-19 23:45:34.589  1593  3204 I WindowManager:   fitSides=0
06-19 23:45:34.589  1593  3204 I WindowManager:   frameRateBoostOnTouch=true
06-19 23:45:34.589  1593  3204 I WindowManager:   dvrrWindowFrameRateHint=true naviIconColor=0}
06-19 23:45:34.589  1256  4796 D audio_hw_playback: primary_out-out_update_source_metadata: called
06-19 23:45:34.589  2503  2567 I VRI[test]@d4eb63c: onActiveControlsChanged, removed=false, mAdded=true, caller=android.view.ViewRootImpl.handleInsetsControlChanged:3002 android.view.ViewRootImpl.relayoutWindow:11629 android.view.ViewRootImpl.performTraversals:4804 android.view.ViewRootImpl.doTraversal:3924 android.view.ViewRootImpl$TraversalRunnable.run:12903
06-19 23:45:34.590  2503  2567 I VRI[test]@d4eb63c: Relayout returned: old=(0,0,1080,2340) new=(0,0,1080,2340) relayoutAsync=false req=(1080,2340)8 dur=3 res=0x2 s={false 0x0} ch=true seqId=0
06-19 23:45:34.590  2503  2567 D VRI[test]@d4eb63c: Not drawing due to not visible. Reason=View.GONE
06-19 23:45:34.590  2503  2567 I VRI[test]@d4eb63c: dispatchDetachedFromWindow
06-19 23:45:34.590  1593  2582 D InputTransport: Input channel destroyed: 'd55ab1d', fd=1465
06-19 23:45:34.591  1593  2582 D SurfaceComposerClient: setCornerRadius ## 6bbfc8e com.android.settings/com.android.settings.SubSettings#34138 cornerRadius=0.000000
06-19 23:45:34.591  1593  2582 D SurfaceComposerClient: setCornerRadius ## 6bbfc8e com.android.settings/com.android.settings.SubSettings#34138 cornerRadius=0.000000
06-19 23:45:34.592  1476  1476 I CameraService: onUidStateChanged: uid=10049, procState is changed. (1 -> 0)
06-19 23:45:34.592  1593  1663 D SurfaceComposerClient: setCornerRadius ## 6bbfc8e com.android.settings/com.android.settings.SubSettings#34138 cornerRadius=0.000000
06-19 23:45:34.593  1499 19515 V AudioSink: stop
06-19 23:45:34.593  1499 19509 V NuPlayer: renderer audio flush completed.
06-19 23:45:34.594  1499 19516 D NuPlayerRenderer: signalTimeDiscontinuity() mHasAudio = 0 , mHasVideo = 0
06-19 23:45:34.594  1342 21519 V APM_AudioPolicyManager: setAppState(portId:24603, state:1)
06-19 23:45:34.594  1499 19517 I CCodec  : [c2.android.vorbis.decoder] state->set(FLUSHING)
06-19 23:45:34.594  2503  2567 D InputTransport: Input channel destroyed: 'd55ab1d', fd=616
06-19 23:45:34.594  1593  3269 I NSLocationMonitor: getGPSUsingApps() called
06-19 23:45:34.594  1499 19517 I CCodec  : [c2.android.vorbis.decoder] state->set(FLUSHED)
06-19 23:45:34.595  3218 19826 I NSLocationManager_FLP: getGPSUsingApps, No change
06-19 23:45:34.595  1499 19509 V NuPlayer: decoder audio flush completed
06-19 23:45:34.595  1499 19509 V NuPlayer: initiating audio decoder shutdown
06-19 23:45:34.596  1499 19517 I CCodec  : [c2.android.vorbis.decoder] state->set(RELEASING)
06-19 23:45:34.596  1593  3269 W Binder  : Outgoing transactions from this process must be FLAG_ONEWAY
06-19 23:45:34.596  1593  3269 W Binder  : java.lang.Throwable
06-19 23:45:34.596  1593  3269 W Binder  : 	at android.os.BinderProxy.transact(BinderProxy.java:566)
06-19 23:45:34.596  1593  3269 W Binder  : 	at android.bluetooth.IBluetoothGatt$Stub$Proxy.getAdvertisingSetUids(IBluetoothGatt.java:1678)
06-19 23:45:34.596  1593  3269 W Binder  : 	at android.bluetooth.BluetoothAdapter.getAdvertisingSetUids(BluetoothAdapter.java:8476)
06-19 23:45:34.596  1593  3269 W Binder  : 	at android.bluetooth.BluetoothAdapter.getHWUsingApps(BluetoothAdapter.java:1342)
06-19 23:45:34.596  1593  3269 W Binder  : 	at com.android.server.am.mars.filter.filter.BlueToothConnectedFilter.updateBTUsingPackages(qb/108716450 ef98dca195c688be7390ace82fc66c8c04b717a3a73a9e9f6dd870fdc6ef2246:22)
06-19 23:45:34.596  1593  3269 W Binder  : 	at com.android.server.am.FreecessController.freeze(qb/108716450 ef98dca195c688be7390ace82fc66c8c04b717a3a73a9e9f6dd870fdc6ef2246:117)
06-19 23:45:34.596  1593  3269 W Binder  : 	at com.android.server.am.FreecessHandler$MainHandler.handleLcdOnFreeze(qb/108716450 ef98dca195c688be7390ace82fc66c8c04b717a3a73a9e9f6dd870fdc6ef2246:55)
06-19 23:45:34.596  1593  3269 W Binder  : 	at com.android.server.am.FreecessHandler$MainHandler.handleMessage(qb/108716450 ef98dca195c688be7390ace82fc66c8c04b717a3a73a9e9f6dd870fdc6ef2246:793)
06-19 23:45:34.596  1593  3269 W Binder  : 	at android.os.Handler.dispatchMessage(Handler.java:110)
06-19 23:45:34.596  1593  3269 W Binder  : 	at android.os.Looper.loopOnce(Looper.java:273)
06-19 23:45:34.596  1593  3269 W Binder  : 	at android.os.Looper.loop(Looper.java:363)
06-19 23:45:34.596  1593  3269 W Binder  : 	at android.os.HandlerThread.run(HandlerThread.java:85)
06-19 23:45:34.596  1499 19565 I CCodec  : [release][3405] component -> surface
06-19 23:45:34.596  1499 19509 V NuPlayer: audio shutdown completed
06-19 23:45:34.596  1499 19509 V NuPlayer: both audio and video are flushed now.
06-19 23:45:34.596  1499 19509 V NuPlayer: performReset
06-19 23:45:34.596  1499 19509 V NuPlayer: updatePlaybackTimer(stop)  time                    0 (performReset)
06-19 23:45:34.596  1499 19509 V NuPlayer: updateRebufferingTimer(stop)  time                    0 (exiting 1)
06-19 23:45:34.598  1499 19509 D NuPlayerDriver: notifyResetComplete(0xb4000078ddd9b3a0)
06-19 23:45:34.598  1499 31738 V NuPlayerDriver: ~NuPlayerDriver(0xb4000078ddd9b3a0)
06-19 23:45:34.599  1499 31738 V NuPlayerDriver: updateMetrics(0xb4000078ddd9b3a0) from destructor at state 0
06-19 23:45:34.599  1499 31738 V NuPlayer: updateInternalTimers()
06-19 23:45:34.599  1499 31738 V NuPlayer: updatePlaybackTimer(snap)  time                    0 (updateInternalTimers)
06-19 23:45:34.599  1593  1663 D SurfaceComposerClient: setCornerRadius ## 6bbfc8e com.android.settings/com.android.settings.SubSettings#34138 cornerRadius=0.000000
06-19 23:45:34.600  1499 31738 V NuPlayer: updateRebufferingTimer(snap)  time                    0 (exiting 0)
06-19 23:45:34.600  1499 31738 V NuPlayerDriver: logMetrics(0xb4000078ddd9b3a0) from destructor at state 0
06-19 23:45:34.600  1499 31738 V NuPlayerDriver: nothing to record (only 3 fields)
06-19 23:45:34.602  2503 19507 V MediaPlayerNative: destructor
06-19 23:45:34.602  1499 31738 V MediaPlayerService: Client(3210) destructor AttributionSource = AttributionSourceState{pid: 2503, uid: 10049, deviceId: 0, packageName: com.android.systemui, attributionTag: (null), token: binder:0xb40000798dd2cbd0, renouncedPermissions: [], next: []}
06-19 23:45:34.602  1499 31738 V MediaPlayerService: disconnect(3210) from AttributionSource AttributionSourceState{pid: 2503, uid: 10049, deviceId: 0, packageName: com.android.systemui, attributionTag: (null), token: binder:0xb40000798dd2cbd0, renouncedPermissions: [], next: []}
06-19 23:45:34.602  1499 19565 I CCodec  : [c2.android.vorbis.decoder] state->set(RELEASED)
06-19 23:45:34.603  2503 19507 V MediaPlayerNative: disconnect
06-19 23:45:34.603  1499 19517 I Codec2Client: Component destructing
06-19 23:45:34.603  1499 19517 I hw-BpHwBinder: onLastStrongRef automatically unlinking death recipients
06-19 23:45:34.603  1547 20060 I hw-BpHwBinder: onLastStrongRef automatically unlinking death recipients
06-19 23:45:34.604  1499 19517 I MediaCodec: Codec shutdown complete
06-19 23:45:34.604  1547 20060 D BufferPoolAccessor2.0: Destruction - bufferpool2 0xb400006f5d804558 cached: 0/0M, 0/0% in use; allocs: 0, 0% recycled; transfers: 0, 0% unfetched
06-19 23:45:34.605  1593  3269 W Binder  : Outgoing transactions from this process must be FLAG_ONEWAY
06-19 23:45:34.605  1593  3269 W Binder  : java.lang.Throwable
06-19 23:45:34.605  1593  3269 W Binder  : 	at android.os.BinderProxy.transact(BinderProxy.java:566)
06-19 23:45:34.605  1593  3269 W Binder  : 	at android.bluetooth.IBluetoothScan$Stub$Proxy.getScannerUids(IBluetoothScan.java:666)
06-19 23:45:34.605  1593  3269 W Binder  : 	at android.bluetooth.BluetoothAdapter.getScannerUids(BluetoothAdapter.java:8522)
06-19 23:45:34.605  1593  3269 W Binder  : 	at android.bluetooth.BluetoothAdapter.getHWUsingApps(BluetoothAdapter.java:1349)
06-19 23:45:34.605  1593  3269 W Binder  : 	at com.android.server.am.mars.filter.filter.BlueToothConnectedFilter.updateBTUsingPackages(qb/108716450 ef98dca195c688be7390ace82fc66c8c04b717a3a73a9e9f6dd870fdc6ef2246:22)
06-19 23:45:34.605  1593  3269 W Binder  : 	at com.android.server.am.FreecessController.freeze(qb/108716450 ef98dca195c688be7390ace82fc66c8c04b717a3a73a9e9f6dd870fdc6ef2246:117)
06-19 23:45:34.605  1593  3269 W Binder  : 	at com.android.server.am.FreecessHandler$MainHandler.handleLcdOnFreeze(qb/108716450 ef98dca195c688be7390ace82fc66c8c04b717a3a73a9e9f6dd870fdc6ef2246:55)
06-19 23:45:34.605  1593  3269 W Binder  : 	at com.android.server.am.FreecessHandler$MainHandler.handleMessage(qb/108716450 ef98dca195c688be7390ace82fc66c8c04b717a3a73a9e9f6dd870fdc6ef2246:793)
06-19 23:45:34.605  1593  3269 W Binder  : 	at android.os.Handler.dispatchMessage(Handler.java:110)
06-19 23:45:34.605  1593  3269 W Binder  : 	at android.os.Looper.loopOnce(Looper.java:273)
06-19 23:45:34.605  1593  3269 W Binder  : 	at android.os.Looper.loop(Looper.java:363)
06-19 23:45:34.605  1593  3269 W Binder  : 	at android.os.HandlerThread.run(HandlerThread.java:85)
06-19 23:45:34.606  1499 19516 I NuPlayerDecoder: kWhatAsyncReleaseComplete
06-19 23:45:34.607  1499 19516 I CCodecBufferChannel: CCodecBufferChannel destructing c2.android.vorbis.decoder#230
06-19 23:45:34.608  1499 19516 V AudioSink: +++ close
06-19 23:45:34.608  1499 19516 V AudioSink: --- close
06-19 23:45:34.610  2503  2503 D SystemUIService: SYSUI_RAM_OPTIMIZATION onTrimMemory=20
06-19 23:45:34.610  2503  2503 D CentralSurfaces: SYSUI_RAM_OPTIMIZATION onTrimMemory=20
06-19 23:45:34.610  1499 19516 W AMessage: failed to post message as target looper for handler 0 is gone.
06-19 23:45:34.612  1342  1525 V APM_AudioPolicyManager: releaseOutput portId 24611
06-19 23:45:34.612  1342  1525 V APM_AudioPolicyManager: releaseOutput() 13
06-19 23:45:34.612  2503  2607 D HWUI    : CacheManager::trimMemory(20)
06-19 23:45:34.613  1342  1667 I SoundAlive_SRC384 arch64: ~SoundAlive_SRC384(): instance 26293
06-19 23:45:34.614  1362  1362 I SurfaceFlinger: RequestedLayer [Splash Screen com.example.testeableapp.test$_2503#35182] hidden!! flag  from(0) --> to(1)
06-19 23:45:34.615  1362  1362 I SurfaceFlinger: [LayerHierarchy{RequestedLayerState{Surface(name=4efc1a8 com.example.testeableapp.test/androidx.test.core.app.InstrumentationActivityInvoker$EmptyActivity)/@0x260d34f - animation-leash of starting_reveal#35199} 1 children}] reparent to OffscreenRoot
06-19 23:45:34.615  1362  1362 I SurfaceFlinger: [LayerHierarchy{RequestedLayerState{Surface(name=4efc1a8 com.example.testeableapp.test/androidx.test.core.app.InstrumentationActivityInvoker$EmptyActivity)/@0x260d34f - animation-leash of starting_reveal#35199} 1 children}] RelativeParent to null
06-19 23:45:34.615  1362  1362 I SurfaceFlinger: [LayerHierarchy{RequestedLayerState{4efc1a8 com.example.testeableapp.test/androidx.test.core.app.InstrumentationActivityInvoker$EmptyActivity#35183 parentId=35180} 1 children}] reparent to LayerHierarchy{RequestedLayerState{ActivityRecord{253278423 u0 com.example.testeableapp.test/androidx.test.core.app.InstrumentationActivityInvoker$EmptyActivity t564}#35180 parentId=35179} 3 children}
06-19 23:45:34.617  1593  3269 I NSLocationMonitor: getGPSUsingApps() called
06-19 23:45:34.618  3218 19826 I NSLocationManager_FLP: getGPSUsingApps, No change
06-19 23:45:34.623  1362  1362 D SurfaceFlinger: Display 4633128672291735931 HWC layers:
06-19 23:45:34.623  1362  1362 D SurfaceFlinger:        DEVICE |           15990163243183 | 00002102 | RGBA_8888    |  135.0    0.0 1080.0 2340.0 |    0    0  945 2340 | com.android.settings/com.android.settings.SubSettings$_3723#35194 (10)
06-19 23:45:34.623  1362  1362 D SurfaceFlinger:   SOLID_COLOR |                        0 | 00000000 | N/A          |    0.0    0.0    0.0    0.0 |    0    0 1080 2340 | DimTransitionLayer for Surface(name=Task=564)/@0xa70fc30#35198 (0)
06-19 23:45:34.623  1362  1362 D SurfaceFlinger:        DEVICE |           83434034692108 | 00002102 | RGBA_8888    |    0.0    0.0  434.0 2340.0 |  646    0 1080 2340 | com.example.testeableapp.test/androi[...]tyInvoker$EmptyActivity$_19426#35185 (1)
06-19 23:45:34.623  1362  1362 D SurfaceFlinger:        DEVICE |           10750303184999 | 00002100 | RGBA_8888    |    0.0    0.0 1080.0   77.0 |    0    0 1080   77 | StatusBar$_2503#111 (52415)
06-19 23:45:34.623  1362  1362 D SurfaceFlinger:        DEVICE |           12743167976380 | 00002100 | RGBA_8888    |    0.0    0.0   67.0  342.0 | 1013  821 1080 1163 | com.sec.android.app.launcher/com.sam[...]l.app.CocktailBarService$_2967#35048 (1)
06-19 23:45:34.623  1362  1362 D SurfaceFlinger:        DEVICE |           10750303185001 | 00002
06-19 23:45:34.624  1362  1362 D SurfaceFlinger: 100 | RGBA_8888    |    0.0    0.0 1080.0  135.0 |    0 2205 1080 2340 | NavigationBar0$_2503#107 (27325)
06-19 23:45:34.624  1362  1362 D SurfaceFlinger:        DEVICE |           70158290780193 | 00002100 | RGBA_8888    |    0.0    0.0 1080.0 2340.0 |    0    0 1080 2340 | EdgeLightingWindow$_16335#35072 (93)
06-19 23:45:34.624  1362  1362 D SurfaceFlinger:
06-19 23:45:34.632  2503  2503 D QSClock : onDarkChanged tint=WHITE
06-19 23:45:34.671  1275 19554 I HYPER-HAL: [RequestManager.cpp]releaseLocked(): Released ID : 1296872
06-19 23:45:34.681  1362  1362 E SurfaceFlinger: alpha changed 0.019 -> 0.000 - DimTransitionLayer for Surface(name=Task=564)/@0xa70fc30#35198
06-19 23:45:34.687  1362  1362 D SurfaceFlinger: Display 4633128672291735931 HWC layers:
06-19 23:45:34.687  1362  1362 D SurfaceFlinger:        DEVICE |           15990163243183 | 00002102 | RGBA_8888    |   59.0    0.0 1080.0 2340.0 |    0    0 1021 2340 | com.android.settings/com.android.settings.SubSettings$_3723#35194 (14)
06-19 23:45:34.687  1362  1362 D SurfaceFlinger:        DEVICE |           83434034692108 | 00002102 | RGBA_8888    |    0.0    0.0  189.0 2340.0 |  891    0 1080 2340 | com.example.testeableapp.test/androi[...]tyInvoker$EmptyActivity$_19426#35185 (1)
06-19 23:45:34.687  1362  1362 D SurfaceFlinger:        DEVICE |           10750303185019 | 00002100 | RGBA_8888    |    0.0    0.0 1080.0   77.0 |    0    0 1080   77 | StatusBar$_2503#111 (52418)
06-19 23:45:34.687  1362  1362 D SurfaceFlinger:        DEVICE |           12743167976380 | 00002100 | RGBA_8888    |    0.0    0.0   67.0  342.0 | 1013  821 1080 1163 | com.sec.android.app.launcher/com.sam[...]l.app.CocktailBarService$_2967#35048 (1)
06-19 23:45:34.687  1362  1362 D SurfaceFlinger:        DEVICE |           10750303184996 | 00002100 | RGBA_8888    |    0.0    0.0 1080.0  135.0 |    0 2205 1080 2340 | NavigationBar0$_2503#107 (27328)
06-19 23:45:34.687  1362  1362 D SurfaceFlinger:        DEVICE |           70158290780193 | 00002100 | RGBA_8888    |    0.0    0.0
06-19 23:45:34.687  1362  1362 D SurfaceFlinger:  1080.0 2340.0 |    0    0 1080 2340 | EdgeLightingWindow$_16335#35072 (93)
06-19 23:45:34.687  1362  1362 D SurfaceFlinger:
06-19 23:45:34.701  1547  1630 D BufferPoolAccessor2.0: evictor expired: 1, evicted: 0
06-19 23:45:34.702  1499  6408 D BufferPoolAccessor2.0: evictor expired: 1, evicted: 0
06-19 23:45:34.704 19354 19354 W WindowOnBackDispatcher: sendCancelIfRunning: isInProgress=false callback=android.app.Activity$$ExternalSyntheticLambda0@542ebc3
06-19 23:45:34.704 19354 19354 D LifecycleMonitor: Lifecycle status change: com.example.testeableapp.MainActivity@bc0af10 in: DESTROYED
06-19 23:45:34.705 19354 19354 V ActivityScenario: Update currentActivityStage to DESTROYED, currentActivity=null
06-19 23:45:34.709 19354 19376 D HWUI    : CacheManager::trimMemory(20)
06-19 23:45:34.709 19354 19354 D ViewRootImpl: Skipping stats log for color mode
06-19 23:45:34.709 19354 19354 I VRI[MainActivity]@b013427: dispatchDetachedFromWindow
06-19 23:45:34.710  1593  3204 D InputTransport: Input channel destroyed: '1535c5 ', fd=1058
06-19 23:45:34.710  1593  3204 D SurfaceComposerClient: setCornerRadius ## 6bbfc8e com.android.settings/com.android.settings.SubSettings#34138 cornerRadius=0.000000
06-19 23:45:34.711  1593  3204 D SurfaceComposerClient: setCornerRadius ## 6bbfc8e com.android.settings/com.android.settings.SubSettings#34138 cornerRadius=0.000000
06-19 23:45:34.711 19354 19354 D InputTransport: Input channel destroyed: '1535c5 ', fd=124
06-19 23:45:34.713 19354 19354 D BBA2    : setIsFg isFg = false; delayValue 3999ms
06-19 23:45:34.713 19354 19370 D IdlingRegistry: Unregistering idling resources: [androidx.compose.ui.test.EspressoLink@f06280c]
06-19 23:45:34.713 19354 19354 D InputTransport: Input channel destroyed: 'ClientS', fd=140
06-19 23:45:34.713  1362  1545 I SurfaceFlinger: id=35201 createSurf, flag=24004, Task=563#35201
06-19 23:45:34.714  1362  1542 I SurfaceFlinger: id=35171 Removed 393b29 ActivityRecordInputSink com.example.testeableapp/.MainActivity#35171 (192)
06-19 23:45:34.715  1362  1362 I SurfaceFlinger: [Task=563#35201] attach to parent Root
06-19 23:45:34.717  2967  2967 I HoneySpace.TaskStackChangeRepositoryImpl: onTaskRemoved : 563
06-19 23:45:34.717  2967  2967 I HoneySpace.TaskStackChangeRepositoryImpl: onTaskRemoved : 563
06-19 23:45:34.719  2967  3307 I HoneySpace.TopTaskSource: onTaskRemoved: 563
06-19 23:45:34.720  2967 12971 I HoneySpace.RecentTasks: onRunningTaskVanished
06-19 23:45:34.720 19354 19370 E TestRunner: failed: totalGeneral_seActualizaAlAgregarProductos(com.example.testeableapp.RestaurantOrderTest)
06-19 23:45:34.721  2967  3307 I HoneySpace.TopTaskSource: onTaskRemoved: 563
06-19 23:45:34.721  2967 18507 I HoneySpace.RecentTasks: onRecentTasksChanged
06-19 23:45:34.721 19354 19370 E TestRunner: ----- begin exception -----
06-19 23:45:34.721 19354 19370 E TestRunner: java.lang.AssertionError: Failed to assert the following: (Text + EditableText = [14.00 €])
06-19 23:45:34.721 19354 19370 E TestRunner: Semantics of the node:
06-19 23:45:34.721 19354 19370 E TestRunner: Node #454 at (l=858.0, t=3038.0, r=990.0, b=3106.0)px, Tag: 'totalValue'
06-19 23:45:34.721 19354 19370 E TestRunner: Text = '[8.50 €]'
06-19 23:45:34.721 19354 19370 E TestRunner: Actions = [ClearTextSubstitution, GetTextLayoutResult, SetTextSubstitution, ShowTextSubstitution]
06-19 23:45:34.721 19354 19370 E TestRunner: Has 1 sibling
06-19 23:45:34.721 19354 19370 E TestRunner: Selector used: (TestTag = 'totalValue')
06-19 23:45:34.721 19354 19370 E TestRunner:
06-19 23:45:34.721 19354 19370 E TestRunner: 	at androidx.compose.ui.test.AssertionsKt.assert(Assertions.kt:264)
06-19 23:45:34.721 19354 19370 E TestRunner: 	at androidx.compose.ui.test.AssertionsKt.assert$default(Assertions.kt:254)
06-19 23:45:34.721 19354 19370 E TestRunner: 	at androidx.compose.ui.test.AssertionsKt.assertTextEquals(Assertions.kt:185)
06-19 23:45:34.721 19354 19370 E TestRunner: 	at androidx.compose.ui.test.AssertionsKt.assertTextEquals$default(Assertions.kt:181)
06-19 23:45:34.721 19354 19370 E TestRunner: 	at com.example.testeableapp.RestaurantOrderTest.totalGeneral_seActualizaAlAgregarProductos(RestaurantOrderTest.kt:127)
06-19 23:45:34.721 19354 19370 E TestRunner: 	at java.lang.reflect.Method.invoke(Native Method)
06-19 23:45:34.721 19354 19370 E TestRunner: 	at org.junit.runners.model.FrameworkMethod$1.runReflectiveCall(FrameworkMethod.java:59)
06-19 23:45:34.721 19354 19370 E TestRunner: 	at org.junit.internal.runners.model.ReflectiveCallable.run(ReflectiveCallable.java:12)
06-19 23:45:34.721 19354 19370 E TestRunner: 	at org.junit.runners.model.FrameworkMethod.invokeExplosively(FrameworkMethod.java:56)
06-19 23:45:34.721 19354 19370 E TestRunner: 	at org.junit.internal.runners.statements.InvokeMethod.evaluate(InvokeMethod.java:17)
06-19 23:45:34.721 19354 19370 E TestRunner: 	at androidx.test.internal.runner.junit4.statement.RunBefores.evaluate(RunBefores.java:80)
06-19 23:45:34.721 19354 19370 E TestRunner: 	at androidx.compose.ui.test.junit4.AndroidComposeTestRule$apply$testWithDisposal$1.evaluate(AndroidComposeTestRule.android.kt:306)
06-19 23:45:34.721 19354 19370 E TestRunner: 	at org.junit.rules.ExternalResource$1.evaluate(ExternalResource.java:54)
06-19 23:45:34.721 19354 19370 E TestRunner: 	at androidx.compose.ui.test.junit4.AndroidComposeTestRule$apply$1$evaluate$1.invokeSuspend(AndroidComposeTestRule.android.kt:318)
06-19 23:45:34.721 19354 19370 E TestRunner: 	at androidx.compose.ui.test.junit4.AndroidComposeTestRule$apply$1$evaluate$1.invoke(Unknown Source:8)
06-19 23:45:34.721 19354 19370 E TestRunner: 	at androidx.compose.ui.test.junit4.AndroidComposeTestRule$apply$1$evaluate$1.invoke(Unknown Source:4)
06-19 23:45:34.721 19354 19370 E TestRunner: 	at androidx.compose.ui.test.AndroidComposeUiTestEnvironment$runTest$1$1$1$1$1.invokeSuspend(ComposeUiTest.android.kt:569)
06-19 23:45:34.721 19354 19370 E TestRunner: 	at androidx.compose.ui.test.AndroidComposeUiTestEnvironment$runTest$1$1$1$1$1.invoke(Unknown Source:8)
06-19 23:45:34.721 19354 19370 E TestRunner: 	at androidx.compose.ui.test.AndroidComposeUiTestEnvironment$runTest$1$1$1$1$1.invoke(Unknown Source:2)
06-19 23:45:34.721 19354 19370 E TestRunner: 	at androidx.compose.ui.test.EspressoLink.withStrategy(EspressoLink.android.kt:69)
06-19 23:45:34.721 19354 19370 E TestRunner: 	at androidx.compose.ui.test.AndroidComposeUiTestEnvironment$runTest$1$1.invokeSuspend(ComposeUiTest.android.kt:566)
06-19 23:45:34.721 19354 19370 E TestRunner: 	at androidx.compose.ui.test.AndroidComposeUiTestEnvironment$runTest$1$1.invoke(Unknown Source:8)
06-19 23:45:34.721 19354 19370 E TestRunner: 	at androidx.compose.ui.test.AndroidComposeUiTestEnvironment$runTest$1$1.invoke(Unknown Source:4)
06-19 23:45:34.721 19354 19370 E TestRunner: 	at kotlinx.coroutines.test.TestBuildersKt__TestBuildersKt$runTest$2$1$1.invokeSuspend(TestBuilders.kt:318)
06-19 23:45:34.721 19354 19370 E TestRunner: 	at kotlin.coroutines.jvm.internal.BaseContinuationImpl.resumeWith(ContinuationImpl.kt:33)
06-19 23:45:34.721 19354 19370 E TestRunner: 	at kotlinx.coroutines.DispatchedTask.run(DispatchedTask.kt:101)
06-19 23:45:34.721 19354 19370 E TestRunner: 	at kotlinx.coroutines.test.TestDispatcher.processEvent$kotlinx_coroutines_test(TestDispatcher.kt:24)
06-19 23:45:34.721 19354 19370 E TestRunner: 	at kotlinx.coroutines.test.TestCoroutineScheduler.tryRunNextTaskUnless$kotlinx_coroutines_test(TestCoroutineScheduler.kt:99)
06-19 23:45:34.721 19354 19370 E TestRunner: 	at kotlinx.coroutines.test.TestBuildersKt__TestBuildersKt$runTest$2$1$workRunner$1.invokeSuspend(TestBuilders.kt:327)
06-19 23:45:34.721 19354 19370 E TestRunner: 	at kotlin.coroutines.jvm.internal.BaseContinuationImpl.resumeWith(ContinuationImpl.kt:33)
06-19 23:45:34.721 19354 19370 E TestRunner: 	at kotlinx.coroutines.DispatchedTask.run(DispatchedTask.kt:101)
06-19 23:45:34.721 19354 19370 E TestRunner: 	at kotlinx.coroutines.EventLoopImplBase.processNextEvent(EventLoop.common.kt:263)
