06-19 23:45:32.200  1499 19517 D CCodecConfig:   c2::u32 raw.sample-rate.value = 44100
06-19 23:45:32.202  1499 19517 W Codec2Client: query -- param skipped: index = 1107298332.
06-19 23:45:32.202  1499 19517 D CCodec  : encoding statistics level = 0
06-19 23:45:32.202  1499 19517 D CCodec  : setup formats input: AMessage(what = 0x00000000) = {
06-19 23:45:32.202  1499 19517 D CCodec  :   int32_t bitrate = 499821
06-19 23:45:32.202  1499 19517 D CCodec  :   int32_t channel-count = 2
06-19 23:45:32.202  1499 19517 D CCodec  :   int32_t max-input-size = 32768
06-19 23:45:32.202  1499 19517 D CCodec  :   string mime = "audio/vorbis"
06-19 23:45:32.202  1499 19517 D CCodec  :   int32_t sample-rate = 44100
06-19 23:45:32.202  1499 19517 D CCodec  : }
06-19 23:45:32.202  1499 19517 D CCodec  : setup formats output: AMessage(what = 0x00000000) = {
06-19 23:45:32.202  1499 19517 D CCodec  :   int32_t buffer-batch-max-output-size = 0
06-19 23:45:32.202  1499 19517 D CCodec  :   int32_t buffer-batch-threshold-output-size = 0
06-19 23:45:32.202  1499 19517 D CCodec  :   int32_t channel-count = 2
06-19 23:45:32.202  1499 19517 D CCodec  :   string mime = "audio/raw"
06-19 23:45:32.202  1499 19517 D CCodec  :   int32_t sample-rate = 44100
06-19 23:45:32.202  1499 19517 D CCodec  :   int32_t channel-mask = 3
06-19 23:45:32.202  1499 19517 D CCodec  :   int32_t android._config-pcm-encoding = 2
06-19 23:45:32.202  1499 19517 D CCodec  : }
06-19 23:45:32.202  1499 19517 I CCodecConfig: query failed after returning 8 values (BAD_INDEX)
06-19 23:45:32.203  1499 19517 E mediaserver: Failed to query component interface for required system resources: 6
06-19 23:45:32.203  1362  1362 D SurfaceFlinger: Display 4633128672291735931 HWC layers:
06-19 23:45:32.203  1362  1362 D SurfaceFlinger:        CLIENT |           15990163243173 | 00002102 | RGBA_8888    |   33.0    0.0 1080.0 2340.0 |    0    0 1080 2340 | com.android.settings/com.android.settings.SubSettings$_3723#35118 (21)
06-19 23:45:32.203  1362  1362 D SurfaceFlinger:   SOLID_COLOR |                        0 | 00000000 | N/A          |    0.0    0.0    0.0    0.0 |    0    0 1080 2340 | DimTransitionLayer for Surface(name=Task=561)/@0xc188f95#35133 (0)
06-19 23:45:32.203  1362  1362 D SurfaceFlinger:        DEVICE |           10750303185101 | 00002100 | RGBA_8888    |    0.0    0.0  106.0 2340.0 |  974    0 1080 2340 | Splash Screen com.example.testeableapp$_2503#35131 (1)
06-19 23:45:32.203  1362  1362 D SurfaceFlinger:        DEVICE |           10750303184997 | 00002100 | RGBA_8888    |    0.0    0.0 1080.0   77.0 |    0    0 1080   77 | StatusBar$_2503#111 (52349)
06-19 23:45:32.203  1362  1362 D SurfaceFlinger:        DEVICE |           12743167976380 | 00002100 | RGBA_8888    |    0.0    0.0   67.0  342.0 | 1013  821 1080 1163 | com.sec.android.app.launcher/com.sam[...]l.app.CocktailBarService$_2967#35048 (1)
06-19 23:45:32.203  1362  1362 D SurfaceFlinger:        DEVICE |           10750303185000 | 00002100 | RGBA_8888    |    0.0
06-19 23:45:32.203  1362  1362 D SurfaceFlinger:     0.0 1080.0  135.0 |    0 2205 1080 2340 | NavigationBar0$_2503#107 (27231)
06-19 23:45:32.203  1362  1362 D SurfaceFlinger:        DEVICE |           70158290780194 | 00002100 | RGBA_8888    |    0.0    0.0 1080.0 2340.0 |    0    0 1080 2340 | EdgeLightingWindow$_16335#35072 (43)
06-19 23:45:32.203  1362  1362 D SurfaceFlinger:
06-19 23:45:32.204  1593  3758 D SehCodecSolutionService: updateMediaStatisticsData: (action=1@1986621044;category=4@1986621044;label=1634956898@1986621044)
06-19 23:45:32.204  1593  3758 D CodecSolution_MediaStatisticsData: MediaStatisticsData: action=1@1986621044;category=4@1986621044;label=1634956898@1986621044
06-19 23:45:32.205  1593  3758 D CodecSolution_MediaStatisticsData: Category.valueOf: 4
06-19 23:45:32.205  1593  3758 D CodecSolution_MediaStatisticsData: Action.valueOf: 1
06-19 23:45:32.205  1593  3758 D CodecSolution_MediaStatisticsData: Label.valueOf: 0x61737662
06-19 23:45:32.205  1593  3758 D CodecSolution_MediaStatisticsData: category: ADEC
06-19 23:45:32.205  1593  3758 D CodecSolution_MediaStatisticsData: action: INSTANTIATE
06-19 23:45:32.205  1593  3758 D CodecSolution_MediaStatisticsData: label: ANDROID_SW_VORBIS
06-19 23:45:32.205  1593  1593 D SehCodecSolutionService: handleMessage : 900
06-19 23:45:32.205  1593  1593 D SehCodecSolutionService: event : ADEC
06-19 23:45:32.205  1593  1593 D CodecSolution_Logging: dma : true, feature: ADEC, extra: ANDROID_SW_VORBIS, value: -1
06-19 23:45:32.205  1593  1593 D CodecSolution_Logging: insert diagmon log
06-19 23:45:32.205  1593  1593 D CodecSolution_Logging: permission granted
06-19 23:45:32.205  1499 19517 I MediaCodec: MediaCodec will operate in async mode
06-19 23:45:32.206  1499 19516 D MediaCodec: keep callback message for reclaim
06-19 23:45:32.206  1499 19517 I CCodec  : [c2.android.vorbis.decoder] state->set(STARTING)
06-19 23:45:32.209  1499 19517 W Codec2Client: query -- param skipped: index = 1342179345.
06-19 23:45:32.209  5222  5230 I adbd    : opening control endpoint /dev/usb-ffs/adb/ep0
06-19 23:45:32.209  1499 19517 W Codec2Client: query -- param skipped: index = 2415921170.
06-19 23:45:32.217  1499 19517 D CCodecBufferChannel: [c2.android.vorbis.decoder#230] Created input block pool with allocatorID 16 => poolID 1102 - OK (0)
06-19 23:45:32.220  1499 19517 I CCodecBufferChannel: [c2.android.vorbis.decoder#230] Created output block pool with allocatorID 16 => poolID 2289 - OK
06-19 23:45:32.222  1499 19517 D CCodecBufferChannel: [c2.android.vorbis.decoder#230] Configured output block pool ids 2289 => OK
06-19 23:45:32.222  1547 18157 E Codec2-ComponentInterface: We have a failed config
06-19 23:45:32.223  1499 19517 I CCodec  : [c2.android.vorbis.decoder] state->set(RUNNING)
06-19 23:45:32.225  1499 19517 I CCodecBufferChannel: [c2.android.vorbis.decoder#230] 4 initial input buffers available
06-19 23:45:32.230  2503  2503 W RefactorFlag: New code path expects SceneContainerFlag to be enabled.
06-19 23:45:32.230  1547 19518 D SimpleC2Component: Using output block pool with poolID 2289 => got 2289 - 0
06-19 23:45:32.230  2503  2503 D ExpandableNotifRow: mMaxSmallHeight different before reInflateViews mMaxSmallHeight: 203 mTempSmallHeight:0 0|com.whatsapp|1|null|10383
06-19 23:45:32.230  2503  2503 D ExpandableNotifRow: mMaxSmallHeight different before reInflateViews mMaxSmallHeight: 203 mTempSmallHeight:0 0|com.whatsapp|1|null|10383
06-19 23:45:32.238  2503  2503 D SystemUIService: SYSUI_RAM_OPTIMIZATION onTrimMemory=20
06-19 23:45:32.238  2503  2503 D CentralSurfaces: SYSUI_RAM_OPTIMIZATION onTrimMemory=20
06-19 23:45:32.245  1593  3763 I WindowManager: Relayout Window{c0633ae u0 com.example.testeableapp/com.example.testeableapp.MainActivity}: viewVisibility=0 req=1080x2340 ty=1 d0
06-19 23:45:32.246  2503  2607 D HWUI    : CacheManager::trimMemory(20)
06-19 23:45:32.248  1362  1543 I SurfaceFlinger: id=35135 createSurf, flag=44004, com.example.testeableapp/com.example.testeableapp.MainActivity$_19354#35135
06-19 23:45:32.249  1593  3763 D SurfaceComposerClient: setCornerRadius ## 250a86 Splash Screen com.example.testeableapp#35130 cornerRadius=0.000000
06-19 23:45:32.249  1593  3763 D SurfaceComposerClient: setCornerRadius ## c0633ae com.example.testeableapp/com.example.testeableapp.MainActivity#35129 cornerRadius=0.000000
06-19 23:45:32.250  1362  1543 I SurfaceFlinger: id=35136 createSurf, flag=24000, Surface(name=b2ba1d5 NavigationBar0)/@0x108d35a - animation-leash of insets_animation#35136
06-19 23:45:32.252  1362  1543 I SurfaceFlinger: id=35137 createSurf, flag=24000, Surface(name=a1a3f36 StatusBar)/@0x69ae81 - animation-leash of insets_animation#35137
06-19 23:45:32.252  2503  2503 D ExpandableNotifRow: mMaxSmallHeight different before reInflateViews mMaxSmallHeight: 203 mTempSmallHeight:0 0|com.whatsapp|1|OvmBtF+uSfs4NJh7cvinvdOaUTIKGjeLkFmW0mPW1Ag=|10383
06-19 23:45:32.252  2503  2503 D ExpandableNotifRow: mMaxSmallHeight different before reInflateViews mMaxSmallHeight: 203 mTempSmallHeight:0 0|com.whatsapp|1|OvmBtF+uSfs4NJh7cvinvdOaUTIKGjeLkFmW0mPW1Ag=|10383
06-19 23:45:32.252  2503  2503 D ExpandableNotifRow: mMaxSmallHeight different before reInflateViews mMaxSmallHeight: 203 mTempSmallHeight:0 0|com.whatsapp|1|OvmBtF+uSfs4NJh7cvinvdOaUTIKGjeLkFmW0mPW1Ag=|10383
06-19 23:45:32.252  2503  2503 D ExpandableNotifRow: mMaxSmallHeight different before reInflateViews mMaxSmallHeight: 203 mTempSmallHeight:0 0|com.whatsapp|1|OvmBtF+uSfs4NJh7cvinvdOaUTIKGjeLkFmW0mPW1Ag=|10383
06-19 23:45:32.254  1593  3763 D SurfaceComposerClient: setCornerRadius ## 250a86 Splash Screen com.example.testeableapp#35130 cornerRadius=0.000000
06-19 23:45:32.254  1593  3763 D SurfaceComposerClient: setCornerRadius ## c0633ae com.example.testeableapp/com.example.testeableapp.MainActivity#35129 cornerRadius=0.000000
06-19 23:45:32.255  1362  1543 I SurfaceFlinger: id=35138 createSurf, flag=24000, Surface(name=b2ba1d5 NavigationBar0)/@0x108d35a - animation-leash of insets_animation#35138
06-19 23:45:32.256  1362  1543 I SurfaceFlinger: id=35139 createSurf, flag=24000, Surface(name=a1a3f36 StatusBar)/@0x69ae81 - animation-leash of insets_animation#35139
06-19 23:45:32.257  1593  3763 I SystemKeyManager: requested systemKeyInfo size=1 focusedWindow=com.example.testeableapp/com.example.testeableapp.MainActivity
06-19 23:45:32.257  1593  3763 I WindowManager: Relayout hash=c0633ae, pid=19354, syncId=-1: mAttrs={(0,0)(fillxfill) sim={adjust=pan forwardNavigation} layoutInDisplayCutoutMode=always ty=BASE_APPLICATION wanim=0x1030317
06-19 23:45:32.257  1593  3763 I WindowManager:   fl=81810100
06-19 23:45:32.257  1593  3763 I WindowManager:   pfl=100088c0
06-19 23:45:32.257  1593  3763 I WindowManager:   bhv=1
06-19 23:45:32.257  1593  3763 I WindowManager:   fitSides=0
06-19 23:45:32.257  1593  3763 I WindowManager:   frameRateBoostOnTouch=true
06-19 23:45:32.257  1593  3763 I WindowManager:   dvrrWindowFrameRateHint=true naviIconColor=0}
06-19 23:45:32.260  2503  2503 D S.S.N.  : entryViewBound parent :0|com.whatsapp|1|OvmBtF+uSfs4NJh7cvinvdOaUTIKGjeLkFmW0mPW1Ag=
06-19 23:45:32.260  2503  2503 D S.S.N.  : |10383
06-19 23:45:32.260 19354 19354 I BLASTBufferQueue_Java: new BLASTBufferQueue, mName= VRI[MainActivity]@db14feb mNativeObject= 0xb40000707bc092c0 caller= android.view.ViewRootImpl.updateBlastSurfaceIfNeeded:3585 android.view.ViewRootImpl.relayoutWindow:11685 android.view.ViewRootImpl.performTraversals:4804 android.view.ViewRootImpl.doTraversal:3924 android.view.ViewRootImpl$TraversalRunnable.run:12903 android.view.Choreographer$CallbackRecord.run:1901 android.view.Choreographer$CallbackRecord.run:1910 android.view.Choreographer.doCallbacks:1367 android.view.Choreographer.doFrame:1292 android.view.Choreographer$FrameDisplayEventReceiver.run:1870
06-19 23:45:32.261  2503 19507 V MediaPlayer: resetDrmState:  mDrmInfo=null mDrmProvisioningThread=null mPrepareDrmInProgress=false mActiveDrmScheme=false
06-19 23:45:32.261  2503 19507 V MediaPlayer: cleanDrmObj: mDrmObj=null mDrmSessionId=null
06-19 23:45:32.261 19354 19354 I BLASTBufferQueue_Java: update, w= 1080 h= 2340 mName = VRI[MainActivity]@db14feb mNativeObject= 0xb40000707bc092c0 sc.mNativeObject= 0xb400006f1bbece90 format= -1 caller= android.view.ViewRootImpl.updateBlastSurfaceIfNeeded:3590 android.view.ViewRootImpl.relayoutWindow:11685 android.view.ViewRootImpl.performTraversals:4804 android.view.ViewRootImpl.doTraversal:3924 android.view.ViewRootImpl$TraversalRunnable.run:12903 android.view.Choreographer$CallbackRecord.run:1901
06-19 23:45:32.261  2503 19507 V MediaPlayer-JNI: release
06-19 23:45:32.261  2503 19507 V MediaPlayerNative: setListener
06-19 23:45:32.261  1362  1362 I SurfaceFlinger: [com.example.testeableapp/com.example.testeableapp.MainActivity$_19354#35135] attach to parent LayerHierarchy{RequestedLayerState{c0633ae com.example.testeableapp/com.example.testeableapp.MainActivity#35129 parentId=35128} 1 children}
06-19 23:45:32.261  2503 19507 V MediaPlayerNative: disconnect
06-19 23:45:32.261  1362  1362 I SurfaceFlinger: [Surface(name=b2ba1d5 NavigationBar0)/@0x108d35a - animation-leash of insets_animation#35136] attach to parent LayerHierarchy{RequestedLayerState{WindowToken{1db1eeb type=2019 android.os.BinderProxy@7119565}#94 parentId=34} 2 children}
06-19 23:45:32.261  1362  1362 I SurfaceFlinger: [Surface(name=a1a3f36 StatusBar)/@0x69ae81 - animation-leash of insets_animation#35137] attach to parent LayerHierarchy{RequestedLayerState{WindowToken{2df28d1 type=2000 android.os.BinderProxy@248d75b}#101 parentId=17} 2 children}
06-19 23:45:32.261  1362  1362 I SurfaceFlinger: [Surface(name=b2ba1d5 NavigationBar0)/@0x108d35a - animation-leash of insets_animation#35138] attach to parent LayerHierarchy{RequestedLayerState{WindowToken{1db1eeb type=2019 android.os.BinderProxy@7119565}#94 parentId=34} 3 children}
06-19 23:45:32.261  1362  1362 I SurfaceFlinger: [Surface(name=a1a3f36 StatusBar)/@0x69ae81 - animation-leash of insets_animation#35139] attach to parent LayerHierarchy{RequestedLayerState{WindowToken{2df28d1 type=2000 android.os.BinderProxy@248d75b}#101 parentId=17} 3 children}
06-19 23:45:32.261 19354 19354 I VRI[MainActivity]@db14feb: Relayout returned: old=(0,0,1080,2340) new=(0,0,1080,2340) relayoutAsync=false req=(1080,2340)0 dur=13 res=0x3 s={true 0xb400006f8bc75690} ch=true seqId=0
06-19 23:45:32.263 19354 19354 I VRI[MainActivity]@db14feb: performConfigurationChange setNightDimText nightDimLevel=0
06-19 23:45:32.263 19354 19354 D VRI[MainActivity]@db14feb: mThreadedRenderer.initialize() mSurface={isValid=true 0xb400006f8bc75690} hwInitialized=true
06-19 23:45:32.263  2503  3162 D SoundCraft.PlayingAudioConditionHandler: onPlaybackConfigChanged : lastStartedPackageName=null, lastStartedUid=-1, newStartedUid=-1, newStartPackageName=null, thread=Thread[RoutineHandlerThread,5,main]
06-19 23:45:32.264  1499  3601 V MediaPlayerService: disconnect(3209) from AttributionSource AttributionSourceState{pid: 2503, uid: 10049, deviceId: 0, packageName: com.android.systemui, attributionTag: (null), token: binder:0xb40000798dd2cbd0, renouncedPermissions: [], next: []}
06-19 23:45:32.264  1499  3601 D NuPlayerDriver: reset(0xb4000078ddd54d70) at state 6
06-19 23:45:32.264  1499  3601 V NuPlayerDriver: updateMetrics(0xb4000078ddd54d70) from reset at state 6
06-19 23:45:32.264  1499  3601 V NuPlayer: updateInternalTimers()
06-19 23:45:32.264  1499  3601 V NuPlayer: updatePlaybackTimer(snap)  time                    0 (updateInternalTimers)
06-19 23:45:32.264  1499  3601 V NuPlayer: updateRebufferingTimer(snap)  time                    0 (exiting 0)
06-19 23:45:32.264  1499  3601 V NuPlayerDriver: logMetrics(0xb4000078ddd54d70) from reset at state 6
06-19 23:45:32.264  1499 19417 V NuPlayer: kWhatReset
06-19 23:45:32.264  1499 19417 I MediaMonitor: stop time 331238245684
06-19 23:45:32.264  1499 19417 V NuPlayer: setDecoderBooster enable = No
06-19 23:45:32.264  1499 19417 V NuPlayer: updatePlaybackTimer(stop)  time                    0 (kWhatReset)
06-19 23:45:32.264  1499 19417 V NuPlayer: updateRebufferingTimer(stop)  time                    0 (exiting 1)
06-19 23:45:32.264  1499 19417 V NuPlayer: performDecoderFlush audio=2, video=2
06-19 23:45:32.264  1499 19417 V NuPlayer: [audio] flushDecoder needShutdown=1
06-19 23:45:32.265  1499 19417 V NuPlayer: postponing action mFlushingAudio=2, mFlushingVideo=0
06-19 23:45:32.265  1499 19456 I NuPlayerRenderer: flush audio, notifyComplete 1, shutdown Yes
06-19 23:45:32.265  2503  2503 I AppIconSolution: return adaptive icon for com.whatsapp, isNight = true
06-19 23:45:32.266  1499 19454 I NuPlayerRenderer: flushing audio
06-19 23:45:32.266  1499 19454 I NuPlayerRenderer: onFlush mAudioDrainGeneration : 2
06-19 23:45:32.266  1499 19454 V AudioSink: flush
06-19 23:45:32.267  1499 19454 V AudioSink: stop
06-19 23:45:32.268  1499 19456 D NuPlayerRenderer: signalTimeDiscontinuity() mHasAudio = 0 , mHasVideo = 0
06-19 23:45:32.268  1499 19417 V NuPlayer: renderer audio flush completed.
06-19 23:45:32.268  1499 19457 I CCodec  : [c2.android.vorbis.decoder] state->set(FLUSHING)
06-19 23:45:32.269  1499 19457 I CCodec  : [c2.android.vorbis.decoder] state->set(FLUSHED)
06-19 23:45:32.270  1499 19417 V NuPlayer: decoder audio flush completed
06-19 23:45:32.270  1499 19417 V NuPlayer: initiating audio decoder shutdown
06-19 23:45:32.270  1499 19457 I CCodec  : [c2.android.vorbis.decoder] state->set(RELEASING)
06-19 23:45:32.271  1499 19417 V NuPlayer: audio shutdown completed
06-19 23:45:32.271  1499 19417 V NuPlayer: both audio and video are flushed now.
06-19 23:45:32.271  1499 19417 V NuPlayer: performReset
06-19 23:45:32.271  1499 19417 V NuPlayer: updatePlaybackTimer(stop)  time                    0 (performReset)
06-19 23:45:32.271  1499 19417 V NuPlayer: updateRebufferingTimer(stop)  time                    0 (exiting 1)
06-19 23:45:32.271  1499 19417 D NuPlayerDriver: notifyResetComplete(0xb4000078ddd54d70)
06-19 23:45:32.273  1499 19522 I CCodec  : [release][3405] component -> surface
06-19 23:45:32.273  1499  3601 V NuPlayerDriver: ~NuPlayerDriver(0xb4000078ddd54d70)
06-19 23:45:32.274  1499 19522 I CCodec  : [c2.android.vorbis.decoder] state->set(RELEASED)
06-19 23:45:32.274  1499 19457 I Codec2Client: Component destructing
06-19 23:45:32.274  1499 19457 I hw-BpHwBinder: onLastStrongRef automatically unlinking death recipients
06-19 23:45:32.274  1499  3601 V NuPlayerDriver: updateMetrics(0xb4000078ddd54d70) from destructor at state 0
06-19 23:45:32.275  1499 19457 I MediaCodec: Codec shutdown complete
06-19 23:45:32.275  1499  3601 V NuPlayer: updateInternalTimers()
06-19 23:45:32.275  1499  3601 V NuPlayer: updatePlaybackTimer(snap)  time                    0 (updateInternalTimers)
06-19 23:45:32.275  1499  3601 V NuPlayer: updateRebufferingTimer(snap)  time                    0 (exiting 0)
06-19 23:45:32.275  1499  3601 V NuPlayerDriver: logMetrics(0xb4000078ddd54d70) from destructor at state 0
06-19 23:45:32.275  1499  3601 V NuPlayerDriver: nothing to record (only 3 fields)
06-19 23:45:32.275  1499 19456 I NuPlayerDecoder: kWhatAsyncReleaseComplete
06-19 23:45:32.276  1547 18157 I hw-BpHwBinder: onLastStrongRef automatically unlinking death recipients
06-19 23:45:32.276  2503 19507 V MediaPlayerNative: destructor
06-19 23:45:32.277  1362  1362 I SurfaceFlinger: [LayerHierarchy{RequestedLayerState{b2ba1d5 NavigationBar0#95 parentId=35138} 1 children}] reparent to LayerHierarchy{RequestedLayerState{Surface(name=b2ba1d5 NavigationBar0)/@0x108d35a - animation-leash of insets_animation#35138 parentId=94} 1 children}
06-19 23:45:32.278  1362  1362 I SurfaceFlinger: [LayerHierarchy{RequestedLayerState{a1a3f36 StatusBar#102 parentId=35139} 1 children}] reparent to LayerHierarchy{RequestedLayerState{Surface(name=a1a3f36 StatusBar)/@0x69ae81 - animation-leash of insets_animation#35139 parentId=101} 1 children}
06-19 23:45:32.278  1362  1362 I SurfaceFlinger: [LayerHierarchy{RequestedLayerState{Surface(name=b2ba1d5 NavigationBar0)/@0x108d35a - animation-leash of insets_animation#35119} no children}] reparent to OffscreenRoot
06-19 23:45:32.278  1362  1362 I SurfaceFlinger: [LayerHierarchy{RequestedLayerState{Surface(name=b2ba1d5 NavigationBar0)/@0x108d35a - animation-leash of insets_animation#35119} no children}] RelativeParent to null
06-19 23:45:32.278  1362  1362 I SurfaceFlinger: [LayerHierarchy{RequestedLayerState{Surface(name=a1a3f36 StatusBar)/@0x69ae81 - animation-leash of insets_animation#35120} no children}] reparent to OffscreenRoot
06-19 23:45:32.278  1362  1362 I SurfaceFlinger: [LayerHierarchy{RequestedLayerState{Surface(name=a1a3f36 StatusBar)/@0x69ae81 - animation-leash of insets_animation#35120} no children}] RelativeParent to null
06-19 23:45:32.278  1362  1362 I SurfaceFlinger: [LayerHierarchy{RequestedLayerState{Surface(name=b2ba1d5 NavigationBar0)/@0x108d35a - animation-leash of insets_animation#35136} no children}] reparent to OffscreenRoot
06-19 23:45:32.278  1362  1362 I SurfaceFlinger: [LayerHierarchy{RequestedLayerState{Surface(name=b2ba1d5 NavigationBar0)/@0x108d35a - animation-leash of insets_animation#35136} no children}] RelativeParent to null
06-19 23:45:32.278  1362  1362 I SurfaceFlinger: [LayerHierarchy{RequestedLayerState{Surface(name=a1a3f36 StatusBar)/@0x69ae81 - animation-leash of insets_animation#35137} no children}] reparent to OffscreenRoot
06-19 23:45:32.278  1362  1362 I SurfaceFlinger: [LayerHierarchy{RequestedLayerState{Surface(name=a1a3f36 StatusBar)/@0x69ae81 - animation-leash of insets_animation#35137} no children}] RelativeParent to null
06-19 23:45:32.278  1499 19515 V AudioSink: +++ close
06-19 23:45:32.279  1499 19515 V AudioSink: --- close
06-19 23:45:32.280  1499 19456 I CCodecBufferChannel: CCodecBufferChannel destructing c2.android.vorbis.decoder#392
06-19 23:45:32.280  1499  3601 V MediaPlayerService: Client(3209) destructor AttributionSource = AttributionSourceState{pid: 2503, uid: 10049, deviceId: 0, packageName: com.android.systemui, attributionTag: (null), token: binder:0xb40000798dd2cbd0, renouncedPermissions: [], next: []}
06-19 23:45:32.280  1499  3601 V MediaPlayerService: disconnect(3209) from AttributionSource AttributionSourceState{pid: 2503, uid: 10049, deviceId: 0, packageName: com.android.systemui, attributionTag: (null), token: binder:0xb40000798dd2cbd0, renouncedPermissions: [], next: []}
06-19 23:45:32.281  1499 19456 V AudioSink: +++ close
06-19 23:45:32.281  1499 19456 V AudioSink: --- close
06-19 23:45:32.282  1547 18157 D BufferPoolAccessor2.0: Destruction - bufferpool2 0xb400006f5d80ab18 cached: 0/0M, 0/0% in use; allocs: 0, 0% recycled; transfers: 0, 0% unfetched
06-19 23:45:32.284  2503  2503 I {OngoingActivityController}: onTaskFocusChanged but OA data is empty
06-19 23:45:32.284  1499 19456 W AMessage: failed to post message as target looper for handler 0 is gone.
06-19 23:45:32.285  1362  1543 I SurfaceFlinger: id=35136 Removed Surface(name=b2ba1d5 NavigationBar0)/@0x108d35a - animation-leash of insets_animation#35136 (194)
06-19 23:45:32.285  1362  1543 I SurfaceFlinger: id=35137 Removed Surface(name=a1a3f36 StatusBar)/@0x69ae81 - animation-leash of insets_animation#35137 (194)
06-19 23:45:32.285  1362  1543 I SurfaceFlinger: id=35119 Removed Surface(name=b2ba1d5 NavigationBar0)/@0x108d35a - animation-leash of insets_animation#35119 (194)
06-19 23:45:32.285  1362  1543 I SurfaceFlinger: id=35120 Removed Surface(name=a1a3f36 StatusBar)/@0x69ae81 - animation-leash of insets_animation#35120 (194)
06-19 23:45:32.285  1342  1525 V APM_AudioPolicyManager: releaseOutput portId 24610
06-19 23:45:32.285  1342  1525 V APM_AudioPolicyManager: releaseOutput() 13
06-19 23:45:32.286  1342  8129 V APM_AudioPolicyManager: selectOutput new bestOutput 13 criteria 0 100 0 0 0 0 0 2
06-19 23:45:32.286  1342  8129 V APM_AudioPolicyManager: getOutput() stream 3 selected devices {AUDIO_DEVICE_OUT_SPEAKER, @:}, output 13
06-19 23:45:32.287  2503 19507 V MediaPlayerNative: disconnect
06-19 23:45:32.287  2503 19507 V MediaPlayerNative: invoke 76
06-19 23:45:32.287  1499 31738 V NuPlayer: getTrackInfo
06-19 23:45:32.288  1362  1437 D SurfaceFlinger: [input] setFocusedWindow: c0633ae com.example.testeableapp/com.example.testeableapp.MainActivity
06-19 23:45:32.288  1593  3570 D InputDispatcher: Once focus requested (0): c0633ae com.example.testeableapp/com.example.testeableapp.MainActivity
06-19 23:45:32.288  1593  3570 D InputDispatcher: Focus request (0): c0633ae com.example.testeableapp/com.example.testeableapp.MainActivity but waiting because NO_WINDOW
06-19 23:45:32.290  1342  1667 I SoundAlive_SRC384 arch64: ~SoundAlive_SRC384(): instance 26292
06-19 23:45:32.290  2503  2503 D MediaRouter: onRestoreRoute() : route=RouteInfo{ name=Dispositivo, description=null, status=null, category=RouteCategory{ name=Sistema types=ROUTE_TYPE_LIVE_AUDIO ROUTE_TYPE_LIVE_VIDEO  groupable=false }, supportedTypes=ROUTE_TYPE_LIVE_AUDIO ROUTE_TYPE_LIVE_VIDEO , presentationDisplay=null }
06-19 23:45:32.290  2503  2503 V MediaRouter: Selecting route: RouteInfo{ name=Dispositivo, description=null, status=null, category=RouteCategory{ name=Sistema types=ROUTE_TYPE_LIVE_AUDIO ROUTE_TYPE_LIVE_VIDEO  groupable=false }, supportedTypes=ROUTE_TYPE_LIVE_AUDIO ROUTE_TYPE_LIVE_VIDEO , presentationDisplay=null }
06-19 23:45:32.290  2503  2503 D MediaRouter: onRestoreRoute() : route=RouteInfo{ name=Dispositivo, description=null, status=null, category=RouteCategory{ name=Sistema types=ROUTE_TYPE_LIVE_AUDIO ROUTE_TYPE_LIVE_VIDEO  groupable=false }, supportedTypes=ROUTE_TYPE_LIVE_AUDIO ROUTE_TYPE_LIVE_VIDEO , presentationDisplay=null }
06-19 23:45:32.291  2503  2503 V MediaRouter: Selecting route: RouteInfo{ name=Dispositivo, description=null, status=null, category=RouteCategory{ name=Sistema types=ROUTE_TYPE_LIVE_AUDIO ROUTE_TYPE_LIVE_VIDEO  groupable=false }, supportedTypes=ROUTE_TYPE_LIVE_AUDIO ROUTE_TYPE_LIVE_VIDEO , presentationDisplay=null }
06-19 23:45:32.291  2503  2503 I LockscreenNotificationIconsOnlyController: onNotificationInfoUpdated 0
06-19 23:45:32.291  2503  2503 I AODNotificationManager: updateNotification()
06-19 23:45:32.291  1342  8129 V APM_AudioPolicyManager: setAppState(portId:24603, state:1)
06-19 23:45:32.292  2503  2503 D SubscreenNotificationListCoordinator: onAfterRenderList() isSubScreen = false, pluginLockMode = 0, doNotShowOnCover = false
06-19 23:45:32.293  1362  1362 I SurfaceFlinger: destroyed Surface(name=b2ba1d5 NavigationBar0)/@0x108d35a - animation-leash of insets_animation#35119
06-19 23:45:32.294  1362  1362 I SurfaceFlinger: destroyed Surface(name=a1a3f36 StatusBar)/@0x69ae81 - animation-leash of insets_animation#35120
06-19 23:45:32.294  1362  1362 I SurfaceFlinger: destroyed Surface(name=b2ba1d5 NavigationBar0)/@0x108d35a - animation-leash of insets_animation#35136
06-19 23:45:32.294  1362  1362 I SurfaceFlinger: destroyed Surface(name=a1a3f36 StatusBar)/@0x69ae81 - animation-leash of insets_animation#35137
06-19 23:45:32.294 19354 19354 D VRI[MainActivity]@db14feb: reportNextDraw android.view.ViewRootImpl.performTraversals:5443 android.view.ViewRootImpl.doTraversal:3924 android.view.ViewRootImpl$TraversalRunnable.run:12903 android.view.Choreographer$CallbackRecord.run:1901 android.view.Choreographer$CallbackRecord.run:1910
06-19 23:45:32.294 19354 19354 D VRI[MainActivity]@db14feb: Setup new sync=wmsSync-VRI[MainActivity]@db14feb#4
06-19 23:45:32.295 19354 19354 I VRI[MainActivity]@db14feb: Creating new active sync group VRI[MainActivity]@db14feb#5
06-19 23:45:32.295 19354 19354 D VRI[MainActivity]@db14feb: registerCallbacksForSync syncBuffer=false
06-19 23:45:32.295  1476  6895 I CameraService: onUidStateChanged: uid=10049, procState is changed. (0 -> 1)
06-19 23:45:32.297  1362  1362 I Layer   : id=35119 Destroyed Surface(name=b2ba1d5 NavigationBar0)/@0x108d35a - animation-leash of insets_animation#35119
06-19 23:45:32.297  2503  2503 W RefactorFlag: New code path expects SceneContainerFlag to be enabled.
06-19 23:45:32.297  1362  1362 I Layer   : id=35120 Destroyed Surface(name=a1a3f36 StatusBar)/@0x69ae81 - animation-leash of insets_animation#35120
06-19 23:45:32.297  1362  1362 I Layer   : id=35136 Destroyed Surface(name=b2ba1d5 NavigationBar0)/@0x108d35a - animation-leash of insets_animation#35136
06-19 23:45:32.297  2503  2503 D ExpandableNotifRow: mMaxSmallHeight different before reInflateViews mMaxSmallHeight: 203 mTempSmallHeight:0 0|com.whatsapp|1|OvmBtF+uSfs4NJh7cvinvdOaUTIKGjeLkFmW0mPW1Ag=|10383
06-19 23:45:32.297  2503  2503 D ExpandableNotifRow: mMaxSmallHeight different before reInflateViews mMaxSmallHeight: 203 mTempSmallHeight:0 0|com.whatsapp|1|OvmBtF+uSfs4NJh7cvinvdOaUTIKGjeLkFmW0mPW1Ag=|10383
06-19 23:45:32.297  1362  1362 I Layer   : id=35137 Destroyed Surface(name=a1a3f36 StatusBar)/@0x69ae81 - animation-leash of insets_animation#35137
06-19 23:45:32.299  2503  2503 D SamsungLightBarControlHelper: updateStatusBar (BLACK icon) numStacks:1, StatusBarMode:MODE_TRANSPARENT, lightBarBounds:[Rect(0, 0 - 1080, 2340)], StatusBarState:SHADE, packageName:, isWhiteKeyguardStatusBar:false
06-19 23:45:32.299  2503  2503 D SamsungLightBarControlHelper: onStatusBarAppearanceChanged() -  sbModeChanged:false, statusBarMode:0, barState:MODE_TRANSPARENT, isKeyguardShowing:false, navbarColorManagedByIme:false, (AppearanceRegion{LIGHT_STATUS_BARS bounds=[0,0][1080,2340]}, )
06-19 23:45:32.299  2503  2503 D NavigationBar: onSystemBarAttributesChanged() -  displayId:0, appearance:24, packageName: com.example.testeableapp (APPEARANCE_LIGHT_STATUS_BARS APPEARANCE_LIGHT_NAVIGATION_BARS ), navbarColorManagedByIme:false
06-19 23:45:32.299  2503  2503 D NavigationBar: onSystemBarAttributesChanged() -  displayId:0, appearance:16, packageName: com.example.testeableapp (APPEARANCE_LIGHT_NAVIGATION_BARS ), navbarColorManagedByIme:false
06-19 23:45:32.299  2503  2503 I LockscreenNotificationIconsOnlyController: onNotificationInfoUpdated 0
06-19 23:45:32.300  2503  2503 I AODNotificationManager: updateNotification()
06-19 23:45:32.301  2503  2567 I VRI[testeableapp]@a0ba531: onActiveControlsChanged, removed=false, mAdded=true, caller=android.view.ViewRootImpl.handleInsetsControlChanged:3002 android.view.ViewRootImpl$ViewRootHandler.handleMessageImpl:8352 android.view.ViewRootImpl$ViewRootHandler.handleMessage:8301 android.os.Handler.dispatchMessage:110 android.os.Looper.loopOnce:273
06-19 23:45:32.303  1342  8129 V APM_AudioPolicyManager: selectOutput new bestOutput 13 criteria 0 100 0 0 0 0 0 2
06-19 23:45:32.303  1342  8129 V APM_AudioPolicyManager: getOutput() stream 3 selected devices {AUDIO_DEVICE_OUT_SPEAKER, @:}, output 13
06-19 23:45:32.303  1328  1328 E SecVibrator-HAL-AIDL-CORE: V_2_0: Vibrator off
06-19 23:45:32.304  1328  1328 E SecVibrator-HAL-AIDL-CORE: HW_API: do_off
06-19 23:45:32.304  1328  1328 E SecVibrator-HAL-AIDL-CORE: HW_API: >> writeNode node:/timed_output/vibrator/enable val:0
06-19 23:45:32.305  1328  1328 E SecVibrator-HAL-AIDL-CORE: HW_API: << writeNode node OK : 2
06-19 23:45:32.307  1342  3245 V APM_AudioPolicyManager: selectOutput new bestOutput 13 criteria 0 100 0 0 0 0 0 2
06-19 23:45:32.307  1342  3245 V APM_AudioPolicyManager: getOutput() stream 3 selected devices {AUDIO_DEVICE_OUT_SPEAKER, @:}, output 13
06-19 23:45:32.307  1499 19515 I NuPlayerRenderer: checkAudioSinkPcmMsSetting 500
06-19 23:45:32.307  1499 19515 V AudioSink: open(44100, 2, 0x3, 0x1, 0, 180329 0x0)
06-19 23:45:32.309  1342  3245 V APM_AudioPolicyManager: selectOutput new bestOutput 13 criteria 0 100 0 0 0 0 0 2
06-19 23:45:32.309  1342  3245 V APM_AudioPolicyManager: getOutput() stream 5 selected devices {AUDIO_DEVICE_OUT_SPEAKER, @:}, output 13
06-19 23:45:32.310 19354 19354 I View    : setRequestedFrameRate frameRate=0.0, this=androidx.compose.ui.platform.AndroidComposeView{b2fb9f4 VFED..... ........ 0,0-1080,2340 aid=1073741824}, caller=android.view.ViewGroup.setRequestedFrameRate:9952 androidx.compose.ui.platform.Api35Impl.setRequestedFrameRate:3314 androidx.compose.ui.platform.AndroidComposeView.dispatchDraw:1949 android.view.View.draw:26345 android.view.View.updateDisplayListIfDirty:25175
06-19 23:45:32.310 19354 19354 I View    : setRequestedFrameRate frameRate=-4.0, this=android.view.View{a0f5329 V.ED..... ......I. 0,0-0,0}, caller=androidx.compose.ui.platform.Api35Impl.setRequestedFrameRate:3314 androidx.compose.ui.platform.AndroidComposeView.dispatchDraw:1950 android.view.View.draw:26345 android.view.View.updateDisplayListIfDirty:25175 android.view.View.draw:26072
06-19 23:45:32.312 19354 19392 D VRI[MainActivity]@db14feb: Received frameDrawingCallback syncResult=0 frameNum=1.
06-19 23:45:32.313 19354 19392 I VRI[MainActivity]@db14feb: mWNT: t=0xb400006f2bc2aa10 mBlastBufferQueue=0xb40000707bc092c0 fn= 1 HdrRenderState mRenderHdrSdrRatio=1.0 caller= android.view.ViewRootImpl$12.onFrameDraw:15441 android.view.ThreadedRenderer$1.onFrameDraw:718 <bottom of call stack>
06-19 23:45:32.313 19354 19392 I VRI[MainActivity]@db14feb: Setting up sync and frameCommitCallback
06-19 23:45:32.313 19354 19376 I BLASTBufferQueue: [VRI[MainActivity]@db14feb#2](f:0,a:0,s:0) onFrameAvailable the first frame is available
06-19 23:45:32.313  1342  3245 V APM_AudioPolicyManager: selectOutput new bestOutput 13 criteria 0 100 0 0 0 0 0 2
06-19 23:45:32.313  1342  3245 V APM_AudioPolicyManager: getOutput() stream 5 selected devices {AUDIO_DEVICE_OUT_SPEAKER, @:}, output 13
06-19 23:45:32.314 19354 19376 I VRI[MainActivity]@db14feb: Received frameCommittedCallback lastAttemptedDrawFrameNum=1 didProduceBuffer=true
06-19 23:45:32.314  1499 19515 V AudioSink: no track available to recycle
06-19 23:45:32.314  1499 19515 V AudioSink: creating new AudioTrack
06-19 23:45:32.315 19354 19376 D HWUI    : CFMS:: SetUp Pid : 19354    Tid : 19376
06-19 23:45:32.315 19354 19354 D VRI[MainActivity]@db14feb: reportDrawFinished seqId=0
06-19 23:45:32.315  1362  1545 I SurfaceFlinger: [com.example.testeableapp/com.example.testeableapp.MainActivity$_19354#35135] setTransactionState with the first frame. bufferData(ID: 83124797046795, frameNumber: 1)
06-19 23:45:32.315  1593  1663 D SurfaceComposerClient: setCornerRadius ## 250a86 Splash Screen com.example.testeableapp#35130 cornerRadius=0.000000
06-19 23:45:32.316  1593  1663 D SurfaceComposerClient: setCornerRadius ## c0633ae com.example.testeableapp/com.example.testeableapp.MainActivity#35129 cornerRadius=0.000000
06-19 23:45:32.316 19354 19354 I InsetsSourceConsumer: applyRequestedVisibilityToControl: visible=true, type=navigationBars, host=com.example.testeableapp/com.example.testeableapp.MainActivity
06-19 23:45:32.317 19354 19354 I InsetsSourceConsumer: applyRequestedVisibilityToControl: visible=true, type=statusBars, host=com.example.testeableapp/com.example.testeableapp.MainActivity
06-19 23:45:32.317  1593  1663 D SurfaceComposerClient: setCornerRadius ## 250a86 Splash Screen com.example.testeableapp#35130 cornerRadius=0.000000
06-19 23:45:32.318  1342  3245 V APM_AudioPolicyManager: getOutputForAttrInt() attributes={ Content type: AUDIO_CONTENT_TYPE_SONIFICATION Usage: AUDIO_USAGE_NOTIFICATION Source: AUDIO_SOURCE_INVALID Flags: 0x800 Tags:  } stream=AUDIO_STREAM_NOTIFICATION session 180329 selectedDeviceId 0
06-19 23:45:32.318  1362  1545 I SurfaceFlinger: id=35140 createSurf, flag=24000, Surface(name=c0633ae com.example.testeableapp/com.example.testeableapp.MainActivity)/@0x7b5ae17 - animation-leash of starting_reveal#35140
06-19 23:45:32.319 27321 18843 I NearbySharing: Network state changed: NetworkState(isRestricted=false, isOnline=true, isCongested=false, isMetered=false, isWifiConnected=true)
06-19 23:45:32.319  1342  3245 V APM_AudioPolicyManager: getOutputForAttrInt() device {AUDIO_DEVICE_OUT_SPEAKER, @:}, sampling rate 44100, format 0x1, channel mask 0x3, flags 0x600002 stream AUDIO_STREAM_NOTIFICATION
06-19 23:45:32.319  1342  3245 V APM_AudioPolicyManager: selectOutput new bestOutput 13 criteria 0 100 0 0 0 1 4 2
06-19 23:45:32.319  1342  3245 V APM_AudioPolicyManager: getOutputForAttrInt returns output 13 selectedDeviceIds 3
06-19 23:45:32.319  1593  1663 D SurfaceComposerClient: setCornerRadius ## c0633ae com.example.testeableapp/com.example.testeableapp.MainActivity#35129 cornerRadius=0.000000
06-19 23:45:32.319  1342  3245 V APM_AudioPolicyManager: getOutputForAttr() returns output 13 requestedPortIds AUDIO_PORT_HANDLE_NONE selectedDeviceIds 3 for port ID 24611
06-19 23:45:32.319  1342  3245 I AudioFlinger: nonSecFlag 0, secFlag 600000, outputFlags 2
06-19 23:45:32.320  2503  2557 D ShellTaskOrganizer: removeStartingWindow, removalInfo=StartingWindowRemovalInfo{taskId=561 frame=Rect(0, 0 - 1080, 2340) playRevealAnimation=true roundedCornerRadius=0.0 deferRemoveMode=0 windowlessSurface=false removeImmediately=false}
06-19 23:45:32.320  1593  1663 D SurfaceComposerClient: setCornerRadius ## 250a86 Splash Screen com.example.testeableapp#35130 cornerRadius=0.000000
06-19 23:45:32.320  1593  1663 D SurfaceComposerClient: setCornerRadius ## c0633ae com.example.testeableapp/com.example.testeableapp.MainActivity#35129 cornerRadius=0.000000
06-19 23:45:32.320  1593  1663 D SurfaceComposerClient: setCornerRadius ## 250a86 Splash Screen com.example.testeableapp#35130 cornerRadius=0.000000
06-19 23:45:32.320  1593  1663 D SurfaceComposerClient: setCornerRadius ## c0633ae com.example.testeableapp/com.example.testeableapp.MainActivity#35129 cornerRadius=0.000000
06-19 23:45:32.321  1593  3605 I SemDvfsHyPerManager: acquire hyper - AMS_RESUME_TAIL/1593@17, type = -999
06-19 23:45:32.321  1342  3245 D AudioFlinger: Client defaulted notificationFrames to 7350 for frameCount 22050
06-19 23:45:32.321  1275  1361 I HYPER-HAL: [RequestManager.cpp]acquire(): Acquired ID : 1296872  [1593 / 17]    HINT : AMS_RESUME_TAIL    list :
06-19 23:45:32.321  1342  3245 I AF::PthrPatchRecord: creating track with enforcement level 0
06-19 23:45:32.321  1593  3605 I SemDvfsHyPerManager: acquire hyper - AMS_ACT_LAZY/1593@18, type = -999
06-19 23:45:32.322  1275  1361 I HYPER-HAL: [RequestManager.cpp]releaseLocked(): Released ID : 1304942
06-19 23:45:32.322  1593  1659 I PkgPredictorService-SecIpmManagerServiceImpl: reportToNAP uid:10355 com.example.testeableapp/com.example.testeableapp.MainActivity thisTime:298
06-19 23:45:32.322  1593  1659 D PkgPredictorService-SecIpmManagerServiceImpl: reportToNAP: mHeavyLaunchCounter is false
06-19 23:45:32.324  1342  3245 I AF::Track: setMixerOutConfig expectKey 202
06-19 23:45:32.325  1342  3245 I AF::Track: setMixerOutConfig select, mixer out f 5, s 48000, thread out f 1, s 48000
06-19 23:45:32.325  1593  1659 I ActivityTaskManager: Displayed com.example.testeableapp/.MainActivity for user 0: +298ms
06-19 23:45:32.325  3332  3332 E pageboostd: Received HALT command code 2
06-19 23:45:32.327  1362  1362 I SurfaceFlinger: [Surface(name=c0633ae com.example.testeableapp/com.example.testeableapp.MainActivity)/@0x7b5ae17 - animation-leash of starting_reveal#35140] attach to parent LayerHierarchy{RequestedLayerState{ActivityRecord{263851774 u0 com.example.testeableapp/.MainActivity t561}#35128 parentId=35127} 4 children}
06-19 23:45:32.328  2503  2606 I VRI[testeableapp]@a0ba531: mWNT: t=0xb400006f2beb3e10 mBlastBufferQueue=0xb40000707c4fa140 fn= 2 HdrRenderState mRenderHdrSdrRatio=1.0 caller= android.view.SyncRtSurfaceTransactionApplier.applyTransaction:100 android.view.SyncRtSurfaceTransactionApplier.lambda$scheduleApply$0:73 android.view.SyncRtSurfaceTransactionApplier.$r8$lambda$afI4fXg3U3-nBZQEDQMiNy-B06s:0
06-19 23:45:32.328  2503  2606 I VRI[testeableapp]@a0ba531: mWNT: t=0xb400006f2be5aa10 mBlastBufferQueue=0xb40000707c4fa140 fn= 2 HdrRenderState mRenderHdrSdrRatio=1.0 caller= android.view.SyncRtSurfaceTransactionApplier.applyTransaction:100 android.view.SyncRtSurfaceTransactionApplier.lambda$scheduleApply$0:73 android.view.SyncRtSurfaceTransactionApplier.$r8$lambda$afI4fXg3U3-nBZQEDQMiNy-B06s:0
06-19 23:45:32.332  1499 19515 V AudioSink: deleteRecycledTrack_l
06-19 23:45:32.332  1499 19515 V AudioSink: setVolume
06-19 23:45:32.332  1499 19515 D AudioTrack: setVolume(1.000000, 1.000000) pid : 2503
06-19 23:45:32.339  1499 19515 V AudioSink: updateTrack() DONE status 0
06-19 23:45:32.339  1499 19515 V AudioSink: setPlaybackRate(1.000000 1.000000 2 0)
06-19 23:45:32.339  1499 19515 V AudioSink: start
06-19 23:45:32.339  1499 19515 D AudioTrack: setVolume(1.000000, 1.000000) pid : 2503
06-19 23:45:32.339  1499 19515 I SAG_VOR_a64: VoiceActivityDetectionInit() Version Samsung VAD v3.0 a64 2020.06.22)
06-19 23:45:32.341  1342  3245 I AF::Track: setMixerOutConfig expectKey 202
06-19 23:45:32.341  1342  3245 I AF::Track: setMixerOutConfig select, mixer out f 5, s 48000, thread out f 1, s 48000
06-19 23:45:32.342  1342  3245 V APM_AudioPolicyManager: startOutput portId 24611
06-19 23:45:32.342  1342  3245 V APM_AudioPolicyManager: startOutput() output 13, stream 5, session 180329
06-19 23:45:32.342  1342  3245 V APM_AudioPolicyManager: setBeaconMute(1) mBeaconMuteRefCount=2 mBeaconPlayingRefCount=0
06-19 23:45:32.342  1342  3245 V APM_AudioPolicyManager: getNewOutputDevices selected devices {AUDIO_DEVICE_OUT_SPEAKER, @:}
06-19 23:45:32.343  1342  3245 V APM_AudioPolicyManager: setOutputDevices caller startSource[[portId:1][io:13, primary output]] device {AUDIO_DEVICE_OUT_SPEAKER, @:} delayMs 0
06-19 23:45:32.343  1342  3245 V APM_AudioPolicyManager: setOutputDevices: caller startSource[[portId:1][io:13, primary output]] suppressing checkDeviceMuteStrategies
06-19 23:45:32.343  1342  3245 V APM_AudioPolicyManager: setOutputDevices caller startSource[[portId:1][io:13, primary output]] changing device to {AUDIO_DEVICE_OUT_SPEAKER, @:} (prevDevice {AUDIO_DEVICE_OUT_SPEAKER, @:})
06-19 23:45:32.344  1362  1362 I SurfaceFlinger: RequestedLayer [com.example.testeableapp/com.example.testeableapp.MainActivity$_19354#35135] hidden!! flag  from(1) --> to(0)
06-19 23:45:32.344  1362  1362 I SurfaceFlinger: [LayerHierarchy{RequestedLayerState{c0633ae com.example.testeableapp/com.example.testeableapp.MainActivity#35129 parentId=35140} 1 children}] reparent to LayerHierarchy{RequestedLayerState{Surface(name=c0633ae com.example.testeableapp/com.example.testeableapp.MainActivity)/@0x7b5ae17 - animation-leash of starting_reveal#35140 parentId=35128} 1 children}
06-19 23:45:32.344  2503  2605 I VRI[testeableapp]@a0ba531: mWNT: t=0xb400006f2bc10450 mBlastBufferQueue=0xb40000707c4fa140 fn= 3 HdrRenderState mRenderHdrSdrRatio=1.0 caller= android.view.SyncRtSurfaceTransactionApplier.applyTransaction:100 android.view.SyncRtSurfaceTransactionApplier.lambda$scheduleApply$0:73 android.view.SyncRtSurfaceTransactionApplier.$r8$lambda$afI4fXg3U3-nBZQEDQMiNy-B06s:0
06-19 23:45:32.358  1362  1362 D SurfaceFlinger: Display 4633128672291735931 HWC layers:
06-19 23:45:32.358  1362  1362 D SurfaceFlinger:        CLIENT |           15990163243173 | 00002102 | RGBA_8888    |  294.0    0.0 1080.0 2340.0 |    0    0 1080 2340 | com.android.settings/com.android.settings.SubSettings$_3723#35118 (21)
06-19 23:45:32.358  1362  1362 D SurfaceFlinger:   SOLID_COLOR |                        0 | 00000000 | N/A          |    0.0    0.0    0.0    0.0 |    0    0 1080 2340 | DimTransitionLayer for Surface(name=Task=561)/@0xc188f95#35133 (0)
06-19 23:45:32.358  1362  1362 D SurfaceFlinger:        DEVICE |           83124797046795 | 00002102 | RGBA_8888    |    0.0    0.0  939.0 2284.0 |  141   56 1080 2340 | com.example.testeableapp/com.example.testeableapp.MainActivity$_19354#35135 (1)
06-19 23:45:32.358  1362  1362 D SurfaceFlinger:        DEVICE |           10750303185104 | 00002100 | RGBA_8888    |    0.0    0.0  939.0 2340.0 |  141    0 1080 2340 | Splash Screen com.example.testeableapp$_2503#35131 (2)
06-19 23:45:32.358  1362  1362 D SurfaceFlinger:        DEVICE |           10750303184997 | 00002100 | RGBA_8888    |    0.0    0.0 1080.0   77.0 |    0    0 1080   77 | StatusBar$_2503#111 (52353)
06-19 23:45:32.358  1362  1362 D SurfaceFlinger:        DEVICE |           12743167976380 | 00002100 | RGBA_8888    |    0.0
06-19 23:45:32.358  1362  1362 D SurfaceFlinger:   0.0   67.0  342.0 | 1013  821 1080 1163 | com.sec.android.app.launcher/com.sam[...]l.app.CocktailBarService$_2967#35048 (1)
06-19 23:45:32.358  1362  1362 D SurfaceFlinger:        DEVICE |           10750303185001 | 00002100 | RGBA_8888    |    0.0    0.0 1080.0  135.0 |    0 2205 1080 2340 | NavigationBar0$_2503#107 (27233)
06-19 23:45:32.358  1362  1362 D SurfaceFlinger:        DEVICE |           70158290780194 | 00002100 | RGBA_8888    |    0.0    0.0 1080.0 2340.0 |    0    0 1080 2340 | EdgeLightingWindow$_16335#35072 (43)
06-19 23:45:32.358  1362  1362 D SurfaceFlinger:
06-19 23:45:32.359  1593  3763 D InputDispatcher: Focus entered window (0): c0633ae com.example.testeableapp/com.example.testeableapp.MainActivity
06-19 23:45:32.359 19354 19354 D VRI[MainActivity]@db14feb: mThreadedRenderer.initializeIfNeeded()#2 mSurface={isValid=true 0xb400006f8bc75690}
06-19 23:45:32.360 19354 19354 D InputMethodManagerUtils: startInputInner - Id : 0
06-19 23:45:32.360 19354 19354 I InputMethodManager: startInputInner - IInputMethodManagerGlobalInvoker.startInputOrWindowGainedFocus
06-19 23:45:32.362  2503  2606 I VRI[testeableapp]@a0ba531: mWNT: t=0xb400006f2be5d410 mBlastBufferQueue=0xb40000707c4fa140 fn= 4 HdrRenderState mRenderHdrSdrRatio=1.0 caller= android.view.SyncRtSurfaceTransactionApplier.applyTransaction:100 android.view.SyncRtSurfaceTransactionApplier.lambda$scheduleApply$0:73 android.view.SyncRtSurfaceTransactionApplier.$r8$lambda$afI4fXg3U3-nBZQEDQMiNy-B06s:0
06-19 23:45:32.363  1593  1864 I ImeTracker: com.example.testeableapp:24f3445b: onRequestHide at ORIGIN_SERVER reason HIDE_UNSPECIFIED_WINDOW fromUser false
06-19 23:45:32.364 19354 19354 I InputMethodManager: handleMessage: setImeVisibility visible=false
06-19 23:45:32.364 19354 19354 D InsetsController: hide(ime(), fromIme=false)
06-19 23:45:32.364 19354 19354 I ImeTracker: com.example.testeableapp:24f3445b: onCancelled at PHASE_CLIENT_ALREADY_HIDDEN
06-19 23:45:32.367  1593  1864 D InputTransport: Input channel constructed: 'ClientS', fd=1058
06-19 23:45:32.368  1593  1864 D InputTransport: Input channel destroyed: 'ClientS', fd=1058
06-19 23:45:32.368 19354 19406 D InputTransport: Input channel constructed: 'ClientS', fd=140
06-19 23:45:32.369  6035  6035 I HBD     : HoneyBoardService onFinishInput
06-19 23:45:32.369  6035  6035 I HBD     : a IC have been unbinding,  RemoteInputConnection{idHash=#391a351}
06-19 23:45:32.370  6035  6035 I HBD     : HoneyBoardService [PF_CL][onFinishInput]  1 ms
06-19 23:45:32.370  6035  6035 I HBD     : HoneyBoardService [IMI] onStartInput - caller pid : 19354 , caller uid : 10355
06-19 23:45:32.370  6035  6035 I HBD     : k updateConfigs
06-19 23:45:32.370  3723  3723 D InputTransport: Input channel destroyed: 'ClientS', fd=301
06-19 23:45:32.370  6035  6035 I HBD     : k isEnabledNightMode : true
06-19 23:45:32.370  6035  6035 I HBD     : a IC have been binding, RemoteInputConnection{idHash=#251cbbc}
06-19 23:45:32.370  6035  6035 I HBD     : h [EditorInputType]setPrivateImeOptionsToTable privateImeOptions ( null )
06-19 23:45:32.370  6035  6035 I HBD     : b incognitoMode : false
06-19 23:45:32.370  6035  6035 I HBD     : c needOff = true , isForceOff = false, isNullInputClass : true
06-19 23:45:32.370  6035  6035 I HBD     : h getDefaultInputRange : UNKNOWN
06-19 23:45:32.370  6035  6035 I HBD     : h getDefaultInputRange : UNKNOWN
06-19 23:45:32.370  6035  6035 I HBD     : h getDefaultInputRange : UNKNOWN
06-19 23:45:32.371  1362  1376 I SurfaceFlinger: id=35141 createSurf, flag=24004, Surface(name=7490dd7 InputMethod)/@0x5cfd4e2 - animation-leash of insets_animation#35141
06-19 23:45:32.371  6035  6035 I HBD     : c needOff = true , isForceOff = false, isNullInputClass : true
06-19 23:45:32.371  6035  6035 I HBD     : c update cached prediction status : false
06-19 23:45:32.371  6035  6035 I HBD     : h getDefaultInputRange : UNKNOWN
06-19 23:45:32.371  6035  6035 I HBD     : a currentState : 0
06-19 23:45:32.372  6035  6035 I HBD     : a [UpdatePolicy] [post] a: 0 cl: 1179717 kit: [0/11] vt: 0 ir: 1
06-19 23:45:32.372  1593  3763 I ImeTracker: system_server:1c40bc34: onRequestHide at ORIGIN_SERVER reason IME_REQUESTED_CHANGED_LISTENER fromUser false
06-19 23:45:32.373  6035  6035 I HBD     : a [NRIC] resetNoResponseState
06-19 23:45:32.373  6035  6035 I HBD     : c needOff = true , isForceOff = false, isNullInputClass : true
06-19 23:45:32.373  6035  6035 I HBD     : c update cached prediction status : false
06-19 23:45:32.373  6035  6035 I HBD     : b [AiWriter] setContact : com.example.testeableapp
06-19 23:45:32.373  6035  6035 I HBD     : a [AiWriter] setContact : com.example.testeableapp
06-19 23:45:32.373  6035  6035 I HBD     : o0 EBD si S 0
06-19 23:45:32.373  6035  6035 I HBD     : r updateContactDBLanguage : 0
06-19 23:45:32.373  6035  6035 I HBD     : a [UpdatePolicy] [post] a: 31 cl: 1179717 kit: [0/11] vt: 0 ir: 1
06-19 23:45:32.373  6035  6035 I HBD     : HoneyBoardService [PF_OP][onStartInput]  3 ms
06-19 23:45:32.373  1593  1663 D SurfaceComposerClient: setCornerRadius ## 250a86 Splash Screen com.example.testeableapp#35130 cornerRadius=0.000000
06-19 23:45:32.374  1593  1663 D SurfaceComposerClient: setCornerRadius ## c0633ae com.example.testeableapp/com.example.testeableapp.MainActivity#35129 cornerRadius=0.000000
06-19 23:45:32.375  1593  1662 I ImeTracker: system_server:1c40bc34: onCancelled at PHASE_SERVER_SHOULD_HIDE
06-19 23:45:32.377  1362  1362 I SurfaceFlinger: [Surface(name=7490dd7 InputMethod)/@0x5cfd4e2 - animation-leash of insets_animation#35141] attach to parent LayerHierarchy{RequestedLayerState{WindowToken{f9f4abc type=2011 android.os.Binder@9c6b6af}#132 parentId=15} 2 children}
06-19 23:45:32.380  1593  3763 I WindowManager: Relayout Window{250a86 u0 Splash Screen com.example.testeableapp}: viewVisibility=8 req=1080x2340 ty=3 d0
06-19 23:45:32.380  6035 10908 I HBD     : a [SKE_SPECIFIC] specific model[com.example.testeableapp] loaded, 5971769 ns
06-19 23:45:32.380  1593  3763 D SurfaceComposerClient: setCornerRadius ## c0633ae com.example.testeableapp/com.example.testeableapp.MainActivity#35129 cornerRadius=0.000000
06-19 23:45:32.381  1593  3763 D SurfaceComposerClient: setCornerRadius ## 250a86 Splash Screen com.example.testeableapp#35130 cornerRadius=0.000000
06-19 23:45:32.381  1593  3763 D SurfaceComposerClient: setCornerRadius ## c0633ae com.example.testeableapp/com.example.testeableapp.MainActivity#35129 cornerRadius=0.000000
06-19 23:45:32.382  1593  3763 I WindowManager: Relayout hash=250a86, pid=2503, syncId=-1: mAttrs={(0,0)(fillxfill) sim={adjust=pan} layoutInDisplayCutoutMode=always ty=APPLICATION_STARTING fmt=TRANSLUCENT wanim=0x1030317
