06-19 23:45:31.221  3723 15925 D SecTileUtils: setMetaData key : Pair{com.samsung.android.app.dressroom com.samsung.android.app.dressroom.presentation.landing.AdvancedIntelligenceActivity} , categoryKey com.samsung.android.settings.category.ia.intelligenceservice
06-19 23:45:31.221  3723 15925 D SecTileUtils: setMetaData key : Pair{com.samsung.android.app.telephonyui com.samsung.android.app.telephonyui.callsettings.ui.preference.CallSettingsActivity} , categoryKey com.samsung.android.settings.category.ia.intelligenceservice
06-19 23:45:31.221  3723 15925 D SecTileUtils: setMetaData key : Pair{com.samsung.android.honeyboard com.samsung.android.honeyboard.settings.aiwriter.WritingAssistSettings} , categoryKey com.samsung.android.settings.category.ia.intelligenceservice
06-19 23:45:31.221  3723 15925 D SecTileUtils: setMetaData key : Pair{com.samsung.android.smartsuggestions com.samsung.android.smartsuggestions.briefsettings.BriefMainSettingsActivity} , categoryKey com.samsung.android.settings.category.ia.intelligenceservice
06-19 23:45:31.221  3723 15925 D SecTileUtils: setMetaData key : Pair{com.sec.android.app.vepreload com.sec.android.app.vepreload.singleedit.activity.AutoTrimSettingActivity} , categoryKey com.samsung.android.settings.category.ia.intelligentfeatures
06-19 23:45:31.221  3723 15925 D SecTileUtils: setMetaData key : Pair{com.sec.android.app.vepreload com.sec.android.app.vepreload.singleedit.activity.AudioEraserSettingActivity} , categoryKey com.samsung.android.settings.category.ia.intelligenceservice
06-19 23:45:31.221  3723 15925 D SecTileUtils: setMetaData key : Pair{com.sec.android.gallery3d com.samsung.android.gallery.settings.activity.EditSuggestionsActivity} , categoryKey com.samsung.android.settings.category.ia.intelligentfeatures
06-19 23:45:31.221  3723 15925 D SecTileUtils: setMetaData key : Pair{com.sec.android.mimage.photoretouching com.sec.android.mimage.photoretouching.BestFaceSettingsActivity} , categoryKey com.samsung.android.settings.category.ia.intelligentfeatures
06-19 23:45:31.221  3723 15925 D SecTileUtils: setMetaData key : Pair{com.sec.android.mimage.photoretouching com.sec.android.mimage.photoretouching.AIRemoverSettingsActivity} , categoryKey com.samsung.android.settings.category.ia.intelligentfeatures
06-19 23:45:31.221  3723 15925 D SecTileUtils: setMetaData key : Pair{com.samsung.android.app.notes com.samsung.android.support.senl.nt.app.settings.SettingsActivity} , categoryKey com.samsung.android.settings.category.ia.intelligenceservice
06-19 23:45:31.221  3723 15925 D SecTileUtils: setMetaData key : Pair{com.sec.android.app.sbrowser com.sec.android.app.sbrowser.settings.SettingsActivity} , categoryKey com.samsung.android.settings.category.ia.intelligenceservice
06-19 23:45:31.221  3723 15925 D SecTileUtils: setMetaData key : Pair{com.sec.android.app.sbrowser com.sec.android.app.sbrowser.settings.SettingsActivityIntelligentFeatures} , categoryKey com.samsung.android.settings.category.ia.intelligentfeatures
06-19 23:45:31.221  3723 15925 D SecTileUtils: setMetaData key : Pair{com.sec.android.app.voicenote com.sec.android.app.voicenote.activity.TranscriptionAssistActivity} , categoryKey com.samsung.android.settings.category.ia.intelligenceservice
06-19 23:45:31.222  3723 15925 I SecTileUtils: loadTilesForAction com.android.settings.action.EXTRA_SETTINGS
06-19 23:45:31.222  3723 15925 D SecTileUtils: setMetaData key : Pair{com.google.android.gms com.google.android.gms.app.settings.GoogleSettingsLink} , categoryKey com.android.settings.category.personal
06-19 23:45:31.222  1362  1545 I SurfaceFlinger: id=35120 createSurf, flag=24000, Surface(name=a1a3f36 StatusBar)/@0x69ae81 - animation-leash of insets_animation#35120
06-19 23:45:31.222  3723 15925 I SecTileUtils: loadTilesForAction com.android.settings.action.IA_SETTINGS
06-19 23:45:31.223  1593  2726 D NotificationHighlightCore: isNonImportantNotification skip isGroupSummary
06-19 23:45:31.225  1593  3774 I SystemKeyManager: requested systemKeyInfo size=1 focusedWindow=com.android.settings/com.android.settings.SubSettings
06-19 23:45:31.227  1593  3774 I WindowManager: Relayout hash=6bbfc8e, pid=3723, syncId=-1: mAttrs={(0,0)(fillxfill) sim={adjust=resize forwardNavigation} layoutInDisplayCutoutMode=always ty=BASE_APPLICATION wanim=0x1030306
06-19 23:45:31.227  1593  3774 I WindowManager:   fl=81810100
06-19 23:45:31.227  1593  3774 I WindowManager:   pfl=10088840
06-19 23:45:31.227  1593  3774 I WindowManager:   bhv=1
06-19 23:45:31.227  1593  3774 I WindowManager:   fitSides=0
06-19 23:45:31.227  1593  3774 I WindowManager:   frameRateBoostOnTouch=true
06-19 23:45:31.227  1593  3774 I WindowManager:   dvrrWindowFrameRateHint=true naviIconColor=0
06-19 23:45:31.227  1593  3774 I WindowManager:   sfl=1}
06-19 23:45:31.228  3723  3723 I BLASTBufferQueue_Java: new BLASTBufferQueue, mName= VRI[SubSettings]@f0a4302 mNativeObject= 0xb40000707bc284b0 caller= android.view.ViewRootImpl.updateBlastSurfaceIfNeeded:3585 android.view.ViewRootImpl.relayoutWindow:11685 android.view.ViewRootImpl.performTraversals:4804 android.view.ViewRootImpl.doTraversal:3924 android.view.ViewRootImpl$TraversalRunnable.run:12903 android.view.Choreographer$CallbackRecord.run:1901 android.view.Choreographer$CallbackRecord.run:1910 android.view.Choreographer.doCallbacks:1367 android.view.Choreographer.doFrame:1292 android.view.Choreographer$FrameDisplayEventReceiver.run:1870
06-19 23:45:31.228  3723  3723 I BLASTBufferQueue_Java: update, w= 1080 h= 2340 mName = VRI[SubSettings]@f0a4302 mNativeObject= 0xb40000707bc284b0 sc.mNativeObject= 0xb400006f1bc137d0 format= -1 caller= android.view.ViewRootImpl.updateBlastSurfaceIfNeeded:3590 android.view.ViewRootImpl.relayoutWindow:11685 android.view.ViewRootImpl.performTraversals:4804 android.view.ViewRootImpl.doTraversal:3924 android.view.ViewRootImpl$TraversalRunnable.run:12903 android.view.Choreographer$CallbackRecord.run:1901
06-19 23:45:31.228  1593  2726 W ParceledListSlice: Element #46 is 21592 bytes.
06-19 23:45:31.229  3723  3723 I VRI[SubSettings]@f0a4302: Relayout returned: old=(0,0,1080,2340) new=(0,0,1080,2340) relayoutAsync=false req=(1080,2340)0 dur=13 res=0x3 s={true 0xb400006f8bcc9e70} ch=true seqId=0
06-19 23:45:31.230  3723 15925 D SecTileUtils: setMetaData key : Pair{com.google.android.gms com.google.android.gms.security.settings.VerifyAppsSettingsActivity} , categoryKey com.android.settings.category.ia.security
06-19 23:45:31.230  3723 15925 D SecTileUtils: setMetaData key : Pair{com.google.android.gms com.google.android.gms.mdm.settings.FindMyDeviceSettingsActivity} , categoryKey com.android.settings.category.ia.security
06-19 23:45:31.230  3723 15925 D SecTileUtils: setMetaData key : Pair{com.google.android.gms com.google.android.gms.update.SystemUpdateActivity} , categoryKey com.android.settings.category.ia.security
06-19 23:45:31.230  3723 15925 D SecTileUtils: setMetaData key : Pair{com.android.vending com.google.android.finsky.systemupdateactivity.SystemUpdateActivity} , categoryKey com.android.settings.category.ia.security
06-19 23:45:31.230  3723 15925 W SecTileUtils: Found com.google.android.apps.carrier.carrierwifi.appinfo.AppInfoSettingsActivity for intent Intent { act=com.android.settings.action.IA_SETTINGS } missing metadata com.android.settings.category
06-19 23:45:31.230  3723 15925 D SecTileUtils: setMetaData key : Pair{com.google.android.apps.restore com.google.android.apps.restore.restoreanytime.trampoline.Trampoline} , categoryKey com.android.settings.category.ia.accounts_and_backup
06-19 23:45:31.230  3723 15925 D SecTileUtils: setMetaData key : Pair{com.google.android.as com.google.android.apps.miphone.aiai.captions.settingsui.settingsactivity.CaptionsSettingsActivity} , categoryKey com.android.settings.category.ia.sound
06-19 23:45:31.230  3723 15925 D SecTileUtils: setMetaData key : Pair{com.google.android.as com.google.android.apps.miphone.aiai.settings.ui.user.AsiSettingsActivity} , categoryKey com.android.settings.category.ia.privacy
06-19 23:45:31.230  3723 15925 D SecTileUtils: setMetaData key : Pair{com.google.android.gms com.google.android.gms.accountsettings.ui.PrivacyHubActivityControlsActivity} , categoryKey com.android.settings.category.ia.privacy
06-19 23:45:31.230  3723 15925 D SecTileUtils: setMetaData key : Pair{com.google.android.gms com.google.android.gms.adsidentity.settings.AdsIdentityIaSettingsActivity} , categoryKey com.android.settings.category.ia.privacy
06-19 23:45:31.230  3723 15925 D SecTileUtils: setMetaData key : Pair{com.google.android.gms com.google.android.gms.auth.proximity.multidevice.SettingsActivity} , categoryKey com.android.settings.category.ia.device
06-19 23:45:31.230  3723 15925 W SecTileUtils: Found com.google.android.gms.auth.proximity.multidevice.SettingsMaterialNextActivity for intent Intent { act=com.android.settings.action.IA_SETTINGS } missing metadata
06-19 23:45:31.230  3723 15925 D SecTileUtils: setMetaData key : Pair{com.google.android.gms com.google.android.gms.app.settings.GoogleSettingsIALink} , categoryKey com.android.settings.category.ia.homepage
06-19 23:45:31.230  3723 15925 D SecTileUtils: setMetaData key : Pair{com.google.android.gms com.google.android.gms.location.settings.DrivingBehaviorPlatformSettingsActivity} , categoryKey com.android.settings.category.ia.emergency
06-19 23:45:31.230  3723 15925 D SecTileUtils: setMetaData key : Pair{com.google.android.gms com.google.android.gms.location.settings.EAlertPlatformSettingsActivity} , categoryKey com.android.settings.category.ia.emergency
06-19 23:45:31.230  3723 15925 D SecTileUtils: setMetaData key : Pair{com.google.android.gms com.google.android.gms.autofill.ui.AutofillSettingsPrivacyHubActivity} , categoryKey com.android.settings.category.ia.privacy
06-19 23:45:31.230  3723 15925 D SecTileUtils: setMetaData key : Pair{com.google.android.gms com.google.android.gms.backup.navroot.BackupSettingsNavRootActivity} , categoryKey com.android.settings.category.ia.accounts_and_backup
06-19 23:45:31.230  3723 15925 D SecTileUtils: setMetaData key : Pair{com.google.android.gms com.google.android.gms.crisisalerts.settings.CrisisAlertsPlatformSettingsActivity} , categoryKey com.android.settings.category.ia.emergency
06-19 23:45:31.230  3723  3723 D VRI[SubSettings]@f0a4302: mThreadedRenderer.initialize() mSurface={isValid=true 0xb400006f8bcc9e70} hwInitialized=true
06-19 23:45:31.231  3723 15925 D SecTileUtils: setMetaData key : Pair{com.google.android.gms com.google.android.gms.multidevice.ui.link.LinkDevicesSettingsAppCompatActivity} , categoryKey com.android.settings.category.ia.device
06-19 23:45:31.231  3723  3723 D VRI[SubSettings]@f0a4302: reportNextDraw android.view.ViewRootImpl.performTraversals:5443 android.view.ViewRootImpl.doTraversal:3924 android.view.ViewRootImpl$TraversalRunnable.run:12903 android.view.Choreographer$CallbackRecord.run:1901 android.view.Choreographer$CallbackRecord.run:1910
06-19 23:45:31.231  3723 15925 D SecTileUtils: setMetaData key : Pair{com.google.android.gms com.google.android.personalsafety.settings.BleTagPlatformSettingsActivity} , categoryKey com.android.settings.category.ia.emergency
06-19 23:45:31.231  3723 15925 D SecTileUtils: setMetaData key : Pair{com.google.android.gms com.google.android.gms.safebrowsing.settings.SafeBrowsingSettingsActivityAdvancedSettings} , categoryKey com.google.android.settings.category.ia.advanced_security
06-19 23:45:31.231  3723 15925 D SecTileUtils: setMetaData key : Pair{com.google.android.gms com.google.android.gms.safebrowsing.settings.SafeBrowsingSettingsActivityAdvancedSecurity} , categoryKey com.android.settings.category.ia.legacy_advanced_security
06-19 23:45:31.231  3723  3723 D VRI[SubSettings]@f0a4302: Setup new sync=wmsSync-VRI[SubSettings]@f0a4302#74
06-19 23:45:31.231  3723  3723 I VRI[SubSettings]@f0a4302: Creating new active sync group VRI[SubSettings]@f0a4302#75
06-19 23:45:31.231  3723  3723 D VRI[SubSettings]@f0a4302: Start draw after previous draw not visible
06-19 23:45:31.231  3723  3723 D VRI[SubSettings]@f0a4302: registerCallbacksForSync syncBuffer=false
06-19 23:45:31.233  3723  3723 I View    : RoundedCornerOffset Pair{0 0}
06-19 23:45:31.233  3723 15925 D SecTileUtils: setMetaData key : Pair{com.google.android.gms com.google.android.gms.safebrowsing.settings.SafeBrowsingSettingsActivityAdvancedSecuritySafetyCenter} , categoryKey com.android.settings.category.ia.advanced_security
06-19 23:45:31.233  3723 15925 D SecTileUtils: setMetaData key : Pair{com.google.android.gms com.google.android.gms.thunderbird.settings.ThunderbirdSettingInjectorPlatformService} , categoryKey com.android.settings.category.ia.emergency
06-19 23:45:31.233  3723 15925 D SecTileUtils: setMetaData key : Pair{com.google.android.gms com.google.android.gms.usagereporting.settings.UsageReportingActivity} , categoryKey com.android.settings.category.ia.privacy
06-19 23:45:31.233  3723 15925 D SecTileUtils: setMetaData key : Pair{com.google.android.gms com.google.android.gms.actionlearner.settings.ui.LiaSettingsActivity} , categoryKey com.android.settings.category.ia.media_controls_settings
06-19 23:45:31.234  3723 15925 D SecTileUtils: setMetaData key : Pair{com.google.android.healthconnect.controller com.android.healthconnect.controller.LegacySettingsEntryPoint} , categoryKey com.android.settings.category.ia.privacy
06-19 23:45:31.234  3723 15925 D SecTileUtils: setMetaData key : Pair{com.google.android.projection.gearhead com.google.android.projection.gearhead.companion.settings.DefaultSettingsActivity} , categoryKey com.android.settings.category.ia.device
06-19 23:45:31.234  3723  3964 D VRI[SubSettings]@f0a4302: Received frameDrawingCallback syncResult=0 frameNum=1.
06-19 23:45:31.234  3723 15925 D SecTileUtils: setMetaData key : Pair{com.google.android.providers.media.module com.android.providers.media.photopicker.PhotoPickerSettingsActivity} , categoryKey com.android.settings.category.ia.apps
06-19 23:45:31.234  3723 15925 D SecTileUtils: setMetaData key : Pair{com.samsung.android.app.smartcapture com.samsung.android.app.settings.SettingsActivity} , categoryKey com.samsung.android.settings.category.ia.usefulfeatures
06-19 23:45:31.234  3723 15925 D SecTileUtils: setMetaData key : Pair{com.samsung.android.aremoji com.samsung.android.aremoji.home.HomeMain} , categoryKey com.samsung.android.settings.category.ia.usefulfeatures
06-19 23:45:31.234  3723 15925 D SecTileUtils: setMetaData key : Pair{com.samsung.android.fmm com.samsung.android.fmm.settings.FmmSettingsActivity} , categoryKey not_available
06-19 23:45:31.234  3723 15925 D SecTileUtils: setMetaData key : Pair{com.samsung.android.inputshare com.samsung.android.inputshare.settings.MultiControlActivity} , categoryKey com.samsung.android.settings.category.ia.multidevices
06-19 23:45:31.234  3723  3964 I VRI[SubSettings]@f0a4302: mWNT: t=0xb400006f2bc66c90 mBlastBufferQueue=0xb40000707bc284b0 fn= 1 HdrRenderState mRenderHdrSdrRatio=1.0 caller= android.view.ViewRootImpl$12.onFrameDraw:15441 android.view.ThreadedRenderer$1.onFrameDraw:718 <bottom of call stack>
06-19 23:45:31.234  3723 15925 D SecTileUtils: setMetaData key : Pair{com.samsung.android.kmxservice com.samsung.android.kmxservice.dashboard.view.SecurityStatusActivity} , categoryKey com.android.settings.category.ia.security
06-19 23:45:31.234  3723 15925 D SecTileUtils: setMetaData key : Pair{com.samsung.android.mdecservice com.samsung.android.cmcsettings.view.CMCMainActivity} , categoryKey com.samsung.android.settings.category.ia.multidevices
06-19 23:45:31.234  3723 15925 D SecTileUtils: setMetaData key : Pair{com.samsung.android.mdx com.samsung.android.mdx.windowslink.tileservice.SeYourPhoneBridgeActivity} , categoryKey com.samsung.android.settings.category.ia.multidevices
06-19 23:45:31.234  3723 15925 D SecTileUtils: setMetaData key : Pair{com.samsung.android.samsungpass com.samsung.android.samsungpass.launcher.EntryActivity} , categoryKey com.android.settings.category.ia.advanced_security
06-19 23:45:31.234  3723 15925 D SecTileUtils: setMetaData key : Pair{com.samsung.android.settingshelper com.samsung.android.settingshelper.uiview.activity.SHSettingsAboutDeviceActivity} , categoryKey com.android.settings.category.ia.my_device_info
06-19 23:45:31.234  3723  3964 I VRI[SubSettings]@f0a4302: Setting up sync and frameCommitCallback
06-19 23:45:31.236  3723 15925 D SecTileUtils: setMetaData key : Pair{com.samsung.android.vtcamerasettings com.samsung.android.vtcamerasettings.AliasActivityBottom} , categoryKey com.samsung.android.settings.category.ia.usefulfeatures
06-19 23:45:31.237  3723 15925 D SecTileUtils: setMetaData key : Pair{com.samsung.android.vtcamerasettings com.samsung.android.vtcamerasettings.AliasActivityTop} , categoryKey com.samsung.android.settings.category.ia.usefulfeatures
06-19 23:45:31.237  3723 15925 D SecTileUtils: setMetaData key : Pair{com.samsung.gpuwatchapp com.samsung.gpuwatchapp.ui.ActivityMain} , categoryKey com.android.settings.category.ia.development
06-19 23:45:31.237  3723 15925 D SecTileUtils: setMetaData key : Pair{com.samsung.ssu com.samsung.ssu.unlock.SsuEmptyActivity} , categoryKey com.samsung.android.settings.category.ia.more_connections
06-19 23:45:31.237  3723 15925 D SecTileUtils: setMetaData key : Pair{com.samsung.ssu com.samsung.ssu.AliasActivity} , categoryKey com.samsung.android.settings.category.ia.more_connections
06-19 23:45:31.237  3723 15925 I SecTileUtils: Found com.android.settings.backup.UserBackupSettingsActivity for intent Intent { act=com.android.settings.action.IA_SETTINGS } metadata Bundle[{com.android.settings.order=-60, com.android.settings.category=com.android.settings.category.ia.system, com.android.settings.icon=2131232241}]
06-19 23:45:31.237  3723 15925 D SecTileUtils: setMetaData key : Pair{com.android.settings com.android.settings.backup.UserBackupSettingsActivity} , categoryKey com.android.settings.category.ia.system
06-19 23:45:31.237  3723 15925 D SecTileUtils: setMetaData key : Pair{com.android.traceur com.android.traceur.MainActivity} , categoryKey com.android.settings.category.ia.development
06-19 23:45:31.237  3723 15925 D SecTileUtils: setMetaData key : Pair{com.google.android.gms com.google.android.gms.adsidentity.settings.AdsIdentitySettingsActivity} , categoryKey com.android.settings.category.ia.privacy_controls
06-19 23:45:31.237  3723 15925 D SecTileUtils: setMetaData key : Pair{com.google.android.googlequicksearchbox com.google.android.apps.search.assistant.surfaces.settings.root.SettingsActivityForAppsSettings} , categoryKey com.android.settings.category.ia.apps
06-19 23:45:31.237  3723 15925 W SecTileUtils: Found com.samsung.accessory.hearablemgr.WelcomeActivity for intent Intent { act=com.android.settings.action.IA_SETTINGS } missing metadata
06-19 23:45:31.237  3723 15925 D SecTileUtils: setMetaData key : Pair{com.samsung.android.game.gametools com.samsung.android.game.gametools.setting.ui.SettingGameBoosterMainActivity} , categoryKey com.samsung.android.settings.category.ia.usefulfeatures
06-19 23:45:31.237  3723 15925 D SecTileUtils: setMetaData key : Pair{com.samsung.android.rampart com.samsung.android.rampart.ui.PhoneMainSettingAliasActivity} , categoryKey com.android.settings.category.ia.security
06-19 23:45:31.237  3723 15925 D SecTileUtils: setMetaData key : Pair{com.samsung.android.smartmirroring com.samsung.android.smartmirroring.CastingActivity} , categoryKey com.samsung.android.settings.category.ia.multidevices
06-19 23:45:31.237  3723 15925 D SecTileUtils: setMetaData key : Pair{com.samsung.android.smartsuggestions com.samsung.android.smartsuggestions.settings.SmartSuggestionsSettingActivity} , categoryKey com.android.settings.category.ia.privacy
06-19 23:45:31.237  3723 15925 D SecTileUtils: setMetaData key : Pair{com.samsung.android.app.watchmanager com.samsung.android.app.watchmanager.setupwizard.SetupWizardWelcomeActivity} , categoryKey com.samsung.android.settings.category.ia.multidevices
06-19 23:45:31.237  3723 15925 D SecTileUtils: setMetaData key : Pair{com.google.android.gms com.google.android.gms.accountsettings.ui.AccountDetailsActivity} , categoryKey com.android.settings.category.ia.account_detail
06-19 23:45:31.238  3723  3928 I BLASTBufferQueue: [VRI[SubSettings]@f0a4302#35](f:0,a:0,s:0) onFrameAvailable the first frame is available
06-19 23:45:31.238  3723 15925 I SecTileUtils: loadTilesForAction com.samsung.android.settings.action.INTELLIGENT_FEATURES_SETTINGS
06-19 23:45:31.238  3723  3928 I VRI[SubSettings]@f0a4302: Received frameCommittedCallback lastAttemptedDrawFrameNum=1 didProduceBuffer=true
06-19 23:45:31.238  3723  3723 D VRI[SubSettings]@f0a4302: reportDrawFinished seqId=0
06-19 23:45:31.239  1362  1377 I SurfaceFlinger: [com.android.settings/com.android.settings.SubSettings$_3723#35118] setTransactionState with the first frame. bufferData(ID: 15990163243173, frameNumber: 1)
06-19 23:45:31.239  1593  1663 D SurfaceComposerClient: setCornerRadius ## 6bbfc8e com.android.settings/com.android.settings.SubSettings#34138 cornerRadius=0.000000
06-19 23:45:31.240  3723 15925 W SecTileUtils: Found com.samsung.android.settings.usefulfeature.intelligentfeatures.IntelligentFeaturesActivity for intent Intent { act=com.samsung.android.settings.action.INTELLIGENT_FEATURES_SETTINGS } missing metadata
06-19 23:45:31.240  1593  1663 D SurfaceComposerClient: setCornerRadius ## 6bbfc8e com.android.settings/com.android.settings.SubSettings#34138 cornerRadius=0.000000
06-19 23:45:31.240  3723 15925 D SecTileUtils: setMetaData key : Pair{com.sec.android.app.camera com.sec.android.app.camera.setting.CustomFilterActivity} , categoryKey com.samsung.android.settings.category.ia.intelligentfeatures
06-19 23:45:31.240  3723 15925 D SecTileUtils: setMetaData key : Pair{com.sec.android.app.vepreload com.sec.android.app.vepreload.singleedit.activity.AutoTrimSettingActivity} , categoryKey com.samsung.android.settings.category.ia.intelligentfeatures
06-19 23:45:31.240  3723 15925 D SecTileUtils: setMetaData key : Pair{com.sec.android.gallery3d com.samsung.android.gallery.settings.activity.EditSuggestionsActivity} , categoryKey com.samsung.android.settings.category.ia.intelligentfeatures
06-19 23:45:31.240  3723 15925 D SecTileUtils: setMetaData key : Pair{com.sec.android.mimage.photoretouching com.sec.android.mimage.photoretouching.BestFaceSettingsActivity} , categoryKey com.samsung.android.settings.category.ia.intelligentfeatures
06-19 23:45:31.240  3723 15925 D SecTileUtils: setMetaData key : Pair{com.sec.android.mimage.photoretouching com.sec.android.mimage.photoretouching.AIRemoverSettingsActivity} , categoryKey com.samsung.android.settings.category.ia.intelligentfeatures
06-19 23:45:31.240  3723 15925 D SecTileUtils: setMetaData key : Pair{com.sec.android.app.sbrowser com.sec.android.app.sbrowser.settings.SettingsActivityIntelligentFeatures} , categoryKey com.samsung.android.settings.category.ia.intelligentfeatures
06-19 23:45:31.240  1593  1663 I SemDvfsHyPerManager: acquire hyper - AMS_RESUME_TAIL/1593@17, type = -999
06-19 23:45:31.240  3723 15925 I SecTileUtils: loadTilesForAction com.samsung.android.settings.action.INTELLIGENCE_SERVICE_SETTINGS
06-19 23:45:31.240  1593  1663 I SemDvfsHyPerManager: acquire hyper - AMS_ACT_LAZY/1593@18, type = -999
06-19 23:45:31.240  1275  1361 I HYPER-HAL: [RequestManager.cpp]acquire(): Acquired ID : 1296872  [1593 / 17]    HINT : AMS_RESUME_TAIL    list :
06-19 23:45:31.241  1275  1361 I HYPER-HAL: [RequestManager.cpp]releaseLocked(): Released ID : 1304942
06-19 23:45:31.241  1362  1377 I SurfaceFlinger: id=35121 createSurf, flag=84004, Transition Root: Task=513#35121
06-19 23:45:31.242  1362  1362 I SurfaceFlinger: [LayerHierarchy{RequestedLayerState{b2ba1d5 NavigationBar0#95 parentId=35119} 1 children}] reparent to LayerHierarchy{RequestedLayerState{Surface(name=b2ba1d5 NavigationBar0)/@0x108d35a - animation-leash of insets_animation#35119 parentId=94} 1 children}
06-19 23:45:31.242  1362  1362 I SurfaceFlinger: [LayerHierarchy{RequestedLayerState{a1a3f36 StatusBar#102 parentId=35120} 1 children}] reparent to LayerHierarchy{RequestedLayerState{Surface(name=a1a3f36 StatusBar)/@0x69ae81 - animation-leash of insets_animation#35120 parentId=101} 1 children}
06-19 23:45:31.242  1362  1362 I SurfaceFlinger: [LayerHierarchy{RequestedLayerState{Surface(name=a1a3f36 StatusBar)/@0x69ae81 - animation-leash of insets_animation#35117} no children}] reparent to OffscreenRoot
06-19 23:45:31.242  1362  1362 I SurfaceFlinger: [LayerHierarchy{RequestedLayerState{Surface(name=a1a3f36 StatusBar)/@0x69ae81 - animation-leash of insets_animation#35117} no children}] RelativeParent to null
06-19 23:45:31.242  1362  1362 I SurfaceFlinger: [LayerHierarchy{RequestedLayerState{Surface(name=b2ba1d5 NavigationBar0)/@0x108d35a - animation-leash of insets_animation#35116} no children}] reparent to OffscreenRoot
06-19 23:45:31.242  1362  1362 I SurfaceFlinger: [LayerHierarchy{RequestedLayerState{Surface(name=b2ba1d5 NavigationBar0)/@0x108d35a - animation-leash of insets_animation#35116} no children}] RelativeParent to null
06-19 23:45:31.242  1362  1362 I SurfaceFlinger: [com.android.settings/com.android.settings.SubSettings$_3723#35118] attach to parent LayerHierarchy{RequestedLayerState{6bbfc8e com.android.settings/com.android.settings.SubSettings#34138 parentId=34137} 1 children}
06-19 23:45:31.242  1362  1362 I SurfaceFlinger: [Surface(name=b2ba1d5 NavigationBar0)/@0x108d35a - animation-leash of insets_animation#35119] attach to parent LayerHierarchy{RequestedLayerState{WindowToken{1db1eeb type=2019 android.os.BinderProxy@7119565}#94 parentId=34} 1 children}
06-19 23:45:31.242  1362  1362 I SurfaceFlinger: [Surface(name=a1a3f36 StatusBar)/@0x69ae81 - animation-leash of insets_animation#35120] attach to parent LayerHierarchy{RequestedLayerState{WindowToken{2df28d1 type=2000 android.os.BinderProxy@248d75b}#101 parentId=17} 1 children}
06-19 23:45:31.242  1362  1362 I SurfaceFlinger: [Transition Root: Task=513#35121] attach to parent LayerHierarchy{RequestedLayerState{DefaultTaskDisplayArea_d0#10 parentId=9} 17 children}
06-19 23:45:31.247  3723 15925 W SecTileUtils: Found com.samsung.android.settings.usefulfeature.intelligenceservice.IntelligenceServiceActivity for intent Intent { act=com.samsung.android.settings.action.INTELLIGENCE_SERVICE_SETTINGS } missing metadata
06-19 23:45:31.247  3723 15925 D SecTileUtils: setMetaData key : Pair{com.sec.android.app.sbrowser com.sec.android.app.sbrowser.settings.SettingsActivity} , categoryKey com.samsung.android.settings.category.ia.intelligenceservice
06-19 23:45:31.247  3723 15925 I Settings: com.sec.android.app.shealth is not signed with platform key.
06-19 23:45:31.247  3723 15925 D SecTileUtils: setMetaData key : Pair{com.sec.android.app.shealth com.samsung.android.app.shealth.home.settings.advanced.generativeinsight.HealthAssistSettingsActivity} , categoryKey com.samsung.android.settings.category.ia.intelligenceservice
06-19 23:45:31.247  3723 15925 D SecTileUtils: setMetaData key : Pair{com.samsung.android.app.dressroom com.samsung.android.app.dressroom.presentation.landing.AdvancedIntelligenceActivity} , categoryKey com.samsung.android.settings.category.ia.intelligenceservice
06-19 23:45:31.247  3723 15925 W SecTileUtils: Found com.samsung.android.app.smartcapture.screenshot.CaptureTextExtractionActivity for intent Intent { act=com.samsung.android.settings.action.INTELLIGENCE_SERVICE_SETTINGS } missing metadata com.android.settings.category
06-19 23:45:31.247  3723 15925 D SecTileUtils: setMetaData key : Pair{com.samsung.android.app.telephonyui com.samsung.android.app.telephonyui.callsettings.ui.preference.CallSettingsActivity} , categoryKey com.samsung.android.settings.category.ia.intelligenceservice
06-19 23:45:31.249  1593  1663 I SurfaceControlRegistry: show, t=StartTransaction_SyncId<2949> sc=ActivityRecord{249521351 u0 com.android.settings/.SubSettings t513}, caller=android.view.SurfaceControl$Transaction.show:3557 com.android.server.wm.Transition.onTransactionReady:2048 com.android.server.wm.BLASTSyncEngine$SyncGroup.finishNow:240 com.android.server.wm.BLASTSyncEngine.onSurfacePlacement:263 com.android.server.wm.RootWindowContainer.performSurfacePlacementNoTrace:1083 com.android.server.wm.WindowSurfacePlacer.performSurfacePlacement:166
06-19 23:45:31.249  1593  1663 D SurfaceComposerClient: setCornerRadius ## Task=559#35092 cornerRadius=0.000000
06-19 23:45:31.249  1593  1663 D SurfaceComposerClient: setCornerRadius ## Task=513#33546 cornerRadius=0.000000
06-19 23:45:31.249  1362  1437 D SurfaceFlinger: [input] setFocusedWindow: 6bbfc8e com.android.settings/com.android.settings.SubSettings
06-19 23:45:31.250  3723 15925 D SecTileUtils: setMetaData key : Pair{com.samsung.android.honeyboard com.samsung.android.honeyboard.settings.aiwriter.WritingAssistSettings} , categoryKey com.samsung.android.settings.category.ia.intelligenceservice
06-19 23:45:31.250  3723 15925 D SecTileUtils: setMetaData key : Pair{com.samsung.android.smartsuggestions com.samsung.android.smartsuggestions.briefsettings.BriefMainSettingsActivity} , categoryKey com.samsung.android.settings.category.ia.intelligenceservice
06-19 23:45:31.250  3723 15925 W SecTileUtils: Found com.samsung.android.video.player.activity.MoviePlayer for intent Intent { act=com.samsung.android.settings.action.INTELLIGENCE_SERVICE_SETTINGS } missing metadata com.android.settings.category
06-19 23:45:31.250  3723 15925 D SecTileUtils: setMetaData key : Pair{com.sec.android.app.vepreload com.sec.android.app.vepreload.singleedit.activity.AutoTrimSettingActivity} , categoryKey com.samsung.android.settings.category.ia.intelligentfeatures
06-19 23:45:31.250  3723 15925 D SecTileUtils: setMetaData key : Pair{com.sec.android.app.vepreload com.sec.android.app.vepreload.singleedit.activity.AudioEraserSettingActivity} , categoryKey com.samsung.android.settings.category.ia.intelligenceservice
06-19 23:45:31.250  3723 15925 D SecTileUtils: setMetaData key : Pair{com.samsung.android.app.notes com.samsung.android.support.senl.nt.app.settings.SettingsActivity} , categoryKey com.samsung.android.settings.category.ia.intelligenceservice
06-19 23:45:31.250  3723 15925 D SecTileUtils: setMetaData key : Pair{com.sec.android.app.voicenote com.sec.android.app.voicenote.activity.TranscriptionAssistActivity} , categoryKey com.samsung.android.settings.category.ia.intelligenceservice
06-19 23:45:31.252 27321 18843 I NearbyMediums: No BLE Fast/GATT advertisements found in the latest cycle.
06-19 23:45:31.252 18148 18148 I BadgeCountReceiver: onReceive: Intent { act=android.intent.action.BADGE_COUNT_UPDATE flg=0x1000010 xflg=0x4 cmp=com.sec.android.provider.badge/.BadgeCountReceiver (has extras) }
06-19 23:45:31.253 27321 18843 I NearbyMediums: Current Tracked Scanning Clients are : {NearbyConnections.EnvironmentMonitor, NearbyConnections.TxAdvertisement}
06-19 23:45:31.253  1593  1663 D ScreenCapture: [Capture_TEST] : setIsScreenShotBySystem false
06-19 23:45:31.253  1593  1663 I SurfaceComposerClient: captureLayers:childrenOnly:1, sync:1
06-19 23:45:31.253 18148 18164 I BadgeCountReceiver: UpdateTask START: PendingResult hashCode: 199564607
06-19 23:45:31.253 18148 18164 I BadgeCountReceiver: packageName: com.whatsapp, className: com.whatsapp.Main, count: 29
06-19 23:45:31.253  3723 15925 D SecTileUtils: new DashBoardCategory key : com.android.settings.category.ia.homepage
06-19 23:45:31.253  3723 15925 I SecTileUtils: tileID : bluetooth_settings , tile.support KNOXCUSTOM_KIOSK
06-19 23:45:31.253  3723 15925 D SecTileUtils: no condition about tile.support, skip addTile tileID : bluetooth_settings
06-19 23:45:31.253  3723 15925 D SecTileUtils: new DashBoardCategory key : com.android.settings.category.ia.safety_emergency
06-19 23:45:31.253  3723 15925 D SecTileUtils: category.addTile com.samsung.android.emergency.settings.ui.EmergencySettingsActivity , tileID : null
06-19 23:45:31.253  3723 15925 D SecTileUtils: category.addTile com.sec.android.app.safetyassurance.settings.EmergencySharingActivity , tileID : null
06-19 23:45:31.253  3723 15925 I SecTileUtils: tileID : mobile_networks , tile.support VZW,UPSM,KIOSKCONTAINER
06-19 23:45:31.253  3723 15925 D SecTileUtils: no condition about tile.support, skip addTile tileID : mobile_networks
06-19 23:45:31.253  3723 15925 I SecTileUtils: tileID : wallpapers_themes_settings , tile.support Common,SkipMinimalBatteryUse,SkipDexMode
06-19 23:45:31.253  3723 15925 D SecTileUtils: [GLOBAL, Common, SalesCode] category.addTile com.samsung.android.themestore.activity.LauncherfromSetting , tileID : wallpapers_themes_settings
06-19 23:45:31.253  3723 15925 D SecTileUtils: new DashBoardCategory key : com.android.settings.category.ia.system
06-19 23:45:31.253  3723 15925 I SecTileUtils: tileID : edge_screen_settings , tile.support VZW
06-19 23:45:31.253  3723 15925 D SecTileUtils: no condition about tile.support, skip addTile tileID : edge_screen_settings
06-19 23:45:31.253  3723 15925 D SecTileUtils: new DashBoardCategory key : com.samsung.android.settings.category.ia.usefulfeatures
06-19 23:45:31.253  3723 15925 D SecTileUtils: category.addTile com.samsung.android.vtcamerasettings.settings.SettingsActivity , tileID : Efectos de video
06-19 23:45:31.253  3723 15925 D SecTileUtils: new DashBoardCategory key : com.samsung.android.settings.category.ia.intelligenceservice
06-19 23:45:31.253  3723 15925 D SecTileUtils: category.addTile com.samsung.android.app.shealth.home.settings.advanced.generativeinsight.HealthAssistSettingsActivity , tileID : null
06-19 23:45:31.253  3723 15925 D SecTileUtils: category.addTile com.samsung.android.app.dressroom.presentation.landing.AdvancedIntelligenceActivity , tileID : null
06-19 23:45:31.253  3723 15925 D SecTileUtils: category.addTile com.samsung.android.app.telephonyui.callsettings.ui.preference.CallSettingsActivity , tileID : null
06-19 23:45:31.253  3723 15925 D SecTileUtils: category.addTile com.samsung.android.honeyboard.settings.aiwriter.WritingAssistSettings , tileID : null
06-19 23:45:31.253  3723 15925 D SecTileUtils: category.addTile com.samsung.android.smartsuggestions.briefsettings.BriefMainSettingsActivity , tileID : null
06-19 23:45:31.253  3723 15925 D SecTileUtils: new DashBoardCategory key : com.samsung.android.settings.category.ia.intelligentfeatures
06-19 23:45:31.253  3723 15925 D SecTileUtils: category.addTile com.sec.android.app.vepreload.singleedit.activity.AutoTrimSettingActivity , tileID : null
06-19 23:45:31.253  3723 15925 D SecTileUtils: category.addTile com.sec.android.app.vepreload.singleedit.activity.AudioEraserSettingActivity , tileID : null
06-19 23:45:31.253  3723 15925 D SecTileUtils: category.addTile com.samsung.android.gallery.settings.activity.EditSuggestionsActivity , tileID : null
06-19 23:45:31.253  3723 15925 D SecTileUtils: category.addTile com.sec.android.mimage.photoretouching.BestFaceSettingsActivity , tileID : null
06-19 23:45:31.253  3723 15925 D SecTileUtils: category.addTile com.sec.android.mimage.photoretouching.AIRemoverSettingsActivity , tileID : null
06-19 23:45:31.253  3723 15925 D SecTileUtils: category.addTile com.samsung.android.support.senl.nt.app.settings.SettingsActivity , tileID : null
06-19 23:45:31.253  3723 15925 D SecTileUtils: category.addTile com.sec.android.app.sbrowser.settings.SettingsActivity , tileID : null
06-19 23:45:31.253  3723 15925 D SecTileUtils: category.addTile com.sec.android.app.sbrowser.settings.SettingsActivityIntelligentFeatures , tileID : null
06-19 23:45:31.253  3723 15925 D SecTileUtils: category.addTile com.sec.android.app.voicenote.activity.TranscriptionAssistActivity , tileID : null
06-19 23:45:31.253  3723 15925 D SecTileUtils: new DashBoardCategory key : com.android.settings.category.personal
06-19 23:45:31.253  3723 15925 D SecTileUtils: category.addTile com.google.android.gms.app.settings.GoogleSettingsLink , tileID : null
06-19 23:45:31.253  3723 15925 D SecTileUtils: new DashBoardCategory key : com.android.settings.category.ia.security
06-19 23:45:31.253  3723 15925 D SecTileUtils: category.addTile com.google.android.gms.security.settings.VerifyAppsSettingsActivity , tileID : null
06-19 23:45:31.253  3723 15925 D SecTileUtils: category.addTile com.google.android.gms.mdm.settings.FindMyDeviceSettingsActivity , tileID : null
06-19 23:45:31.253  3723 15925 D SecTileUtils: category.addTile com.google.android.gms.update.SystemUpdateActivity , tileID : null
06-19 23:45:31.253  3723 15925 D SecTileUtils: category.addTile com.google.android.finsky.systemupdateactivity.SystemUpdateActivity , tileID : null
06-19 23:45:31.253  3723 15925 D SecTileUtils: new DashBoardCategory key : com.android.settings.category.ia.accounts_and_backup
06-19 23:45:31.253  3723 15925 D SecTileUtils: category.addTile com.google.android.apps.restore.restoreanytime.trampoline.Trampoline , tileID : null
06-19 23:45:31.253  3723 15925 D SecTileUtils: new DashBoardCategory key : com.android.settings.category.ia.sound
06-19 23:45:31.253  3723 15925 D SecTileUtils: category.addTile com.google.android.apps.miphone.aiai.captions.settingsui.settingsactivity.CaptionsSettingsActivity , tileID : null
06-19 23:45:31.253  3723 15925 D SecTileUtils: new DashBoardCategory key : com.android.settings.category.ia.privacy
06-19 23:45:31.253  3723 15925 D SecTileUtils: category.addTile com.google.android.apps.miphone.aiai.settings.ui.user.AsiSettingsActivity , tileID : null
06-19 23:45:31.253  3723 15925 D SecTileUtils: category.addTile com.google.android.gms.accountsettings.ui.PrivacyHubActivityControlsActivity , tileID : null
06-19 23:45:31.253  3723 15925 D SecTileUtils: category.addTile com.google.android.gms.adsidentity.settings.AdsIdentityIaSettingsActivity , tileID : null
06-19 23:45:31.254  3723 15925 D SecTileUtils: new DashBoardCategory key : com.android.settings.category.ia.device
06-19 23:45:31.254  3723 15925 D SecTileUtils: category.addTile com.google.android.gms.auth.proximity.multidevice.SettingsActivity , tileID : null
06-19 23:45:31.254  3723 15925 I SecTileUtils: tileID : google_settings , tile.support GLOBAL
06-19 23:45:31.254  3723 15925 D SecTileUtils: [GLOBAL, Common, SalesCode] category.addTile com.google.android.gms.app.settings.GoogleSettingsIALink , tileID : google_settings
06-19 23:45:31.254  3723 15925 D SecTileUtils: new DashBoardCategory key : com.android.settings.category.ia.emergency
06-19 23:45:31.254  3723 15925 D SecTileUtils: category.addTile com.google.android.gms.location.settings.DrivingBehaviorPlatformSettingsActivity , tileID : null
06-19 23:45:31.254  3723 15925 D SecTileUtils: category.addTile com.google.android.gms.location.settings.EAlertPlatformSettingsActivity , tileID : null
06-19 23:45:31.254  3723 15925 D SecTileUtils: category.addTile com.google.android.gms.autofill.ui.AutofillSettingsPrivacyHubActivity , tileID : null
06-19 23:45:31.254  3723 15925 D SecTileUtils: category.addTile com.google.android.gms.backup.navroot.BackupSettingsNavRootActivity , tileID : null
06-19 23:45:31.254  3723 15925 D SecTileUtils: category.addTile com.google.android.gms.crisisalerts.settings.CrisisAlertsPlatformSettingsActivity , tileID : null
06-19 23:45:31.254  3723 15925 D SecTileUtils: category.addTile com.google.android.gms.multidevice.ui.link.LinkDevicesSettingsAppCompatActivity , tileID : null
06-19 23:45:31.254  3723 15925 D SecTileUtils: category.addTile com.google.android.personalsafety.settings.BleTagPlatformSettingsActivity , tileID : null
06-19 23:45:31.254  3723 15925 D SecTileUtils: new DashBoardCategory key : com.google.android.settings.category.ia.advanced_security
06-19 23:45:31.254  3723 15925 D SecTileUtils: category.addTile com.google.android.gms.safebrowsing.settings.SafeBrowsingSettingsActivityAdvancedSettings , tileID : null
06-19 23:45:31.254  3723 15925 D SecTileUtils: new DashBoardCategory key : com.android.settings.category.ia.legacy_advanced_security
06-19 23:45:31.254  3723 15925 D SecTileUtils: category.addTile com.google.android.gms.safebrowsing.settings.SafeBrowsingSettingsActivityAdvancedSecurity , tileID : null
06-19 23:45:31.254  3723 15925 D SecTileUtils: new DashBoardCategory key : com.android.settings.category.ia.advanced_security
06-19 23:45:31.254  3723 15925 D SecTileUtils: category.addTile com.google.android.gms.safebrowsing.settings.SafeBrowsingSettingsActivityAdvancedSecuritySafetyCenter , tileID : null
06-19 23:45:31.254  3723 15925 D SecTileUtils: category.addTile com.google.android.gms.thunderbird.settings.ThunderbirdSettingInjectorPlatformService , tileID : null
06-19 23:45:31.254  3723 15925 D SecTileUtils: category.addTile com.google.android.gms.usagereporting.settings.UsageReportingActivity , tileID : null
06-19 23:45:31.254  3723 15925 D SecTileUtils: new DashBoardCategory key : com.android.settings.category.ia.media_controls_settings
06-19 23:45:31.254  3723 15925 D SecTileUtils: category.addTile com.google.android.gms.actionlearner.settings.ui.LiaSettingsActivity , tileID : null
06-19 23:45:31.254  3723 15925 D SecTileUtils: category.addTile com.android.healthconnect.controller.LegacySettingsEntryPoint , tileID : null
06-19 23:45:31.254  3723 15925 D SecTileUtils: category.addTile com.google.android.projection.gearhead.companion.settings.DefaultSettingsActivity , tileID : null
06-19 23:45:31.254  3723 15925 D SecTileUtils: new DashBoardCategory key : com.android.settings.category.ia.apps
06-19 23:45:31.254  3723 15925 D SecTileUtils: category.addTile com.android.providers.media.photopicker.PhotoPickerSettingsActivity , tileID : null
06-19 23:45:31.254  3723 15925 D SecTileUtils: category.addTile com.samsung.android.app.settings.SettingsActivity , tileID : null
06-19 23:45:31.254  3723 15925 D SecTileUtils: category.addTile com.samsung.android.aremoji.home.HomeMain , tileID : null
06-19 23:45:31.254  3723 15925 D SecTileUtils: new DashBoardCategory key : not_available
06-19 23:45:31.254  3723 15925 D SecTileUtils: category.addTile com.samsung.android.fmm.settings.FmmSettingsActivity , tileID : null
06-19 23:45:31.254  3723 15925 D SecTileUtils: new DashBoardCategory key : com.samsung.android.settings.category.ia.multidevices
06-19 23:45:31.254  3723 15925 D SecTileUtils: category.addTile com.samsung.android.inputshare.settings.MultiControlActivity , tileID : null
06-19 23:45:31.254  3723 15925 D SecTileUtils: category.addTile com.samsung.android.kmxservice.dashboard.view.SecurityStatusActivity , tileID : null
06-19 23:45:31.254  3723 15925 D SecTileUtils: category.addTile com.samsung.android.cmcsettings.view.CMCMainActivity , tileID : null
06-19 23:45:31.254  3723 15925 D SecTileUtils: category.addTile com.samsung.android.mdx.windowslink.tileservice.SeYourPhoneBridgeActivity , tileID : null
06-19 23:45:31.254  3723 15925 D SecTileUtils: category.addTile com.samsung.android.samsungpass.launcher.EntryActivity , tileID : null
06-19 23:45:31.254  3723 15925 D SecTileUtils: new DashBoardCategory key : com.android.settings.category.ia.my_device_info
06-19 23:45:31.254  3723 15925 D SecTileUtils: category.addTile com.samsung.android.settingshelper.uiview.activity.SHSettingsAboutDeviceActivity , tileID : null
06-19 23:45:31.254  3723 15925 D SecTileUtils: category.addTile com.samsung.android.vtcamerasettings.AliasActivityBottom , tileID : null
06-19 23:45:31.254  3723 15925 D SecTileUtils: category.addTile com.samsung.android.vtcamerasettings.AliasActivityTop , tileID : null
06-19 23:45:31.254  3723 15925 D SecTileUtils: new DashBoardCategory key : com.android.settings.category.ia.development
06-19 23:45:31.254  3723 15925 D SecTileUtils: category.addTile com.samsung.gpuwatchapp.ui.ActivityMain , tileID : null
06-19 23:45:31.254  3723 15925 D SecTileUtils: new DashBoardCategory key : com.samsung.android.settings.category.ia.more_connections
06-19 23:45:31.254  3723 15925 D SecTileUtils: category.addTile com.samsung.ssu.unlock.SsuEmptyActivity , tileID : null
06-19 23:45:31.254  3723 15925 D SecTileUtils: category.addTile com.samsung.ssu.AliasActivity , tileID : null
06-19 23:45:31.254  3723 15925 D SecTileUtils: category.addTile com.android.settings.backup.UserBackupSettingsActivity , tileID : null
06-19 23:45:31.254  3723 15925 D SecTileUtils: category.addTile com.android.traceur.MainActivity , tileID : null
06-19 23:45:31.254  3723 15925 D SecTileUtils: new DashBoardCategory key : com.android.settings.category.ia.privacy_controls
06-19 23:45:31.254  3723 15925 D SecTileUtils: category.addTile com.google.android.gms.adsidentity.settings.AdsIdentitySettingsActivity , tileID : null
06-19 23:45:31.254  3723 15925 D SecTileUtils: category.addTile com.google.android.apps.search.assistant.surfaces.settings.root.SettingsActivityForAppsSettings , tileID : null
06-19 23:45:31.254  3723 15925 D SecTileUtils: category.addTile com.samsung.android.game.gametools.setting.ui.SettingGameBoosterMainActivity , tileID : null
06-19 23:45:31.254  3723 15925 D SecTileUtils: category.addTile com.samsung.android.rampart.ui.PhoneMainSettingAliasActivity , tileID : null
06-19 23:45:31.254  3723 15925 D SecTileUtils: category.addTile com.samsung.android.smartmirroring.CastingActivity , tileID : null
06-19 23:45:31.254  3723 15925 D SecTileUtils: category.addTile com.samsung.android.smartsuggestions.settings.SmartSuggestionsSettingActivity , tileID : null
06-19 23:45:31.254  3723 15925 D SecTileUtils: category.addTile com.samsung.android.app.watchmanager.setupwizard.SetupWizardWelcomeActivity , tileID : null
06-19 23:45:31.254  3723 15925 D SecTileUtils: new DashBoardCategory key : com.android.settings.category.ia.account_detail
06-19 23:45:31.254  3723 15925 D SecTileUtils: category.addTile com.google.android.gms.accountsettings.ui.AccountDetailsActivity , tileID : null
06-19 23:45:31.254  3723 15925 D SecTileUtils: category.addTile com.sec.android.app.camera.setting.CustomFilterActivity , tileID : null
06-19 23:45:31.255  2503  2557 I SurfaceControlRegistry: hide, t=FinishTransaction_SyncId<2949> sc=Task=559, caller=android.view.SurfaceControl$Transaction.hide:3583 com.android.wm.shell.transition.Transitions.dispatchReady:1263 com.android.wm.shell.transition.Transitions.onTransitionReady:251 com.android.wm.shell.transition.Transitions$TransitionPlayerImpl$$ExternalSyntheticLambda0.run:13 android.os.Handler.handleCallback:995 android.os.Handler.dispatchMessage:103
06-19 23:45:31.255  2503  2557 I SurfaceControlRegistry: show, t=StartTransaction_SyncId<2949> sc=Task=513, caller=android.view.SurfaceControl$Transaction.show:3557 com.android.wm.shell.transition.Transitions.dispatchReady:1279 com.android.wm.shell.transition.Transitions.onTransitionReady:251 com.android.wm.shell.transition.Transitions$TransitionPlayerImpl$$ExternalSyntheticLambda0.run:13 android.os.Handler.handleCallback:995 android.os.Handler.dispatchMessage:103
06-19 23:45:31.255  1593  2726 D InputDispatcher: Once focus requested (0): 6bbfc8e com.android.settings/com.android.settings.SubSettings
06-19 23:45:31.255  1593  2726 D InputDispatcher: Focus request (0): 6bbfc8e com.android.settings/com.android.settings.SubSettings but waiting because NOT_VISIBLE
06-19 23:45:31.255  2503  2557 I SurfaceControlRegistry: show, t=FinishTransaction_SyncId<2949> sc=Task=513, caller=android.view.SurfaceControl$Transaction.show:3557 com.android.wm.shell.transition.Transitions.dispatchReady:1330 com.android.wm.shell.transition.Transitions.onTransitionReady:251 com.android.wm.shell.transition.Transitions$TransitionPlayerImpl$$ExternalSyntheticLambda0.run:13 android.os.Handler.handleCallback:995 android.os.Handler.dispatchMessage:103
06-19 23:45:31.255  2503  2557 I SurfaceControlRegistry: show, t=StartTransaction_SyncId<2949> sc=Transition Root: Task=513, caller=android.view.SurfaceControl$Transaction.show:3557 com.android.wm.shell.transition.Transitions.playTransition:79 com.android.wm.shell.transition.Transitions.processReadyQueue:239 com.android.wm.shell.transition.Transitions.dispatchReady:1352 com.android.wm.shell.transition.Transitions.onTransitionReady:251 com.android.wm.shell.transition.Transitions$TransitionPlayerImpl$$ExternalSyntheticLambda0.run:13
06-19 23:45:31.258  1362  1542 I SurfaceFlinger: id=35122 createSurf, flag=20004, DimTransitionLayer for Surface(name=Task=513)/@0xe148c9d#35122
06-19 23:45:31.259  2503  2557 I SurfaceControlRegistry: show, t=StartTransaction_SyncId<2949> sc=DimTransitionLayer for Surface(name=Task=513)/@0xe148c9d, caller=android.view.SurfaceControl$Transaction.show:3557 com.android.wm.shell.transition.DefaultTransitionHandler.startAnimation:2931 com.android.wm.shell.transition.Transitions.dispatchTransition:90 com.android.wm.shell.transition.Transitions.playTransition:774 com.android.wm.shell.transition.Transitions.processReadyQueue:239 com.android.wm.shell.transition.Transitions.dispatchReady:1352
06-19 23:45:31.259  2503  2557 I SurfaceControlRegistry: apply, t=StartTransaction_SyncId<2949>, caller=android.view.SurfaceControl$Transaction.apply:3459 android.view.SurfaceControl$Transaction.apply:3447 android.view.SurfaceControl$Transaction.apply:3397 com.android.wm.shell.transition.DefaultTransitionHandler.startAnimation:3387 com.android.wm.shell.transition.Transitions.dispatchTransition:90 com.android.wm.shell.transition.Transitions.playTransition:774
06-19 23:45:31.260  1362  1362 I SurfaceFlinger: [DimTransitionLayer for Surface(name=Task=513)/@0xe148c9d#35122] attach to parent LayerHierarchy{RequestedLayerState{Transition Root: Task=513#35121 parentId=10} 1 children}
06-19 23:45:31.265  1362  1377 I SurfaceFlinger: Capture layer list: 	 com.example.testeableapp/com.example.testeableapp.MainActivity$_19354#35100(seamlessTransition:0)
06-19 23:45:31.267 18148 18164 I BadgeProvider: sendNotify [uri]: content://com.sec.badge/apps, [notify]: null
