06-19 23:45:28.562  1593  3269 W Binder  : 	at com.android.server.am.mars.filter.filter.BlueToothConnectedFilter.updateBTUsingPackages(qb/108716450 ef98dca195c688be7390ace82fc66c8c04b717a3a73a9e9f6dd870fdc6ef2246:22)
06-19 23:45:28.562  1593  3269 W Binder  : 	at com.android.server.am.FreecessController.freeze(qb/108716450 ef98dca195c688be7390ace82fc66c8c04b717a3a73a9e9f6dd870fdc6ef2246:117)
06-19 23:45:28.562  1593  3269 W Binder  : 	at com.android.server.am.FreecessHandler$MainHandler.handleLcdOnFreeze(qb/108716450 ef98dca195c688be7390ace82fc66c8c04b717a3a73a9e9f6dd870fdc6ef2246:55)
06-19 23:45:28.562  1593  3269 W Binder  : 	at com.android.server.am.FreecessHandler$MainHandler.handleMessage(qb/108716450 ef98dca195c688be7390ace82fc66c8c04b717a3a73a9e9f6dd870fdc6ef2246:793)
06-19 23:45:28.562  1593  3269 W Binder  : 	at android.os.Handler.dispatchMessage(Handler.java:110)
06-19 23:45:28.562  1593  3269 W Binder  : 	at android.os.Looper.loopOnce(Looper.java:273)
06-19 23:45:28.562  1593  3269 W Binder  : 	at android.os.Looper.loop(Looper.java:363)
06-19 23:45:28.562  1593  3269 W Binder  : 	at android.os.HandlerThread.run(HandlerThread.java:85)
06-19 23:45:28.578  1593  3269 W Binder  : Outgoing transactions from this process must be FLAG_ONEWAY
06-19 23:45:28.578  1593  3269 W Binder  : java.lang.Throwable
06-19 23:45:28.578  1593  3269 W Binder  : 	at android.os.BinderProxy.transact(BinderProxy.java:566)
06-19 23:45:28.578  1593  3269 W Binder  : 	at android.bluetooth.IBluetoothScan$Stub$Proxy.getScannerUids(IBluetoothScan.java:666)
06-19 23:45:28.578  1593  3269 W Binder  : 	at android.bluetooth.BluetoothAdapter.getScannerUids(BluetoothAdapter.java:8522)
06-19 23:45:28.578  1593  3269 W Binder  : 	at android.bluetooth.BluetoothAdapter.getHWUsingApps(BluetoothAdapter.java:1349)
06-19 23:45:28.578  1593  3269 W Binder  : 	at com.android.server.am.mars.filter.filter.BlueToothConnectedFilter.updateBTUsingPackages(qb/108716450 ef98dca195c688be7390ace82fc66c8c04b717a3a73a9e9f6dd870fdc6ef2246:22)
06-19 23:45:28.578  1593  3269 W Binder  : 	at com.android.server.am.FreecessController.freeze(qb/108716450 ef98dca195c688be7390ace82fc66c8c04b717a3a73a9e9f6dd870fdc6ef2246:117)
06-19 23:45:28.578  1593  3269 W Binder  : 	at com.android.server.am.FreecessHandler$MainHandler.handleLcdOnFreeze(qb/108716450 ef98dca195c688be7390ace82fc66c8c04b717a3a73a9e9f6dd870fdc6ef2246:55)
06-19 23:45:28.578  1593  3269 W Binder  : 	at com.android.server.am.FreecessHandler$MainHandler.handleMessage(qb/108716450 ef98dca195c688be7390ace82fc66c8c04b717a3a73a9e9f6dd870fdc6ef2246:793)
06-19 23:45:28.578  1593  3269 W Binder  : 	at android.os.Handler.dispatchMessage(Handler.java:110)
06-19 23:45:28.578  1593  3269 W Binder  : 	at android.os.Looper.loopOnce(Looper.java:273)
06-19 23:45:28.578  1593  3269 W Binder  : 	at android.os.Looper.loop(Looper.java:363)
06-19 23:45:28.578  1593  3269 W Binder  : 	at android.os.HandlerThread.run(HandlerThread.java:85)
06-19 23:45:28.588 14303 14605 I Routine@Core[4.9.04.13]: AppFunctionsActionHandler: isSupported: supportStatus = SUPPORTED, tag = appfunction://com.samsung.android.app.reminder.data.crossappactions#TaskFunctions_createTask
06-19 23:45:28.590 21096 21149 I elpq    : (REDACTED) HDM. appOpsListener %s %s
06-19 23:45:28.591 21096 21149 I elpq    : (REDACTED) HDM. Ignoring irrelevant audio permission changes for package %s
06-19 23:45:28.592 14303 14605 I Routine@Core[4.9.04.13]: TASKD/ActionTaskAdapterFactoryImpl: getAdapter - metaId=appfunction://com.samsung.android.app.reminder.data.crossappactions#TaskFunctions_showTask(id=613)
06-19 23:45:28.594  1593  3269 I NSLocationMonitor: getGPSUsingApps() called
06-19 23:45:28.596  3218 19826 I NSLocationManager_FLP: getGPSUsingApps, No change
06-19 23:45:28.601  1342  1525 V APM_AudioPolicyManager: setAppState(portId:24603, state:1)
06-19 23:45:28.602  2503  2503 D QSClock : onDarkChanged tint=WHITE
06-19 23:45:28.602 22392 22392 D WM-SystemJobService: onStartJob for WorkGenerationalId(workSpecId=05e02b44-713c-49d4-9289-c8119dce6d16, generation=0)
06-19 23:45:28.605 22392 22575 D WM-Processor: Work WorkGenerationalId(workSpecId=05e02b44-713c-49d4-9289-c8119dce6d16, generation=0) is already enqueued for processing
06-19 23:45:28.664  3160  4967 D androidtc: Initializing SystemTextClassifier, type = System
06-19 23:45:28.674 14303 14605 I Routine@Core[4.9.04.13]: AppFunctionsActionHandler: isSupported: supportStatus = SUPPORTED, tag = appfunction://com.samsung.android.app.reminder.data.crossappactions#TaskFunctions_showTask
06-19 23:45:28.676  1593  2317 D WifiStaIfaceHidlImpl: getCachedScanData is not implemented by HIDL
06-19 23:45:28.678  1593  2538 D NotificationHighlightCore: isNonImportantNotification skip isGroupSummary
06-19 23:45:28.679 14303 14605 I Routine@Core[4.9.04.13]: TASKD/ActionTaskAdapterFactoryImpl: getAdapter - metaId=appfunction://com.samsung.android.app.calendar.crossapp#CrossAppEvent_findEvents(id=614)
06-19 23:45:28.680  3505 18502 I SSS:TextClassifierDelegateFactory: getDefaultTextClassifier()
06-19 23:45:28.684  1593  2328 D ConnectivityService: notifyType CALLBACK_CAP_CHANGED for [237 WIFI]
06-19 23:45:28.685  1593  3904 D SemWifiUsabilityStatsMonitor: onWifiUsabilityStats - seqNum 39624, isSameBssidAndFreq true
06-19 23:45:28.690 19354 19354 I View    : setRequestedFrameRate frameRate=NaN, this=androidx.compose.ui.platform.AndroidComposeView{9c92973 VFED..... ......ID 0,0-1080,2340 aid=1073741824}, caller=android.view.ViewGroup.setRequestedFrameRate:9952 androidx.compose.ui.platform.Api35Impl.setRequestedFrameRate:3314 androidx.compose.ui.platform.AndroidComposeView.dispatchDraw:1949 android.view.View.draw:26345 android.view.View.updateDisplayListIfDirty:25175
06-19 23:45:28.690 19354 19354 I View    : setRequestedFrameRate frameRate=NaN, this=android.view.View{21b563e V.ED..... ........ 0,0-0,0}, caller=androidx.compose.ui.platform.Api35Impl.setRequestedFrameRate:3314 androidx.compose.ui.platform.AndroidComposeView.dispatchDraw:1950 android.view.View.draw:26345 android.view.View.updateDisplayListIfDirty:25175 android.view.ViewGroup.recreateChildDisplayList:4794
06-19 23:45:28.690  1593  2409 D SemWifiSwitchForIndividualAppsService: TMI window: 2026-06-17 20:04:28 syn=1, rto=0, cwnd=0
06-19 23:45:28.690  1593  2409 D SemWifiSwitchForIndividualAppsService: TMI window: 2026-06-17 20:04:29 syn=0, rto=0, cwnd=1
06-19 23:45:28.691  1593  2409 E SemWifiLinkQualityMonitor: Too old or invalid TMI: currentTime=1781934328691 lastDateWindow=1781748272000
06-19 23:45:28.691 19354 19354 I View    : setRequestedFrameRate frameRate=NaN, this=androidx.compose.ui.platform.AndroidComposeView{9c92973 VFED..... ........ 0,0-1080,2340 aid=1073741824}, caller=android.view.ViewGroup.setRequestedFrameRate:9952 androidx.compose.ui.platform.Api35Impl.setRequestedFrameRate:3314 androidx.compose.ui.platform.AndroidComposeView.dispatchDraw:1949 android.view.View.draw:26345 android.view.View.updateDisplayListIfDirty:25175
06-19 23:45:28.692 19354 19354 I View    : setRequestedFrameRate frameRate=NaN, this=android.view.View{21b563e V.ED..... ........ 0,0-0,0}, caller=androidx.compose.ui.platform.Api35Impl.setRequestedFrameRate:3314 androidx.compose.ui.platform.AndroidComposeView.dispatchDraw:1950 android.view.View.draw:26345 android.view.View.updateDisplayListIfDirty:25175 android.view.ViewGroup.recreateChildDisplayList:4794
06-19 23:45:28.696  1547  1630 D BufferPoolAccessor2.0: bufferpool2 0xb400006f5d801718 : 0(0 size) total buffers - 0(0 size) used buffers - 88/91 (recycle/alloc) - 3/90 (fetch/transfer)
06-19 23:45:28.697  1547  1630 D BufferPoolAccessor2.0: evictor expired: 1, evicted: 1
06-19 23:45:28.697  1499  6408 D BufferPoolAccessor2.0: bufferpool2 0xb4000078ddd7ee88 : 0(0 size) total buffers - 0(0 size) used buffers - 89/97 (recycle/alloc) - 8/186 (fetch/transfer)
06-19 23:45:28.697  1499  6408 D BufferPoolAccessor2.0: evictor expired: 1, evicted: 1
06-19 23:45:28.711 22392 22392 W JobService: onNetworkChanged() not implemented in androidx.work.impl.background.systemjob.SystemJobService. Must override in a subclass.
06-19 23:45:28.713  1593  2409 I SemWifiLinkQualityMonitor: Link stat: 2573 / 0 / 2.54 (297) / 195 / -57.0 || 100.0 : 195.00 / 0.5 : 0.39 / B (B) || 91f92e3f5745: 0.627 / 12.758 / N || N N / 0 0 / N 2.0 / N X 0 / 331234885 0 || 2026-06-17 20:04:32  / 0: 0 1 0 0 0 0 / 0: 0 0 0 0 0 0 / 0: 0 0 1 0 0 0
06-19 23:45:28.721  2503  2676 I WifiPickerTracker: NetworkCallback : onCapabilitiesChanged
06-19 23:45:28.721  2503  2676 D WifiPickerTracker: updateWifiEntries capabilities
06-19 23:45:28.731  6035  6662 I HBD     : g onCapabilitiesChanged network : 237 current network state : invalid
06-19 23:45:28.733 18148 18148 I BadgeCountReceiver: onReceive: Intent { act=android.intent.action.BADGE_COUNT_UPDATE flg=0x1000010 xflg=0x4 cmp=com.sec.android.provider.badge/.BadgeCountReceiver (has extras) }
06-19 23:45:28.735 18148 18164 I BadgeCountReceiver: UpdateTask START: PendingResult hashCode: 71042398
06-19 23:45:28.737  1342  7958 V APM_AudioPolicyManager: setAppState(portId:24603, state:1)
06-19 23:45:28.737  1275 19405 I HYPER-HAL: [RequestManager.cpp]releaseLocked(): Released ID : 1296872
06-19 23:45:28.740 18148 18164 I BadgeCountReceiver: packageName: com.whatsapp, className: com.whatsapp.Main, count: 28
06-19 23:45:28.746 27321 28309 I NullBinder: NullBinder for android.net.action.RECOMMEND_NETWORKS triggering remote TransactionTooLargeException due to Service without Chimera impl, calling uid: 1000, calling pid: 0
06-19 23:45:28.746 27321 28309 W .gms.persistent: Large reply transaction of 1056768 bytes, interface descriptor , code 1
06-19 23:45:28.759  1342  7958 V APM_AudioPolicyManager: setAppState(portId:24603, state:1)
06-19 23:45:28.764 14506 14561 I BugleRcsEngine: Connected state: [1], networkType: [WIFI] [CONTEXT thread_id=128 ]
06-19 23:45:28.765  2503  2676 D WifiPickerTracker: update AutoHotspot Entries() : bleAccessPoints -> 0
06-19 23:45:28.765  2503  2676 D WifiPickerTracker: handleNetworkCapabilitiesChanged
06-19 23:45:28.765  2503  2676 I WifiPickerTracker: DefaultNetworkCallback : onCapabilitiesChanged
06-19 23:45:28.768 18148 18164 I BadgeProvider: sendNotify [uri]: content://com.sec.badge/apps, [notify]: null
06-19 23:45:28.769 27321 18843 D ConnectivityManager: StackLog: [android.net.ConnectivityManager.sendRequestForNetwork(ConnectivityManager.java:4740)] [android.net.ConnectivityManager.sendRequestForNetwork(ConnectivityManager.java:4908)] [android.net.ConnectivityManager.registerNetworkCallback(ConnectivityManager.java:5325)] [android.net.ConnectivityManager.registerNetworkCallback(ConnectivityManager.java:5295)] [drfg.a(:com.google.android.gms@262031035@26.20.31 (260400-919905943):34)] [ljy.a(:com.google.android.gms@262031035@26.20.31 (260400-919905943):19)] [drfs.j(:com.google.android.gms@262031035@26.20.31 (260400-919905943):19)] [drfs.O(:com.google.android.gms@262031035@26.20.31 (260400-919905943):20)] [drfs.K(:com.google.android.gms@262031035@26.20.31 (260400-919905943):7)] [drfs.I(:com.google.android.gms@262031035@26.20.31 (260400-919905943):23)] [drfk.run(:com.google.android.gms@262031035@26.20.31 (260400-919905943):9)] [bkqh.c(:com.google.android.gms@262031035@26.20.31 (260400-919905943):50)] [bkqh.run(:com.google.android.gms@262031035@26.20.31 (260400-919905943):66)] [java.util.concurrent.ThreadPoolExecutor.runWorker(ThreadPoolExecutor.java:1154)] [java.util.concurrent.ThreadPoolExecutor$Worker.run(ThreadPoolExecutor.java:652)] [bkvz.run(:com.google.android.gms@262031035@26.20.31 (260400-919905943):8)] [java.lang.Thread.run(Thread.java:1564)]
06-19 23:45:28.770 14506 14598 I BugleRcsEngine: handleMessage processing message:[NOTIFY_UPTIME_IGNORE_STATE_CHANGED] with [non-null]:RcsEngineImpl reference [CONTEXT log_prefix="RcsEngineImpl[DUAL_REG]:[ecae9b3b-a7d8]>Handler" thread_id=134 ]
06-19 23:45:28.777  1593  2386 I SemExecuteManagerService: onShortcutChanged: com.whatsapp0
06-19 23:45:28.780 18148 18164 I BadgeProvider: update, [calling package]: com.sec.android.provider.badge, [uri]: content://com.sec.badge/apps, [uri.query]: null, [BadgeCount]: badgecount=28, [UpdateCount]: 1
06-19 23:45:28.780 18148 18164 I BadgeCountReceiver: UpdateTask END: PendingResult hashCode: 71042398
06-19 23:45:28.780 27321 27321 I MagicTether: (REDACTED) [ActiveNetworkTracker] setActiveNetwork: %s
06-19 23:45:28.780 27321 27321 I MagicTether: (REDACTED) [TetherService] onActiveNetworkChanged: network=%s isLost=%s
06-19 23:45:28.782 22392 22581 D WM-NetworkStateTracker: Network capabilities changed: [ Transports: WIFI Capabilities: NOT_METERED&INTERNET&NOT_RESTRICTED&TRUSTED&NOT_VPN&VALIDATED&NOT_ROAMING&FOREGROUND&NOT_CONGESTED&NOT_SUSPENDED&NOT_VCN_MANAGED&NOT_BANDWIDTH_CONSTRAINED LinkUpBandwidth>=20230Kbps LinkDnBandwidth>=51423Kbps TransportInfo: <SSID: <unknown ssid>, BSSID: 02:00:00:00:00:00, MAC: 02:00:00:00:00:00, IP: /192.168.1.20, Security type: 2, Supplicant state: COMPLETED, Wi-Fi standard: 11ac, RSSI: -57, Link speed: 195Mbps, Tx Link speed: 195Mbps, Max Supported Tx Link speed: 433Mbps, Rx Link speed: 292Mbps, Max Supported Rx Link speed: 433Mbps, Frequency: 5745MHz, Net ID: -1, Metered hint: false, score: 60, isUsable: true, CarrierMerged: false, SubscriptionId: -1, IsPrimary: -1, Trusted: true, Restricted: false, Ephemeral: false, OEM paid: false, OEM private: false, OSU AP: false, FQDN: <none>, Provider friendly name: <none>, Requesting package name: <none><none>MLO Information: , Is TID-To-Link negotiation supported by the AP: false, AP MLD Address: <none>, AP MLO Link Id: <none>, AP MLO Affiliated links: <none>, Vendor Data: <none>> SignalStrength: -57 UnderlyingNetworks: Null]
06-19 23:45:28.784 27321 19084 I MagicTether: [WifiConnectionHandler] Ignoring getWifiConfigurationByNetworkId when checking connected state [CONTEXT service_id=276 ]
06-19 23:45:28.784 27321 19084 I MagicTether: [WifiConnectionHandler] No networkId set, can't be connected. [CONTEXT service_id=276 ]
06-19 23:45:28.784   863  1082 D WM-WorkConstraintsTrack: NetworkRequestConstraintController onCapabilitiesChanged callback
06-19 23:45:28.786 27321 19084 I MagicTether: (REDACTED) [TetherService] TRANSPORT_CELLULAR [%s], TRANSPORT_ETHERNET [%s], TRANSPORT_WIFI [%s]
06-19 23:45:28.797 27321 19084 I MagicTether: (REDACTED) [TetherService] setRoles hasActiveNetworkConnection=%s canActiveNetworkBeTethered=%s isConnectedToInstantTether=%s isWifiEnabled=%s isHosting=%s
06-19 23:45:28.801 11042 11683 D WM-WorkConstraintsTrack: NetworkRequestConstraintController onCapabilitiesChanged callback
06-19 23:45:28.807 27321 27321 I MagicTether: [TetherService] Stopping Nearby client role [CONTEXT service_id=276 ]
06-19 23:45:28.807 27321 27321 I MagicTether: [ClientTetherRole] Client role already stopped [CONTEXT service_id=276 ]
06-19 23:45:28.810 18148 18161 I BadgeProvider: query, [calling package]: com.sec.android.app.launcher, [selection]: null
06-19 23:45:28.811  2967  2967 I HoneySpace.PackageOperationTracker: onShortcutsChanged com.whatsapp - 21 UserHandle{0}
06-19 23:45:28.815  2967  5212 I HoneySpace.BadgeDataSourceImpl: BadgeProvider Update Event com.whatsapp/com.whatsapp.Main/UserHandle{0}: 27 -> 28
06-19 23:45:28.815  2967  5212 I HoneySpace.BadgeDataSourceImpl: Get notification count. PK(p='com.whatsapp', u=UserHandle{0}) - forceBadgeCount: false, notification listener: 15, badge provider: 28
06-19 23:45:28.815  1593  2328 D ConnectivityService: Rematched networks [computed 0ms] [applied 4ms] [issued 4]
06-19 23:45:28.815  2967 16521 I HoneySpace.ShortcutDataSourceImpl: shortcut updated. ShortcutInfo {id=***, flags=0x2689 [DynIc-fIc-aStrRetsLiv], packageName=com.whatsapp, activity=ComponentInfo{com.whatsapp/com.whatsapp.Main}, shortLabel=***, resId=0[null], longLabel=***, resId=0[null], disabledMessage=***, resId=0[null], disabledReason=[Not disabled], categories={com.whatsapp.sharing.category.SHARE_TARGET_DEFAULT}, persons=null, icon=null, rank=9, timestamp=1781934238213, intents=null, extras=null}
06-19 23:45:28.815  2967 24556 I HoneySpace.BadgeDataSourceImpl: Get notification count. PK(p='com.google.android.youtube', u=UserHandle{0}) - forceBadgeCount: false, notification listener: 2, badge provider: 215
06-19 23:45:28.815  2967 14230 I HoneySpace.PackageEventOperator: [ApplistViewModel] badge count is updated. com.whatsapp/.Main#UserHandle{0}|128 : 28
06-19 23:45:28.816  2967 14230 I HoneySpace.BadgeDataSourceImpl: Get notification count. PK(p='com.google.android.apps.messaging', u=UserHandle{0}) - forceBadgeCount: false, notification listener: 1, badge provider: 0
06-19 23:45:28.816  2967 14230 I HoneySpace.BadgeDataSourceImpl: Get notification count. PK(p='com.google.android.youtube', u=UserHandle{0}) - forceBadgeCount: false, notification listener: 2, badge provider: 215
06-19 23:45:28.816  2967 16521 I HoneySpace.ShortcutDataSourceImpl: shortcut updated. ShortcutInfo {id=***, flags=0x2689 [DynIc-fIc-aStrRetsLiv], packageName=com.whatsapp, activity=ComponentInfo{com.whatsapp/com.whatsapp.Main}, shortLabel=***, resId=0[null], longLabel=***, resId=0[null], disabledMessage=***, resId=0[null], disabledReason=[Not disabled], categories={com.whatsapp.sharing.category.SHARE_TARGET_DEFAULT}, persons=null, icon=null, rank=8, timestamp=1781932998035, intents=null, extras=null}
06-19 23:45:28.816  2967 16521 I HoneySpace.ShortcutDataSourceImpl: shortcut updated. ShortcutInfo {id=***, flags=0x6689 [DynIc-fIc-aStrRetsLiv], packageName=com.whatsapp, activity=ComponentInfo{com.whatsapp/com.whatsapp.Main}, shortLabel=***, resId=0[null], longLabel=***, resId=0[null], disabledMessage=***, resId=0[null], disabledReason=[Not disabled], categories={com.whatsapp.sharing.category.SHARE_TARGET_DEFAULT}, persons=null, icon=null, rank=4, timestamp=1781934328659, intents=null, extras=null}
06-19 23:45:28.816  2967 16521 I HoneySpace.ShortcutDataSourceImpl: shortcut updated. ShortcutInfo {id=***, flags=0x6689 [DynIc-fIc-aStrRetsLiv], packageName=com.whatsapp, activity=ComponentInfo{com.whatsapp/com.whatsapp.Main}, shortLabel=***, resId=0[null], longLabel=***, resId=0[null], disabledMessage=***, resId=0[null], disabledReason=[Not disabled], categories={com.whatsapp.sharing.category.SHARE_TARGET_DEFAULT}, persons=null, icon=null, rank=13, timestamp=1781934238359, intents=null, extras=null}
06-19 23:45:28.816  2967 16521 I HoneySpace.ShortcutDataSourceImpl: shortcut updated. ShortcutInfo {id=***, flags=0x2485 [DynIc-rStrRetsLiv], packageName=com.whatsapp, activity=ComponentInfo{com.whatsapp/com.whatsapp.Main}, shortLabel=***, resId=0[null], longLabel=***, resId=0[null], disabledMessage=***, resId=0[null], disabledReason=[Not disabled], categories=null, persons=null, icon=null, rank=1, timestamp=1781932997187, intents=null, extras=null}
06-19 23:45:28.816  2967 16521 I HoneySpace.ShortcutDataSourceImpl: shortcut updated. ShortcutInfo {id=***, flags=0x6689 [DynIc-fIc-aStrRetsLiv], packageName=com.whatsapp, activity=ComponentInfo{com.whatsapp/com.whatsapp.Main}, shortLabel=***, resId=0[null], longLabel=***, resId=0[null], disabledMessage=***, resId=0[null], disabledReason=[Not disabled], categories={com.whatsapp.sharing.category.SHARE_TARGET_DEFAULT}, persons=null, icon=null, rank=12, timestamp=1781934238327, intents=null, extras=null}
06-19 23:45:28.816  2967 16521 I HoneySpace.ShortcutDataSourceImpl: shortcut updated. ShortcutInfo {id=***, flags=0x6689 [DynIc-fIc-aStrRetsLiv], packageName=com.whatsapp, activity=ComponentInfo{com.whatsapp/com.whatsapp.Main}, shortLabel=***, resId=0[null], longLabel=***, resId=0[null], disabledMessage=***, resId=0[null], disabledReason=[Not disabled], categories={com.whatsapp.sharing.category.SHARE_TARGET_DEFAULT}, persons=null, icon=null, rank=10, timestamp=1781934238253, intents=null, extras=null}
06-19 23:45:28.816  2967 16521 I HoneySpace.ShortcutDataSourceImpl: shortcut updated. ShortcutInfo {id=***, flags=0x2689 [DynIc-fIc-aStrRetsLiv], packageName=com.whatsapp, activity=ComponentInfo{com.whatsapp/com.whatsapp.Main}, shortLabel=***, resId=0[null], longLabel=***, resId=0[null], disabledMessage=***, resId=0[null], disabledReason=[Not disabled], categories={com.whatsapp.sharing.category.SHARE_TARGET_DEFAULT}, persons=null, icon=null, rank=7, timestamp=1781932997913, intents=null, extras=null}
06-19 23:45:28.816  2967 16521 I HoneySpace.ShortcutDataSourceImpl: shortcut updated. ShortcutInfo {id=***, flags=0x6689 [DynIc-fIc-aStrRetsLiv], packageName=com.whatsapp, activity=ComponentInfo{com.whatsapp/com.whatsapp.Main}, shortLabel=***, resId=0[null], longLabel=***, resId=0[null], disabledMessage=***, resId=0[null], disabledReason=[Not disabled], categories={com.whatsapp.sharing.category.SHARE_TARGET_DEFAULT}, persons=null, icon=null, rank=3, timestamp=1781934238425, intents=null, extras=null}
06-19 23:45:28.816  2967 16521 I HoneySpace.ShortcutDataSourceImpl: shortcut updated. ShortcutInfo {id=***, flags=0x485 [DynIc-rStrRets], packageName=com.whatsapp, activity=ComponentInfo{com.whatsapp/com.whatsapp.Main}, shortLabel=***, resId=0[null], longLabel=***, resId=0[null], disabledMessage=***, resId=0[null], disabledReason=[Not disabled], categories=null, persons=null, icon=null, rank=0, timestamp=1781932997078, intents=null, extras=null}
06-19 23:45:28.816  2967 16521 I HoneySpace.ShortcutDataSourceImpl: shortcut updated. ShortcutInfo {id=***, flags=0x6689 [DynIc-fIc-aStrRetsLiv], packageName=com.whatsapp, activity=ComponentInfo{com.whatsapp/com.whatsapp.Main}, shortLabel=***, resId=0[null], longLabel=***, resId=0[null], disabledMessage=***, resId=0[null], disabledReason=[Not disabled], categories={com.whatsapp.sharing.category.SHARE_TARGET_DEFAULT}, persons=null, icon=null, rank=6, timestamp=1781932997780, intents=null, extras=null}
06-19 23:45:28.817  2967 16521 I HoneySpace.ShortcutDataSourceImpl: shortcut updated. ShortcutInfo {id=***, flags=0x6689 [DynIc-fIc-aStrRetsLiv], packageName=com.whatsapp, activity=ComponentInfo{com.whatsapp/com.whatsapp.Main}, shortLabel=***, resId=0[null], longLabel=***, resId=0[null], disabledMessage=***, resId=0[null], disabledReason=[Not disabled], categories={com.whatsapp.sharing.category.SHARE_TARGET_DEFAULT}, persons=null, icon=null, rank=2, timestamp=1781934309369, intents=null, extras=null}
06-19 23:45:28.817  1593  2328 D ConnectivityService: NetworkReassignment : no changes
06-19 23:45:28.817  2967 16521 I HoneySpace.ShortcutDataSourceImpl: shortcut updated. ShortcutInfo {id=***, flags=0x6689 [DynIc-fIc-aStrRetsLiv], packageName=com.whatsapp, activity=ComponentInfo{com.whatsapp/com.whatsapp.Main}, shortLabel=***, resId=0[null], longLabel=***, resId=0[null], disabledMessage=***, resId=0[null], disabledReason=[Not disabled], categories={com.whatsapp.sharing.category.SHARE_TARGET_DEFAULT}, persons=null, icon=null, rank=11, timestamp=1781934238289, intents=null, extras=null}
06-19 23:45:28.817  2967 16521 I HoneySpace.ShortcutDataSourceImpl: shortcut updated. ShortcutInfo {id=***, flags=0x2689 [DynIc-fIc-aStrRetsLiv], packageName=com.whatsapp, activity=ComponentInfo{com.whatsapp/com.whatsapp.Main}, shortLabel=***, resId=0[null], longLabel=***, resId=0[null], disabledMessage=***, resId=0[null], disabledReason=[Not disabled], categories={com.whatsapp.sharing.category.SHARE_TARGET_DEFAULT}, persons=null, icon=null, rank=14, timestamp=1781934238163, intents=null, extras=null}
06-19 23:45:28.817  2967 16521 I HoneySpace.ShortcutDataSourceImpl: shortcut updated. ShortcutInfo {id=***, flags=0x6689 [DynIc-fIc-aStrRetsLiv], packageName=com.whatsapp, activity=ComponentInfo{com.whatsapp/com.whatsapp.Main}, shortLabel=***, resId=0[null], longLabel=***, resId=0[null], disabledMessage=***, resId=0[null], disabledReason=[Not disabled], categories={com.whatsapp.sharing.category.SHARE_TARGET_DEFAULT}, persons=null, icon=null, rank=5, timestamp=1781932997658, intents=null, extras=null}
06-19 23:45:28.817  2967 17390 I HoneySpace.HistoryViewModel@249058696@OneUI: handlePackageEvent
06-19 23:45:28.817  2967 17390 I HoneySpace.HistoryViewModel@249058696@OneUI: skip for alone
06-19 23:45:28.817  2967  2967 I HoneySpace.HoneySpaceManagerContainer: packageUpdateEvent - com.honeyspace.sdk.source.entity.PackageOperation$ShortcutChanged@7829327
06-19 23:45:28.818  2967  2967 I HoneySpace.EventListenerRegistry: pendingPackageOperation : pending = false, com.honeyspace.sdk.source.entity.PackageOperation$ShortcutChanged@7829327
06-19 23:45:28.818 27321 18843 D ConnectivityManager: StackLog: [android.net.ConnectivityManager.unregisterNetworkCallback(ConnectivityManager.java:5575)] [drfs.j(:com.google.android.gms@262031035@26.20.31 (260400-919905943):43)] [drfs.O(:com.google.android.gms@262031035@26.20.31 (260400-919905943):20)] [drfs.K(:com.google.android.gms@262031035@26.20.31 (260400-919905943):7)] [drfs.I(:com.google.android.gms@262031035@26.20.31 (260400-919905943):23)] [drfk.run(:com.google.android.gms@262031035@26.20.31 (260400-919905943):9)] [bkqh.c(:com.google.android.gms@262031035@26.20.31 (260400-919905943):50)] [bkqh.run(:com.google.android.gms@262031035@26.20.31 (260400-919905943):66)] [java.util.concurrent.ThreadPoolExecutor.runWorker(ThreadPoolExecutor.java:1154)] [java.util.concurrent.ThreadPoolExecutor$Worker.run(ThreadPoolExecutor.java:652)] [bkvz.run(:com.google.android.gms@262031035@26.20.31 (260400-919905943):8)] [java.lang.Thread.run(Thread.java:1564)]
06-19 23:45:28.821 27321 18843 I NearbyMediums: Wifi changed new SSID: "CLARO2_F92E3A"
06-19 23:45:28.822 27321 18843 I NearbyMediums: WifiLanConnectivityInfo is not changed, skip notify.
06-19 23:45:28.822 14506 14598 I BugleRcsEngine: No RCS Configuration was found in Bugle for simID: redacted-pii:sim_id[chars:19,last3:699] [CONTEXT log_prefix="ProvisioningEngineDataRetriever" thread_id=134 ]
06-19 23:45:28.825 14303 14605 I Routine@Core[4.9.04.13]: AppFunctionsActionHandler: isSupported: supportStatus = SUPPORTED, tag = appfunction://com.samsung.android.app.calendar.crossapp#CrossAppEvent_findEvents
06-19 23:45:28.827 27321 27321 I MagicTether: (REDACTED) [TidepoolFeatureStatusManager] isInstantHotspotEnabled=%s
06-19 23:45:28.827 27321 27321 I MagicTether: [HostTetherRole] Nearby host role already started [CONTEXT service_id=276 ]
06-19 23:45:28.833 18148 18161 I BadgeProvider: query, [calling package]: com.sec.android.app.launcher, [selection]: null
06-19 23:45:28.834 14303 14605 I Routine@Core[4.9.04.13]: TASKD/ActionTaskAdapterFactoryImpl: getAdapter - metaId=appfunction://com.samsung.android.app.calendar.crossapp#CrossAppEvent_createEvent(id=615)
06-19 23:45:28.837  1593  2363 D SemWifiApNsd:Client: lpInterface:wlan0
06-19 23:45:28.837  1593  2363 D SemWifiSwitchForIndividualAppsService: stopTCPMonitoring : already stopped
06-19 23:45:28.837  1593  2363 I WifiConnectivityMonitor.NCC: sNetworkCallback(oCC) FULL : 237(valid: true/captive: false)
06-19 23:45:28.838  1593  2363 I WifiConnectivityMonitor.NCC: [ Transports: WIFI Capabilities: NOT_METERED&INTERNET&NOT_RESTRICTED&TRUSTED&NOT_VPN&VALIDATED&NOT_ROAMING&FOREGROUND&NOT_CONGESTED&NOT_SUSPENDED&NOT_VCN_MANAGED&NOT_BANDWIDTH_CONSTRAINED LinkUpBandwidth>=20230Kbps LinkDnBandwidth>=51423Kbps TransportInfo: <SSID: <unknown ssid>, BSSID: 02:00:00:**:**:00, MAC: 02:00:00:**:**:00, IP: /192.***.*.20, Security type: 2, Supplicant state: COMPLETED, Wi-Fi standard: 11ac, RSSI: -57, Link speed: 195Mbps, Tx Link speed: 195Mbps, Max Supported Tx Link speed: 433Mbps, Rx Link speed: 292Mbps, Max Supported Rx Link speed: 433Mbps, Frequency: 5745MHz, Net ID: -1, Metered hint: false, score: 60, isUsable: true, CarrierMerged: false, SubscriptionId: -1, IsPrimary: 1, Trusted: true, Restricted: false, Ephemeral: false, OEM paid: false, OEM private: false, OSU AP: false, FQDN: <none>, Provider friendly name: <none>, Requesting package name: <none><none>MLO Information: , Is TID-To-Link negotiation supported by the AP: false, AP MLD Address: <none>, AP MLO Link Id: <none>, AP MLO Affiliated links: <none>, Vendor Data: <none>> SignalStrength: -57 AdminUids: [1000] SSID: "CLARO2_F92E3A" UnderlyingNetworks: Null]
06-19 23:45:28.839  6035  6035 E HBD     : g activeNetwork is null
06-19 23:45:28.839  6035  6035 I HBD     : h LogTag.TAG_LMDOWNLOAD network status is changed.
06-19 23:45:28.839  6035  6035 E HBD     : g activeNetwork is null
06-19 23:45:28.839  6035  6035 E HBD     : h LogTag.TAG_LMDOWNLOAD cancelExecutor downloader is execute : isNoNetworkAvailable == true
06-19 23:45:28.839 14303 14327 I id.app.routines: Background concurrent mark compact GC freed 23MB AllocSpace bytes, 0(0B) LOS objects, 82% free, 5215KB/29MB, paused 612us,3.126ms total 108.096ms
06-19 23:45:28.840  1593  2433 D WifiConnectivityMonitor: HANDLE_ON_CAPABILITIES_CHANGED
06-19 23:45:28.840  1593  2433 I WifiConnectivityMonitor: determineMode : MODE_NON_SWITCHABLE_BY_POOR_NETWORK_DETECTION_DISABLED
06-19 23:45:28.840  1593  2433 D OpenNetworkQos[4.00]: updateBssidNoInternet: mBssidNoInternet = false
06-19 23:45:28.840  1593  2433 D OpenNetworkQos[4.00]: getOpenNetworkQosNoInternetStatus: false
06-19 23:45:28.840  1593  2433 D OpenNetworkQos[4.00]: getOpenNetworkQosScores: 30 26 26
06-19 23:45:28.841  1593  2433 I WifiProfileShare: network QoS data was changed (internet), updateQoSData networkType: true, qosData: false
06-19 23:45:28.842  1593  3280 V WifiProfileShare.Caster: update wips network, size: 0
06-19 23:45:28.842  1593  3280 D WifiProfileShare: nearby scanning settings run
06-19 23:45:28.842  1593  3280 D WifiProfileShare: network score provider settings enabled
06-19 23:45:28.843  1593  3280 D OpenNetworkQos[4.00]: getOpenNetworkQosScores: 30 26 26
06-19 23:45:28.843  1593  3280 D OpenNetworkQos[4.00]: getOpenNetworkQosNoInternetStatus: false
06-19 23:45:28.843  1593  3280 I WifiProfileShare.Caster: current network type: 0, score: [30, 26, 26]
06-19 23:45:28.843  1593  3280 V WifiProfileShare.Cache: update network score 90:f8:91:**:**:3f
06-19 23:45:28.844  1593  3280 D WifiProfileShare.ScanMatcher: getMcfDataList size:1
06-19 23:45:28.844  1593  3280 I WifiProfileShare.Caster: qos data was updated , before:type:QOS, pBssid:01:bf:af, qosData:7c after:type:QOS, pBssid:01:bf:af, qosData:7c
06-19 23:45:28.845  1593  3280 I [MCFSDK_android_1.3.7026]_4_McfCasterImpl: isNetworkEnabled - type : 1 ret : true
06-19 23:45:28.845  1593  3280 D WifiProfileShare.McfCast: -ME--- mIsNetworkEnabled :true
06-19 23:45:28.845  1593  3280 D WifiProfileShare.McfCast: updateQoSData ignored, same contents
06-19 23:45:28.845  1593  3280 D WifiProfileShare.MCF: success update QosData !
06-19 23:45:28.846  1593  3280 I [MCFSDK_android_1.3.7026]_4_McfCasterImpl: isNetworkEnabled - type : 1 ret : true
06-19 23:45:28.846  1593  3280 D WifiProfileShare.McfCast: -ME--- mIsNetworkEnabled :true
06-19 23:45:28.846  1593  3280 D WifiProfileShare.McfCast: -ME--- updatePasswordDate pwdData size:1
06-19 23:45:28.860  1593  1593 W CoverManager: getCoverState : This device is not supported cover
06-19 23:45:28.861  1593  1593 W CoverManager: getCoverState : This device is not supported cover
06-19 23:45:28.868  3505 18503 I SSS:TextClassifierDelegateFactory: getDefaultTextClassifier()
06-19 23:45:28.884  1593  2335 D RingtoneManager: getActualDefaultRingtoneUri  type    :2
06-19 23:45:28.885  1593  2335 I RingtoneManager: Ringtone value : content://media/internal/audio/media/49?title=Spaceline&canonical=1
06-19 23:45:28.885  1593  2335 W Utils   : The vibration Uri is null.
06-19 23:45:28.888  1593  1593 W CoverManager: getCoverState : This device is not supported cover
06-19 23:45:28.889  2967  5212 I HoneySpace.NotificationListener: onNotificationPosted com.whatsapp: 0|com.whatsapp|1|OvmBtF+uSfs4NJh7cvinvdOaUTIKGjeLkFmW0mPW1Ag=
06-19 23:45:28.889  2967  5212 I HoneySpace.NotificationListener: |10383: 2
06-19 23:45:28.889  2967  5212 I HoneySpace.BadgeDataSourceImpl: Get notification count. PK(p='com.whatsapp', u=UserHandle{0}) - forceBadgeCount: false, notification listener: 16, badge provider: 28
06-19 23:45:28.889  2967 19030 I HoneySpace.BadgeDataSourceImpl: Get notification count. PK(p='com.google.android.youtube', u=UserHandle{0}) - forceBadgeCount: false, notification listener: 2, badge provider: 215
06-19 23:45:28.890  2503  2577 D RingtonePlayer: playAsync(uri=content://settings/system/notification_sound, user=UserHandle{0})
06-19 23:45:28.891  1593  1593 D FlashNotifController: requestStartFlashNotification
06-19 23:45:28.891  1593  1593 I FlashNotifController: startFlashNotification: type=1, tag=android
06-19 23:45:28.891  1593  1593 D FlashNotifController: Flash notification is disabled
06-19 23:45:28.892  1593  1593 D MotionRecognitionService:   .registerCallback : 1, required_sensors=3, client=com.android.server.notification.EasyMuteController$1@9851725
06-19 23:45:28.892  1593  1593 D MotionRecognitionService: Screen: On
06-19 23:45:28.892  1593  1593 D MotionRecognitionService: [getUsedSensorForEvents] sensors : Settings = 10000100100000000000000101
06-19 23:45:28.892  1593  1593 D MotionRecognitionService: [getUsedSensorForEvents] sensors for motion : 10011
06-19 23:45:28.892  1593  1593 V MotionRecognitionManager:   .registerListener : success. listener count = 0->1, motion_events=1, name :com.android.server.notification.EasyMuteController$1@9851725
06-19 23:45:28.893  2967 16523 I HoneySpace.PackageEventOperator: [ApplistViewModel] badge count is updated. com.whatsapp/.Main#UserHandle{0}|128 : 28
06-19 23:45:28.893  1593  2309 D MotionRecognitionService:   .isMotionEngineEnabled : true
06-19 23:45:28.893  1593  2309 D MotionRecognitionService:   .initializeMotionEngine
06-19 23:45:28.893  2967 16523 I HoneySpace.BadgeDataSourceImpl: Get notification count. PK(p='com.google.android.apps.messaging', u=UserHandle{0}) - forceBadgeCount: false, notification listener: 1, badge provider: 0
06-19 23:45:28.893  2967 16523 I HoneySpace.BadgeDataSourceImpl: Get notification count. PK(p='com.google.android.youtube', u=UserHandle{0}) - forceBadgeCount: false, notification listener: 2, badge provider: 215
06-19 23:45:28.894  1593  2309 D MotionEngine: [MotionEngine]->Build Binary Type(user):0
06-19 23:45:28.894  1593  2309 D MotionEngine: [@@@ Motion Engine @@@] InitializeMotionManager ALL, DPS setting 2
06-19 23:45:28.894  2503  2577 D RingtonePlayer: play uri=content://settings/system/notification_sound
06-19 23:45:28.894  1265  1265 I SensorsHub: batch: handle=1 period=20000000 timeout=0
06-19 23:45:28.897 19282 19282 W GameLauncher: NotificationListener Ignore non game notification: com.whatsapp
06-19 23:45:28.899  1265  1265 I SensorsHub: activate: handle 1 enable 1
06-19 23:45:28.901  1265  1265 I SensorsHub: type : 1, enable : 1
06-19 23:45:28.902  2503 19412 D RingtonePlayer: RemoveFirst
06-19 23:45:28.902  1265  1265 I SensorsHub: batch: handle=4 period=20000000 timeout=0
06-19 23:45:28.902  2503 19412 D RingtonePlayer: PLAY
06-19 23:45:28.902  2503 19412 D RingtonePlayer: startSound()
06-19 23:45:28.903  2967  5212 I HoneySpace.NotificationListener: onNotificationPosted com.whatsapp: 0|com.whatsapp|1|null|10383: 28
06-19 23:45:28.903  2967  5212 I HoneySpace.NotificationListener: invalid notification: com.whatsapp UserHandle{0}: isGroup=true, isMissing=false
06-19 23:45:28.904  2967  5212 I HoneySpace.BadgeDataSourceImpl: Get notification count. PK(p='com.whatsapp', u=UserHandle{0}) - forceBadgeCount: false, notification listener: 16, badge provider: 28
06-19 23:45:28.904  2967 18507 I HoneySpace.BadgeDataSourceImpl: Get notification count. PK(p='com.google.android.youtube', u=UserHandle{0}) - forceBadgeCount: false, notification listener: 2, badge provider: 215
06-19 23:45:28.904  2967 16523 I HoneySpace.PackageEventOperator: [ApplistViewModel] badge count is updated. com.whatsapp/.Main#UserHandle{0}|128 : 28
06-19 23:45:28.905  2967 16523 I HoneySpace.BadgeDataSourceImpl: Get notification count. PK(p='com.google.android.apps.messaging', u=UserHandle{0}) - forceBadgeCount: false, notification listener: 1, badge provider: 0
06-19 23:45:28.905  2967 16523 I HoneySpace.BadgeDataSourceImpl: Get notification count. PK(p='com.google.android.youtube', u=UserHandle{0}) - forceBadgeCount: false, notification listener: 2, badge provider: 215
06-19 23:45:28.905  1265  1265 I SensorsHub: activate: handle 4 enable 1
06-19 23:45:28.906  1265  1265 I SensorsHub: type : 4, enable : 1
06-19 23:45:28.906  2503 19415 D RingtonePlayer: in run: new looper Looper (Thread-1192, tid 5602) {34d3974}
06-19 23:45:28.906  2503 19415 V MediaPlayer-JNI: native_setup
06-19 23:45:28.906  2503 19415 V MediaPlayerNative: constructor
06-19 23:45:28.907  1593  2309 D SensorManager: registerListener :: 1601008243, Motion Sensor, 200000, 0, com.samsung.android.gesture.MotionRecognitionService$SensorListener@ac8d6ab
06-19 23:45:28.907  1593  2309 D MotionRecognitionService: Acc/Gyro was enable by motion sensor  = 1
06-19 23:45:28.907  1593  2309 D MotionRecognitionService: Acc/Gyro was enable by motion sensor  = 2
06-19 23:45:28.907  1593  2309 D MotionRecognitionService: Motion, result = 1
06-19 23:45:28.907  1593  2309 D MotionRecognitionService: Motion, result = 1
06-19 23:45:28.907  1593  2309 D MotionRecognitionService: Settings updated : 10000100100000000000000101
06-19 23:45:28.907  1593  2309 I PalmMotion: [PALM] MAIN_PALM_LIST SIZE = 2, SUB_PALM_LIST SIZE = 0
06-19 23:45:28.907  1593  2309 I PalmMotion: [PALM] SETTINGS : [ PALM_TOUCH : 1, PALM_TOUCH_TO_SLEEP : 0 ]
06-19 23:45:28.907  1593  2309 I PalmMotion: [PALM] ENABLED : [ TOUCH : true, PALM_SCREEN_OFF : false ]
06-19 23:45:28.907  1593  2309 D PalmMotion: [PALM] ACCEPTED : PALM_CNT : 1, M_TOUCH : 1000.0
06-19 23:45:28.907  1593  2309 I PalmMotion: [PALM] SETTINGS : [ PALM_SWEEP : 1, Mobile Keyboard : 0 ]
06-19 23:45:28.907  1593  2309 I PalmMotion: [PALM] ENABLED : [ SWEEP : true ]
06-19 23:45:28.907  1593  2309 D PalmMotion: [PALM] ACCEPTED : M_SWEEP : 100.0, E_SWEEP : 2.0, IGNORE_M_SWEEP : false
06-19 23:45:28.907  1593  2309 E SensorManager: sensor or listener is null
06-19 23:45:28.908  2503 19415 V MediaPlayerNative: setListener
06-19 23:45:28.908  2503 19415 V MediaPlayer-JNI: get_session_id()
06-19 23:45:28.909  2503  2503 D SubscreenNotificationListCoordinator: onAfterRenderList() isSubScreen = false, pluginLockMode = 0, doNotShowOnCover = false
06-19 23:45:28.911  2503 19415 V MediaPlayer-JNI: setParameter: key 1400
06-19 23:45:28.911  2503 19415 V MediaPlayerNative: MediaPlayer::setParameter(1400)
06-19 23:45:28.912  2503 19415 D RingtoneManager: getActualDefaultRingtoneUri  type    :2
06-19 23:45:28.912  2503 19415 I RingtoneManager: Ringtone value : content://media/internal/audio/media/49?title=Spaceline&canonical=1
06-19 23:45:28.915 14303 14605 I Routine@Core[4.9.04.13]: AppFunctionsActionHandler: isSupported: supportStatus = SUPPORTED, tag = appfunction://com.samsung.android.app.calendar.crossapp#CrossAppEvent_createEvent
06-19 23:45:28.915 16335 16335 D TurnOverEdgeLighting: setEnable: false
06-19 23:45:28.917  2503  2503 W RefactorFlag: New code path expects SceneContainerFlag to be enabled.
06-19 23:45:28.917  2503  3162 D SoundCraft.PlayingAudioConditionHandler: onPlaybackConfigChanged : lastStartedPackageName=null, lastStartedUid=-1, newStartedUid=-1, newStartPackageName=null, thread=Thread[RoutineHandlerThread,5,main]
06-19 23:45:28.918  2503  2503 D ExpandableNotifRow: mMaxSmallHeight different before reInflateViews mMaxSmallHeight: 203 mTempSmallHeight:0 0|com.whatsapp|1|OvmBtF+uSfs4NJh7cvinvdOaUTIKGjeLkFmW0mPW1Ag=|10383
06-19 23:45:28.918  2503  2503 D ExpandableNotifRow: mMaxSmallHeight different before reInflateViews mMaxSmallHeight: 203 mTempSmallHeight:0 0|com.whatsapp|1|OvmBtF+uSfs4NJh7cvinvdOaUTIKGjeLkFmW0mPW1Ag=|10383
06-19 23:45:28.918 16335 16335 D DeviceStateManagerGlobal: This device does not support FoldStateListener!
06-19 23:45:28.919 14303 14605 I Routine@Core[4.9.04.13]: TASKD/ActionTaskAdapterFactoryImpl: getAdapter - metaId=appfunction://com.samsung.android.app.calendar.crossapp#CrossAppEvent_updateEvent(id=616)
06-19 23:45:28.919  1352  1367 E HeatmapThread: ECT Thread time in milliseconds: 1781934328
06-19 23:45:28.920  1352  1367 D HeatmapThread: !@ batteryplugType : 0
06-19 23:45:28.920  1352  1367 D HeatmapThread: !@ batteryLevel : 0  batteryTemperature : 0
06-19 23:45:28.920  1352  1367 D HeatmapThread: !@ Heatmap currtime: 29698905
06-19 23:45:28.920  1352  1367 D HeatmapThread: !@ Heatmap prevtime: 29698904
06-19 23:45:28.920  1352  1367 D HeatmapThread: !@ Heatmap plugstarttime: 35791394
06-19 23:45:28.920  1352  1367 D HeatmapThread: !@ Heatmap prevv_dsoh_update_time: 29636664
06-19 23:45:28.920  1352  1367 E HeatmapThread: !@Could not open '/efs/FactoryApp/bsoh', errno = 13
06-19 23:45:28.920  1352  1367 E HeatmapThread: !@ CAM Could not access BSOH EFS
06-19 23:45:28.920  1352  1367 E HeatmapThread: !@ CAM New BSOH: 0
06-19 23:45:28.920 16335 16335 D ScoverManager: registerListener
06-19 23:45:28.920 16335 16335 W ScoverManager: registerListener : This device is not supported cover
06-19 23:45:28.920 16335 16335 W ScoverManager: getCoverState : This device is not supported cover
06-19 23:45:28.926  2503 19415 V MediaPlayer-JNI: setDataSourceFD: fd 741
06-19 23:45:28.926  2503 19415 V MediaPlayerNative: setDataSource(741, 0, 576460752303423487)
06-19 23:45:28.927  1499  4200 V MediaPlayerService: Create new client(3209) from AttributionSourceState{pid: 2503, uid: 10049, deviceId: 0, packageName: com.android.systemui, attributionTag: (null), token: binder:0xb40000798dd2cbd0, renouncedPermissions: [], next: []},
06-19 23:45:28.928  2503  3028 W BitmapFactory: Null Options, creating a new one.
06-19 23:45:28.929  1499  4200 V MediaPlayerService: setDataSource fd=19 (/data/system_de/0/ringtones/notification_sound_cache), offset=0, length=576460752303423487
06-19 23:45:28.929  2503  3028 I Kumiho-Kumiho: getPackageName: com.samsung.android.app.routines
06-19 23:45:28.929  1499  4200 V MediaPlayerService: st_dev  = 65079
06-19 23:45:28.929  1499  4200 V MediaPlayerService: st_mode = 33216
06-19 23:45:28.929  1499  4200 V MediaPlayerService: st_uid  = 1000
06-19 23:45:28.929  1499  4200 V MediaPlayerService: st_gid  = 1000
06-19 23:45:28.929  1499  4200 V MediaPlayerService: st_size = 54181
06-19 23:45:28.929  1499  4200 V MediaPlayerService: calculated length = 54181
06-19 23:45:28.929  1499  4200 V MediaPlayerService: player type = 4
06-19 23:45:28.930  1499  4200 D NuPlayerDriver: NuPlayerDriver(0xb4000078ddd54d70) created, clientPid(2503)
06-19 23:45:28.931  2503  3028 I Kumiho-Kumiho: getPackageName: com.samsung.android.app.routines
06-19 23:45:28.931  2503  2503 I LockscreenNotificationIconsOnlyController: onNotificationInfoUpdated 0
06-19 23:45:28.931  2503  2503 I AODNotificationManager: updateNotification()
06-19 23:45:28.935  2503  2503 W RefactorFlag: New code path expects SceneContainerFlag to be enabled.
06-19 23:45:28.941  2503  2503 D SystemUIService: SYSUI_RAM_OPTIMIZATION onTrimMemory=20
06-19 23:45:28.941  2503  2503 D CentralSurfaces: SYSUI_RAM_OPTIMIZATION onTrimMemory=20
06-19 23:45:28.941  1275 19374 I HYPER-HAL: [RequestManager.cpp]releaseLocked(): Released ID : 1295261
06-19 23:45:28.945  2503  2607 D HWUI    : CacheManager::trimMemory(20)
06-19 23:45:28.947  1499  4200 V AudioSink: AudioOutput(180321)
06-19 23:45:28.947  1499  4200 V NuPlayerDriver: setDataSource(0xb4000078ddd54d70) file(19)
06-19 23:45:28.947  1499  4200 V NuPlayer: setDataSourceAsync fd 19/0/54181 source: 0xb40000797dd22840
06-19 23:45:28.948  1499 19417 V NuPlayer: kWhatSetAudioSink
06-19 23:45:28.948  1499 19417 V NuPlayer: kWhatSetDataSource
06-19 23:45:28.948  2503 19415 V MediaPlayer-JNI: setLooping: 0
06-19 23:45:28.948  2503 19415 V MediaPlayerNative: MediaPlayer::setLooping
06-19 23:45:28.950  1499  4200 V MediaPlayerService: [3209] setLooping(0)
06-19 23:45:28.951  2503 19415 V MediaPlayer-JNI: setVolume: left 1.000000  right 1.000000
06-19 23:45:28.951  2503 19415 V MediaPlayerNative: MediaPlayer::setVolume(1.000000, 1.000000)
06-19 23:45:28.951  1499  4200 V MediaPlayerService: [3209] setVolume(1.000000, 1.000000)
06-19 23:45:28.951  1499  4200 V AudioSink: setVolume(1.000000, 1.000000)
06-19 23:45:28.952  2503 19415 V MediaPlayerNative: setVideoSurfaceTexture
06-19 23:45:28.952  1499  4200 V MediaPlayerService: [3209] setVideoSurfaceTexture(0x0)
06-19 23:45:28.952  2503 19415 V MediaPlayerNative: prepare
06-19 23:45:28.952  1499  4200 V MediaPlayerService: [3209] setParameter(1400)
06-19 23:45:28.952  1499  4200 V MediaPlayerService: setAudioAttributes_l() usage=5 content=4 flags=0x800 tags=
06-19 23:45:28.954  1499  4200 V MediaPlayerService: [3209] prepareAsync
06-19 23:45:28.954  1499  4200 V NuPlayerDriver: prepareAsync(0xb4000078ddd54d70)
06-19 23:45:28.954  1499  4200 V NuPlayer: prepareAsync
06-19 23:45:28.954 16335 16335 D TurnOverEdgeLighting$StateIdle: isNeedTurnOverChecker: not enabled
06-19 23:45:28.954  1499 19417 V NuPlayer: onMessageReceived kWhatPrepare
06-19 23:45:28.954  1499 19417 I MediaMonitor: MediaMonitor()
06-19 23:45:28.955  1499 19418 D GenericSource: FileSource remote
06-19 23:45:28.961  5222 19398 W adbd    : timed out while waiting for FUNCTIONFS_BIND, trying again
06-19 23:45:28.962  5222 19398 I adbd    : UsbFfs: connection terminated: monitor thread finished
06-19 23:45:28.962  1492 30133 I OggExtractor: size of mTableOfContents : 11
06-19 23:45:28.962  1492 30133 I MediaExtractorFactory: Created an extractor 'SECOggExtractor' with confidence 0.51
06-19 23:45:28.965  2503  2503 I AppIconSolution: return adaptive icon for com.whatsapp, isNight = true
06-19 23:45:28.965  1499 19418 I AnotherPacketSource: setFormat() : audio/vorbis
06-19 23:45:28.966  1499 19417 V NuPlayer: onSourceNotify() kWhatFlagsChanged  FLAG_CAN_PAUSE: 1  FLAG_CAN_SEEK_BACKWARD: 1
06-19 23:45:28.966  1499 19417 V NuPlayer: 				 FLAG_CAN_SEEK_FORWARD: 1  FLAG_CAN_SEEK: 1  FLAG_DYNAMIC_DURATION: 0
06-19 23:45:28.966  1499 19417 V NuPlayer: 				 FLAG_SECURE: 0  FLAG_PROTECTED: 0
06-19 23:45:28.966  1499 19418 V NuPlayer: Source::notifyPrepared 0
06-19 23:45:28.966  1499 19417 V NuPlayer: prepare posted successfully.
06-19 23:45:28.966  1499 19417 I NuPlayer: ORmode enabled : unsupportedAudio = 0, unsupportedVideo = 0, mHaveAudioTrack = 1, mHaveVideoTrack = 0
06-19 23:45:28.966  1499 19417 V MediaPlayerService: [3209] notify (200, 10973, 0)
06-19 23:45:28.966  1499 19417 V NuPlayer: NuPlayer::onSourceNotify Source::kWhatPrepared source: 0xb40000797dd22840
06-19 23:45:28.967  2503  2577 V MediaPlayerNative: message received msg=200, ext1=10973, ext2=0
06-19 23:45:28.967  2503  2577 W MediaPlayerNative: info/warning (10973, 0)
06-19 23:45:28.968  1499 19417 V NuPlayer: extractMetadata Tracks : 1
06-19 23:45:28.969  1499 19417 V NuPlayerDriver: notifyPrepareCompleted 0
06-19 23:45:28.970  1499 19417 V MediaPlayerService: [3209] notify (1, 0, 0)
06-19 23:45:28.970  2503  6344 V MediaPlayerNative: message received msg=1, ext1=0, ext2=0
06-19 23:45:28.970  2503  6344 V MediaPlayerNative: MediaPlayer::notify() prepared
06-19 23:45:28.970  2503  6344 V MediaPlayerNative: signal application thread
06-19 23:45:28.970  2503 19415 V MediaPlayerNative: prepare complete - status=0
06-19 23:45:28.970  2503 19415 V MediaPlayerNative: invoke 80
06-19 23:45:28.970  1499  4200 V AudioSink: setPlayerIId(40767)
06-19 23:45:28.974  2503 19415 V MediaPlayerNative: invoke 76
06-19 23:45:28.974  1499  4200 V NuPlayer: getTrackInfo
06-19 23:45:28.975  2503 19415 D RingtonePlayer: requesting AudioFocus
06-19 23:45:28.975 16335 16335 I AppIconSolution: return adaptive icon for com.whatsapp, isNight = true
06-19 23:45:28.979  1342  7958 V APM_AudioPolicyManager: setAudioPolicyConfig: audioParam;l_smart_view_split_sound_enable=false
06-19 23:45:28.979  1593  2538 I MediaFocusControl: requestAudioFocus() from uid/pid 10049/2503 AA=USAGE_NOTIFICATION/CONTENT_TYPE_SONIFICATION clientId=android.media.AudioManager@eccde72 callingPack=com.android.systemui req=3 flags=0x0 sdk=36
06-19 23:45:28.980  1593  2538 D AS.AudioService: [Android Auto] isConnectedAndroidAuto = false
06-19 23:45:28.980  1593  2538 D MediaFocusControl: selectFocusStack, uid = 10049, appDevice = 0, device = 2
06-19 23:45:28.981  1593  2538 I MediaFocusControl: removeFocusStackEntry client:android.media.AudioManager@eccde72
06-19 23:45:28.981  1593  2538 I MediaFocusControl: propagateFocusLossFromGain_syncAf gain:3
06-19 23:45:28.981  1593  2538 I MediaFocusControl: propagateFocusLossFromGain_syncAf empty stack
06-19 23:45:28.981  2503 19415 D RingtonePlayer: notification will be delayed by 500ms
06-19 23:45:28.982 16335 16335 W Settings: Setting remove_animations has moved from android.provider.Settings.System to android.provider.Settings.Global, returning read-only value.
06-19 23:45:28.990  1593 19420 D SemInputDeviceManager: setProperty: (0) CMD,GRIP_DATA,1,45,7,15,702
06-19 23:45:28.990 16335 16335 I Dialog  : mIsDeviceDefault = false, mIsSamsungBasicInteraction = false, isMetaDataInActivity = false
06-19 23:45:28.991  1593  1861 D SemInputDevice:TSP: SetPropertyTask: CMD,set_grip_data,1,45,7,15,702 [06-19 23:45:28.990]
06-19 23:45:28.991 14303 14605 I Routine@Core[4.9.04.13]: AppFunctionsActionHandler: isSupported: supportStatus = SUPPORTED, tag = appfunction://com.samsung.android.app.calendar.crossapp#CrossAppEvent_updateEvent
06-19 23:45:28.992  2503  2503 W RefactorFlag: New code path expects SceneContainerFlag to be enabled.
06-19 23:45:28.995 14303 14605 I Routine@Core[4.9.04.13]: TASKD/ActionTaskAdapterFactoryImpl: getAdapter - metaId=appfunction://com.samsung.android.app.calendar.crossapp#CrossAppEvent_showEvent(id=617)
06-19 23:45:28.996 16335 16335 I DecorView: setWindowBackground: isPopOver=false color=0 d=android.graphics.drawable.ColorDrawable@7696681
