06-19 23:45:32.382  1593  3763 I WindowManager:   fl=81030118
06-19 23:45:32.382  1593  3763 I WindowManager:   pfl=10000810
06-19 23:45:32.382  1593  3763 I WindowManager:   apr=18
06-19 23:45:32.382  1593  3763 I WindowManager:   bhv=1
06-19 23:45:32.382  1593  3763 I WindowManager:   fitSides=0
06-19 23:45:32.382  1593  3763 I WindowManager:   frameRateBoostOnTouch=true
06-19 23:45:32.382  1593  3763 I WindowManager:   dvrrWindowFrameRateHint=true naviIconColor=0}
06-19 23:45:32.383  2503  2567 I VRI[testeableapp]@a0ba531: onActiveControlsChanged, removed=false, mAdded=true, caller=android.view.ViewRootImpl.handleInsetsControlChanged:3002 android.view.ViewRootImpl.relayoutWindow:11629 android.view.ViewRootImpl.performTraversals:4804 android.view.ViewRootImpl.doTraversal:3924 android.view.ViewRootImpl$TraversalRunnable.run:12903
06-19 23:45:32.383  2503  2567 I VRI[testeableapp]@a0ba531: Relayout returned: old=(0,0,1080,2340) new=(0,0,1080,2340) relayoutAsync=false req=(1080,2340)8 dur=3 res=0x2 s={false 0x0} ch=true seqId=0
06-19 23:45:32.383  2503  2567 D VRI[testeableapp]@a0ba531: Not drawing due to not visible. Reason=View.GONE
06-19 23:45:32.383  2503  2567 I VRI[testeableapp]@a0ba531: dispatchDetachedFromWindow
06-19 23:45:32.384  1593  3605 D InputTransport: Input channel destroyed: '250a86 ', fd=1436
06-19 23:45:32.384  1593  3605 D SurfaceComposerClient: setCornerRadius ## c0633ae com.example.testeableapp/com.example.testeableapp.MainActivity#35129 cornerRadius=0.000000
06-19 23:45:32.385  1256  4796 D DlbDlbEffect: handle_EFFECT_CMD_SET_DEVICE(device=0x00000002)
06-19 23:45:32.385  1593  3605 D SurfaceComposerClient: setCornerRadius ## c0633ae com.example.testeableapp/com.example.testeableapp.MainActivity#35129 cornerRadius=0.000000
06-19 23:45:32.385  1256  4796 D DlbEffectContext: setDevice(00000002)
06-19 23:45:32.385  1256  4796 D DlbEndpointParamCache: setDevice(device=0x00000002)
06-19 23:45:32.385  2503  2567 D InputTransport: Input channel destroyed: '250a86 ', fd=653
06-19 23:45:32.386  1476  1552 I CameraService: onUidStateChanged: uid=10049, procState is changed. (1 -> 0)
06-19 23:45:32.390  2967  2967 I HoneySpace.EdgePanel.EdgeVisibilityRepository: getComputedTrayVisible : keyguardState = 1
06-19 23:45:32.390  2967  2967 I HoneySpace.EdgePanel.EdgeVisibilityRepository: updateTrayVisible: State = 0x1, visible = true, current containerState = 0, specificMode = 0
06-19 23:45:32.390  2967  2967 I HoneySpace.EdgePanel.EdgeVisibilityRepository: Same container state 0
06-19 23:45:32.390  1342  1667 I AudioEffectExtendAction: setDevice_l empty address, empty name
06-19 23:45:32.391  1342  1667 I AudioEffectExtendAction: setDevice_l empty address, empty name
06-19 23:45:32.392  1256  4796 D audio_hw_playback: primary_out-out_update_source_metadata: called
06-19 23:45:32.394  1362  1362 I SurfaceFlinger: RequestedLayer [Surface(name=7490dd7 InputMethod)/@0[...]tion-leash of insets_animation#35141] hidden!! flag  from(1) --> to(0)
06-19 23:45:32.394  1362  1362 E SurfaceFlinger: alpha changed 1.000 -> 0.000 - Surface(name=7490dd7 InputMethod)/@0x5cfd4e2 - animation-leash of insets_animation#35141
06-19 23:45:32.394  1362  1362 I SurfaceFlinger: [LayerHierarchy{RequestedLayerState{ImeContainer#15 parentId=35128 relativeParentId=35128 z=3} 1 children}] reparent to LayerHierarchy{RequestedLayerState{ActivityRecord{263851774 u0 com.example.testeableapp/.MainActivity t561}#35128 parentId=35127} 4 children}
06-19 23:45:32.394  1362  1362 I SurfaceFlinger: [LayerHierarchy{RequestedLayerState{ImeContainer#15 parentId=35128 relativeParentId=35128 z=3} 1 children}] RelativeParent to null
06-19 23:45:32.394  1362  1362 I SurfaceFlinger: [LayerHierarchy{RequestedLayerState{7490dd7 InputMethod#133 parentId=35141} no children}] reparent to LayerHierarchy{RequestedLayerState{Surface(name=7490dd7 InputMethod)/@0x5cfd4e2 - animation-leash of insets_animation#35141 parentId=132} 1 children}
06-19 23:45:32.394  1362  1362 I SurfaceFlinger: [LayerHierarchy{RequestedLayerState{Surface(name=7490dd7 InputMethod)/@0x5cfd4e2 - animation-leash of insets_animation#35124} no children}] reparent to OffscreenRoot
06-19 23:45:32.394  1362  1362 I SurfaceFlinger: [LayerHierarchy{RequestedLayerState{Surface(name=7490dd7 InputMethod)/@0x5cfd4e2 - animation-leash of insets_animation#35124} no children}] RelativeParent to null
06-19 23:45:32.395  1593  1663 D SurfaceComposerClient: setCornerRadius ## c0633ae com.example.testeableapp/com.example.testeableapp.MainActivity#35129 cornerRadius=0.000000
06-19 23:45:32.395  1256  4796 D audio_hw_playback: primary_out-out_set_parameters: enter
06-19 23:45:32.395  1256  4796 D audio_hw_playback: primary_out-out_set_parameters: routing = 0x2
06-19 23:45:32.395  1256  4796 I audio_hw_playback: primary_out-out_set_parameters: requested to change route from speaker-bottom to speaker-bottom
06-19 23:45:32.395  1256  4796 D audio_hw_primary_odm: primary_out-check_and_set_backend_mixer: no need to update backend 2 -> 2, out->backend_mode:2
06-19 23:45:32.395  1256  4796 I audio_hw_route: primary_out-set_route_for_playback-1: skip re-route as same device(speaker-bottom) and same usage(media)
06-19 23:45:32.397  1342  1667 D AudioFlinger: setCurDevice() 0x2
06-19 23:45:32.398  1362  1542 I SurfaceFlinger: id=35124 Removed Surface(name=7490dd7 InputMethod)/@0x5cfd4e2 - animation-leash of insets_animation#35124 (192)
06-19 23:45:32.400  6035  6035 I InputMethodService: scheduleImeSurfaceRemoval: removeImeSurface is posted.
06-19 23:45:32.401  1256  4796 D audio_hw_playback: primary_out-out_update_source_metadata: called
06-19 23:45:32.402  1342  3245 V APM_AudioPolicyManager: setOutputDevices() AF::createAudioPatch returned 0 patchHandle 83644 num_sources 1 num_sinks 1
06-19 23:45:32.403  1342  3245 V APM_AudioPolicyManager: checkAndSetVolume: output 13, stream 10, index 5, devices 0x2, volume 0.019953, delayMs 0, muted false
06-19 23:45:32.403  1342  3245 V APM_AudioPolicyManager: checkAndSetVolume: output 13, stream 4, index 15, devices 0x2, volume 1.000000, delayMs 0, muted false
06-19 23:45:32.403  1342  3245 V APM_AudioPolicyManager: checkAndSetVolume: output 13, stream 8, index 15, devices 0x2, volume 1.000000, delayMs 0, muted false
06-19 23:45:32.406  2503  2503 D SystemUIService: SYSUI_RAM_OPTIMIZATION onTrimMemory=20
06-19 23:45:32.406  2503  2503 D CentralSurfaces: SYSUI_RAM_OPTIMIZATION onTrimMemory=20
06-19 23:45:32.407  2503  2503 D NavigationBar: onSystemBarAttributesChanged() -  displayId:0, appearance:0, packageName: com.example.testeableapp, navbarColorManagedByIme:false
06-19 23:45:32.408  1342  3245 V APM_AudioPolicyManager: checkAndSetVolume: output 13, stream 3, index 4, devices 0x2, volume 0.009441, delayMs 0, muted false
06-19 23:45:32.408  1342  3245 V APM_AudioPolicyManager: checkAndSetVolume: output 13, stream 5, index 15, devices 0x2, volume 1.000000, delayMs 0, muted false
06-19 23:45:32.408  2503  2607 D HWUI    : CacheManager::trimMemory(20)
06-19 23:45:32.408  1342  3245 V APM_AudioPolicyManager: checkAndSetVolume: output 13, stream 2, index 15, devices 0x2, volume 1.000000, delayMs 0, muted false
06-19 23:45:32.409  1342  3245 V APM_AudioPolicyManager: checkAndSetVolume: output 13, stream 1, index 15, devices 0x2, volume 0.446684, delayMs 0, muted false
06-19 23:45:32.410  1342  3245 V APM_AudioPolicyManager: checkAndSetVolume: output 13, stream 9, index 4, devices 0x2, volume 0.125893, delayMs 0, muted false
06-19 23:45:32.410  1362  1362 I SurfaceFlinger: RequestedLayer [Splash Screen com.example.testeableapp$_2503#35131] hidden!! flag  from(0) --> to(1)
06-19 23:45:32.410  1362  1362 I SurfaceFlinger: destroyed Surface(name=7490dd7 InputMethod)/@0x5cfd4e2 - animation-leash of insets_animation#35124
06-19 23:45:32.410  1342  3245 V APM_AudioPolicyManager: checkAndSetVolume: output 13, stream 0, index 8, devices 0x2, volume 1.000000, delayMs 0, muted false
06-19 23:45:32.410  1362  1362 I SurfaceFlinger: [LayerHierarchy{RequestedLayerState{c0633ae com.example.testeableapp/com.example.testeableapp.MainActivity#35129 parentId=35128} 1 children}] reparent to LayerHierarchy{RequestedLayerState{ActivityRecord{263851774 u0 com.example.testeableapp/.MainActivity t561}#35128 parentId=35127} 5 children}
06-19 23:45:32.410  1362  1362 I SurfaceFlinger: [LayerHierarchy{RequestedLayerState{Surface(name=c0633ae com.example.testeableapp/com.example.testeableapp.MainActivity)/@0x7b5ae17 - animation-leash of starting_reveal#35140} no children}] reparent to OffscreenRoot
06-19 23:45:32.410  1362  1362 I SurfaceFlinger: [LayerHierarchy{RequestedLayerState{Surface(name=c0633ae com.example.testeableapp/com.example.testeableapp.MainActivity)/@0x7b5ae17 - animation-leash of starting_reveal#35140} no children}] RelativeParent to null
06-19 23:45:32.413  1342  3245 V APM_AudioPolicyManager: checkAndSetVolume: output 13, stream 11, index 5, devices 0x2, volume 0.016788, delayMs 0, muted false
06-19 23:45:32.413  1342  3245 V APM_AudioPolicyManager: checkAndSetVolume: output 13, stream 5, index 15, devices 0x2, volume 1.000000, delayMs 0, muted false
06-19 23:45:32.413  1362  1362 I Layer   : id=35124 Destroyed Surface(name=7490dd7 InputMethod)/@0x5cfd4e2 - animation-leash of insets_animation#35124
06-19 23:45:32.414  1342  3245 I AudioFlinger: updateStageIndex new -1301
06-19 23:45:32.417  1499 19515 I MediaClock: setThreshold mThresholdTimeUsForAnchor(500000), mMinClockModificationTimeUs(80000), mMaxCorrectionTimeUs(30000)
06-19 23:45:32.417  1499 19515 I NuPlayerRenderer: onAudioSinkChanged() getPosition : 0
06-19 23:45:32.417  1499 19515 I MediaClock: setPlaybackRate rate : 0.000000
06-19 23:45:32.417  1499 19515 I NuPlayerRenderer: onDrainAudioQueue() send kWhatPollingAudioStarted audio_out : 0
06-19 23:45:32.417  1499 19515 I NuPlayerRenderer: setAudioFirstAnchorTime mAudioFirstAnchorTimeMediaUs : -1, new mediaTimeUs : 0
06-19 23:45:32.417  1499 19515 I MediaClock: getMediaTime_l - mAnchorTimeRealUs is '-1'
06-19 23:45:32.417  1499 19515 I MediaClock: getMediaTime_l - mAnchorTimeRealUs is '-1'
06-19 23:45:32.418  1499 19515 I MediaClock: getMediaTime_l - mAnchorTimeRealUs is '-1'
06-19 23:45:32.418  1499 19515 I MediaClock: getMediaTime_l - mAnchorTimeRealUs is '-1'
06-19 23:45:32.418  1499 31738 D MediaPlayerService: onAudioDeviceUpdate deviceIds: 3
06-19 23:45:32.418  1499 31738 V MediaPlayerService: [3210] notify (10000, 13, 0)
06-19 23:45:32.418  1499 19509 V NuPlayer: media rendering started
06-19 23:45:32.418  1499 19509 V MediaPlayerService: [3210] notify (6, 0, 0)
06-19 23:45:32.418  1342  1667 I SoundBoosterEffectPlus: SB_setVolume(0xb400007df58cc590)
06-19 23:45:32.418  1342  1667 I SoundBoosterEffectPlus: command EFFECT_CMD_SET_VOLUME left = 1.000000, right =1.000000
06-19 23:45:32.419  2503  2526 V MediaPlayerNative: message received msg=10000, ext1=13, ext2=0
06-19 23:45:32.419  2503  2526 V MediaPlayerNative: message received msg=6, ext1=0, ext2=0
06-19 23:45:32.419  2503  2526 V MediaPlayerNative: Received media started message
06-19 23:45:32.420  1256  4796 D audio_hw_playback: primary_out-out_update_source_metadata: called
06-19 23:45:32.420  1256  4796 D audio_hw_playback: primary_out-out_update_source_metadata: This stream has 1 tracks
06-19 23:45:32.420  1256  4796 D audio_hw_playback: 1 Track has Usage(5), Content Type(4), Gain(0.000000)
06-19 23:45:32.423  1499 19515 D AudioTrack: getTimestamp_l(24611): device stall time corrected using current time 331238618447164
06-19 23:45:32.423  1499 31738 V MediaPlayerService: [3210] getRoutedDeviceIds
06-19 23:45:32.423  1499 31738 V AudioSink: getRoutedDeviceIds
06-19 23:45:32.423  2503  3162 D SoundCraft.PlayingAudioConditionHandler: onPlaybackConfigChanged : lastStartedPackageName=null, lastStartedUid=-1, newStartedUid=-1, newStartPackageName=null, thread=Thread[RoutineHandlerThread,5,main]
06-19 23:45:32.424  1362  1362 D SurfaceFlinger: Display 4633128672291735931 HWC layers:
06-19 23:45:32.424  1362  1362 D SurfaceFlinger:        CLIENT |           15990163243173 | 00002102 | RGBA_8888    |  317.0    0.0 1080.0 2340.0 |    0    0 1080 2340 | com.android.settings/com.android.settings.SubSettings$_3723#35118 (21)
06-19 23:45:32.424  1362  1362 D SurfaceFlinger:   SOLID_COLOR |                        0 | 00000000 | N/A          |    0.0    0.0    0.0    0.0 |    0    0 1080 2340 | DimTransitionLayer for Surface(name=Task=561)/@0xc188f95#35133 (0)
06-19 23:45:32.424  1362  1362 D SurfaceFlinger:        DEVICE |           83124797046795 | 00002102 | RGBA_8888    |    0.0    0.0 1014.0 2340.0 |   66    0 1080 2340 | com.example.testeableapp/com.example.testeableapp.MainActivity$_19354#35135 (1)
06-19 23:45:32.424  1362  1362 D SurfaceFlinger:        DEVICE |           10750303184997 | 00002100 | RGBA_8888    |    0.0    0.0 1080.0   77.0 |    0    0 1080   77 | StatusBar$_2503#111 (52357)
06-19 23:45:32.424  1362  1362 D SurfaceFlinger:        DEVICE |           12743167976380 | 00002100 | RGBA_8888    |    0.0    0.0   67.0  342.0 | 1013  821 1080 1163 | com.sec.android.app.launcher/com.sam[...]l.app.CocktailBarService$_2967#35048 (1)
06-19 23:45:32.424  1362  1362 D SurfaceFlinger:        DEVICE |           10750303185001 | 0000210
06-19 23:45:32.424  1362  1362 D SurfaceFlinger: 0 | RGBA_8888    |    0.0    0.0 1080.0  135.0 |    0 2205 1080 2340 | NavigationBar0$_2503#107 (27237)
06-19 23:45:32.424  1362  1362 D SurfaceFlinger:        DEVICE |           70158290780194 | 00002100 | RGBA_8888    |    0.0    0.0 1080.0 2340.0 |    0    0 1080 2340 | EdgeLightingWindow$_16335#35072 (47)
06-19 23:45:32.424  1362  1362 D SurfaceFlinger:
06-19 23:45:32.429  1499 19515 I MediaClock: getMediaTime_l - mAnchorTimeRealUs is '-1'
06-19 23:45:32.429  1499 19515 I MediaClock: getMediaTime_l - mAnchorTimeRealUs is '-1'
06-19 23:45:32.429  1499 19515 I MediaClock: getMediaTime_l - mAnchorTimeRealUs is '-1'
06-19 23:45:32.436  2503  2503 D QSClock : onDarkChanged tint=DARK
06-19 23:45:32.443  1342  8129 V APM_AudioPolicyManager: setAppState(portId:24603, state:1)
06-19 23:45:32.448  1499 19515 I MediaClock: getMediaTime_l - mAnchorTimeRealUs is '-1'
06-19 23:45:32.449  1499 19515 I MediaClock: getMediaTime_l - mAnchorTimeRealUs is '-1'
06-19 23:45:32.452  1499 31738 I MediaClock: getMediaTime_l - mAnchorTimeRealUs is '-1'
06-19 23:45:32.452  1499 31738 V NuPlayerDriver: getCurrentPosition(0xb4000078ddd9b3a0) 0 (msec), at state 5
06-19 23:45:32.454  1499 19509 V MediaPlayerService: [3210] notify (211, 0, 0)
06-19 23:45:32.454  2503  3559 V MediaPlayerNative: message received msg=211, ext1=0, ext2=0
06-19 23:45:32.454  2503  3162 D SoundCraft.PlayingAudioConditionHandler: onPlaybackConfigChanged : lastStartedPackageName=null, lastStartedUid=-1, newStartedUid=-1, newStartPackageName=null, thread=Thread[RoutineHandlerThread,5,main]
06-19 23:45:32.500  1342  1667 I AudioMixer: create resampler src 44100, 2, dst 48000, 2, f 0x5, q 8
06-19 23:45:32.500  1256  4796 D audio_hw_playback: primary_out-out_update_source_metadata: called
06-19 23:45:32.500  1256  4796 D audio_hw_playback: primary_out-out_update_source_metadata: This stream has 1 tracks
06-19 23:45:32.500  1256  4796 D audio_hw_playback: 1 Track has Usage(5), Content Type(4), Gain(1.000000)
06-19 23:45:32.501  1342  1667 I SoundAlive_SRC384 arch64: SoundAlive_SRC384() ID = 26293 GID = 26294
06-19 23:45:32.501  1342  1667 I SoundAlive_SRC384 arch64: SoundAlive_SRC384: Instance 26293 Init(outFs 7, InFs 7, chnum 0, outBW 0, inBW 0)
06-19 23:45:32.501  1342  1667 I Samsung_SoundAlive_SRC arch64: SRC384 version Samsung SoundAlive SRC ver320 arch64  2021.08.04 (Cppref for ARM64, ver.300.c 32bit 07_10_2016 based)
06-19 23:45:32.501  1342  1667 D SoundAliveResampler: [SoundAliveResampler] Init+++
06-19 23:45:32.501  1342  1667 I SoundAlive_SRC384 arch64: SoundAlive_SRC384: Instance 26293 Init(outFs 8, InFs 7, chnum 2, outBW 3, inBW 3)
06-19 23:45:32.501  1342  1667 I Samsung_SoundAlive_SRC arch64: SRC384 version Samsung SoundAlive SRC ver320 arch64  2021.08.04 (Cppref for ARM64, ver.300.c 32bit 07_10_2016 based)
06-19 23:45:32.503  1328  1328 E SecVibrator-HAL-AIDL-CORE: V_2_0: Vibrator on for timeoutMs: 300
06-19 23:45:32.504  1328  1328 E SecVibrator-HAL-AIDL-CORE: HW_API: do_on for timeoutMs: 300
06-19 23:45:32.504  1328  1328 E SecVibrator-HAL-AIDL-CORE: HW_API: >> writeNode node:/timed_output/vibrator/enable val:300
06-19 23:45:32.505  1328  1328 E SecVibrator-HAL-AIDL-CORE: HW_API: << writeNode node OK : 4
06-19 23:45:32.612  2503  2557 I SurfaceControlRegistry: apply, t=FinishTransaction_SyncId<2950>, caller=android.view.SurfaceControl$Transaction.apply:3459 android.view.SurfaceControl$Transaction.apply:3447 android.view.SurfaceControl$Transaction.apply:3397 com.android.wm.shell.transition.Transitions.onFinish:315 com.android.wm.shell.transition.Transitions$$ExternalSyntheticLambda7.onTransitionFinished:12 com.android.wm.shell.transition.DefaultTransitionHandler$$ExternalSyntheticLambda2.run:36
06-19 23:45:32.616  1593  3570 D SurfaceComposerClient: setCornerRadius ## c0633ae com.example.testeableapp/com.example.testeableapp.MainActivity#35129 cornerRadius=0.000000
06-19 23:45:32.617  3723  3723 I VRI[SubSettings]@f0a4302: handleAppVisibility mAppVisible = true visible = false
06-19 23:45:32.617  3723  3723 D VRI[SubSettings]@f0a4302: visibilityChanged oldVisibility=true newVisibility=false
06-19 23:45:32.617  1593  3570 D SurfaceComposerClient: setCornerRadius ## c0633ae com.example.testeableapp/com.example.testeableapp.MainActivity#35129 cornerRadius=0.000000
06-19 23:45:32.619  2503  2503 D SamsungLightBarControlHelper: updateStatusBar (WHITE icon) numStacks:1, StatusBarMode:MODE_TRANSPARENT, lightBarBounds:[], StatusBarState:SHADE, packageName:, isWhiteKeyguardStatusBar:false
06-19 23:45:32.620  2503  2503 D SamsungLightBarControlHelper: onStatusBarAppearanceChanged() -  sbModeChanged:false, statusBarMode:0, barState:MODE_TRANSPARENT, isKeyguardShowing:false, navbarColorManagedByIme:false, (AppearanceRegion{ bounds=[0,0][1080,2340]}, )
06-19 23:45:32.621  1499 19515 I NuPlayerRenderer: kWhatPollingAudioStarted clock running played_out : 9672 us, audio_out : 0 us, gap : 9672 us
06-19 23:45:32.621  1499 19515 I NuPlayerRenderer: kWhatPollingAudioStarted update nowMediaUs : 4547 us
06-19 23:45:32.621  1499 19515 I MediaClock: setPlaybackRate rate : 1.000000
06-19 23:45:32.621  1499 19515 I MediaClock: setSpeedAjust mSASpeed (0), mMinClockModificationTimeUs (80000)
06-19 23:45:32.621  1499 19509 V MediaPlayerService: [3210] notify (211, 0, 0)
06-19 23:45:32.621  1499 19509 V MediaPlayerService: [3210] notify (211, 0, 0)
06-19 23:45:32.621  1499 19509 V MediaPlayerService: [3210] notify (211, 0, 0)
06-19 23:45:32.622  1275 19523 I HYPER-HAL: [RequestManager.cpp]releaseLocked(): Released ID : 1296872
06-19 23:45:32.622  2503  2522 V MediaPlayerNative: message received msg=211, ext1=0, ext2=0
06-19 23:45:32.622  2503  2522 V MediaPlayerNative: message received msg=211, ext1=0, ext2=0
06-19 23:45:32.623  2503  2522 V MediaPlayerNative: message received msg=211, ext1=0, ext2=0
06-19 23:45:32.627  1362  1362 I SurfaceFlinger: RequestedLayer [Task=513#33546] hidden!! flag  from(0) --> to(1)
06-19 23:45:32.627  1362  1362 I SurfaceFlinger: [Display 0 name="Pantalla integrada"#49] setFrameRateCategory: Default
06-19 23:45:32.627  1362  1362 I SurfaceFlinger: [LayerHierarchy{RequestedLayerState{Task=513#33546 parentId=10 z=11} 4 children}] reparent to LayerHierarchy{RequestedLayerState{DefaultTaskDisplayArea_d0#10 parentId=9} 15 children}
06-19 23:45:32.627  1362  1362 I SurfaceFlinger: [LayerHierarchy{RequestedLayerState{Task=561#35127 parentId=10 z=12} 2 children}] reparent to LayerHierarchy{RequestedLayerState{DefaultTaskDisplayArea_d0#10 parentId=9} 16 children}
06-19 23:45:32.628  1362  1362 I SurfaceFlinger: [LayerHierarchy{RequestedLayerState{Transition Root: Task=561#35132 z=12} 1 children}] reparent to OffscreenRoot
06-19 23:45:32.628  1362  1362 I SurfaceFlinger: [LayerHierarchy{RequestedLayerState{Transition Root: Task=561#35132 z=12} 1 children}] RelativeParent to null
06-19 23:45:32.628  1362  1362 I SurfaceFlinger: [LayerHierarchy{RequestedLayerState{DimTransitionLayer for Surface(name=Task=561)/@0xc188f95#35133 z=-1} no children}] reparent to OffscreenRoot
06-19 23:45:32.628  1362  1362 I SurfaceFlinger: [LayerHierarchy{RequestedLayerState{DimTransitionLayer for Surface(name=Task=561)/@0xc188f95#35133 z=-1} no children}] RelativeParent to null
06-19 23:45:32.631  1362  1362 I SurfaceFlinger: id=35133 Removed DimTransitionLayer for Surface(name=Task=561)/@0xc188f95#35133 (191)
06-19 23:45:32.631  3723  3928 D HWUI    : CacheManager::trimMemory(20)
06-19 23:45:32.631  1362  1362 I SurfaceFlinger: id=35132 Removed Transition Root: Task=561#35132 (191)
06-19 23:45:32.632  1593  3763 I WindowManager: Relayout Window{6bbfc8e u0 com.android.settings/com.android.settings.SubSettings}: viewVisibility=8 req=1080x2340 ty=1 d0
06-19 23:45:32.632  1593  3763 D SurfaceComposerClient: setCornerRadius ## c0633ae com.example.testeableapp/com.example.testeableapp.MainActivity#35129 cornerRadius=0.000000
06-19 23:45:32.633  1593  3763 D SurfaceComposerClient: setCornerRadius ## c0633ae com.example.testeableapp/com.example.testeableapp.MainActivity#35129 cornerRadius=0.000000
06-19 23:45:32.633  1593  3763 I WindowManager: Relayout hash=6bbfc8e, pid=3723, syncId=-1: mAttrs={(0,0)(fillxfill) sim={adjust=resize forwardNavigation} layoutInDisplayCutoutMode=always ty=BASE_APPLICATION wanim=0x1030306
06-19 23:45:32.633  1593  3763 I WindowManager:   fl=81810100
06-19 23:45:32.633  1593  3763 I WindowManager:   pfl=10088840
06-19 23:45:32.633  1593  3763 I WindowManager:   bhv=1
06-19 23:45:32.633  1593  3763 I WindowManager:   fitSides=0
06-19 23:45:32.633  1593  3763 I WindowManager:   frameRateBoostOnTouch=true
06-19 23:45:32.633  1593  3763 I WindowManager:   dvrrWindowFrameRateHint=true naviIconColor=0
06-19 23:45:32.633  1593  3763 I WindowManager:   sfl=1}
06-19 23:45:32.637  3723  3723 I VRI[SubSettings]@f0a4302: Relayout returned: old=(0,0,1080,2340) new=(0,0,1080,2340) relayoutAsync=false req=(1080,2340)8 dur=5 res=0x2 s={false 0x0} ch=true seqId=0
06-19 23:45:32.638  3723  3723 D VRI[SubSettings]@f0a4302: Not drawing due to not visible. Reason=!mAppVisible && !mForceDecorViewVisibility
06-19 23:45:32.638  3723  3928 D HWUI    : CacheManager::trimMemory(20)
06-19 23:45:32.638  1362  1362 D SurfaceFlinger: Display 4633128672291735931 HWC layers:
06-19 23:45:32.638  1362  1362 D SurfaceFlinger:        DEVICE |           83124797046795 | 00002102 | RGBA_8888    |    0.0    0.0 1080.0 2340.0 |    0    0 1080 2340 | com.example.testeableapp/com.example.testeableapp.MainActivity$_19354#35135 (1)
06-19 23:45:32.638  1362  1362 D SurfaceFlinger:        DEVICE |           10750303184997 | 00002100 | RGBA_8888    |    0.0    0.0 1080.0   77.0 |    0    0 1080   77 | StatusBar$_2503#111 (52361)
06-19 23:45:32.638  1362  1362 D SurfaceFlinger:        DEVICE |           12743167976380 | 00002100 | RGBA_8888    |    0.0    0.0   67.0  342.0 | 1013  821 1080 1163 | com.sec.android.app.launcher/com.sam[...]l.app.CocktailBarService$_2967#35048 (1)
06-19 23:45:32.638  1362  1362 D SurfaceFlinger:        DEVICE |           10750303185001 | 00002100 | RGBA_8888    |    0.0    0.0 1080.0  135.0 |    0 2205 1080 2340 | NavigationBar0$_2503#107 (27249)
06-19 23:45:32.638  1362  1362 D SurfaceFlinger:        DEVICE |           70158290780192 | 00002100 | RGBA_8888    |    0.0    0.0 1080.0 2340.0 |    0    0 1080 2340 | EdgeLightingWindow$_16335#35072 (60)
06-19 23:45:32.638  1362  1362 D SurfaceFlinger:
06-19 23:45:32.640  3723  3723 I VRI[SubSettings]@f0a4302: stopped(true) old = false
06-19 23:45:32.640  3723  3723 D VRI[SubSettings]@f0a4302: WindowStopped on com.android.settings/com.android.settings.SubSettings set to true
06-19 23:45:32.640  3723  3928 D HWUI    : CacheManager::trimMemory(20)
06-19 23:45:32.642  2503  2503 D SystemUIService: SYSUI_RAM_OPTIMIZATION onTrimMemory=20
06-19 23:45:32.642  2503  2503 D CentralSurfaces: SYSUI_RAM_OPTIMIZATION onTrimMemory=20
06-19 23:45:32.644  1362  1362 I SurfaceFlinger: RequestedLayer [com.android.settings/com.android.settings.SubSettings$_3723#35118] hidden!! flag  from(0) --> to(1)
06-19 23:45:32.644  1362  1362 I SurfaceFlinger: RequestedLayer [ActivityRecord{249521351 u0 com.android.settings/.SubSettings t513}#34137] hidden!! flag  from(0) --> to(1)
06-19 23:45:32.644  1362  1362 I SurfaceFlinger: destroyed Transition Root: Task=561#35132
06-19 23:45:32.644  1362  1362 I SurfaceFlinger: destroyed DimTransitionLayer for Surface(name=Task=561)/@0xc188f95#35133
06-19 23:45:32.644  1362  1362 I SurfaceFlinger: [LayerHierarchy{RequestedLayerState{ImeContainer#15 parentId=35128 relativeParentId=35129 z=1} 1 children}] RelativeParent to LayerHierarchy{RequestedLayerState{c0633ae com.example.testeableapp/com.example.testeableapp.MainActivity#35129 parentId=35128} 2 children}
06-19 23:45:32.644  1362  1362 I SurfaceFlinger: [LayerHierarchy{RequestedLayerState{250a86 Splash Screen com.example.testeableapp#35130 z=2147483647} 1 children}] reparent to OffscreenRoot
06-19 23:45:32.644  1362  1362 I SurfaceFlinger: [LayerHierarchy{RequestedLayerState{250a86 Splash Screen com.example.testeableapp#35130 z=2147483647} 1 children}] RelativeParent to null
06-19 23:45:32.645  1362  1362 I SurfaceFlinger: [LayerHierarchy{RequestedLayerState{Splash Screen com.example.testeableapp$_2503#35131} no children}] reparent to OffscreenRoot
06-19 23:45:32.645  1362  1362 I SurfaceFlinger: [LayerHierarchy{RequestedLayerState{Splash Screen com.example.testeableapp$_2503#35131} no children}] RelativeParent to null
06-19 23:45:32.645  2503  2607 D HWUI    : CacheManager::trimMemory(20)
06-19 23:45:32.647  1362  1362 I Layer   : id=35132 Destroyed Transition Root: Task=561#35132
06-19 23:45:32.647  1593  3763 I WindowManager: Relayout Window{6bbfc8e u0 com.android.settings/com.android.settings.SubSettings}: viewVisibility=8 req=1080x2340 ty=1 d0
06-19 23:45:32.647  1362  1362 I Layer   : id=35133 Destroyed DimTransitionLayer for Surface(name=Task=561)/@0xc188f95#35133
06-19 23:45:32.647  1593  3763 D SurfaceComposerClient: setCornerRadius ## c0633ae com.example.testeableapp/com.example.testeableapp.MainActivity#35129 cornerRadius=0.000000
06-19 23:45:32.647  1362  1362 I SurfaceFlinger: id=35130 Removed 250a86 Splash Screen com.example.testeableapp#35130 (189)
06-19 23:45:32.647  1362  1362 I SurfaceFlinger: id=35131 Removed Splash Screen com.example.testeableapp$_2503#35131 (189)
06-19 23:45:32.648  1593  3763 D SurfaceComposerClient: setCornerRadius ## c0633ae com.example.testeableapp/com.example.testeableapp.MainActivity#35129 cornerRadius=0.000000
06-19 23:45:32.649  1593  3763 I WindowManager: Relayout hash=6bbfc8e, pid=3723, syncId=-1: mAttrs={(0,0)(fillxfill) sim={adjust=pan} layoutInDisplayCutoutMode=always ty=BASE_APPLICATION wanim=0x1030306
06-19 23:45:32.649  1593  3763 I WindowManager:   fl=81810100
06-19 23:45:32.649  1593  3763 I WindowManager:   pfl=10008840
06-19 23:45:32.649  1593  3763 I WindowManager:   bhv=1
06-19 23:45:32.649  1593  3763 I WindowManager:   fitSides=0
06-19 23:45:32.649  1593  3763 I WindowManager:   frameRateBoostOnTouch=true
06-19 23:45:32.649  1593  3763 I WindowManager:   dvrrWindowFrameRateHint=true naviIconColor=0
06-19 23:45:32.649  1593  3763 I WindowManager:   sfl=1}
06-19 23:45:32.650  3723  3723 I VRI[SubSettings]@f0a4302: Relayout returned: old=(0,0,1080,2340) new=(0,0,1080,2340) relayoutAsync=false req=(1080,2340)8 dur=4 res=0x2 s={false 0x0} ch=false seqId=0
06-19 23:45:32.661  1362  1362 I SurfaceFlinger: destroyed 250a86 Splash Screen com.example.testeableapp#35130
06-19 23:45:32.661  1362  1362 I SurfaceFlinger: destroyed Splash Screen com.example.testeableapp$_2503#35131
06-19 23:45:32.661  1362  1362 I SurfaceFlinger: [LayerHierarchy{RequestedLayerState{com.android.settings/com.android.settings.SubSettings$_3723#35118} no children}] reparent to OffscreenRoot
06-19 23:45:32.661  1362  1362 I SurfaceFlinger: [LayerHierarchy{RequestedLayerState{com.android.settings/com.android.settings.SubSettings$_3723#35118} no children}] RelativeParent to null
06-19 23:45:32.661  1593  1660 D PkgPredictorService-SecIpmManagerServiceImpl: bg information pid:3723 uid:1000 pkgName:com.android.settings
06-19 23:45:32.664  1362  1362 I Layer   : id=35130 Destroyed 250a86 Splash Screen com.example.testeableapp#35130
06-19 23:45:32.664  1362  1362 I Layer   : id=35131 Destroyed Splash Screen com.example.testeableapp$_2503#35131
06-19 23:45:32.680  1362  1362 I SurfaceFlinger: id=35118 Removed com.android.settings/com.android.settings.SubSettings$_3723#35118 (187)
06-19 23:45:32.694  1362  1362 I SurfaceFlinger: destroyed com.android.settings/com.android.settings.SubSettings$_3723#35118
06-19 23:45:32.697  1362  1362 I Layer   : id=35118 Destroyed com.android.settings/com.android.settings.SubSettings$_3723#35118
06-19 23:45:32.745  2503  2503 D QSClock : onDarkChanged tint=WHITE
06-19 23:45:32.784  1593  3151 I SemDvfsHyPerManager: acquire hyper - AMS_APP_SWITCH/1593@22, type = -999
06-19 23:45:32.785  1275  1361 I HYPER-HAL: [RequestManager.cpp]acquire(): Acquired ID : 1304942  [1593 / 22]    HINT : AMS_APP_SWITCH    list :
06-19 23:45:32.785  1362  1542 I SurfaceFlinger: id=35142 createSurf, flag=24004, Task=562#35142
06-19 23:45:32.786  3503  3503 I SemDvfsHyPerManager: acquire hyper - APP_START_SHORT/3503@15, type = -999
06-19 23:45:32.786  1275  1361 I HYPER-HAL: [RequestManager.cpp]acquire(): Acquired ID : 6189936  [3503 / 15]    HINT : APP_START    list : [TIMEOUT / 1500]
06-19 23:45:32.787  1362  1542 I SurfaceFlinger: id=35143 createSurf, flag=84004, ActivityRecord{195887933 u0 com.example.testeableapp.test/androidx.test.core.app.InstrumentationActivityInvoker$EmptyActivity t562}#35143
06-19 23:45:32.791  1593  3763 I SemDvfsHyPerManager: acquire hyper - AMS_APP_LAUNCH/1593@16, type = -999
06-19 23:45:32.791  1275  1361 I HYPER-HAL: [RequestManager.cpp]acquire(): Acquired ID : 1295261  [1593 / 16]    HINT : AMS_APP_LAUNCH    list :
06-19 23:45:32.792  3503  3503 I SemDvfsHyPerManager: acquire hyper - APP_START/3503@17, type = -999
06-19 23:45:32.792 19354 19354 D LifecycleMonitor: Lifecycle status change: com.example.testeableapp.MainActivity@e84d7c4 in: PAUSED
06-19 23:45:32.792 19354 19354 V ActivityScenario: Update currentActivityStage to PAUSED, currentActivity=com.example.testeableapp.MainActivity@e84d7c4
06-19 23:45:32.792  1275  1361 I HYPER-HAL: [RequestManager.cpp]acquire(): Acquired ID : 6196977  [3503 / 17]    HINT : APP_START    list :
06-19 23:45:32.792  2503  2567 I ViewRootImpl: dVRR is disabled
06-19 23:45:32.794  3332  3332 E pageboostd: Received HALT command code 2
06-19 23:45:32.794  1362  1362 I SurfaceFlinger: [Task=562#35142] attach to parent LayerHierarchy{RequestedLayerState{DefaultTaskDisplayArea_d0#10 parentId=9} 16 children}
06-19 23:45:32.794  1362  1362 I SurfaceFlinger: [ActivityRecord{195887933 u0 com.example.testeableapp.test/androidx.test.core.app.InstrumentationActivityInvoker$EmptyActivity t562}#35143] attach to parent LayerHierarchy{RequestedLayerState{Task=562#35142 parentId=10} 1 children}
06-19 23:45:32.794  2503  2607 D NativeCustomFrequencyManager: [NativeCFMS] BpCustomFrequencyManager::BpCustomFrequencyManager()
06-19 23:45:32.796  1593  3570 D InputDispatcher: Focused application(0): ActivityRecord{195887933 u0 com.example.testeableapp.test/androidx.test.core.app.InstrumentationActivityInvoker$EmptyActivity t562}
06-19 23:45:32.796  2503  2557 D ShellDesktopMode: handleRequest: TransitionRequestInfo {type=1, tid=562, debugId=2951}
06-19 23:45:32.800  1593  3758 D GraphicsStatsService: requestRenderEngineFor(com.example.testeableapp.test)
06-19 23:45:32.804  2967  3307 I HoneySpace.TopTaskSource: onTaskMovedToFront : taskId = 562, displayId = 0
06-19 23:45:32.807  2967  3309 I HoneySpace.TopTaskUseCase: topTasks 562 ComponentInfo{com.example.testeableapp.test/androidx.test.core.app.InstrumentationActivityInvoker$EmptyActivity}[displayId=0]
06-19 23:45:32.808  1593  2354 D AS.MultiSoundManager: mForegroundUid = 10356
06-19 23:45:32.809  2967 24556 I HoneySpace.RecentTasks: onRecentTasksChanged
06-19 23:45:32.811  1362  1362 I SurfaceFlinger: [Display 0 name="Pantalla integrada"#49] setFrameRateCategory: High
06-19 23:45:32.809  2967 24556 I HoneySpace.RecentTasks: onRecentTasksChanged
06-19 23:45:32.811  1362  1362 I SurfaceFlinger: [LayerHierarchy{RequestedLayerState{ImeContainer#15 parentId=35128 relativeParentId=35128 z=1} 1 children}] RelativeParent to null
06-19 23:45:32.813  1593  3763 D InputTransport: Input channel constructed: 'd687ae1', fd=1436
06-19 23:45:32.813  1593  3763 D InputTransport: Input channel constructed: 'd687ae1', fd=1465
06-19 23:45:32.814  1593  3763 D InputTransport: Input channel constructed: 'd687ae1', fd=1489
06-19 23:45:32.814  1593  3763 D InputTransport: Input channel destroyed: 'd687ae1', fd=1465
06-19 23:45:32.814  1362  1377 I SurfaceFlinger: id=35144 createSurf, flag=84004, d687ae1 Splash Screen com.example.testeableapp.test#35144
06-19 23:45:32.814  1362  1362 I BpBinder: onLastStrongRef automatically unlinking death recipients:
06-19 23:45:32.814  5754  5874 I Rubin   : [148] A8.b.A(Unknown Source) : Notify com.samsung.android.rubin.inferenceengine.contextanalytics.engine.loggers.AppUsageLogger's database is updated.
06-19 23:45:32.815 19426 19426 I DecorView: setWindowBackground: isPopOver=false color=ffffffff d=android.graphics.drawable.ColorDrawable@b50aa21
06-19 23:45:32.817  1593  3763 D InputTransport: Input channel destroyed: 'd687ae1', fd=1489
06-19 23:45:32.818  2503  2567 D InputTransport: Input channel constructed: 'd687ae1', fd=530
06-19 23:45:32.819  1593  1660 D NetworkPolicy: already checked 10356
06-19 23:45:32.819  2503  2567 I InsetsController: onStateChanged: host=Splash Screen com.example.testeableapp.test, from=android.view.ViewRootImpl.onInsetsStateChanged:3026, state=InsetsState: {mDisplayFrame=Rect(0, 0 - 1080, 2340), mDisplayCutout=DisplayCutout{insets=Rect(0, 77 - 0, 0) waterfall=Insets{left=0, top=0, right=0, bottom=0} boundingRect={Bounds=[Rect(0, 0 - 0, 0), Rect(477, 0 - 603, 77), Rect(0, 0 - 0, 0), Rect(0, 0 - 0, 0)]} cutoutPathParserInfo={CutoutPathParserInfo{displayWidth=1080 displayHeight=2340 physicalDisplayWidth=1080 physicalDisplayHeight=2340 density={2.8125} cutoutSpec={M 0,0 H -22.4‬ V 27.37777777777778‬ H 22.4‬ V 0 H 0 Z @dp} rotation={0} scale={1.0} physicalPixelDisplaySizeRatio={1.0}}} sideOverrides={}}, mRoundedCorners=RoundedCorners{[RoundedCorner{position=TopLeft, radius=113, center=Point(113, 113)}, RoundedCorner{position=TopRight, radius=113, center=Point(967, 113)}, RoundedCorner{position=BottomRight, radius=113, center=Point(967, 2227)}, RoundedCorner{position=BottomLeft, radius=113, center=Point(113, 2227)}]}  mRoundedCornerFrame=Rect(0, 0 - 1080, 2340), mPrivacyIndicatorBounds=PrivacyIndicatorBounds {static bounds=Rect(956, 0 - 1080, 77) rotation=0}, mDisplayShape=DisplayShape{ spec=-311912193 displayWidth=1080 displayHeight=2340 physicalPixelDisplaySizeRatio=1.0 rotation=0 offsetX=0 offsetY=0 scale=1.0}, mSources= { InsetsSource: {84a40000 mType=statusBars mFrame=[0,0][1080,77] mVisible=true mFlags= mSideHint=TOP mBoundingRects=null}, InsetsSource: {84a40005 mType=mandatorySystemGestures mFrame=[0,0][1080,111] mVisible=true mFlags= mSideHint=TOP mBoundingRects=null}, InsetsSource: {84a40006 mType=tappableElement mFrame=[0,0][1080,77] mVisible=true mFlags= mSideHint=TOP mBoundingRects=null}, InsetsSource: {88bb0001 mType=navigationBars mFrame=[0,2298][1080,2340] mVisible=true mFlags=SUPPRESS_SCRIM mSideHint=BOTTOM mBoundingRects=null}, InsetsSource: {88bb0004 mType=systemGestures mFrame=[0,0][84,2340] mVisible=true mFlags= mSideHint=LEFT mBoundingRects=null}, InsetsSource: {88bb0005 mType=mandatorySystemGestures mFrame=[0,2250][1080,2340] mVisible=true mFlags= mSideHint=BOTTOM mBoundingRects=null}, InsetsSource: {88bb0006 mType=tappableElement mFrame=[0,0][0,0] mVisible=true mFlags= mSideHint=NONE mBoundingRects=null}, InsetsSource: {88bb0024 mType=systemGestures mFrame=[996,0][1080,2340] mVisible=true mFlags= mSideHint=RIGHT mBoundingRects=null}, InsetsSource: {3 mType=ime mFrame=[0,0][0,0] mVisible=false mFlags= mSideHint=NONE mBoundingRects=null}, InsetsSource: {27 mType=displayCutout mFrame=[0,0][1080,77] mVisible=true mFlags= mSideHint=TOP mBoundingRects=null} }
06-19 23:45:32.819  1593  1660 D NetworkPolicy: already checked 10356
06-19 23:45:32.819  2503  2567 I VRI[test]@fd31c7: onActiveControlsChanged, removed=false, mAdded=true, caller=android.view.ViewRootImpl.handleInsetsControlChanged:3002 android.view.ViewRootImpl.setView:2014 android.view.WindowManagerGlobal.addView:604 com.android.wm.shell.startingsurface.SplashscreenWindowCreator.addWindow:38 com.android.wm.shell.startingsurface.StartingWindowController$$ExternalSyntheticLambda4.run:1365
06-19 23:45:32.819  2503  2567 I VRI[test]@fd31c7: synced displayState. AttachInfo displayState=2
06-19 23:45:32.819  1362  1437 D SurfaceFlinger: [input] setFocusedWindow: <null>
06-19 23:45:32.819  2503  2567 I VRI[test]@fd31c7: setView = android.widget.FrameLayout@532819 IsHRR=false mFlingFrameRateChange=0 TM=true
06-19 23:45:32.819  2503  2607 D HWUI    : HWUI - treat SMPTE_170M as sRGB
06-19 23:45:32.820 19426 19426 I ViewRootImpl: dVRR is disabled
06-19 23:45:32.821 19426 19441 D NativeCustomFrequencyManager: [NativeCFMS] BpCustomFrequencyManager::BpCustomFrequencyManager()
06-19 23:45:32.821  1593  1660 D PkgPredictorService-SecIpmManagerServiceImpl: onForegroundActivitiesChanged pid:19426 uid:10356
06-19 23:45:32.821  1593  2582 I WindowManager: Relayout Window{d687ae1 u0 Splash Screen com.example.testeableapp.test}: viewVisibility=0 req=1080x2340 ty=3 d0
06-19 23:45:32.821  1362  1543 I SurfaceFlinger: id=35145 createSurf, flag=44004, Splash Screen com.example.testeableapp.test$_2503#35145
06-19 23:45:32.822  1593  3763 D InputDispatcher: Once focus requested (0): <null>
06-19 23:45:32.822  1593  3763 D InputDispatcher: Focus request (0): <null> but waiting because NO_WINDOW
06-19 23:45:32.822  1593  3763 D InputDispatcher: Focus left window (0): c0633ae com.example.testeableapp/com.example.testeableapp.MainActivity
06-19 23:45:32.822  5754  5874 I Rubin   : [148] com.samsung.android.rubin.inferenceengine.contextanalytics.engine.monitors.moment.exercise.ExercisingWithCmhMonitor.isSatisfiedByCmh(Unknown Source) : isSatisfiedByCmh is false
06-19 23:45:32.822  2503  2503 I {OngoingActivityController}: onTaskFocusChanged but OA data is empty
06-19 23:45:32.823  1593  3029 V PkgPredictorService-SecIpmManagerServiceImpl: discard foreground app:com.example.testeableapp.test 1|true
06-19 23:45:32.823  1593  2582 D SurfaceComposerClient: setCornerRadius ## d687ae1 Splash Screen com.example.testeableapp.test#35144 cornerRadius=0.000000
06-19 23:45:32.823  1342  1382 V APM_AudioPolicyManager: setAppState(portId:24603, state:1)
06-19 23:45:32.823  1342  1382 V APM_AudioPolicyManager: setAppState(portId:24603, state:1)
06-19 23:45:32.824  1593  2582 D SurfaceComposerClient: setCornerRadius ## d687ae1 Splash Screen com.example.testeableapp.test#35144 cornerRadius=0.000000
06-19 23:45:32.826  1593  3758 D InputTransport: Input channel constructed: 'eb0b778', fd=1465
06-19 23:45:32.826  1593  3758 D InputTransport: Input channel constructed: 'eb0b778', fd=1489
06-19 23:45:32.826  1593  3758 D InputTransport: Input channel constructed: 'eb0b778', fd=1490
06-19 23:45:32.826  1593  3758 D InputTransport: Input channel destroyed: 'eb0b778', fd=1489
06-19 23:45:32.826  1593  2582 I WindowManager: Relayout hash=d687ae1, pid=2503, syncId=-1: mAttrs={(0,0)(fillxfill) sim={adjust=pan} layoutInDisplayCutoutMode=always ty=APPLICATION_STARTING fmt=TRANSLUCENT
06-19 23:45:32.826  1593  2582 I WindowManager:   fl=81030118
06-19 23:45:32.826  1593  2582 I WindowManager:   pfl=10000810
06-19 23:45:32.826  1593  2582 I WindowManager:   apr=18
06-19 23:45:32.826  1593  2582 I WindowManager:   bhv=1
06-19 23:45:32.826  1593  2582 I WindowManager:   fitSides=0
06-19 23:45:32.826  1593  2582 I WindowManager:   frameRateBoostOnTouch=true
06-19 23:45:32.826  1593  2582 I WindowManager:   dvrrWindowFrameRateHint=true naviIconColor=0}
06-19 23:45:32.827  1362  1543 I SurfaceFlinger: id=35146 createSurf, flag=84004, eb0b778 com.example.testeableapp.test/androidx.test.core.app.InstrumentationActivityInvoker$EmptyActivity#35146
06-19 23:45:32.827  2967  3307 I HoneySpace.TopTaskSource: onTaskFocusChanged(): taskId = 562
06-19 23:45:32.828  2503  2567 I VRI[test]@fd31c7: onActiveControlsChanged, removed=false, mAdded=true, caller=android.view.ViewRootImpl.handleInsetsControlChanged:3002 android.view.ViewRootImpl.relayoutWindow:11629 android.view.ViewRootImpl.performTraversals:4804 android.view.ViewRootImpl.doTraversal:3924 android.view.ViewRootImpl$TraversalRunnable.run:12903
06-19 23:45:32.828  1362  1362 I SurfaceFlinger: [d687ae1 Splash Screen com.example.testeableapp.test#35144] attach to parent LayerHierarchy{RequestedLayerState{ActivityRecord{195887933 u0 com.example.testeableapp.test/androidx.test.core.app.InstrumentationActivityInvoker$EmptyActivity t562}#35143 parentId=35142} 1 children}
06-19 23:45:32.828  1593  3758 D InputTransport: Input channel destroyed: 'eb0b778', fd=1490
06-19 23:45:32.828  1362  1362 I SurfaceFlinger: [Splash Screen com.example.testeableapp.test$_2503#35145] attach to parent LayerHierarchy{RequestedLayerState{d687ae1 Splash Screen com.example.testeableapp.test#35144 parentId=35143} 1 children}
06-19 23:45:32.828  1362  1362 I SurfaceFlinger: [eb0b778 com.example.testeableapp.test/androidx.test.core.app.InstrumentationActivityInvoker$EmptyActivity#35146] attach to parent LayerHierarchy{RequestedLayerState{ActivityRecord{195887933 u0 com.example.testeableapp.test/androidx.test.core.app.InstrumentationActivityInvoker$EmptyActivity t562}#35143 parentId=35142} 2 children}
06-19 23:45:32.828 19426 19426 D InputTransport: Input channel constructed: 'eb0b778', fd=118
06-19 23:45:32.829 19426 19426 I InsetsController: onStateChanged: host=com.example.testeableapp.test/androidx.test.core.app.InstrumentationActivityInvoker$EmptyActivity, from=android.view.ViewRootImpl.onInsetsStateChanged:3026, state=InsetsState: {mDisplayFrame=Rect(0, 0 - 1080, 2340), mDisplayCutout=DisplayCutout{insets=Rect(0, 77 - 0, 0) waterfall=Insets{left=0, top=0, right=0, bottom=0} boundingRect={Bounds=[Rect(0, 0 - 0, 0), Rect(477, 0 - 603, 77), Rect(0, 0 - 0, 0), Rect(0, 0 - 0, 0)]} cutoutPathParserInfo={CutoutPathParserInfo{displayWidth=1080 displayHeight=2340 physicalDisplayWidth=1080 physicalDisplayHeight=2340 density={2.8125} cutoutSpec={M 0,0 H -22.4‬ V 27.37777777777778‬ H 22.4‬ V 0 H 0 Z @dp} rotation={0} scale={1.0} physicalPixelDisplaySizeRatio={1.0}}} sideOverrides={}}, mRoundedCorners=RoundedCorners{[RoundedCorner{position=TopLeft, radius=113, center=Point(113, 113)}, RoundedCorner{position=TopRight, radius=113, center=Point(967, 113)}, RoundedCorner{position=BottomRight, radius=113, center=Point(967, 2227)}, RoundedCorner{position=BottomLeft, radius=113, center=Point(113, 2227)}]}  mRoundedCornerFrame=Rect(0, 0 - 1080, 2340), mPrivacyIndicatorBounds=PrivacyIndicatorBounds {static bounds=Rect(956, 0 - 1080, 77) rotation=0}, mDisplayShape=DisplayShape{ spec=-311912193 displayWidth=1080 displayHeight=2340 physicalPixelDisplaySizeRatio=1.0 rotation=0 offsetX=0 offsetY=0 scale=1.0}, mSources= { InsetsSource: {84a40000 mType=statusBars mFrame=[0,0][1080,77] mVisible=true mFlags= mSideHint=TOP mBoundingRects=null}, InsetsSource: {84a40005 mType=mandatorySystemGestures mFrame=[0,0][1080,111] mVisible=true mFlags= mSideHint=TOP mBoundingRects=null}, InsetsSource: {84a40006 mType=tappableElement mFrame=[0,0][1080,77] mVisible=true mFlags= mSideHint=TOP mBoundingRects=null}, InsetsSource: {88bb0001 mType=navigationBars mFrame=[0,2298][1080,2340] mVisible=true mFlags=SUPPRESS_SCRIM mSideHint=BOTTOM mBoundingRects=null}, InsetsSource: {88bb0004 mType=systemGestures mFrame=[0,0][84,2340] mVisible=true mFlags= mSideHint=LEFT mBoundingRects=null}, InsetsSource: {88bb0005 mType=mandatorySystemGestures mFrame=[0,2250][1080,2340] mVisible=true mFlags= mSideHint=BOTTOM mBoundingRects=null}, InsetsSource: {88bb0006 mType=tappableElement mFrame=[0,0][0,0] mVisible=true mFlags= mSideHint=NONE mBoundingRects=null}, InsetsSource: {88bb0024 mType=systemGestures mFrame=[996,0][1080,2340] mVisible=true mFlags= mSideHint=RIGHT mBoundingRects=null}, InsetsSource: {3 mType=ime mFrame=[0,0][0,0] mVisible=false mFlags= mSideHint=NONE mBoundingRects=null}, InsetsSource: {27 mType=displayCutout mFrame=[0,0][1080,77] mVisible=true mFlags= mSideHint=TOP mBoundingRects=null} }
06-19 23:45:32.829 19426 19426 I VRI[InstrumentationActivityInvoker$EmptyActivity]@619ad34: synced displayState. AttachInfo displayState=2
06-19 23:45:32.829  1476  1552 I CameraService: onUidStateChanged: uid=10049, procState is changed. (0 -> 1)
06-19 23:45:32.829 19426 19426 I VRI[InstrumentationActivityInvoker$EmptyActivity]@619ad34: setView = com.android.internal.policy.DecorView@4c1cda3 IsHRR=false mFlingFrameRateChange=0 TM=true
06-19 23:45:32.830 19426 19441 D HWUI    : HWUI - treat SMPTE_170M as sRGB
06-19 23:45:32.831  2503  2567 I BLASTBufferQueue_Java: new BLASTBufferQueue, mName= VRI[test]@fd31c7 mNativeObject= 0xb40000707c5e1fb0 caller= android.view.ViewRootImpl.updateBlastSurfaceIfNeeded:3585 android.view.ViewRootImpl.relayoutWindow:11685 android.view.ViewRootImpl.performTraversals:4804 android.view.ViewRootImpl.doTraversal:3924 android.view.ViewRootImpl$TraversalRunnable.run:12903 android.view.Choreographer$CallbackRecord.run:1901 android.view.Choreographer$CallbackRecord.run:1910 android.view.Choreographer.doCallbacks:1367 android.view.Choreographer.doFrame:1292 android.view.Choreographer$FrameDisplayEventReceiver.run:1870
06-19 23:45:32.832  2503  2567 I BLASTBufferQueue_Java: update, w= 1080 h= 2340 mName = VRI[test]@fd31c7 mNativeObject= 0xb40000707c5e1fb0 sc.mNativeObject= 0xb400006f1bc88590 format= -3 caller= android.view.ViewRootImpl.updateBlastSurfaceIfNeeded:3590 android.view.ViewRootImpl.relayoutWindow:11685 android.view.ViewRootImpl.performTraversals:4804 android.view.ViewRootImpl.doTraversal:3924 android.view.ViewRootImpl$TraversalRunnable.run:12903 android.view.Choreographer$CallbackRecord.run:1901
06-19 23:45:32.832  1593  3763 D SurfaceComposerClient: setCornerRadius ## d687ae1 Splash Screen com.example.testeableapp.test#35144 cornerRadius=0.000000
06-19 23:45:32.832  1593  3763 D SurfaceComposerClient: setCornerRadius ## eb0b778 com.example.testeableapp.test/androidx.test.core.app.InstrumentationActivityInvoker$EmptyActivity#35146 cornerRadius=0.000000
06-19 23:45:32.833 19354 19354 I ImeFocusController: onPreWindowFocus: skipped hasWindowFocus=false mHasImeFocus=true
06-19 23:45:32.833  2503  2567 I VRI[test]@fd31c7: Relayout returned: old=(0,0,1080,2340) new=(0,0,1080,2340) relayoutAsync=false req=(1080,2340)0 dur=7 res=0x3 s={true 0xb400006f8c1ed2a0} ch=true seqId=0
06-19 23:45:32.833 19354 19354 I ImeFocusController: onPostWindowFocus: skipped hasWindowFocus=false mHasImeFocus=true
06-19 23:45:32.834  2503  2567 I VRI[test]@fd31c7: performConfigurationChange setNightDimText nightDimLevel=0
06-19 23:45:32.834  1593  3605 I WindowManager: Relayout Window{eb0b778 u0 com.example.testeableapp.test/androidx.test.core.app.InstrumentationActivityInvoker$EmptyActivity}: viewVisibility=0 req=1080x2340 ty=1 d0
06-19 23:45:32.834  2503  2567 D VRI[test]@fd31c7: mThreadedRenderer.initialize() mSurface={isValid=true 0xb400006f8c1ed2a0} hwInitialized=true
06-19 23:45:32.835  1362  1543 I SurfaceFlinger: id=35147 createSurf, flag=44004, com.example.testeableapp.test/androidx.test.core.app.InstrumentationActivityInvoker$EmptyActivity$_19426#35147
06-19 23:45:32.835  2503  2567 D VRI[test]@fd31c7: reportNextDraw android.view.ViewRootImpl.performTraversals:5443 android.view.ViewRootImpl.doTraversal:3924 android.view.ViewRootImpl$TraversalRunnable.run:12903 android.view.Choreographer$CallbackRecord.run:1901 android.view.Choreographer$CallbackRecord.run:1910
06-19 23:45:32.835  2503  2567 D VRI[test]@fd31c7: Setup new sync=wmsSync-VRI[test]@fd31c7#79
06-19 23:45:32.835  2503  2567 I VRI[test]@fd31c7: Creating new active sync group VRI[test]@fd31c7#80
06-19 23:45:32.835  1593  3605 D SurfaceComposerClient: setCornerRadius ## d687ae1 Splash Screen com.example.testeableapp.test#35144 cornerRadius=0.000000
06-19 23:45:32.836  1593  3605 D SurfaceComposerClient: setCornerRadius ## eb0b778 com.example.testeableapp.test/androidx.test.core.app.InstrumentationActivityInvoker$EmptyActivity#35146 cornerRadius=0.000000
06-19 23:45:32.836  1593  3605 D SurfaceComposerClient: setCornerRadius ## d687ae1 Splash Screen com.example.testeableapp.test#35144 cornerRadius=0.000000
06-19 23:45:32.836  1593  3605 D SurfaceComposerClient: setCornerRadius ## eb0b778 com.example.testeableapp.test/androidx.test.core.app.InstrumentationActivityInvoker$EmptyActivity#35146 cornerRadius=0.000000
06-19 23:45:32.837  1362  1376 I SurfaceFlinger: id=35148 createSurf, flag=24000, Surface(name=b2ba1d5 NavigationBar0)/@0x108d35a - animation-leash of insets_animation#35148
06-19 23:45:32.837  2503  2567 D VRI[test]@fd31c7: registerCallbacksForSync syncBuffer=false
06-19 23:45:32.838  1362  1376 I SurfaceFlinger: id=35149 createSurf, flag=24000, Surface(name=a1a3f36 StatusBar)/@0x69ae81 - animation-leash of insets_animation#35149
06-19 23:45:32.840  2503  2605 D VRI[test]@fd31c7: Received frameDrawingCallback syncResult=0 frameNum=1.
