06-19 23:45:33.356  1362  1362 D SurfaceFlinger:   SOLID_COLOR |                        0 | 00000000 | N/A          |    0.0    0.0    0.0    0.0 |    0    0 1080 2340 | DimTransitionLayer for Surface(name=Task=563)/@0xcc85b5b#35172 (0)
06-19 23:45:33.356  1362  1362 D SurfaceFlinger:        DEVICE |           10750303185124 | 00002100 | RGBA_8888    |    0.0    0.0  106.0 2340.0 |  974    0 1080 2340 | Splash Screen com.example.testeableapp$_2503#35166 (1)
06-19 23:45:33.356  1362  1362 D SurfaceFlinger:        DEVICE |           10750303184999 | 00002100 | RGBA_8888    |    0.0    0.0 1080.0   77.0 |    0    0 1080   77 | StatusBar$_2503#111 (52383)
06-19 23:45:33.356  1362  1362 D SurfaceFlinger:        DEVICE |           12743167976380 | 00002100 | RGBA_8888    |    0.0    0.0   67.0  342.0 | 1013  821 1080 1163 | com.sec.android.app.launcher/com.sam[...]l.app.CocktailBarService$_2967#35048 (1)
06-19 23:45:33.356  1362  1362 D SurfaceFlinger:        DEVICE |           10750303184996 | 00002100 | RGBA_8888    |    0.0
06-19 23:45:33.356  1362  1362 D SurfaceFlinger:     0.0 1080.0  135.0 |    0 2205 1080 2340 | NavigationBar0$_2503#107 (27284)
06-19 23:45:33.356  1362  1362 D SurfaceFlinger:        DEVICE |           70158290780193 | 00002100 | RGBA_8888    |    0.0    0.0 1080.0 2340.0 |    0    0 1080 2340 | EdgeLightingWindow$_16335#35072 (93)
06-19 23:45:33.356  1362  1362 D SurfaceFlinger:
06-19 23:45:33.375  2764  3225 I ScanController: onScanResult to scannerId: 8- eventType=0x10, addressType=1, address=XX:XX:XX:XX:2E:DD, primaryPhy=1, secondaryPhy=0, advertisingSid=0xff, txPower=127, rssi=-74, periodicAdvInt=0x0
06-19 23:45:33.415  1362  1362 D SurfaceFlinger: GPIS:: requestGpisForClientComposition
06-19 23:45:33.419  1593  2726 I WindowManager: Relayout Window{1535c5 u0 com.example.testeableapp/com.example.testeableapp.MainActivity}: viewVisibility=0 req=1080x2340 ty=1 d0
06-19 23:45:33.419  1362  1543 I SurfaceFlinger: id=35173 createSurf, flag=44004, com.example.testeableapp/com.example.testeableapp.MainActivity$_19354#35173
06-19 23:45:33.420  1593  2726 D SurfaceComposerClient: setCornerRadius ## f59300c Splash Screen com.example.testeableapp#35165 cornerRadius=0.000000
06-19 23:45:33.420  1593  2726 D SurfaceComposerClient: setCornerRadius ## 1535c5 com.example.testeableapp/com.example.testeableapp.MainActivity#35167 cornerRadius=0.000000
06-19 23:45:33.421  1593  2726 D SurfaceComposerClient: setCornerRadius ## f59300c Splash Screen com.example.testeableapp#35165 cornerRadius=0.000000
06-19 23:45:33.421  1593  2726 D SurfaceComposerClient: setCornerRadius ## 1535c5 com.example.testeableapp/com.example.testeableapp.MainActivity#35167 cornerRadius=0.000000
06-19 23:45:33.422  1362  1377 I SurfaceFlinger: id=35174 createSurf, flag=24000, Surface(name=b2ba1d5 NavigationBar0)/@0x108d35a - animation-leash of insets_animation#35174
06-19 23:45:33.423  1362  1377 I SurfaceFlinger: id=35175 createSurf, flag=24000, Surface(name=a1a3f36 StatusBar)/@0x69ae81 - animation-leash of insets_animation#35175
06-19 23:45:33.424  1593  2726 I SystemKeyManager: requested systemKeyInfo size=1 focusedWindow=com.example.testeableapp/com.example.testeableapp.MainActivity
06-19 23:45:33.424  1593  2726 I WindowManager: Relayout hash=1535c5, pid=19354, syncId=-1: mAttrs={(0,0)(fillxfill) sim={adjust=pan forwardNavigation} layoutInDisplayCutoutMode=always ty=BASE_APPLICATION wanim=0x1030317
06-19 23:45:33.424  1593  2726 I WindowManager:   fl=81810100
06-19 23:45:33.424  1593  2726 I WindowManager:   pfl=100088c0
06-19 23:45:33.424  1593  2726 I WindowManager:   bhv=1
06-19 23:45:33.424  1593  2726 I WindowManager:   fitSides=0
06-19 23:45:33.424  1593  2726 I WindowManager:   frameRateBoostOnTouch=true
06-19 23:45:33.424  1593  2726 I WindowManager:   dvrrWindowFrameRateHint=true naviIconColor=0}
06-19 23:45:33.426 19354 19354 I BLASTBufferQueue_Java: new BLASTBufferQueue, mName= VRI[MainActivity]@b013427 mNativeObject= 0xb40000707bcc9ec0 caller= android.view.ViewRootImpl.updateBlastSurfaceIfNeeded:3585 android.view.ViewRootImpl.relayoutWindow:11685 android.view.ViewRootImpl.performTraversals:4804 android.view.ViewRootImpl.doTraversal:3924 android.view.ViewRootImpl$TraversalRunnable.run:12903 android.view.Choreographer$CallbackRecord.run:1901 android.view.Choreographer$CallbackRecord.run:1910 android.view.Choreographer.doCallbacks:1367 android.view.Choreographer.doFrame:1292 android.view.Choreographer$FrameDisplayEventReceiver.run:1870
06-19 23:45:33.426 19354 19354 I BLASTBufferQueue_Java: update, w= 1080 h= 2340 mName = VRI[MainActivity]@b013427 mNativeObject= 0xb40000707bcc9ec0 sc.mNativeObject= 0xb400006f1bbece90 format= -1 caller= android.view.ViewRootImpl.updateBlastSurfaceIfNeeded:3590 android.view.ViewRootImpl.relayoutWindow:11685 android.view.ViewRootImpl.performTraversals:4804 android.view.ViewRootImpl.doTraversal:3924 android.view.ViewRootImpl$TraversalRunnable.run:12903 android.view.Choreographer$CallbackRecord.run:1901
06-19 23:45:33.426 19354 19354 I VRI[MainActivity]@b013427: Relayout returned: old=(0,0,1080,2340) new=(0,0,1080,2340) relayoutAsync=false req=(1080,2340)0 dur=7 res=0x3 s={true 0xb400006f8bc7f110} ch=true seqId=0
06-19 23:45:33.427 19354 19354 I VRI[MainActivity]@b013427: performConfigurationChange setNightDimText nightDimLevel=0
06-19 23:45:33.427 19354 19354 D VRI[MainActivity]@b013427: mThreadedRenderer.initialize() mSurface={isValid=true 0xb400006f8bc7f110} hwInitialized=true
06-19 23:45:33.429  2503  2503 D QSClock : onDarkChanged tint=DARK
06-19 23:45:33.429  1362  1362 I SurfaceFlinger: [com.example.testeableapp/com.example.testeableapp.MainActivity$_19354#35173] attach to parent LayerHierarchy{RequestedLayerState{1535c5 com.example.testeableapp/com.example.testeableapp.MainActivity#35167 parentId=35164} 1 children}
06-19 23:45:33.429  1362  1362 I SurfaceFlinger: [Surface(name=b2ba1d5 NavigationBar0)/@0x108d35a - animation-leash of insets_animation#35174] attach to parent LayerHierarchy{RequestedLayerState{WindowToken{1db1eeb type=2019 android.os.BinderProxy@7119565}#94 parentId=34} 2 children}
06-19 23:45:33.429  1362  1362 I SurfaceFlinger: [Surface(name=a1a3f36 StatusBar)/@0x69ae81 - animation-leash of insets_animation#35175] attach to parent LayerHierarchy{RequestedLayerState{WindowToken{2df28d1 type=2000 android.os.BinderProxy@248d75b}#101 parentId=17} 2 children}
06-19 23:45:33.433  2503  2503 D NavigationBar: onSystemBarAttributesChanged() -  displayId:0, appearance:16, packageName: com.example.testeableapp (APPEARANCE_LIGHT_NAVIGATION_BARS ), navbarColorManagedByIme:false
06-19 23:45:33.445  1362  1362 I SurfaceFlinger: [LayerHierarchy{RequestedLayerState{b2ba1d5 NavigationBar0#95 parentId=35174} 1 children}] reparent to LayerHierarchy{RequestedLayerState{Surface(name=b2ba1d5 NavigationBar0)/@0x108d35a - animation-leash of insets_animation#35174 parentId=94} 1 children}
06-19 23:45:33.446  1362  1362 I SurfaceFlinger: [LayerHierarchy{RequestedLayerState{a1a3f36 StatusBar#102 parentId=35175} 1 children}] reparent to LayerHierarchy{RequestedLayerState{Surface(name=a1a3f36 StatusBar)/@0x69ae81 - animation-leash of insets_animation#35175 parentId=101} 1 children}
06-19 23:45:33.446  1362  1362 I SurfaceFlinger: [LayerHierarchy{RequestedLayerState{Surface(name=a1a3f36 StatusBar)/@0x69ae81 - animation-leash of insets_animation#35170} no children}] reparent to OffscreenRoot
06-19 23:45:33.446  1362  1362 I SurfaceFlinger: [LayerHierarchy{RequestedLayerState{Surface(name=a1a3f36 StatusBar)/@0x69ae81 - animation-leash of insets_animation#35170} no children}] RelativeParent to null
06-19 23:45:33.446  1362  1362 I SurfaceFlinger: [LayerHierarchy{RequestedLayerState{Surface(name=b2ba1d5 NavigationBar0)/@0x108d35a - animation-leash of insets_animation#35169} no children}] reparent to OffscreenRoot
06-19 23:45:33.446  1362  1362 I SurfaceFlinger: [LayerHierarchy{RequestedLayerState{Surface(name=b2ba1d5 NavigationBar0)/@0x108d35a - animation-leash of insets_animation#35169} no children}] RelativeParent to null
06-19 23:45:33.451  2503  2567 I VRI[testeableapp]@afe1a9d: onActiveControlsChanged, removed=false, mAdded=true, caller=android.view.ViewRootImpl.handleInsetsControlChanged:3002 android.view.ViewRootImpl$ViewRootHandler.handleMessageImpl:8352 android.view.ViewRootImpl$ViewRootHandler.handleMessage:8301 android.os.Handler.dispatchMessage:110 android.os.Looper.loopOnce:273
06-19 23:45:33.451  1362  1377 I SurfaceFlinger: id=35169 Removed Surface(name=b2ba1d5 NavigationBar0)/@0x108d35a - animation-leash of insets_animation#35169 (201)
06-19 23:45:33.451  1362  1377 I SurfaceFlinger: id=35170 Removed Surface(name=a1a3f36 StatusBar)/@0x69ae81 - animation-leash of insets_animation#35170 (201)
06-19 23:45:33.454 19354 19354 D VRI[MainActivity]@b013427: reportNextDraw android.view.ViewRootImpl.performTraversals:5443 android.view.ViewRootImpl.doTraversal:3924 android.view.ViewRootImpl$TraversalRunnable.run:12903 android.view.Choreographer$CallbackRecord.run:1901 android.view.Choreographer$CallbackRecord.run:1910
06-19 23:45:33.455 19354 19354 D VRI[MainActivity]@b013427: Setup new sync=wmsSync-VRI[MainActivity]@b013427#6
06-19 23:45:33.455 19354 19354 I VRI[MainActivity]@b013427: Creating new active sync group VRI[MainActivity]@b013427#7
06-19 23:45:33.455 19354 19354 D VRI[MainActivity]@b013427: registerCallbacksForSync syncBuffer=false
06-19 23:45:33.456  1362  1437 D SurfaceFlinger: [input] setFocusedWindow: 1535c5 com.example.testeableapp/com.example.testeableapp.MainActivity
06-19 23:45:33.456  1593  3527 D InputDispatcher: Once focus requested (0): 1535c5 com.example.testeableapp/com.example.testeableapp.MainActivity
06-19 23:45:33.456  1593  3527 D InputDispatcher: Focus request (0): 1535c5 com.example.testeableapp/com.example.testeableapp.MainActivity but waiting because NO_WINDOW
06-19 23:45:33.462  1362  1362 I SurfaceFlinger: destroyed Surface(name=a1a3f36 StatusBar)/@0x69ae81 - animation-leash of insets_animation#35170
06-19 23:45:33.462  1362  1362 I SurfaceFlinger: destroyed Surface(name=b2ba1d5 NavigationBar0)/@0x108d35a - animation-leash of insets_animation#35169
06-19 23:45:33.465  1362  1362 I Layer   : id=35170 Destroyed Surface(name=a1a3f36 StatusBar)/@0x69ae81 - animation-leash of insets_animation#35170
06-19 23:45:33.465  1362  1362 I Layer   : id=35169 Destroyed Surface(name=b2ba1d5 NavigationBar0)/@0x108d35a - animation-leash of insets_animation#35169
06-19 23:45:33.466 19354 19354 I View    : setRequestedFrameRate frameRate=0.0, this=androidx.compose.ui.platform.AndroidComposeView{d25fc40 VFED..... ........ 0,0-1080,2340 aid=1073741824}, caller=android.view.ViewGroup.setRequestedFrameRate:9952 androidx.compose.ui.platform.Api35Impl.setRequestedFrameRate:3314 androidx.compose.ui.platform.AndroidComposeView.dispatchDraw:1949 android.view.View.draw:26345 android.view.View.updateDisplayListIfDirty:25175
06-19 23:45:33.466 19354 19354 I View    : setRequestedFrameRate frameRate=-4.0, this=android.view.View{791e845 V.ED..... ......I. 0,0-0,0}, caller=androidx.compose.ui.platform.Api35Impl.setRequestedFrameRate:3314 androidx.compose.ui.platform.AndroidComposeView.dispatchDraw:1950 android.view.View.draw:26345 android.view.View.updateDisplayListIfDirty:25175 android.view.View.draw:26072
06-19 23:45:33.467 19354 19393 D VRI[MainActivity]@b013427: Received frameDrawingCallback syncResult=0 frameNum=1.
06-19 23:45:33.467 19354 19393 I VRI[MainActivity]@b013427: mWNT: t=0xb400006f2bc28390 mBlastBufferQueue=0xb40000707bcc9ec0 fn= 1 HdrRenderState mRenderHdrSdrRatio=1.0 caller= android.view.ViewRootImpl$12.onFrameDraw:15441 android.view.ThreadedRenderer$1.onFrameDraw:718 <bottom of call stack>
06-19 23:45:33.467 19354 19393 I VRI[MainActivity]@b013427: Setting up sync and frameCommitCallback
06-19 23:45:33.468 19354 19376 I BLASTBufferQueue: [VRI[MainActivity]@b013427#3](f:0,a:0,s:0) onFrameAvailable the first frame is available
06-19 23:45:33.469 19354 19376 I VRI[MainActivity]@b013427: Received frameCommittedCallback lastAttemptedDrawFrameNum=1 didProduceBuffer=true
06-19 23:45:33.470 19354 19376 D HWUI    : CFMS:: SetUp Pid : 19354    Tid : 19376
06-19 23:45:33.470  1362  1543 I SurfaceFlinger: [com.example.testeableapp/com.example.testeableapp.MainActivity$_19354#35173] setTransactionState with the first frame. bufferData(ID: 83124797046799, frameNumber: 1)
06-19 23:45:33.470 19354 19354 D VRI[MainActivity]@b013427: reportDrawFinished seqId=0
06-19 23:45:33.471 19354 19354 I InsetsSourceConsumer: applyRequestedVisibilityToControl: visible=true, type=navigationBars, host=com.example.testeableapp/com.example.testeableapp.MainActivity
06-19 23:45:33.471  1593  1663 D SurfaceComposerClient: setCornerRadius ## f59300c Splash Screen com.example.testeableapp#35165 cornerRadius=0.000000
06-19 23:45:33.472  1593  1663 D SurfaceComposerClient: setCornerRadius ## 1535c5 com.example.testeableapp/com.example.testeableapp.MainActivity#35167 cornerRadius=0.000000
06-19 23:45:33.472 19354 19354 I InsetsSourceConsumer: applyRequestedVisibilityToControl: visible=true, type=statusBars, host=com.example.testeableapp/com.example.testeableapp.MainActivity
06-19 23:45:33.473  1593  1663 D SurfaceComposerClient: setCornerRadius ## f59300c Splash Screen com.example.testeableapp#35165 cornerRadius=0.000000
06-19 23:45:33.474  1362  1377 I SurfaceFlinger: id=35176 createSurf, flag=24000, Surface(name=1535c5 com.example.testeableapp/com.example.testeableapp.MainActivity)/@0xf9bf3b3 - animation-leash of starting_reveal#35176
06-19 23:45:33.475  1593  1663 D SurfaceComposerClient: setCornerRadius ## 1535c5 com.example.testeableapp/com.example.testeableapp.MainActivity#35167 cornerRadius=0.000000
06-19 23:45:33.476  1593  1663 D SurfaceComposerClient: setCornerRadius ## f59300c Splash Screen com.example.testeableapp#35165 cornerRadius=0.000000
06-19 23:45:33.476  1593  1663 D SurfaceComposerClient: setCornerRadius ## 1535c5 com.example.testeableapp/com.example.testeableapp.MainActivity#35167 cornerRadius=0.000000
06-19 23:45:33.476  1593  1663 D SurfaceComposerClient: setCornerRadius ## f59300c Splash Screen com.example.testeableapp#35165 cornerRadius=0.000000
06-19 23:45:33.476  2503  2557 D ShellTaskOrganizer: removeStartingWindow, removalInfo=StartingWindowRemovalInfo{taskId=563 frame=Rect(0, 0 - 1080, 2340) playRevealAnimation=true roundedCornerRadius=0.0 deferRemoveMode=0 windowlessSurface=false removeImmediately=false}
06-19 23:45:33.476  1593  1663 D SurfaceComposerClient: setCornerRadius ## 1535c5 com.example.testeableapp/com.example.testeableapp.MainActivity#35167 cornerRadius=0.000000
06-19 23:45:33.477  1593  2726 I SemDvfsHyPerManager: acquire hyper - AMS_RESUME_TAIL/1593@17, type = -999
06-19 23:45:33.477  1593  2726 I SemDvfsHyPerManager: acquire hyper - AMS_ACT_LAZY/1593@18, type = -999
06-19 23:45:33.477  1275  1361 I HYPER-HAL: [RequestManager.cpp]acquire(): Acquired ID : 1296872  [1593 / 17]    HINT : AMS_RESUME_TAIL    list :
06-19 23:45:33.479  1275  1361 I HYPER-HAL: [RequestManager.cpp]releaseLocked(): Released ID : 1304942
06-19 23:45:33.479  1362  1362 I SurfaceFlinger: [Surface(name=1535c5 com.example.testeableapp/com.example.testeableapp.MainActivity)/@0xf9bf3b3 - animation-leash of starting_reveal#35176] attach to parent LayerHierarchy{RequestedLayerState{ActivityRecord{182322255 u0 com.example.testeableapp/.MainActivity t563}#35164 parentId=35163} 4 children}
06-19 23:45:33.479  1593  1659 I PkgPredictorService-SecIpmManagerServiceImpl: reportToNAP uid:10355 com.example.testeableapp/com.example.testeableapp.MainActivity thisTime:285
06-19 23:45:33.479  1593  1659 D PkgPredictorService-SecIpmManagerServiceImpl: reportToNAP: mHeavyLaunchCounter is false
06-19 23:45:33.484  1593  1659 I ActivityTaskManager: Displayed com.example.testeableapp/.MainActivity for user 0: +285ms
06-19 23:45:33.484  3332  3332 E pageboostd: Received HALT command code 2
06-19 23:45:33.485 19426 19426 I VRI[InstrumentationActivityInvoker$EmptyActivity]@619ad34: stopped(true) old = false
06-19 23:45:33.485 19426 19426 D VRI[InstrumentationActivityInvoker$EmptyActivity]@619ad34: WindowStopped on com.example.testeableapp.test/androidx.test.core.app.InstrumentationActivityInvoker$EmptyActivity set to true
06-19 23:45:33.485 19426 19441 D HWUI    : CacheManager::trimMemory(20)
06-19 23:45:33.489 19426 19426 W WindowOnBackDispatcher: sendCancelIfRunning: isInProgress=false callback=android.app.Activity$$ExternalSyntheticLambda0@23e68a0
06-19 23:45:33.493  2503  2606 I VRI[testeableapp]@afe1a9d: mWNT: t=0xb400006f2bed29d0 mBlastBufferQueue=0xb40000707c6d3ec0 fn= 2 HdrRenderState mRenderHdrSdrRatio=1.0 caller= android.view.SyncRtSurfaceTransactionApplier.applyTransaction:100 android.view.SyncRtSurfaceTransactionApplier.lambda$scheduleApply$0:73 android.view.SyncRtSurfaceTransactionApplier.$r8$lambda$afI4fXg3U3-nBZQEDQMiNy-B06s:0
06-19 23:45:33.493 19426 19441 D HWUI    : CacheManager::trimMemory(20)
06-19 23:45:33.493 19426 19426 D ViewRootImpl: Skipping stats log for color mode
06-19 23:45:33.493  2503  2606 I VRI[testeableapp]@afe1a9d: mWNT: t=0xb400006f2be61f50 mBlastBufferQueue=0xb40000707c6d3ec0 fn= 2 HdrRenderState mRenderHdrSdrRatio=1.0 caller= android.view.SyncRtSurfaceTransactionApplier.applyTransaction:100 android.view.SyncRtSurfaceTransactionApplier.lambda$scheduleApply$0:73 android.view.SyncRtSurfaceTransactionApplier.$r8$lambda$afI4fXg3U3-nBZQEDQMiNy-B06s:0
06-19 23:45:33.493 19426 19426 I VRI[InstrumentationActivityInvoker$EmptyActivity]@619ad34: dispatchDetachedFromWindow
06-19 23:45:33.495  1362  1362 I SurfaceFlinger: RequestedLayer [com.example.testeableapp/com.example.testeableapp.MainActivity$_19354#35173] hidden!! flag  from(1) --> to(0)
06-19 23:45:33.496  1362  1362 I SurfaceFlinger: [LayerHierarchy{RequestedLayerState{1535c5 com.example.testeableapp/com.example.testeableapp.MainActivity#35167 parentId=35176} 1 children}] reparent to LayerHierarchy{RequestedLayerState{Surface(name=1535c5 com.example.testeableapp/com.example.testeableapp.MainActivity)/@0xf9bf3b3 - animation-leash of starting_reveal#35176 parentId=35164} 1 children}
06-19 23:45:33.496  1593  1660 D PkgPredictorService-SecIpmManagerServiceImpl: bg information pid:19426 uid:10356 pkgName:com.example.testeableapp.test
06-19 23:45:33.499  1593  2549 D InputTransport: Input channel destroyed: 'eb0b778', fd=1465
06-19 23:45:33.500  2503  2605 I VRI[testeableapp]@afe1a9d: mWNT: t=0xb400006f2beace10 mBlastBufferQueue=0xb40000707c6d3ec0 fn= 3 HdrRenderState mRenderHdrSdrRatio=1.0 caller= android.view.SyncRtSurfaceTransactionApplier.applyTransaction:100 android.view.SyncRtSurfaceTransactionApplier.lambda$scheduleApply$0:73 android.view.SyncRtSurfaceTransactionApplier.$r8$lambda$afI4fXg3U3-nBZQEDQMiNy-B06s:0
06-19 23:45:33.501  1593  2549 D SurfaceComposerClient: setCornerRadius ## f59300c Splash Screen com.example.testeableapp#35165 cornerRadius=0.000000
06-19 23:45:33.501  1593  2549 D SurfaceComposerClient: setCornerRadius ## 1535c5 com.example.testeableapp/com.example.testeableapp.MainActivity#35167 cornerRadius=0.000000
06-19 23:45:33.502  1593  2549 D SurfaceComposerClient: setCornerRadius ## f59300c Splash Screen com.example.testeableapp#35165 cornerRadius=0.000000
06-19 23:45:33.503  1593  2549 D SurfaceComposerClient: setCornerRadius ## 1535c5 com.example.testeableapp/com.example.testeableapp.MainActivity#35167 cornerRadius=0.000000
06-19 23:45:33.506 19426 19426 D InputTransport: Input channel destroyed: 'eb0b778', fd=118
06-19 23:45:33.511  1362  1362 D SurfaceFlinger: Display 4633128672291735931 HWC layers:
06-19 23:45:33.511  1362  1362 D SurfaceFlinger:        CLIENT |           15990163243177 | 00002102 | RGBA_8888    |  294.0    0.0 1080.0 2340.0 |    0    0 1080 2340 | com.android.settings/com.android.settings.SubSettings$_3723#35154 (21)
06-19 23:45:33.511  1362  1362 D SurfaceFlinger:   SOLID_COLOR |                        0 | 00000000 | N/A          |    0.0    0.0    0.0    0.0 |    0    0 1080 2340 | DimTransitionLayer for Surface(name=Task=563)/@0xcc85b5b#35172 (0)
06-19 23:45:33.511  1362  1362 D SurfaceFlinger:        DEVICE |           83124797046799 | 00002102 | RGBA_8888    |    0.0    0.0  939.0 2340.0 |  141    0 1080 2340 | com.example.testeableapp/com.example.testeableapp.MainActivity$_19354#35173 (1)
06-19 23:45:33.511  1362  1362 D SurfaceFlinger:        DEVICE |           10750303185124 | 00002100 | RGBA_8888    |    0.0    0.0  939.0 2340.0 |  141    0 1080 2340 | Splash Screen com.example.testeableapp$_2503#35166 (1)
06-19 23:45:33.511  1362  1362 D SurfaceFlinger:        DEVICE |           10750303185019 | 00002100 | RGBA_8888    |    0.0    0.0 1080.0   77.0 |    0    0 1080   77 | StatusBar$_2503#111 (52390)
06-19 23:45:33.511  1362  1362 D SurfaceFlinger:        DEVICE |           12743167976380 | 00002100 | RGBA_8888    |    0.0
06-19 23:45:33.511  1362  1362 D SurfaceFlinger:   0.0   67.0  342.0 | 1013  821 1080 1163 | com.sec.android.app.launcher/com.sam[...]l.app.CocktailBarService$_2967#35048 (1)
06-19 23:45:33.511  1362  1362 D SurfaceFlinger:        DEVICE |           10750303185001 | 00002100 | RGBA_8888    |    0.0    0.0 1080.0  135.0 |    0 2205 1080 2340 | NavigationBar0$_2503#107 (27293)
06-19 23:45:33.511  1362  1362 D SurfaceFlinger:        DEVICE |           70158290780193 | 00002100 | RGBA_8888    |    0.0    0.0 1080.0 2340.0 |    0    0 1080 2340 | EdgeLightingWindow$_16335#35072 (93)
06-19 23:45:33.511  1362  1362 D SurfaceFlinger:
06-19 23:45:33.512  1362  1543 I SurfaceFlinger: id=35158 Removed e77d8e7 ActivityRecordInputSink com.example.testeableapp.test/androidx.test.core.app.InstrumentationActivityInvoker$EmptyActivity#35158 (200)
06-19 23:45:33.512  1593  2549 D InputDispatcher: Focus entered window (0): 1535c5 com.example.testeableapp/com.example.testeableapp.MainActivity
06-19 23:45:33.513 19354 19354 D VRI[MainActivity]@b013427: mThreadedRenderer.initializeIfNeeded()#2 mSurface={isValid=true 0xb400006f8bc7f110}
06-19 23:45:33.513  1362  1377 I SurfaceFlinger: id=35177 createSurf, flag=24004, Task=562#35177
06-19 23:45:33.514 19354 19354 D InputMethodManagerUtils: startInputInner - Id : 0
06-19 23:45:33.514 19354 19354 I InputMethodManager: startInputInner - IInputMethodManagerGlobalInvoker.startInputOrWindowGainedFocus
06-19 23:45:33.515 19426 19441 D HWUI    : CacheManager::trimMemory(40)
06-19 23:45:33.516  2503  2606 I VRI[testeableapp]@afe1a9d: mWNT: t=0xb400006f2beb2e50 mBlastBufferQueue=0xb40000707c6d3ec0 fn= 4 HdrRenderState mRenderHdrSdrRatio=1.0 caller= android.view.SyncRtSurfaceTransactionApplier.applyTransaction:100 android.view.SyncRtSurfaceTransactionApplier.lambda$scheduleApply$0:73 android.view.SyncRtSurfaceTransactionApplier.$r8$lambda$afI4fXg3U3-nBZQEDQMiNy-B06s:0
06-19 23:45:33.526  1593  1864 I ImeTracker: com.example.testeableapp:819f0e68: onRequestHide at ORIGIN_SERVER reason HIDE_UNSPECIFIED_WINDOW fromUser false
06-19 23:45:33.527  2967 18507 I HoneySpace.RecentTasks: onRunningTaskVanished
06-19 23:45:33.527  2967 18507 I HoneySpace.RecentTasks: onRecentTasksChanged
06-19 23:45:33.527 19354 19354 I InputMethodManager: handleMessage: setImeVisibility visible=false
06-19 23:45:33.527 19354 19354 D InsetsController: hide(ime(), fromIme=false)
06-19 23:45:33.528 19354 19354 I ImeTracker: com.example.testeableapp:819f0e68: onCancelled at PHASE_CLIENT_ALREADY_HIDDEN
06-19 23:45:33.529  1362  1362 I SurfaceFlinger: [LayerHierarchy{RequestedLayerState{Task=562#35142 z=11} 1 children}] reparent to OffscreenRoot
06-19 23:45:33.529  2967  2967 I HoneySpace.TaskStackChangeRepositoryImpl: onTaskRemoved : 562
06-19 23:45:33.529  1362  1362 I SurfaceFlinger: [LayerHierarchy{RequestedLayerState{Task=562#35142 z=11} 1 children}] RelativeParent to null
06-19 23:45:33.529  1362  1362 I SurfaceFlinger: [LayerHierarchy{RequestedLayerState{ActivityRecord{195887933 u0 com.example.testeableapp.test/androidx.test.core.app.InstrumentationActivityInvoker$EmptyActivity t562}#35143} 2 children}] reparent to OffscreenRoot
06-19 23:45:33.529  1362  1362 I SurfaceFlinger: [LayerHierarchy{RequestedLayerState{ActivityRecord{195887933 u0 com.example.testeableapp.test/androidx.test.core.app.InstrumentationActivityInvoker$EmptyActivity t562}#35143} 2 children}] RelativeParent to null
06-19 23:45:33.529  1362  1362 I SurfaceFlinger: [LayerHierarchy{RequestedLayerState{eb0b778 com.example.testeableapp.test/androidx.test.core.app.InstrumentationActivityInvoker$EmptyActivity#35146} 1 children}] reparent to OffscreenRoot
06-19 23:45:33.529  1362  1362 I SurfaceFlinger: [LayerHierarchy{RequestedLayerState{eb0b778 com.example.testeableapp.test/androidx.test.core.app.InstrumentationActivityInvoker$EmptyActivity#35146} 1 children}] RelativeParent to null
06-19 23:45:33.529  1362  1362 I SurfaceFlinger: [LayerHierarchy{RequestedLayerState{com.example.testeableapp.test/androidx.test.core.app.InstrumentationActivityInvoker$EmptyActivity$_19426#35147} no children}] reparent to OffscreenRoot
06-19 23:45:33.529  1362  1362 I SurfaceFlinger: [LayerHierarchy{RequestedLayerState{com.example.testeableapp.test/androidx.test.core.app.InstrumentationActivityInvoker$EmptyActivity$_19426#35147} no children}] RelativeParent to null
06-19 23:45:33.529  1362  1362 I SurfaceFlinger: [Task=562#35177] attach to parent OffscreenRoot
06-19 23:45:33.530  2967  2967 I HoneySpace.TaskStackChangeRepositoryImpl: onTaskRemoved : 562
06-19 23:45:33.530  1593  1864 D InputTransport: Input channel constructed: 'ClientS', fd=1436
06-19 23:45:33.530  2967  3307 I HoneySpace.TopTaskSource: onTaskRemoved: 562
06-19 23:45:33.531  1593  1864 D InputTransport: Input channel destroyed: 'ClientS', fd=1436
06-19 23:45:33.532  1593  2549 I WindowManager: Relayout Window{f59300c u0 Splash Screen com.example.testeableapp}: viewVisibility=8 req=1080x2340 ty=3 d0
06-19 23:45:33.532  1362  1362 I SurfaceFlinger: id=35177 Removed Task=562#35177 (201)
06-19 23:45:33.533  1362  1362 I SurfaceFlinger: id=35143 Removed ActivityRecord{195887933 u0 com.example.testeableapp.test/androidx.test.core.app.InstrumentationActivityInvoker$EmptyActivity t562}#35143 (201)
06-19 23:45:33.533  1362  1362 I SurfaceFlinger: id=35146 Removed eb0b778 com.example.testeableapp.test/androidx.test.core.app.InstrumentationActivityInvoker$EmptyActivity#35146 (201)
06-19 23:45:33.533  1593  2549 D SurfaceComposerClient: setCornerRadius ## 1535c5 com.example.testeableapp/com.example.testeableapp.MainActivity#35167 cornerRadius=0.000000
06-19 23:45:33.533  1362  1362 I SurfaceFlinger: id=35147 Removed com.example.testeableapp.test/androidx.test.core.app.InstrumentationActivityInvoker$EmptyActivity$_19426#35147 (201)
06-19 23:45:33.533 19354 19366 D InputTransport: Input channel constructed: 'ClientS', fd=140
06-19 23:45:33.535  1593  2549 D SurfaceComposerClient: setCornerRadius ## f59300c Splash Screen com.example.testeableapp#35165 cornerRadius=0.000000
06-19 23:45:33.535  1593  2549 D SurfaceComposerClient: setCornerRadius ## 1535c5 com.example.testeableapp/com.example.testeableapp.MainActivity#35167 cornerRadius=0.000000
06-19 23:45:33.535  6035  6035 I HBD     : HoneyBoardService onFinishInput
06-19 23:45:33.536  3723  3723 D InputTransport: Input channel destroyed: 'ClientS', fd=168
06-19 23:45:33.537  2503  2503 D NavigationBar: onSystemBarAttributesChanged() -  displayId:0, appearance:0, packageName: com.example.testeableapp, navbarColorManagedByIme:false
06-19 23:45:33.537  6035  6035 I HBD     : a IC have been unbinding,  RemoteInputConnection{idHash=#84f3745}
06-19 23:45:33.538  6035  6035 I HBD     : HoneyBoardService [PF_CL][onFinishInput]  1 ms
06-19 23:45:33.538  6035  6035 I HBD     : HoneyBoardService [IMI] onStartInput - caller pid : 19354 , caller uid : 10355
06-19 23:45:33.538  1593  1813 D MotionEngine: [CALIBRATION] Calibration Secess(1)[-0.1154 -0.0153 0.1508]
06-19 23:45:33.538  6035  6035 I HBD     : k updateConfigs
06-19 23:45:33.538  6035  6035 I HBD     : k isEnabledNightMode : true
06-19 23:45:33.538  6035  6035 I HBD     : a IC have been binding, RemoteInputConnection{idHash=#7fc03c0}
06-19 23:45:33.538  6035  6035 I HBD     : h [EditorInputType]setPrivateImeOptionsToTable privateImeOptions ( null )
06-19 23:45:33.538  1476  1476 I CameraService: onUidStateChanged: uid=10049, procState is changed. (1 -> 0)
06-19 23:45:33.538  6035  6035 I HBD     : b incognitoMode : false
06-19 23:45:33.538  6035  6035 I HBD     : c needOff = true , isForceOff = false, isNullInputClass : true
06-19 23:45:33.539  6035  6035 I HBD     : h getDefaultInputRange : UNKNOWN
06-19 23:45:33.539  6035  6035 I HBD     : h getDefaultInputRange : UNKNOWN
06-19 23:45:33.539  6035  6035 I HBD     : h getDefaultInputRange : UNKNOWN
06-19 23:45:33.539  1342  6557 V APM_AudioPolicyManager: setAppState(portId:24603, state:1)
06-19 23:45:33.540  6035  6035 I HBD     : c needOff = true , isForceOff = false, isNullInputClass : true
06-19 23:45:33.540  2967  2967 I HoneySpace.TaskListViewModel[268167138]: taskRemoveId, 562
06-19 23:45:33.540  6035  6035 I HBD     : c update cached prediction status : false
06-19 23:45:33.540  6035  6035 I HBD     : h getDefaultInputRange : UNKNOWN
06-19 23:45:33.540  6035  6035 I HBD     : a currentState : 0
06-19 23:45:33.540  6035  6035 I HBD     : a [UpdatePolicy] [post] a: 0 cl: 1179717 kit: [0/11] vt: 0 ir: 1
06-19 23:45:33.541  2967  3307 I HoneySpace.TopTaskSource: onTaskRemoved: 562
06-19 23:45:33.541  1593  2549 I WindowManager: Relayout hash=f59300c, pid=2503, syncId=-1: mAttrs={(0,0)(fillxfill) sim={adjust=pan} layoutInDisplayCutoutMode=always ty=APPLICATION_STARTING fmt=TRANSLUCENT wanim=0x1030317
06-19 23:45:33.541  1593  2549 I WindowManager:   fl=81030118
06-19 23:45:33.541  1593  2549 I WindowManager:   pfl=10000810
06-19 23:45:33.541  1593  2549 I WindowManager:   apr=18
06-19 23:45:33.541  1593  2549 I WindowManager:   bhv=1
06-19 23:45:33.541  1593  2549 I WindowManager:   fitSides=0
06-19 23:45:33.541  1593  2549 I WindowManager:   frameRateBoostOnTouch=true
06-19 23:45:33.541  1593  2549 I WindowManager:   dvrrWindowFrameRateHint=true naviIconColor=0}
06-19 23:45:33.542  2503  2567 I VRI[testeableapp]@afe1a9d: onActiveControlsChanged, removed=false, mAdded=true, caller=android.view.ViewRootImpl.handleInsetsControlChanged:3002 android.view.ViewRootImpl.relayoutWindow:11629 android.view.ViewRootImpl.performTraversals:4804 android.view.ViewRootImpl.doTraversal:3924 android.view.ViewRootImpl$TraversalRunnable.run:12903
06-19 23:45:33.542  2503  2567 I VRI[testeableapp]@afe1a9d: Relayout returned: old=(0,0,1080,2340) new=(0,0,1080,2340) relayoutAsync=false req=(1080,2340)8 dur=11 res=0x2 s={false 0x0} ch=true seqId=0
06-19 23:45:33.542  2503  2567 D VRI[testeableapp]@afe1a9d: Not drawing due to not visible. Reason=View.GONE
06-19 23:45:33.542  2503  2567 I VRI[testeableapp]@afe1a9d: dispatchDetachedFromWindow
06-19 23:45:33.543  6035  6035 I HBD     : a [NRIC] resetNoResponseState
06-19 23:45:33.543  6035  6035 I HBD     : c needOff = true , isForceOff = false, isNullInputClass : true
06-19 23:45:33.543  6035  6035 I HBD     : c update cached prediction status : false
06-19 23:45:33.543  6035  6035 I HBD     : b [AiWriter] setContact : com.example.testeableapp
06-19 23:45:33.543  6035  6035 I HBD     : a [AiWriter] setContact : com.example.testeableapp
06-19 23:45:33.543  1593  2582 D InputTransport: Input channel destroyed: 'f59300c', fd=1133
06-19 23:45:33.543  2967  2967 W HoneySpace.TaskListViewModel[268167138]: task is already removed: 562
06-19 23:45:33.544  6035  6035 I HBD     : o0 EBD si S 0
06-19 23:45:33.544  1593  2582 D SurfaceComposerClient: setCornerRadius ## 1535c5 com.example.testeableapp/com.example.testeableapp.MainActivity#35167 cornerRadius=0.000000
06-19 23:45:33.544  2967  2967 I HoneySpace.TaskListViewModel[268167138]: taskRemoveId, 562
06-19 23:45:33.544  6035  6035 I HBD     : r updateContactDBLanguage : 0
06-19 23:45:33.544  6035  6035 I HBD     : a [UpdatePolicy] [post] a: 31 cl: 1179717 kit: [0/11] vt: 0 ir: 1
06-19 23:45:33.544  2967  2967 W HoneySpace.TaskListViewModel[268167138]: task is already removed: 562
06-19 23:45:33.544  1593  2582 D SurfaceComposerClient: setCornerRadius ## 1535c5 com.example.testeableapp/com.example.testeableapp.MainActivity#35167 cornerRadius=0.000000
06-19 23:45:33.545  2503  2567 D InputTransport: Input channel destroyed: 'f59300c', fd=530
06-19 23:45:33.546  1362  1362 I SurfaceFlinger: destroyed e77d8e7 ActivityRecordInputSink com.example.testeableapp.test/androidx.test.core.app.InstrumentationActivityInvoker$EmptyActivity#35158
06-19 23:45:33.546  1362  1362 I SurfaceFlinger: destroyed Task=562#35177
06-19 23:45:33.546  1362  1362 I SurfaceFlinger: destroyed ActivityRecord{195887933 u0 com.example.testeableapp.test/androidx.test.core.app.InstrumentationActivityInvoker$EmptyActivity t562}#35143
06-19 23:45:33.546  1362  1362 I SurfaceFlinger: destroyed eb0b778 com.example.testeableapp.test/androidx.test.core.app.InstrumentationActivityInvoker$EmptyActivity#35146
06-19 23:45:33.546  1362  1362 I SurfaceFlinger: destroyed com.example.testeableapp.test/androidx.test.core.app.InstrumentationActivityInvoker$EmptyActivity$_19426#35147
06-19 23:45:33.546  1593  1663 D SurfaceComposerClient: setCornerRadius ## 1535c5 com.example.testeableapp/com.example.testeableapp.MainActivity#35167 cornerRadius=0.000000
06-19 23:45:33.547  6035  6035 I HBD     : HoneyBoardService [PF_OP][onStartInput]  9 ms
06-19 23:45:33.550  1362  1543 I SurfaceFlinger: id=35178 createSurf, flag=24004, Surface(name=7490dd7 InputMethod)/@0x5cfd4e2 - animation-leash of insets_animation#35178
06-19 23:45:33.550  1362  1362 I Layer   : id=35158 Destroyed e77d8e7 ActivityRecordInputSink com.example.testeableapp.test/androidx.test.core.app.InstrumentationActivityInvoker$EmptyActivity#35158
06-19 23:45:33.550  1362  1362 I Layer   : id=35177 Destroyed Task=562#35177
06-19 23:45:33.550  6035 17389 I HBD     : a [SKE_SPECIFIC] specific model[com.example.testeableapp] loaded, 1345077 ns
06-19 23:45:33.550  1362  1362 I Layer   : id=35143 Destroyed ActivityRecord{195887933 u0 com.example.testeableapp.test/androidx.test.core.app.InstrumentationActivityInvoker$EmptyActivity t562}#35143
06-19 23:45:33.550  1362  1362 I Layer   : id=35146 Destroyed eb0b778 com.example.testeableapp.test/androidx.test.core.app.InstrumentationActivityInvoker$EmptyActivity#35146
06-19 23:45:33.550  2967  2967 I HoneySpace.EdgePanel.EdgeVisibilityRepository: getComputedTrayVisible : keyguardState = 1
06-19 23:45:33.550  1362  1362 I Layer   : id=35147 Destroyed com.example.testeableapp.test/androidx.test.core.app.InstrumentationActivityInvoker$EmptyActivity$_19426#35147
06-19 23:45:33.550  2967  2967 I HoneySpace.EdgePanel.EdgeVisibilityRepository: updateTrayVisible: State = 0x1, visible = true, current containerState = 0, specificMode = 0
06-19 23:45:33.550  2967  2967 I HoneySpace.EdgePanel.EdgeVisibilityRepository: Same container state 0
06-19 23:45:33.550  2503  2503 D SystemUIService: SYSUI_RAM_OPTIMIZATION onTrimMemory=20
06-19 23:45:33.550  1593  1620 I ImeTracker: system_server:aace239d: onRequestHide at ORIGIN_SERVER reason IME_REQUESTED_CHANGED_LISTENER fromUser false
06-19 23:45:33.552  1593  1662 I ImeTracker: system_server:aace239d: onCancelled at PHASE_SERVER_SHOULD_HIDE
06-19 23:45:33.552  1593  1663 D SurfaceComposerClient: setCornerRadius ## 1535c5 com.example.testeableapp/com.example.testeableapp.MainActivity#35167 cornerRadius=0.000000
06-19 23:45:33.554  2503  2503 D CentralSurfaces: SYSUI_RAM_OPTIMIZATION onTrimMemory=20
06-19 23:45:33.558  2503  2607 D HWUI    : CacheManager::trimMemory(20)
06-19 23:45:33.562  1362  1362 I SurfaceFlinger: RequestedLayer [Splash Screen com.example.testeableapp$_2503#35166] hidden!! flag  from(0) --> to(1)
06-19 23:45:33.562  1362  1362 I SurfaceFlinger: RequestedLayer [Surface(name=7490dd7 InputMethod)/@0[...]tion-leash of insets_animation#35178] hidden!! flag  from(1) --> to(0)
06-19 23:45:33.562  1362  1362 E SurfaceFlinger: alpha changed 1.000 -> 0.000 - Surface(name=7490dd7 InputMethod)/@0x5cfd4e2 - animation-leash of insets_animation#35178
06-19 23:45:33.562  1362  1362 I SurfaceFlinger: [LayerHierarchy{RequestedLayerState{ImeContainer#15 parentId=35164 relativeParentId=35164 z=3} 1 children}] reparent to LayerHierarchy{RequestedLayerState{ActivityRecord{182322255 u0 com.example.testeableapp/.MainActivity t563}#35164 parentId=35163} 4 children}
06-19 23:45:33.562  1362  1362 I SurfaceFlinger: [LayerHierarchy{RequestedLayerState{ImeContainer#15 parentId=35164 relativeParentId=35164 z=3} 1 children}] RelativeParent to null
06-19 23:45:33.562  1362  1362 I SurfaceFlinger: [LayerHierarchy{RequestedLayerState{7490dd7 InputMethod#133 parentId=35178} no children}] reparent to LayerHierarchy{RequestedLayerState{Surface(name=7490dd7 InputMethod)/@0x5cfd4e2 - animation-leash of insets_animation#35178 parentId=132} 1 children}
06-19 23:45:33.562  1362  1362 I SurfaceFlinger: [LayerHierarchy{RequestedLayerState{Surface(name=7490dd7 InputMethod)/@0x5cfd4e2 - animation-leash of insets_animation#35161} no children}] reparent to OffscreenRoot
06-19 23:45:33.562  1362  1362 I SurfaceFlinger: [LayerHierarchy{RequestedLayerState{Surface(name=7490dd7 InputMethod)/@0x5cfd4e2 - animation-leash of insets_animation#35161} no children}] RelativeParent to null
06-19 23:45:33.562  1362  1362 I SurfaceFlinger: [LayerHierarchy{RequestedLayerState{Surface(name=1535c5 com.example.testeableapp/com.example.testeableapp.MainActivity)/@0xf9bf3b3 - animation-leash of starting_reveal#35176} 1 children}] reparent to OffscreenRoot
06-19 23:45:33.563  1362  1362 I SurfaceFlinger: [LayerHierarchy{RequestedLayerState{Surface(name=1535c5 com.example.testeableapp/com.example.testeableapp.MainActivity)/@0xf9bf3b3 - animation-leash of starting_reveal#35176} 1 children}] RelativeParent to null
06-19 23:45:33.563  1362  1362 I SurfaceFlinger: [LayerHierarchy{RequestedLayerState{1535c5 com.example.testeableapp/com.example.testeableapp.MainActivity#35167 parentId=35164} 1 children}] reparent to LayerHierarchy{RequestedLayerState{ActivityRecord{182322255 u0 com.example.testeableapp/.MainActivity t563}#35164 parentId=35163} 4 children}
06-19 23:45:33.563  1362  1362 I SurfaceFlinger: [Surface(name=7490dd7 InputMethod)/@0x5cfd4e2 - animation-leash of insets_animation#35178] attach to parent LayerHierarchy{RequestedLayerState{WindowToken{f9f4abc type=2011 android.os.Binder@9c6b6af}#132 parentId=15} 1 children}
06-19 23:45:33.566  1362  1543 I SurfaceFlinger: id=35161 Removed Surface(name=7490dd7 InputMethod)/@0x5cfd4e2 - animation-leash of insets_animation#35161 (197)
06-19 23:45:33.567  6035  6035 I InputMethodService: removeImeSurface
06-19 23:45:33.567  6035  6035 I InputMethodService: cancelImeSurfaceRemoval: removeCallbacks
06-19 23:45:33.569  6035  6035 I InputMethodService: scheduleImeSurfaceRemoval: removeImeSurface is posted.
06-19 23:45:33.574  1362  1362 D SurfaceFlinger: Display 4633128672291735931 HWC layers:
06-19 23:45:33.574  1362  1362 D SurfaceFlinger:        CLIENT |           15990163243177 | 00002102 | RGBA_8888    |  317.0    0.0 1080.0 2340.0 |    0    0 1080 2340 | com.android.settings/com.android.settings.SubSettings$_3723#35154 (21)
06-19 23:45:33.574  1362  1362 D SurfaceFlinger:   SOLID_COLOR |                        0 | 00000000 | N/A          |    0.0    0.0    0.0    0.0 |    0    0 1080 2340 | DimTransitionLayer for Surface(name=Task=563)/@0xcc85b5b#35172 (0)
06-19 23:45:33.574  1362  1362 D SurfaceFlinger:        DEVICE |           83124797046799 | 00002102 | RGBA_8888    |    0.0    0.0 1014.0 2340.0 |   66    0 1080 2340 | com.example.testeableapp/com.example.testeableapp.MainActivity$_19354#35173 (1)
06-19 23:45:33.574  1362  1362 D SurfaceFlinger:        DEVICE |           10750303185019 | 00002100 | RGBA_8888    |    0.0    0.0 1080.0   77.0 |    0    0 1080   77 | StatusBar$_2503#111 (52390)
06-19 23:45:33.574  1362  1362 D SurfaceFlinger:        DEVICE |           12743167976380 | 00002100 | RGBA_8888    |    0.0    0.0   67.0  342.0 | 1013  821 1080 1163 | com.sec.android.app.launcher/com.sam[...]l.app.CocktailBarService$_2967#35048 (1)
06-19 23:45:33.574  1362  1362 D SurfaceFlinger:        DEVICE |           10750303184996 | 0000210
06-19 23:45:33.575  1362  1362 D SurfaceFlinger: 0 | RGBA_8888    |    0.0    0.0 1080.0  135.0 |    0 2205 1080 2340 | NavigationBar0$_2503#107 (27296)
06-19 23:45:33.575  1362  1362 D SurfaceFlinger:        DEVICE |           70158290780193 | 00002100 | RGBA_8888    |    0.0    0.0 1080.0 2340.0 |    0    0 1080 2340 | EdgeLightingWindow$_16335#35072 (93)
06-19 23:45:33.575  1362  1362 D SurfaceFlinger:
06-19 23:45:33.579  1362  1362 I SurfaceFlinger: destroyed Surface(name=7490dd7 InputMethod)/@0x5cfd4e2 - animation-leash of insets_animation#35161
06-19 23:45:33.581  1362  1362 I Layer   : id=35161 Destroyed Surface(name=7490dd7 InputMethod)/@0x5cfd4e2 - animation-leash of insets_animation#35161
06-19 23:45:33.622  2503  2514 I ndroid.systemui: NativeAlloc concurrent mark compact GC freed 30MB AllocSpace bytes, 14(328KB) LOS objects, 41% free, 67MB/115MB, paused 757us,3.362ms total 346.100ms
06-19 23:45:33.627  1362  1542 I SurfaceFlinger: id=34998 Removed Surface(name=Task=1)/@0x891e910_transition-leash#34998 (196)
06-19 23:45:33.627  1362  1542 I SurfaceFlinger: id=34999 Removed Surface(name=WallpaperWindowToken{111d9e6 showWhenLocked=false})/@0xa084e0e_transition-leash#34999 (196)
06-19 23:45:33.627  1362  1542 I SurfaceFlinger: id=35020 Removed ActivityRecord{57025891 u0 com.android.settings/.SubSettings t513}#35020 (196)
06-19 23:45:33.627  1362  1543 I SurfaceFlinger: id=35000 Removed Surface(name=WallpaperWindowToken{b80df5a showWhenLocked=false})/@0xa25b02f_transition-leash#35000 (196)
06-19 23:45:33.629  1362  1362 I SurfaceFlinger: destroyed Surface(name=WallpaperWindowToken{b80df5a showWhenLocked=false})/@0xa25b02f_transition-leash#35000
06-19 23:45:33.629  1362  1362 I SurfaceFlinger: destroyed b4de91d ActivityRecordInputSink com.android.settings/.SubSettings#35027
06-19 23:45:33.629  1362  1362 I SurfaceFlinger: destroyed Surface(name=Task=1)/@0x891e910_transition-leash#34998
06-19 23:45:33.629  1362  1362 I SurfaceFlinger: destroyed Surface(name=WallpaperWindowToken{111d9e6 showWhenLocked=false})/@0xa084e0e_transition-leash#34999
06-19 23:45:33.629  1362  1362 I SurfaceFlinger: destroyed ActivityRecord{57025891 u0 com.android.settings/.SubSettings t513}#35020
06-19 23:45:33.631  1362  1362 I Layer   : id=35000 Destroyed Surface(name=WallpaperWindowToken{b80df5a showWhenLocked=false})/@0xa25b02f_transition-leash#35000
06-19 23:45:33.631  1362  1362 I Layer   : id=35027 Destroyed b4de91d ActivityRecordInputSink com.android.settings/.SubSettings#35027
06-19 23:45:33.631  1362  1362 I Layer   : id=34998 Destroyed Surface(name=Task=1)/@0x891e910_transition-leash#34998
06-19 23:45:33.631  1362  1362 I Layer   : id=34999 Destroyed Surface(name=WallpaperWindowToken{111d9e6 showWhenLocked=false})/@0xa084e0e_transition-leash#34999
06-19 23:45:33.631  1362  1362 I Layer   : id=35020 Destroyed ActivityRecord{57025891 u0 com.android.settings/.SubSettings t513}#35020
06-19 23:45:33.651  1362  1543 I SurfaceFlinger: id=35068 Removed Surface(name=5231c13 com.example.testeableapp/com.example.testeableapp.MainActivity)/@0x2d57844 - animation-leash of starting_reveal#35068 (191)
06-19 23:45:33.662  1362  1362 I SurfaceFlinger: destroyed Surface(name=5231c13 com.example.testeableapp/com.example.testeableapp.MainActivity)/@0x2d57844 - animation-leash of starting_reveal#35068
06-19 23:45:33.664  1362  1362 I Layer   : id=35068 Destroyed Surface(name=5231c13 com.example.testeableapp/com.example.testeableapp.MainActivity)/@0x2d57844 - animation-leash of starting_reveal#35068
06-19 23:45:33.669  1362  1543 I SurfaceFlinger: id=35105 Removed Surface(name=ca632db com.example.testeableapp/com.example.testeableapp.MainActivity)/@0x2416320 - animation-leash of starting_reveal#35105 (190)
06-19 23:45:33.671  1362  1543 I SurfaceFlinger: id=35123 Removed Surface(name=db067c5 com.example.testeableapp.test/androidx.test.core.app.InstrumentationActivityInvoker$EmptyActivity)/@0x94d7963 - animation-leash of starting_reveal#35123 (190)
06-19 23:45:33.679  1362  1362 I SurfaceFlinger: destroyed Surface(name=ca632db com.example.testeableapp/com.example.testeableapp.MainActivity)/@0x2416320 - animation-leash of starting_reveal#35105
06-19 23:45:33.679  1362  1362 I SurfaceFlinger: destroyed Surface(name=db067c5 com.example.testeableapp.test/androidx.test.core.app.InstrumentationActivityInvoker$EmptyActivity)/@0x94d7963 - animation-leash of starting_reveal#35123
06-19 23:45:33.681  1362  1362 I Layer   : id=35105 Destroyed Surface(name=ca632db com.example.testeableapp/com.example.testeableapp.MainActivity)/@0x2416320 - animation-leash of starting_reveal#35105
06-19 23:45:33.681  1362  1362 I Layer   : id=35123 Destroyed Surface(name=db067c5 com.example.testeableapp.test/androidx.test.core.app.InstrumentationActivityInvoker$EmptyActivity)/@0x94d7963 - animation-leash of starting_reveal#35123
06-19 23:45:33.683  1362  1543 I SurfaceFlinger: id=35140 Removed Surface(name=c0633ae com.example.testeableapp/com.example.testeableapp.MainActivity)/@0x7b5ae17 - animation-leash of starting_reveal#35140 (188)
06-19 23:45:33.687  1362  1543 I SurfaceFlinger: id=35160 Removed Surface(name=eb0b778 com.example.testeableapp.test/androidx.test.core.app.InstrumentationActivityInvoker$EmptyActivity)/@0xef36e14 - animation-leash of starting_reveal#35160 (188)
06-19 23:45:33.694  2503  2516 V MediaPlayer-JNI: native_finalize
06-19 23:45:33.694  2503  2516 V MediaPlayer-JNI: release
06-19 23:45:33.694  2503  2516 V MediaPlayer-JNI: native_finalize
06-19 23:45:33.694  2503  2516 V MediaPlayer-JNI: release
06-19 23:45:33.695  1362  1362 I SurfaceFlinger: destroyed Surface(name=c0633ae com.example.testeableapp/com.example.testeableapp.MainActivity)/@0x7b5ae17 - animation-leash of starting_reveal#35140
06-19 23:45:33.695  1362  1362 I SurfaceFlinger: destroyed Surface(name=eb0b778 com.example.testeableapp.test/androidx.test.core.app.InstrumentationActivityInvoker$EmptyActivity)/@0xef36e14 - animation-leash of starting_reveal#35160
06-19 23:45:33.697  2503  2516 W System  : A resource failed to call release.
06-19 23:45:33.697  2503  2516 W System  : A resource failed to call release.
06-19 23:45:33.698  1362  1362 I Layer   : id=35140 Destroyed Surface(name=c0633ae com.example.testeableapp/com.example.testeableapp.MainActivity)/@0x7b5ae17 - animation-leash of starting_reveal#35140
06-19 23:45:33.698  1362  1362 I Layer   : id=35160 Destroyed Surface(name=eb0b778 com.example.testeableapp.test/androidx.test.core.app.InstrumentationActivityInvoker$EmptyActivity)/@0xef36e14 - animation-leash of starting_reveal#35160
06-19 23:45:33.698  2503  2516 W System  : A resource failed to call release.
06-19 23:45:33.701  2503  2516 W System  : A resource failed to call release.
06-19 23:45:33.701  2503  2516 W System  : A resource failed to call release.
06-19 23:45:33.701  2503  2516 W System  : A resource failed to call release.
06-19 23:45:33.702  2503  2516 W System  : A resource failed to call release.
06-19 23:45:33.702  2503  2516 W System  : A resource failed to call release.
06-19 23:45:33.703  2503  2516 W System  : A resource failed to call release.
06-19 23:45:33.703  2503  2516 W System  : A resource failed to call release.
06-19 23:45:33.703  2503  2516 W System  : A resource failed to call release.
06-19 23:45:33.704  2503  2516 W System  : A resource failed to call release.
06-19 23:45:33.704  2503  2516 W System  : A resource failed to call release.
06-19 23:45:33.704  2503  2516 W System  : A resource failed to call release.
06-19 23:45:33.705  2503  2516 W System  : A resource failed to call release.
06-19 23:45:33.705  2503  2516 W System  : A resource failed to call release.
06-19 23:45:33.705  2503  2516 W System  : A resource failed to call release.
06-19 23:45:33.707  2503  2516 W System  : A resource failed to call release.
06-19 23:45:33.707  2503  2516 W System  : A resource failed to call release.
06-19 23:45:33.707  2503  2516 W System  : A resource failed to call release.
06-19 23:45:33.756  1593  5211 D MotionRecognitionService: inject vibrator info = 0.0
06-19 23:45:33.756  1265  1265 I SensorsHub: SensorBase::injectSensorData: ICM42632M Accelerometer default injection, type=268435461
06-19 23:45:33.764  2503  2557 I SurfaceControlRegistry: apply, t=FinishTransaction_SyncId<2953>, caller=android.view.SurfaceControl$Transaction.apply:3459 android.view.SurfaceControl$Transaction.apply:3447 android.view.SurfaceControl$Transaction.apply:3397 com.android.wm.shell.transition.Transitions.onFinish:315 com.android.wm.shell.transition.Transitions$$ExternalSyntheticLambda7.onTransitionFinished:12 com.android.wm.shell.transition.DefaultTransitionHandler$$ExternalSyntheticLambda2.run:36
06-19 23:45:33.767  3723  3723 I VRI[SubSettings]@f0a4302: handleAppVisibility mAppVisible = true visible = false
06-19 23:45:33.767  3723  3723 D VRI[SubSettings]@f0a4302: visibilityChanged oldVisibility=true newVisibility=false
06-19 23:45:33.767  1593  3204 D SurfaceComposerClient: setCornerRadius ## 1535c5 com.example.testeableapp/com.example.testeableapp.MainActivity#35167 cornerRadius=0.000000
06-19 23:45:33.768  1593  3204 D SurfaceComposerClient: setCornerRadius ## 1535c5 com.example.testeableapp/com.example.testeableapp.MainActivity#35167 cornerRadius=0.000000
06-19 23:45:33.769  2503  2503 D SamsungLightBarControlHelper: updateStatusBar (WHITE icon) numStacks:1, StatusBarMode:MODE_TRANSPARENT, lightBarBounds:[], StatusBarState:SHADE, packageName:, isWhiteKeyguardStatusBar:false
