06-19 23:45:34.347 19426 19426 I VRI[InstrumentationActivityInvoker$EmptyActivity]@a5422fc: Relayout returned: old=(0,0,1080,2340) new=(0,0,1080,2340) relayoutAsync=false req=(1080,2340)0 dur=31 res=0x3 s={true 0xb400006f8bc49f50} ch=true seqId=0
06-19 23:45:34.348 19426 19426 I VRI[InstrumentationActivityInvoker$EmptyActivity]@a5422fc: performConfigurationChange setNightDimText nightDimLevel=0
06-19 23:45:34.349 19426 19426 D VRI[InstrumentationActivityInvoker$EmptyActivity]@a5422fc: mThreadedRenderer.initialize() mSurface={isValid=true 0xb400006f8bc49f50} hwInitialized=true
06-19 23:45:34.349  1362  1543 I SurfaceFlinger: id=35190 createSurf, flag=20004, DimTransitionLayer for Surface(name=Task=564)/@0x2b5b979#35190
06-19 23:45:34.349 19426 19426 D VRI[InstrumentationActivityInvoker$EmptyActivity]@a5422fc: reportNextDraw android.view.ViewRootImpl.performTraversals:5443 android.view.ViewRootImpl.doTraversal:3924 android.view.ViewRootImpl$TraversalRunnable.run:12903 android.view.Choreographer$CallbackRecord.run:1901 android.view.Choreographer$CallbackRecord.run:1910
06-19 23:45:34.349 19426 19426 D VRI[InstrumentationActivityInvoker$EmptyActivity]@a5422fc: Setup new sync=wmsSync-VRI[InstrumentationActivityInvoker$EmptyActivity]@a5422fc#6
06-19 23:45:34.349  2503  2557 I SurfaceControlRegistry: show, t=StartTransaction_SyncId<2954> sc=DimTransitionLayer for Surface(name=Task=564)/@0x2b5b979, caller=android.view.SurfaceControl$Transaction.show:3557 com.android.wm.shell.transition.DefaultTransitionHandler.startAnimation:2931 com.android.wm.shell.transition.Transitions.dispatchTransition:90 com.android.wm.shell.transition.Transitions.playTransition:774 com.android.wm.shell.transition.Transitions.processReadyQueue:239 com.android.wm.shell.transition.Transitions.dispatchReady:1352
06-19 23:45:34.349 19426 19426 I VRI[InstrumentationActivityInvoker$EmptyActivity]@a5422fc: Creating new active sync group VRI[InstrumentationActivityInvoker$EmptyActivity]@a5422fc#7
06-19 23:45:34.350 19426 19426 D VRI[InstrumentationActivityInvoker$EmptyActivity]@a5422fc: registerCallbacksForSync syncBuffer=false
06-19 23:45:34.350  2503  2503 D NavigationBar: onSystemBarAttributesChanged() -  displayId:0, appearance:16, packageName: com.example.testeableapp.test (APPEARANCE_LIGHT_NAVIGATION_BARS ), navbarColorManagedByIme:false
06-19 23:45:34.350  2503  2557 I SurfaceControlRegistry: apply, t=StartTransaction_SyncId<2954>, caller=android.view.SurfaceControl$Transaction.apply:3459 android.view.SurfaceControl$Transaction.apply:3447 android.view.SurfaceControl$Transaction.apply:3397 com.android.wm.shell.transition.DefaultTransitionHandler.startAnimation:3387 com.android.wm.shell.transition.Transitions.dispatchTransition:90 com.android.wm.shell.transition.Transitions.playTransition:774
06-19 23:45:34.351 19426 19453 D VRI[InstrumentationActivityInvoker$EmptyActivity]@a5422fc: Received frameDrawingCallback syncResult=0 frameNum=1.
06-19 23:45:34.351 19426 19453 I VRI[InstrumentationActivityInvoker$EmptyActivity]@a5422fc: mWNT: t=0xb400006f2bc18410 mBlastBufferQueue=0xb40000707bc1b3e0 fn= 1 HdrRenderState mRenderHdrSdrRatio=1.0 caller= android.view.ViewRootImpl$12.onFrameDraw:15441 android.view.ThreadedRenderer$1.onFrameDraw:718 <bottom of call stack>
06-19 23:45:34.351 19426 19453 I VRI[InstrumentationActivityInvoker$EmptyActivity]@a5422fc: Setting up sync and frameCommitCallback
06-19 23:45:34.352  1362  1377 I SurfaceFlinger: id=35191 createSurf, flag=84000, a6f6a71 ActivityRecordInputSink com.example.testeableapp.test/androidx.test.core.app.InstrumentationActivityInvoker$EmptyActivity#35191
06-19 23:45:34.353  5222  5230 I adbd    : opening control endpoint /dev/usb-ffs/adb/ep0
06-19 23:45:34.354  2967 16521 I HoneySpace.RecentTasks: onRunningTaskAppeared
06-19 23:45:34.354  2967 16521 I HoneySpace.RecentTasks: onRecentTasksChanged
06-19 23:45:34.356 19426 19441 I BLASTBufferQueue: [VRI[InstrumentationActivityInvoker$EmptyActivity]@a5422fc#3](f:0,a:0,s:0) onFrameAvailable the first frame is available
06-19 23:45:34.356 19426 19441 I VRI[InstrumentationActivityInvoker$EmptyActivity]@a5422fc: Received frameCommittedCallback lastAttemptedDrawFrameNum=1 didProduceBuffer=true
06-19 23:45:34.357  1362  1542 I SurfaceFlinger: [com.example.testeableapp.test/androidx.test.core.app.InstrumentationActivityInvoker$EmptyActivity$_19426#35185] setTransactionState with the first frame. bufferData(ID: 83434034692108, frameNumber: 1)
06-19 23:45:34.357 19426 19441 D HWUI    : CFMS:: SetUp Pid : 19426    Tid : 19441
06-19 23:45:34.357 19426 19426 D VRI[InstrumentationActivityInvoker$EmptyActivity]@a5422fc: reportDrawFinished seqId=0
06-19 23:45:34.360  1342 21519 V APM_AudioPolicyManager: setAppState(portId:24603, state:1)
06-19 23:45:34.360  1342 21519 V APM_AudioPolicyManager: setAppState(portId:24603, state:1)
06-19 23:45:34.360  1476  6895 I CameraService: onUidStateChanged: uid=10232, procState is changed. (3 -> 5)
06-19 23:45:34.360  1342 21519 V APM_AudioPolicyManager: setAppState(portId:24603, state:1)
06-19 23:45:34.364  1362  1362 I SurfaceFlinger: RequestedLayer [d55ab1d Splash Screen com.example.testeableapp.test#35181] hidden!! flag  from(1) --> to(0)
06-19 23:45:34.364  1362  1362 I SurfaceFlinger: RequestedLayer [4efc1a8 com.example.testeableapp.tes[...]nActivityInvoker$EmptyActivity#35183] hidden!! flag  from(1) --> to(0)
06-19 23:45:34.364  1362  1362 I SurfaceFlinger: RequestedLayer [Splash Screen com.example.testeableapp.test$_2503#35182] hidden!! flag  from(1) --> to(0)
06-19 23:45:34.364  1362  1362 I SurfaceFlinger: RequestedLayer [Task=564#35179] hidden!! flag  from(1) --> to(0)
06-19 23:45:34.364  1362  1362 E SurfaceFlinger: alpha changed 1.000 -> 0.000 - Task=564#35179
06-19 23:45:34.364  1362  1362 I SurfaceFlinger: RequestedLayer [Transition Root: Task=564#35184] hidden!! flag  from(1) --> to(0)
06-19 23:45:34.364  1362  1362 I SurfaceFlinger: RequestedLayer [ActivityRecord{253278423 u0 com.exam[...]ityInvoker$EmptyActivity t564}#35180] hidden!! flag  from(1) --> to(0)
06-19 23:45:34.364  1362  1362 I SurfaceFlinger: RequestedLayer [DimTransitionLayer for Surface(name=Task=564)/@0x2b5b979#35190] hidden!! flag  from(1) --> to(0)
06-19 23:45:34.364  1362  1362 E SurfaceFlinger: alpha changed 1.000 -> 0.000 - DimTransitionLayer for Surface(name=Task=564)/@0x2b5b979#35190
06-19 23:45:34.364  1362  1362 E SurfaceFlinger: alpha changed 0.000 -> 1.000 - Task=564#35179
06-19 23:45:34.365  1362  1362 E SurfaceFlinger: alpha changed 0.000 -> 0.000 - DimTransitionLayer for Surface(name=Task=564)/@0x2b5b979#35190
06-19 23:45:34.365  1362  1362 I SurfaceFlinger: [LayerHierarchy{RequestedLayerState{b2ba1d5 NavigationBar0#95 parentId=35188} 1 children}] reparent to LayerHierarchy{RequestedLayerState{Surface(name=b2ba1d5 NavigationBar0)/@0x108d35a - animation-leash of insets_animation#35188 parentId=94} 1 children}
06-19 23:45:34.365  1362  1362 I SurfaceFlinger: [LayerHierarchy{RequestedLayerState{Task=563#35163 parentId=35184 z=2} 1 children}] reparent to LayerHierarchy{RequestedLayerState{Transition Root: Task=564#35184 parentId=10 z=13} 1 children}
06-19 23:45:34.365  1362  1362 I SurfaceFlinger: [LayerHierarchy{RequestedLayerState{a1a3f36 StatusBar#102 parentId=35189} 1 children}] reparent to LayerHierarchy{RequestedLayerState{Surface(name=a1a3f36 StatusBar)/@0x69ae81 - animation-leash of insets_animation#35189 parentId=101} 1 children}
06-19 23:45:34.365  1362  1362 I SurfaceFlinger: [LayerHierarchy{RequestedLayerState{Surface(name=b2ba1d5 NavigationBar0)/@0x108d35a - animation-leash of insets_animation#35174} no children}] reparent to OffscreenRoot
06-19 23:45:34.365  1362  1362 I SurfaceFlinger: [LayerHierarchy{RequestedLayerState{Surface(name=b2ba1d5 NavigationBar0)/@0x108d35a - animation-leash of insets_animation#35174} no children}] RelativeParent to null
06-19 23:45:34.365  1362  1362 I SurfaceFlinger: [LayerHierarchy{RequestedLayerState{Surface(name=a1a3f36 StatusBar)/@0x69ae81 - animation-leash of insets_animation#35175} no children}] reparent to OffscreenRoot
06-19 23:45:34.365  1362  1362 I SurfaceFlinger: [LayerHierarchy{RequestedLayerState{Surface(name=a1a3f36 StatusBar)/@0x69ae81 - animation-leash of insets_animation#35175} no children}] RelativeParent to null
06-19 23:45:34.365  1362  1362 I SurfaceFlinger: [LayerHierarchy{RequestedLayerState{Task=564#35179 parentId=35184 z=5} 1 children}] reparent to LayerHierarchy{RequestedLayerState{Transition Root: Task=564#35184 parentId=10 z=13} 2 children}
06-19 23:45:34.365  1362  1362 I SurfaceFlinger: [LayerHierarchy{RequestedLayerState{Surface(name=b2ba1d5 NavigationBar0)/@0x108d35a - animation-leash of insets_animation#35186} no children}] reparent to OffscreenRoot
06-19 23:45:34.365  1362  1362 I SurfaceFlinger: [LayerHierarchy{RequestedLayerState{Surface(name=b2ba1d5 NavigationBar0)/@0x108d35a - animation-leash of insets_animation#35186} no children}] RelativeParent to null
06-19 23:45:34.365  1362  1362 I SurfaceFlinger: [LayerHierarchy{RequestedLayerState{Surface(name=a1a3f36 StatusBar)/@0x69ae81 - animation-leash of insets_animation#35187} no children}] reparent to OffscreenRoot
06-19 23:45:34.365  1362  1362 I SurfaceFlinger: [LayerHierarchy{RequestedLayerState{Surface(name=a1a3f36 StatusBar)/@0x69ae81 - animation-leash of insets_animation#35187} no children}] RelativeParent to null
06-19 23:45:34.365  1362  1362 I SurfaceFlinger: [DimTransitionLayer for Surface(name=Task=564)/@0x2b5b979#35190] attach to parent LayerHierarchy{RequestedLayerState{Transition Root: Task=564#35184 parentId=10 z=13} 3 children}
06-19 23:45:34.365  1362  1362 I SurfaceFlinger: [a6f6a71 ActivityRecordInputSink com.example.testeableapp.test/androidx.test.core.app.InstrumentationActivityInvoker$EmptyActivity#35191] attach to parent LayerHierarchy{RequestedLayerState{ActivityRecord{253278423 u0 com.example.testeableapp.test/androidx.test.core.app.InstrumentationActivityInvoker$EmptyActivity t564}#35180 parentId=35179} 3 children}
06-19 23:45:34.370  1593  2549 I SemDvfsHyPerManager: acquire hyper - AMS_RESUME_TAIL/1593@17, type = -999
06-19 23:45:34.370  1593  2549 I SemDvfsHyPerManager: acquire hyper - AMS_ACT_LAZY/1593@18, type = -999
06-19 23:45:34.370  1275  1361 I HYPER-HAL: [RequestManager.cpp]acquire(): Acquired ID : 1296872  [1593 / 17]    HINT : AMS_RESUME_TAIL    list :
06-19 23:45:34.371  1275  1361 I HYPER-HAL: [RequestManager.cpp]releaseLocked(): Released ID : 1304942
06-19 23:45:34.373  1593  1659 I PkgPredictorService-SecIpmManagerServiceImpl: reportToNAP uid:10356 com.example.testeableapp.test/androidx.test.core.app.InstrumentationActivityInvoker$EmptyActivity thisTime:118
06-19 23:45:34.373  1593  1659 D PkgPredictorService-SecIpmManagerServiceImpl: reportToNAP: mHeavyLaunchCounter is false
06-19 23:45:34.374  1593  3029 D PkgPredictorService-SecIpmManagerServiceImpl: ACTION_FOREGROUND_FINISH_EVENT sCurForegroundApp :com.example.testeableapp.test
06-19 23:45:34.377  2503  2557 D ShellDesktopMode: handleRequest: TransitionRequestInfo {type=2, tid=564, debugId=2955}
06-19 23:45:34.378  1362  1543 I SurfaceFlinger: id=35186 Removed Surface(name=b2ba1d5 NavigationBar0)/@0x108d35a - animation-leash of insets_animation#35186 (193)
06-19 23:45:34.379  1362  1543 I SurfaceFlinger: id=35187 Removed Surface(name=a1a3f36 StatusBar)/@0x69ae81 - animation-leash of insets_animation#35187 (193)
06-19 23:45:34.381  1362  1362 I SurfaceFlinger: RequestedLayer [com.example.testeableapp.test/androi[...]tyInvoker$EmptyActivity$_19426#35185] hidden!! flag  from(1) --> to(0)
06-19 23:45:34.381  1362  1362 I SurfaceFlinger: destroyed Surface(name=b2ba1d5 NavigationBar0)/@0x108d35a - animation-leash of insets_animation#35186
06-19 23:45:34.381  1362  1362 I SurfaceFlinger: destroyed Surface(name=a1a3f36 StatusBar)/@0x69ae81 - animation-leash of insets_animation#35187
06-19 23:45:34.383  2967 12971 I HoneySpace.RecentTasks: onRecentTasksChanged
06-19 23:45:34.384  1593  2582 I SemDvfsHyPerManager: acquire hyper - AMS_ACT_RESUME/1593@20, type = -999
06-19 23:45:34.384  2967 12971 I HoneySpace.RecentTasks: onRecentTasksChanged
06-19 23:45:34.384  2967  3307 I HoneySpace.TopTaskSource: onTaskMovedToFront : taskId = 513, displayId = 0
06-19 23:45:34.384  1362  1362 I Layer   : id=35186 Destroyed Surface(name=b2ba1d5 NavigationBar0)/@0x108d35a - animation-leash of insets_animation#35186
06-19 23:45:34.384  1275  1361 I HYPER-HAL: [RequestManager.cpp]acquire(): Acquired ID : 1301711  [1593 / 20]    HINT : AMS_ACT_RESUME    list :
06-19 23:45:34.384  1362  1362 I Layer   : id=35187 Destroyed Surface(name=a1a3f36 StatusBar)/@0x69ae81 - animation-leash of insets_animation#35187
06-19 23:45:34.385  3723  3723 I VRI[SubSettings]@f0a4302: handleAppVisibility mAppVisible = false visible = true
06-19 23:45:34.385  1362  1362 D SurfaceFlinger: GPIS:: requestGpisForClientComposition
06-19 23:45:34.385  1593  2582 D InputDispatcher: Focused application(0): ActivityRecord{249521351 u0 com.android.settings/.SubSettings t513}
06-19 23:45:34.387  1362  1545 I SurfaceFlinger: id=35192 createSurf, flag=24000, Surface(name=b2ba1d5 NavigationBar0)/@0x108d35a - animation-leash of insets_animation#35192
06-19 23:45:34.389  1593  1659 I ActivityTaskManager: Displayed com.example.testeableapp.test/androidx.test.core.app.InstrumentationActivityInvoker$EmptyActivity for user 0: +118ms
06-19 23:45:34.389  1362  1543 I SurfaceFlinger: id=35193 createSurf, flag=24000, Surface(name=a1a3f36 StatusBar)/@0x69ae81 - animation-leash of insets_animation#35193
06-19 23:45:34.390  3332  3332 E pageboostd: Received HALT command code 2
06-19 23:45:34.390  1593  2354 D AS.MultiSoundManager: mForegroundUid = 1000
06-19 23:45:34.390  2967  3309 I HoneySpace.TopTaskUseCase: topTasks 513 ComponentInfo{com.android.settings/com.android.settings.SubSettings}[displayId=0]
06-19 23:45:34.391  1362  1437 D SurfaceFlinger: [input] setFocusedWindow: 4efc1a8 com.example.testeableapp.test/androidx.test.core.app.InstrumentationActivityInvoker$EmptyActivity
06-19 23:45:34.391  1593  2549 D InputDispatcher: Once focus requested (0): 4efc1a8 com.example.testeableapp.test/androidx.test.core.app.InstrumentationActivityInvoker$EmptyActivity
06-19 23:45:34.392  1593  2549 D InputDispatcher: Focus request (0): 4efc1a8 com.example.testeableapp.test/androidx.test.core.app.InstrumentationActivityInvoker$EmptyActivity but waiting because NO_WINDOW
06-19 23:45:34.393  1593  3204 D InputDispatcher: Focus entered window (0): 4efc1a8 com.example.testeableapp.test/androidx.test.core.app.InstrumentationActivityInvoker$EmptyActivity
06-19 23:45:34.395  1593  2582 D SurfaceComposerClient: setCornerRadius ## 6bbfc8e com.android.settings/com.android.settings.SubSettings#34138 cornerRadius=0.000000
06-19 23:45:34.395  3723  3723 I VRI[SubSettings]@f0a4302: stopped(false) old = true
06-19 23:45:34.395  3723  3723 D VRI[SubSettings]@f0a4302: WindowStopped on com.android.settings/com.android.settings.SubSettings set to false
06-19 23:45:34.396 19426 19426 D VRI[InstrumentationActivityInvoker$EmptyActivity]@a5422fc: mThreadedRenderer.initializeIfNeeded()#2 mSurface={isValid=true 0xb400006f8bc49f50}
06-19 23:45:34.397  1362  1362 E SurfaceFlinger: alpha changed 0.000 -> 0.020 - DimTransitionLayer for Surface(name=Task=564)/@0x2b5b979#35190
06-19 23:45:34.397  1362  1362 I SurfaceFlinger: [Surface(name=b2ba1d5 NavigationBar0)/@0x108d35a - animation-leash of insets_animation#35192] attach to parent LayerHierarchy{RequestedLayerState{WindowToken{1db1eeb type=2019 android.os.BinderProxy@7119565}#94 parentId=34} 2 children}
06-19 23:45:34.397 19426 19426 D InputMethodManagerUtils: startInputInner - Id : 0
06-19 23:45:34.397  1362  1362 I SurfaceFlinger: [Surface(name=a1a3f36 StatusBar)/@0x69ae81 - animation-leash of insets_animation#35193] attach to parent LayerHierarchy{RequestedLayerState{WindowToken{2df28d1 type=2000 android.os.BinderProxy@248d75b}#101 parentId=17} 2 children}
06-19 23:45:34.397 19426 19426 I InputMethodManager: startInputInner - IInputMethodManagerGlobalInvoker.startInputOrWindowGainedFocus
06-19 23:45:34.406  2503  2503 D NavigationBar: onSystemBarAttributesChanged() -  displayId:0, appearance:24, packageName: com.example.testeableapp.test (APPEARANCE_LIGHT_STATUS_BARS APPEARANCE_LIGHT_NAVIGATION_BARS ), navbarColorManagedByIme:false
06-19 23:45:34.409  3723  3723 D ActivityEmbeddingUtils: isSettingsSplitSupported = false
06-19 23:45:34.409  3723  3723 I AppContextHelper: registerStateHandlerCallback() by WirelessDebuggingFragment
06-19 23:45:34.412  3723  3723 I WirelessDebuggingFrag: onEnabled(): connect_port=32805
06-19 23:45:34.412  1362  1362 D SurfaceFlinger: Display 4633128672291735931 HWC layers:
06-19 23:45:34.412  1362  1362 D SurfaceFlinger:        CLIENT |           83124797046799 | 00002102 | RGBA_8888    |   33.0    0.0 1080.0 2340.0 |    0    0 1080 2340 | com.example.testeableapp/com.example.testeableapp.MainActivity$_19354#35173 (25)
06-19 23:45:34.412  1362  1362 D SurfaceFlinger:   SOLID_COLOR |                        0 | 00000000 | N/A          |    0.0    0.0    0.0    0.0 |    0    0 1080 2340 | DimTransitionLayer for Surface(name=Task=564)/@0x2b5b979#35190 (0)
06-19 23:45:34.412  1362  1362 D SurfaceFlinger:        DEVICE |           83434034692108 | 00002102 | RGBA_8888    |    0.0    0.0  106.0 2340.0 |  974    0 1080 2340 | com.example.testeableapp.test/androi[...]tyInvoker$EmptyActivity$_19426#35185 (1)
06-19 23:45:34.412  1362  1362 D SurfaceFlinger:        DEVICE |           10750303185133 | 00002100 | RGBA_8888    |    0.0    0.0  106.0 2340.0 |  974    0 1080 2340 | Splash Screen com.example.testeableapp.test$_2503#35182 (1)
06-19 23:45:34.412  1362  1362 D SurfaceFlinger:        DEVICE |           10750303185019 | 00002100 | RGBA_8888    |    0.0    0.0 1080.0   77.0 |    0    0 1080   77 | StatusBar$_2503#111 (52402)
06-19 23:45:34.412  1362  1362 D SurfaceFlinger:        DEVICE |           12743167976380 | 00002100 | RGBA_8
06-19 23:45:34.412  1362  1362 D SurfaceFlinger: 888    |    0.0    0.0   67.0  342.0 | 1013  821 1080 1163 | com.sec.android.app.launcher/com.sam[...]l.app.CocktailBarService$_2967#35048 (1)
06-19 23:45:34.412  1362  1362 D SurfaceFlinger:        DEVICE |           10750303185002 | 00002100 | RGBA_8888    |    0.0    0.0 1080.0  135.0 |    0 2205 1080 2340 | NavigationBar0$_2503#107 (27322)
06-19 23:45:34.412  1362  1362 D SurfaceFlinger:        DEVICE |           70158290780193 | 00002100 | RGBA_8888    |    0.0    0.0 1080.0 2340.0 |    0    0 1080 2340 | EdgeLightingWindow$_16335#35072 (93)
06-19 23:45:34.412  1362  1362 D SurfaceFlinger:
06-19 23:45:34.414  1362  1362 I SurfaceFlinger: [LayerHierarchy{RequestedLayerState{b2ba1d5 NavigationBar0#95 parentId=35192} 1 children}] reparent to LayerHierarchy{RequestedLayerState{Surface(name=b2ba1d5 NavigationBar0)/@0x108d35a - animation-leash of insets_animation#35192 parentId=94} 1 children}
06-19 23:45:34.414  1362  1362 I SurfaceFlinger: [LayerHierarchy{RequestedLayerState{a1a3f36 StatusBar#102 parentId=35193} 1 children}] reparent to LayerHierarchy{RequestedLayerState{Surface(name=a1a3f36 StatusBar)/@0x69ae81 - animation-leash of insets_animation#35193 parentId=101} 1 children}
06-19 23:45:34.414  1362  1362 I SurfaceFlinger: [LayerHierarchy{RequestedLayerState{Surface(name=b2ba1d5 NavigationBar0)/@0x108d35a - animation-leash of insets_animation#35188} no children}] reparent to OffscreenRoot
06-19 23:45:34.414  1362  1362 I SurfaceFlinger: [LayerHierarchy{RequestedLayerState{Surface(name=b2ba1d5 NavigationBar0)/@0x108d35a - animation-leash of insets_animation#35188} no children}] RelativeParent to null
06-19 23:45:34.414  1362  1362 I SurfaceFlinger: [LayerHierarchy{RequestedLayerState{Surface(name=a1a3f36 StatusBar)/@0x69ae81 - animation-leash of insets_animation#35189} no children}] reparent to OffscreenRoot
06-19 23:45:34.414  1362  1362 I SurfaceFlinger: [LayerHierarchy{RequestedLayerState{Surface(name=a1a3f36 StatusBar)/@0x69ae81 - animation-leash of insets_animation#35189} no children}] RelativeParent to null
06-19 23:45:34.416  2967  3307 I HoneySpace.TopTaskSource: onTaskFocusChanged(): taskId = 513
06-19 23:45:34.416  1362  1542 I SurfaceFlinger: id=35174 Removed Surface(name=b2ba1d5 NavigationBar0)/@0x108d35a - animation-leash of insets_animation#35174 (193)
06-19 23:45:34.418  3723 15925 D SettingsActivity: No enabled state changed, skipping updateCategory call
06-19 23:45:34.418  2503  2503 I {OngoingActivityController}: onTaskFocusChanged but OA data is empty
06-19 23:45:34.419  1362  1542 I SurfaceFlinger: id=35175 Removed Surface(name=a1a3f36 StatusBar)/@0x69ae81 - animation-leash of insets_animation#35175 (193)
06-19 23:45:34.420  1593  1660 D NetworkPolicy: already checked 1000
06-19 23:45:34.421  1593  1660 D NetworkPolicy: already checked 1000
06-19 23:45:34.421  1362  1543 I SurfaceFlinger: id=35188 Removed Surface(name=b2ba1d5 NavigationBar0)/@0x108d35a - animation-leash of insets_animation#35188 (193)
06-19 23:45:34.421  1362  1543 I SurfaceFlinger: id=35189 Removed Surface(name=a1a3f36 StatusBar)/@0x69ae81 - animation-leash of insets_animation#35189 (193)
06-19 23:45:34.422  1593  1662 I SemWifiApAdvancedAutohotspotService: settings app is in foreground
06-19 23:45:34.423  5754  5874 I Rubin   : [148] A8.b.A(Unknown Source) : Notify com.samsung.android.rubin.inferenceengine.contextanalytics.engine.loggers.AppUsageLogger's database is updated.
06-19 23:45:34.424  3723  3723 D WirelessDebuggingEnabler: isUsbDebuggingAllowed = true
06-19 23:45:34.426  3723  3723 D WirelessDebuggingEnabler: isUsbDebuggingAllowed = true
06-19 23:45:34.426  1362  1437 D SurfaceFlinger: [input] setFocusedWindow: <null>
06-19 23:45:34.426  3723  3723 W ElapsedTimeUtils: getElapsedTime: sSuwFinishedTimeStamp is null
06-19 23:45:34.426  1593  3758 D InputDispatcher: Focus left window (0): 4efc1a8 com.example.testeableapp.test/androidx.test.core.app.InstrumentationActivityInvoker$EmptyActivity
06-19 23:45:34.427  1593  3763 D InputDispatcher: Once focus requested (0): <null>
06-19 23:45:34.430 19426 19426 I ImeFocusController: onPreWindowFocus: skipped hasWindowFocus=false mHasImeFocus=true
06-19 23:45:34.431  1362  1362 I SurfaceFlinger: destroyed Surface(name=b2ba1d5 NavigationBar0)/@0x108d35a - animation-leash of insets_animation#35174
06-19 23:45:34.431  1362  1362 I SurfaceFlinger: destroyed Surface(name=a1a3f36 StatusBar)/@0x69ae81 - animation-leash of insets_animation#35175
06-19 23:45:34.431  1362  1362 I SurfaceFlinger: destroyed Surface(name=b2ba1d5 NavigationBar0)/@0x108d35a - animation-leash of insets_animation#35188
06-19 23:45:34.431  1362  1362 I SurfaceFlinger: destroyed Surface(name=a1a3f36 StatusBar)/@0x69ae81 - animation-leash of insets_animation#35189
06-19 23:45:34.431 19426 19426 I ImeFocusController: onPostWindowFocus: skipped hasWindowFocus=false mHasImeFocus=true
06-19 23:45:34.433  1593  1660 D PkgPredictorService-SecIpmManagerServiceImpl: onForegroundActivitiesChanged pid:3723 uid:1000
06-19 23:45:34.434  1593  1931 I WindowManager: Relayout Window{6bbfc8e u0 com.android.settings/com.android.settings.SubSettings}: viewVisibility=0 req=1080x2340 ty=1 d0
06-19 23:45:34.434  1362  1362 I Layer   : id=35174 Destroyed Surface(name=b2ba1d5 NavigationBar0)/@0x108d35a - animation-leash of insets_animation#35174
06-19 23:45:34.434  1362  1362 I Layer   : id=35175 Destroyed Surface(name=a1a3f36 StatusBar)/@0x69ae81 - animation-leash of insets_animation#35175
06-19 23:45:34.434  1362  1362 I Layer   : id=35188 Destroyed Surface(name=b2ba1d5 NavigationBar0)/@0x108d35a - animation-leash of insets_animation#35188
06-19 23:45:34.434  1362  1362 I Layer   : id=35189 Destroyed Surface(name=a1a3f36 StatusBar)/@0x69ae81 - animation-leash of insets_animation#35189
06-19 23:45:34.434  1362  1376 I SurfaceFlinger: id=35194 createSurf, flag=44004, com.android.settings/com.android.settings.SubSettings$_3723#35194
06-19 23:45:34.434  2503  2567 I VRI[test]@d4eb63c: onActiveControlsChanged, removed=false, mAdded=true, caller=android.view.ViewRootImpl.handleInsetsControlChanged:3002 android.view.ViewRootImpl$ViewRootHandler.handleMessageImpl:8352 android.view.ViewRootImpl$ViewRootHandler.handleMessage:8301 android.os.Handler.dispatchMessage:110 android.os.Looper.loopOnce:273
06-19 23:45:34.434  2503  2567 I InsetsSourceConsumer: applyRequestedVisibilityToControl: visible=true, type=navigationBars, host=Splash Screen com.example.testeableapp.test
06-19 23:45:34.435  2503  2567 I InsetsSourceConsumer: applyRequestedVisibilityToControl: visible=true, type=statusBars, host=Splash Screen com.example.testeableapp.test
06-19 23:45:34.437  1593  1931 D SurfaceComposerClient: setCornerRadius ## 6bbfc8e com.android.settings/com.android.settings.SubSettings#34138 cornerRadius=0.000000
06-19 23:45:34.439  3723 15925 I SecTileUtils: loadTilesForAction com.android.settings.action.SETTINGS
06-19 23:45:34.439  2967  2967 I HoneySpace.EdgePanel.CocktailHostRepositoryImpl: onNoteResume
06-19 23:45:34.440  3723 15925 W SecTileUtils: Found com.android.settings.Settings$LockscreenSettingsActivity for intent Intent { act=com.android.settings.action.SETTINGS pkg=com.android.settings } missing metadata com.android.settings.category
06-19 23:45:34.440  3723 15925 I SecTileUtils: Found com.android.settings.Settings$BluetoothSettingsActivity for intent Intent { act=com.android.settings.action.SETTINGS pkg=com.android.settings } metadata Bundle[{com.android.settings.support=KNOXCUSTOM_KIOSK, com.samsung.android.settings.menu.group.mpsm=group1, com.android.settings.FRAGMENT_CLASS=com.samsung.android.settings.bluetooth.BluetoothSettings, voicecommand=2132019263, com.android.settings.TOP_LEVEL_TILE_ID=connections_settings, com.android.settings.tileid=bluetooth_settings, com.sec.android.PRIMARY_KNOX_CONTROLLED=true, com.android.settings.category=com.android.settings.category.ia.homepage, com.android.settings.HIGHLIGHT_MENU_KEY=top_level_connections, com.android.settings.icon=2131233612}]
06-19 23:45:34.440  3723 15925 D SecTileUtils: setMetaData key : Pair{com.android.settings com.android.settings.Settings$BluetoothSettingsActivity} , categoryKey com.android.settings.category.ia.homepage
06-19 23:45:34.440  3723 15925 D SecTileUtils: META_DATA_SAMSUNG_TILE_ID/META_DATA_TILE_ID tile.tileId : bluetooth_settings
06-19 23:45:34.440  3723 15925 D SecTileUtils: META_DATA_PREFERENCE_SUPPORT tile.support : KNOXCUSTOM_KIOSK
06-19 23:45:34.440  3723 15925 W SecTileUtils: Found com.android.settings.Settings$CloudAccountSettingsActivity for intent Intent { act=com.android.settings.action.SETTINGS pkg=com.android.settings } missing metadata com.android.settings.category
06-19 23:45:34.440  3723 15925 W SecTileUtils: Found com.android.settings.Settings$UsefulFeatureMainActivity for intent Intent { act=com.android.settings.action.SETTINGS pkg=com.android.settings } missing metadata com.android.settings.category
06-19 23:45:34.441  3723 15925 I SecTileUtils: loadTilesForAction com.android.settings.OPERATOR_APPLICATION_SETTING
06-19 23:45:34.441  3723 15925 D SecTileUtils: setMetaData key : Pair{com.samsung.android.emergency com.samsung.android.emergency.settings.ui.EmergencySettingsActivity} , categoryKey com.android.settings.category.ia.safety_emergency
06-19 23:45:34.441  3723 15925 D SecTileUtils: setMetaData key : Pair{com.sec.android.app.safetyassurance com.sec.android.app.safetyassurance.settings.EmergencySharingActivity} , categoryKey com.android.settings.category.ia.safety_emergency
06-19 23:45:34.441  1593  1931 D SurfaceComposerClient: setCornerRadius ## 6bbfc8e com.android.settings/com.android.settings.SubSettings#34138 cornerRadius=0.000000
06-19 23:45:34.442  5754  5874 I Rubin   : [148] com.samsung.android.rubin.inferenceengine.contextanalytics.engine.monitors.moment.exercise.ExercisingWithCmhMonitor.isSatisfiedByCmh(Unknown Source) : isSatisfiedByCmh is false
06-19 23:45:34.443  1362  1376 I SurfaceFlinger: id=35195 createSurf, flag=24000, Surface(name=b2ba1d5 NavigationBar0)/@0x108d35a - animation-leash of insets_animation#35195
06-19 23:45:34.443  3723 15925 I SecTileUtils: loadTilesForAction com.android.settings.MANUFACTURER_APPLICATION_SETTING
06-19 23:45:34.444  1342  1667 I SoundAlive_SRC384 arch64: SoundAlive_SRC384: Instance 26293 Init(outFs 8, InFs 7, chnum 2, outBW 3, inBW 3)
06-19 23:45:34.444  1342  1667 I Samsung_SoundAlive_SRC arch64: SRC384 version Samsung SoundAlive SRC ver320 arch64  2021.08.04 (Cppref for ARM64, ver.300.c 32bit 07_10_2016 based)
06-19 23:45:34.444  2967  2967 I HoneySpace.EdgePanel.EdgePanelContainerViewModel: cocktailHostRepository.edgePanelOperation NoteResumeComponent(componentName=ComponentInfo{com.android.settings/com.android.settings.SubSettings})
06-19 23:45:34.444  1362  1376 I SurfaceFlinger: id=35196 createSurf, flag=24000, Surface(name=a1a3f36 StatusBar)/@0x69ae81 - animation-leash of insets_animation#35196
06-19 23:45:34.444  2967  2967 I HoneySpace.EdgePanel.ActivityUtils: HomePackage : com.sec.android.app.launcher, resumePackageName : com.android.settings, className : com.android.settings.SubSettings
06-19 23:45:34.445  1342 21519 V APM_AudioPolicyManager: setAppState(portId:24603, state:1)
06-19 23:45:34.446  1593  1931 I SystemKeyManager: requested systemKeyInfo size=1 focusedWindow=com.android.settings/com.android.settings.SubSettings
06-19 23:45:34.447  1362  1362 I SurfaceFlinger: [com.android.settings/com.android.settings.SubSettings$_3723#35194] attach to parent LayerHierarchy{RequestedLayerState{6bbfc8e com.android.settings/com.android.settings.SubSettings#34138 parentId=34137} 1 children}
06-19 23:45:34.447  1362  1362 I SurfaceFlinger: [Surface(name=b2ba1d5 NavigationBar0)/@0x108d35a - animation-leash of insets_animation#35195] attach to parent LayerHierarchy{RequestedLayerState{WindowToken{1db1eeb type=2019 android.os.BinderProxy@7119565}#94 parentId=34} 2 children}
06-19 23:45:34.447  1362  1362 I SurfaceFlinger: [Surface(name=a1a3f36 StatusBar)/@0x69ae81 - animation-leash of insets_animation#35196] attach to parent LayerHierarchy{RequestedLayerState{WindowToken{2df28d1 type=2000 android.os.BinderProxy@248d75b}#101 parentId=17} 2 children}
06-19 23:45:34.451  1593  1931 I WindowManager: Relayout hash=6bbfc8e, pid=3723, syncId=-1: mAttrs={(0,0)(fillxfill) sim={adjust=resize} layoutInDisplayCutoutMode=always ty=BASE_APPLICATION wanim=0x1030306
06-19 23:45:34.451  1593  1931 I WindowManager:   fl=81810100
06-19 23:45:34.451  1593  1931 I WindowManager:   pfl=10088840
06-19 23:45:34.451  1593  1931 I WindowManager:   bhv=1
06-19 23:45:34.451  1593  1931 I WindowManager:   fitSides=0
06-19 23:45:34.451  1593  1931 I WindowManager:   frameRateBoostOnTouch=true
06-19 23:45:34.451  1593  1931 I WindowManager:   dvrrWindowFrameRateHint=true naviIconColor=0
06-19 23:45:34.451  1593  1931 I WindowManager:   sfl=1}
06-19 23:45:34.452  3723  3723 I BLASTBufferQueue_Java: new BLASTBufferQueue, mName= VRI[SubSettings]@f0a4302 mNativeObject= 0xb40000707bc284b0 caller= android.view.ViewRootImpl.updateBlastSurfaceIfNeeded:3585 android.view.ViewRootImpl.relayoutWindow:11685 android.view.ViewRootImpl.performTraversals:4804 android.view.ViewRootImpl.doTraversal:3924 android.view.ViewRootImpl$TraversalRunnable.run:12903 android.view.Choreographer$CallbackRecord.run:1901 android.view.Choreographer$CallbackRecord.run:1910 android.view.Choreographer.doCallbacks:1367 android.view.Choreographer.doFrame:1292 android.view.Choreographer$FrameDisplayEventReceiver.run:1870
06-19 23:45:34.452  3723  3723 I BLASTBufferQueue_Java: update, w= 1080 h= 2340 mName = VRI[SubSettings]@f0a4302 mNativeObject= 0xb40000707bc284b0 sc.mNativeObject= 0xb400006f1bc137d0 format= -1 caller= android.view.ViewRootImpl.updateBlastSurfaceIfNeeded:3590 android.view.ViewRootImpl.relayoutWindow:11685 android.view.ViewRootImpl.performTraversals:4804 android.view.ViewRootImpl.doTraversal:3924 android.view.ViewRootImpl$TraversalRunnable.run:12903 android.view.Choreographer$CallbackRecord.run:1901
06-19 23:45:34.453  3723  3723 I VRI[SubSettings]@f0a4302: Relayout returned: old=(0,0,1080,2340) new=(0,0,1080,2340) relayoutAsync=false req=(1080,2340)0 dur=19 res=0x3 s={true 0xb400006f8bd280d0} ch=true seqId=0
06-19 23:45:34.454  3723  3723 D VRI[SubSettings]@f0a4302: mThreadedRenderer.initialize() mSurface={isValid=true 0xb400006f8bd280d0} hwInitialized=true
06-19 23:45:34.454  3723  3723 D VRI[SubSettings]@f0a4302: reportNextDraw android.view.ViewRootImpl.performTraversals:5443 android.view.ViewRootImpl.doTraversal:3924 android.view.ViewRootImpl$TraversalRunnable.run:12903 android.view.Choreographer$CallbackRecord.run:1901 android.view.Choreographer$CallbackRecord.run:1910
06-19 23:45:34.454  3723  3723 D VRI[SubSettings]@f0a4302: Setup new sync=wmsSync-VRI[SubSettings]@f0a4302#78
06-19 23:45:34.454  3723  3723 I VRI[SubSettings]@f0a4302: Creating new active sync group VRI[SubSettings]@f0a4302#79
06-19 23:45:34.454  3723  3723 D VRI[SubSettings]@f0a4302: Start draw after previous draw not visible
06-19 23:45:34.455  3723  3723 D VRI[SubSettings]@f0a4302: registerCallbacksForSync syncBuffer=false
06-19 23:45:34.457  3723  3723 I View    : RoundedCornerOffset Pair{0 0}
06-19 23:45:34.459  3723  3964 D VRI[SubSettings]@f0a4302: Received frameDrawingCallback syncResult=0 frameNum=1.
06-19 23:45:34.459  3723  3964 I VRI[SubSettings]@f0a4302: mWNT: t=0xb400006f2bcddad0 mBlastBufferQueue=0xb40000707bc284b0 fn= 1 HdrRenderState mRenderHdrSdrRatio=1.0 caller= android.view.ViewRootImpl$12.onFrameDraw:15441 android.view.ThreadedRenderer$1.onFrameDraw:718 <bottom of call stack>
06-19 23:45:34.459  3723  3964 I VRI[SubSettings]@f0a4302: Setting up sync and frameCommitCallback
06-19 23:45:34.460  3723  3928 I BLASTBufferQueue: [VRI[SubSettings]@f0a4302#37](f:0,a:0,s:0) onFrameAvailable the first frame is available
06-19 23:45:34.461  3723  3928 I VRI[SubSettings]@f0a4302: Received frameCommittedCallback lastAttemptedDrawFrameNum=1 didProduceBuffer=true
06-19 23:45:34.461  3723  3723 D VRI[SubSettings]@f0a4302: reportDrawFinished seqId=0
06-19 23:45:34.463  1362  1377 I SurfaceFlinger: [com.android.settings/com.android.settings.SubSettings$_3723#35194] setTransactionState with the first frame. bufferData(ID: 15990163243181, frameNumber: 1)
06-19 23:45:34.463  1593  1663 D SurfaceComposerClient: setCornerRadius ## 6bbfc8e com.android.settings/com.android.settings.SubSettings#34138 cornerRadius=0.000000
06-19 23:45:34.464  1593  1663 D SurfaceComposerClient: setCornerRadius ## 6bbfc8e com.android.settings/com.android.settings.SubSettings#34138 cornerRadius=0.000000
06-19 23:45:34.465  1362  1362 I SurfaceFlinger: [LayerHierarchy{RequestedLayerState{b2ba1d5 NavigationBar0#95 parentId=35195} 1 children}] reparent to LayerHierarchy{RequestedLayerState{Surface(name=b2ba1d5 NavigationBar0)/@0x108d35a - animation-leash of insets_animation#35195 parentId=94} 1 children}
06-19 23:45:34.465  1362  1362 I SurfaceFlinger: [LayerHierarchy{RequestedLayerState{a1a3f36 StatusBar#102 parentId=35196} 1 children}] reparent to LayerHierarchy{RequestedLayerState{Surface(name=a1a3f36 StatusBar)/@0x69ae81 - animation-leash of insets_animation#35196 parentId=101} 1 children}
06-19 23:45:34.465  1362  1362 I SurfaceFlinger: [LayerHierarchy{RequestedLayerState{Surface(name=a1a3f36 StatusBar)/@0x69ae81 - animation-leash of insets_animation#35193} no children}] reparent to OffscreenRoot
06-19 23:45:34.465  1362  1362 I SurfaceFlinger: [LayerHierarchy{RequestedLayerState{Surface(name=a1a3f36 StatusBar)/@0x69ae81 - animation-leash of insets_animation#35193} no children}] RelativeParent to null
06-19 23:45:34.465  1362  1362 I SurfaceFlinger: [LayerHierarchy{RequestedLayerState{Surface(name=b2ba1d5 NavigationBar0)/@0x108d35a - animation-leash of insets_animation#35192} no children}] reparent to OffscreenRoot
06-19 23:45:34.465  1362  1362 I SurfaceFlinger: [LayerHierarchy{RequestedLayerState{Surface(name=b2ba1d5 NavigationBar0)/@0x108d35a - animation-leash of insets_animation#35192} no children}] RelativeParent to null
06-19 23:45:34.466  2503  2503 D NavigationBar: onSystemBarAttributesChanged() -  displayId:0, appearance:16, packageName: com.android.settings (APPEARANCE_LIGHT_NAVIGATION_BARS ), navbarColorManagedByIme:false
06-19 23:45:34.467  1275  1361 I HYPER-HAL: [RequestManager.cpp]releaseLocked(): Released ID : 1301711
06-19 23:45:34.471  1362  1376 I SurfaceFlinger: id=35197 createSurf, flag=84004, Transition Root: Task=513#35197
06-19 23:45:34.472  3723 15925 D SecTileUtils: setMetaData key : Pair{com.samsung.android.app.telephonyui com.samsung.android.app.telephonyui.netsettings.ui.NetSettingsActivity} , categoryKey com.android.settings.category.ia.homepage
06-19 23:45:34.472  3723 15925 D SecTileUtils: META_DATA_SAMSUNG_TILE_ID/META_DATA_TILE_ID tile.tileId : mobile_networks
06-19 23:45:34.472  3723 15925 D SecTileUtils: META_DATA_PREFERENCE_SUPPORT tile.support : VZW,UPSM,KIOSKCONTAINER
06-19 23:45:34.472  3723 15925 I SecTileUtils: Sec Found com.samsung.android.themestore.activity.LauncherfromSetting for intent Intent { act=com.android.settings.MANUFACTURER_APPLICATION_SETTING } metadata Bundle[{com.android.settings.summary=2131886350, com.android.settings.support=Common,SkipMinimalBatteryUse,SkipDexMode, com.samsung.android.settings.menu.group=group2, com.samsung.android.settings.category=com.android.settings.category.ia.homepage, com.android.settings.order=-260000, com.android.settings.title=2131886436, com.android.settings.tileid=wallpapers_themes_settings, com.samsung.android.themestore.activity.meta.isMainActivity=true, com.android.settings.category=com.android.settings.category.device, com.android.settings.icon=2131230944}]
06-19 23:45:34.472  3723 15925 D SecTileUtils: setMetaData key : Pair{com.samsung.android.themestore com.samsung.android.themestore.activity.LauncherfromSetting} , categoryKey com.android.settings.category.ia.homepage
06-19 23:45:34.472  3723 15925 D SecTileUtils: META_DATA_SAMSUNG_TILE_ID/META_DATA_TILE_ID tile.tileId : wallpapers_themes_settings
06-19 23:45:34.472  3723 15925 D SecTileUtils: META_DATA_PREFERENCE_SUPPORT tile.support : Common,SkipMinimalBatteryUse,SkipDexMode
06-19 23:45:34.472  3723 15925 D SecTileUtils: setMetaData key : Pair{com.sec.android.app.launcher com.samsung.app.honeyspace.edge.edgepanel.app.setting.EdgeSettingMainActivity} , categoryKey com.android.settings.category.device
06-19 23:45:34.472  3723 15925 D SecTileUtils: META_DATA_SAMSUNG_TILE_ID/META_DATA_TILE_ID tile.tileId : edge_screen_settings
06-19 23:45:34.472  3723 15925 D SecTileUtils: META_DATA_PREFERENCE_SUPPORT tile.support : VZW
06-19 23:45:34.472  3723 15925 D SecTileUtils: setMetaData key : Pair{com.samsung.android.vtcamerasettings com.samsung.android.vtcamerasettings.settings.SettingsActivity} , categoryKey com.samsung.android.settings.category.ia.usefulfeatures
06-19 23:45:34.472  3723 15925 D SecTileUtils: META_DATA_SAMSUNG_TILE_ID/META_DATA_TILE_ID tile.tileId : Efectos de video
06-19 23:45:34.472  3723 15925 I Settings: com.sec.android.app.shealth is not signed with platform key.
06-19 23:45:34.472  3723 15925 D SecTileUtils: setMetaData key : Pair{com.sec.android.app.shealth com.samsung.android.app.shealth.home.settings.advanced.generativeinsight.HealthAssistSettingsActivity} , categoryKey com.samsung.android.settings.category.ia.intelligenceservice
06-19 23:45:34.472  3723 15925 D SecTileUtils: setMetaData key : Pair{com.samsung.android.app.dressroom com.samsung.android.app.dressroom.presentation.landing.AdvancedIntelligenceActivity} , categoryKey com.samsung.android.settings.category.ia.intelligenceservice
06-19 23:45:34.472  3723 15925 D SecTileUtils: setMetaData key : Pair{com.samsung.android.app.telephonyui com.samsung.android.app.telephonyui.callsettings.ui.preference.CallSettingsActivity} , categoryKey com.samsung.android.settings.category.ia.intelligenceservice
06-19 23:45:34.472  3723 15925 D SecTileUtils: setMetaData key : Pair{com.samsung.android.honeyboard com.samsung.android.honeyboard.settings.aiwriter.WritingAssistSettings} , categoryKey com.samsung.android.settings.category.ia.intelligenceservice
06-19 23:45:34.472  3723 15925 D SecTileUtils: setMetaData key : Pair{com.samsung.android.smartsuggestions com.samsung.android.smartsuggestions.briefsettings.BriefMainSettingsActivity} , categoryKey com.samsung.android.settings.category.ia.intelligenceservice
06-19 23:45:34.472  3723 15925 D SecTileUtils: setMetaData key : Pair{com.sec.android.app.vepreload com.sec.android.app.vepreload.singleedit.activity.AutoTrimSettingActivity} , categoryKey com.samsung.android.settings.category.ia.intelligentfeatures
06-19 23:45:34.472  3723 15925 D SecTileUtils: setMetaData key : Pair{com.sec.android.app.vepreload com.sec.android.app.vepreload.singleedit.activity.AudioEraserSettingActivity} , categoryKey com.samsung.android.settings.category.ia.intelligenceservice
06-19 23:45:34.472  3723 15925 D SecTileUtils: setMetaData key : Pair{com.sec.android.gallery3d com.samsung.android.gallery.settings.activity.EditSuggestionsActivity} , categoryKey com.samsung.android.settings.category.ia.intelligentfeatures
06-19 23:45:34.472  3723 15925 D SecTileUtils: setMetaData key : Pair{com.sec.android.mimage.photoretouching com.sec.android.mimage.photoretouching.BestFaceSettingsActivity} , categoryKey com.samsung.android.settings.category.ia.intelligentfeatures
06-19 23:45:34.472  3723 15925 D SecTileUtils: setMetaData key : Pair{com.sec.android.mimage.photoretouching com.sec.android.mimage.photoretouching.AIRemoverSettingsActivity} , categoryKey com.samsung.android.settings.category.ia.intelligentfeatures
06-19 23:45:34.472  3723 15925 D SecTileUtils: setMetaData key : Pair{com.samsung.android.app.notes com.samsung.android.support.senl.nt.app.settings.SettingsActivity} , categoryKey com.samsung.android.settings.category.ia.intelligenceservice
06-19 23:45:34.472  3723 15925 D SecTileUtils: setMetaData key : Pair{com.sec.android.app.sbrowser com.sec.android.app.sbrowser.settings.SettingsActivity} , categoryKey com.samsung.android.settings.category.ia.intelligenceservice
06-19 23:45:34.473  3723 15925 D SecTileUtils: setMetaData key : Pair{com.sec.android.app.sbrowser com.sec.android.app.sbrowser.settings.SettingsActivityIntelligentFeatures} , categoryKey com.samsung.android.settings.category.ia.intelligentfeatures
06-19 23:45:34.473  3723 15925 D SecTileUtils: setMetaData key : Pair{com.sec.android.app.voicenote com.sec.android.app.voicenote.activity.TranscriptionAssistActivity} , categoryKey com.samsung.android.settings.category.ia.intelligenceservice
06-19 23:45:34.473  1593  1663 I SurfaceControlRegistry: show, t=StartTransaction_SyncId<2955> sc=ActivityRecord{249521351 u0 com.android.settings/.SubSettings t513}, caller=android.view.SurfaceControl$Transaction.show:3557 com.android.server.wm.Transition.onTransactionReady:2048 com.android.server.wm.BLASTSyncEngine$SyncGroup.finishNow:240 com.android.server.wm.BLASTSyncEngine.onSurfacePlacement:263 com.android.server.wm.RootWindowContainer.performSurfacePlacementNoTrace:1083 com.android.server.wm.WindowSurfacePlacer.performSurfacePlacement:166
06-19 23:45:34.473  1593  1663 D SurfaceComposerClient: setCornerRadius ## Task=564#35179 cornerRadius=0.000000
06-19 23:45:34.473  1593  1663 D SurfaceComposerClient: setCornerRadius ## Task=513#33546 cornerRadius=0.000000
06-19 23:45:34.473  3723 15925 I SecTileUtils: loadTilesForAction com.android.settings.action.EXTRA_SETTINGS
06-19 23:45:34.474  3723 15925 D SecTileUtils: setMetaData key : Pair{com.google.android.gms com.google.android.gms.app.settings.GoogleSettingsLink} , categoryKey com.android.settings.category.personal
06-19 23:45:34.474  3723 15925 I SecTileUtils: loadTilesForAction com.android.settings.action.IA_SETTINGS
06-19 23:45:34.476  1593  1663 D ScreenCapture: [Capture_TEST] : setIsScreenShotBySystem false
06-19 23:45:34.476  1593  1663 I SurfaceComposerClient: captureLayers:childrenOnly:1, sync:1
06-19 23:45:34.477  1362  1437 D SurfaceFlinger: [input] setFocusedWindow: 6bbfc8e com.android.settings/com.android.settings.SubSettings
06-19 23:45:34.477  2503  2557 I SurfaceControlRegistry: hide, t=FinishTransaction_SyncId<2955> sc=Task=564, caller=android.view.SurfaceControl$Transaction.hide:3583 com.android.wm.shell.transition.Transitions.dispatchReady:1263 com.android.wm.shell.transition.Transitions.onTransitionReady:251 com.android.wm.shell.transition.Transitions$TransitionPlayerImpl$$ExternalSyntheticLambda0.run:13 android.os.Handler.handleCallback:995 android.os.Handler.dispatchMessage:103
06-19 23:45:34.477  2503  2557 I SurfaceControlRegistry: show, t=StartTransaction_SyncId<2955> sc=Task=513, caller=android.view.SurfaceControl$Transaction.show:3557 com.android.wm.shell.transition.Transitions.dispatchReady:1279 com.android.wm.shell.transition.Transitions.onTransitionReady:251 com.android.wm.shell.transition.Transitions$TransitionPlayerImpl$$ExternalSyntheticLambda0.run:13 android.os.Handler.handleCallback:995 android.os.Handler.dispatchMessage:103
06-19 23:45:34.478  2503  2557 I SurfaceControlRegistry: show, t=FinishTransaction_SyncId<2955> sc=Task=513, caller=android.view.SurfaceControl$Transaction.show:3557 com.android.wm.shell.transition.Transitions.dispatchReady:1330 com.android.wm.shell.transition.Transitions.onTransitionReady:251 com.android.wm.shell.transition.Transitions$TransitionPlayerImpl$$ExternalSyntheticLambda0.run:13 android.os.Handler.handleCallback:995 android.os.Handler.dispatchMessage:103
06-19 23:45:34.478  1593  3763 D InputDispatcher: Once focus requested (0): 6bbfc8e com.android.settings/com.android.settings.SubSettings
06-19 23:45:34.478  1593  3763 D InputDispatcher: Focus request (0): 6bbfc8e com.android.settings/com.android.settings.SubSettings but waiting because NO_WINDOW
06-19 23:45:34.480  1593  3763 W ParceledListSlice: Element #46 is 21592 bytes.
06-19 23:45:34.480  2503  2557 I SurfaceControlRegistry: apply, t=FinishTransaction_SyncId<2954>, caller=android.view.SurfaceControl$Transaction.apply:3459 android.view.SurfaceControl$Transaction.apply:3447 android.view.SurfaceControl$Transaction.apply:3397 com.android.wm.shell.transition.Transitions.onFinish:315 com.android.wm.shell.transition.Transitions$$ExternalSyntheticLambda7.onTransitionFinished:12 com.android.wm.shell.transition.DefaultTransitionHandler$$ExternalSyntheticLambda2.run:36
06-19 23:45:34.480  2503  2503 D QSClock : onDarkChanged tint=DARK
06-19 23:45:34.481  3723 15925 D SecTileUtils: setMetaData key : Pair{com.google.android.gms com.google.android.gms.security.settings.VerifyAppsSettingsActivity} , categoryKey com.android.settings.category.ia.security
06-19 23:45:34.481  3723 15925 D SecTileUtils: setMetaData key : Pair{com.google.android.gms com.google.android.gms.mdm.settings.FindMyDeviceSettingsActivity} , categoryKey com.android.settings.category.ia.security
06-19 23:45:34.481  3723 15925 D SecTileUtils: setMetaData key : Pair{com.google.android.gms com.google.android.gms.update.SystemUpdateActivity} , categoryKey com.android.settings.category.ia.security
06-19 23:45:34.481  3723 15925 D SecTileUtils: setMetaData key : Pair{com.android.vending com.google.android.finsky.systemupdateactivity.SystemUpdateActivity} , categoryKey com.android.settings.category.ia.security
06-19 23:45:34.482  3723 15925 W SecTileUtils: Found com.google.android.apps.carrier.carrierwifi.appinfo.AppInfoSettingsActivity for intent Intent { act=com.android.settings.action.IA_SETTINGS } missing metadata com.android.settings.category
06-19 23:45:34.482  3723 15925 D SecTileUtils: setMetaData key : Pair{com.google.android.apps.restore com.google.android.apps.restore.restoreanytime.trampoline.Trampoline} , categoryKey com.android.settings.category.ia.accounts_and_backup
06-19 23:45:34.482  3723 15925 D SecTileUtils: setMetaData key : Pair{com.google.android.as com.google.android.apps.miphone.aiai.captions.settingsui.settingsactivity.CaptionsSettingsActivity} , categoryKey com.android.settings.category.ia.sound
06-19 23:45:34.482  3723 15925 D SecTileUtils: setMetaData key : Pair{com.google.android.as com.google.android.apps.miphone.aiai.settings.ui.user.AsiSettingsActivity} , categoryKey com.android.settings.category.ia.privacy
06-19 23:45:34.482  3723 15925 D SecTileUtils: setMetaData key : Pair{com.google.android.gms com.google.android.gms.accountsettings.ui.PrivacyHubActivityControlsActivity} , categoryKey com.android.settings.category.ia.privacy
06-19 23:45:34.482  3723 15925 D SecTileUtils: setMetaData key : Pair{com.google.android.gms com.google.android.gms.adsidentity.settings.AdsIdentityIaSettingsActivity} , categoryKey com.android.settings.category.ia.privacy
06-19 23:45:34.482  3723 15925 D SecTileUtils: setMetaData key : Pair{com.google.android.gms com.google.android.gms.auth.proximity.multidevice.SettingsActivity} , categoryKey com.android.settings.category.ia.device
06-19 23:45:34.482  3723 15925 W SecTileUtils: Found com.google.android.gms.auth.proximity.multidevice.SettingsMaterialNextActivity for intent Intent { act=com.android.settings.action.IA_SETTINGS } missing metadata
06-19 23:45:34.482  3723 15925 D SecTileUtils: setMetaData key : Pair{com.google.android.gms com.google.android.gms.app.settings.GoogleSettingsIALink} , categoryKey com.android.settings.category.ia.homepage
06-19 23:45:34.482  3723 15925 D SecTileUtils: setMetaData key : Pair{com.google.android.gms com.google.android.gms.location.settings.DrivingBehaviorPlatformSettingsActivity} , categoryKey com.android.settings.category.ia.emergency
06-19 23:45:34.482  3723 15925 D SecTileUtils: setMetaData key : Pair{com.google.android.gms com.google.android.gms.location.settings.EAlertPlatformSettingsActivity} , categoryKey com.android.settings.category.ia.emergency
