06-19 23:45:31.517  2967  5212 I HoneySpace.NotificationListener: invalid notification: com.whatsapp UserHandle{0}: isGroup=true, isMissing=false
06-19 23:45:31.517  2967  5212 I HoneySpace.BadgeDataSourceImpl: Get notification count. PK(p='com.whatsapp', u=UserHandle{0}) - forceBadgeCount: false, notification listener: 17, badge provider: 29
06-19 23:45:31.518  2967 16519 I HoneySpace.BadgeDataSourceImpl: Get notification count. PK(p='com.google.android.youtube', u=UserHandle{0}) - forceBadgeCount: false, notification listener: 2, badge provider: 215
06-19 23:45:31.518  2967 16519 I HoneySpace.PackageEventOperator: [ApplistViewModel] badge count is updated. com.whatsapp/.Main#UserHandle{0}|128 : 29
06-19 23:45:31.518  2967 16519 I HoneySpace.BadgeDataSourceImpl: Get notification count. PK(p='com.google.android.apps.messaging', u=UserHandle{0}) - forceBadgeCount: false, notification listener: 1, badge provider: 0
06-19 23:45:31.518  2967 16519 I HoneySpace.BadgeDataSourceImpl: Get notification count. PK(p='com.google.android.youtube', u=UserHandle{0}) - forceBadgeCount: false, notification listener: 2, badge provider: 215
06-19 23:45:31.518 19282 19282 W GameLauncher: NotificationListener Ignore non game notification: com.whatsapp
06-19 23:45:31.523  2764  3225 I ScanController: onScanResult to scannerId: 8- eventType=0x10, addressType=1, address=XX:XX:XX:XX:67:3D, primaryPhy=1, secondaryPhy=0, advertisingSid=0xff, txPower=127, rssi=-89, periodicAdvInt=0x0
06-19 23:45:31.520  2503 19506 D RingtonePlayer: RemoveFirst
06-19 23:45:31.534  2503 19506 D RingtonePlayer: PLAY
06-19 23:45:31.534  2503 19506 D RingtonePlayer: startSound()
06-19 23:45:31.534  2503 19506 D RingtonePlayer: in startSound quitting looper Looper (Thread-1192, tid 5602) {34d3974}
06-19 23:45:31.538  2503 19507 D RingtonePlayer: in run: new looper Looper (Thread-1193, tid 5605) {b06ffca}
06-19 23:45:31.539  2503 19507 V MediaPlayer-JNI: native_setup
06-19 23:45:31.539  2503 19507 V MediaPlayerNative: constructor
06-19 23:45:31.539  2503 19507 V MediaPlayerNative: setListener
06-19 23:45:31.539  2503 19507 V MediaPlayer-JNI: get_session_id()
06-19 23:45:31.541  1275 19495 I HYPER-HAL: [RequestManager.cpp]releaseLocked(): Released ID : 1296872
06-19 23:45:31.546  2503 19507 V MediaPlayer-JNI: setParameter: key 1400
06-19 23:45:31.546  2503 19507 V MediaPlayerNative: MediaPlayer::setParameter(1400)
06-19 23:45:31.546  2503 19507 D RingtoneManager: getActualDefaultRingtoneUri  type    :2
06-19 23:45:31.548  2503 19507 I RingtoneManager: Ringtone value : content://media/internal/audio/media/49?title=Spaceline&canonical=1
06-19 23:45:31.550  2503  2503 D SubscreenNotificationListCoordinator: onAfterRenderList() isSubScreen = false, pluginLockMode = 0, doNotShowOnCover = false
06-19 23:45:31.553  2503  3162 D SoundCraft.PlayingAudioConditionHandler: onPlaybackConfigChanged : lastStartedPackageName=null, lastStartedUid=-1, newStartedUid=-1, newStartPackageName=null, thread=Thread[RoutineHandlerThread,5,main]
06-19 23:45:31.555  2503  2503 I LockscreenNotificationIconsOnlyController: onNotificationInfoUpdated 0
06-19 23:45:31.555  2503  2503 I AODNotificationManager: updateNotification()
06-19 23:45:31.560  2503 19507 V MediaPlayer-JNI: setDataSourceFD: fd 705
06-19 23:45:31.560  2503 19507 V MediaPlayerNative: setDataSource(705, 0, 576460752303423487)
06-19 23:45:31.561  1499  3601 V MediaPlayerService: Create new client(3210) from AttributionSourceState{pid: 2503, uid: 10049, deviceId: 0, packageName: com.android.systemui, attributionTag: (null), token: binder:0xb40000798dd2cbd0, renouncedPermissions: [], next: []},
06-19 23:45:31.564  1499  3601 V MediaPlayerService: setDataSource fd=40 (/data/system_de/0/ringtones/notification_sound_cache), offset=0, length=576460752303423487
06-19 23:45:31.564  1499  3601 V MediaPlayerService: st_dev  = 65079
06-19 23:45:31.564  1499  3601 V MediaPlayerService: st_mode = 33216
06-19 23:45:31.564  1499  3601 V MediaPlayerService: st_uid  = 1000
06-19 23:45:31.564  1499  3601 V MediaPlayerService: st_gid  = 1000
06-19 23:45:31.564  1499  3601 V MediaPlayerService: st_size = 54181
06-19 23:45:31.564  1499  3601 V MediaPlayerService: calculated length = 54181
06-19 23:45:31.564  1499  3601 V MediaPlayerService: player type = 4
06-19 23:45:31.565  1499  3601 D NuPlayerDriver: NuPlayerDriver(0xb4000078ddd9b3a0) created, clientPid(2503)
06-19 23:45:31.569 16335 16335 I AppIconSolution: return adaptive icon for com.whatsapp, isNight = true
06-19 23:45:31.573  3505 18503 I SSS:TextClassifierDelegateFactory: getDefaultTextClassifier()
06-19 23:45:31.583  1499  3601 V AudioSink: AudioOutput(180329)
06-19 23:45:31.584  1499  3601 V NuPlayerDriver: setDataSource(0xb4000078ddd9b3a0) file(40)
06-19 23:45:31.584  1499  3601 V NuPlayer: setDataSourceAsync fd 40/0/54181 source: 0xb40000797dd28b70
06-19 23:45:31.584  1499 19509 V NuPlayer: kWhatSetAudioSink
06-19 23:45:31.585  1499 19509 V NuPlayer: kWhatSetDataSource
06-19 23:45:31.585  2503 19507 V MediaPlayer-JNI: setLooping: 0
06-19 23:45:31.585  2503 19507 V MediaPlayerNative: MediaPlayer::setLooping
06-19 23:45:31.585  1499  3601 V MediaPlayerService: [3210] setLooping(0)
06-19 23:45:31.586  1593  2335 D RingtoneManager: getActualDefaultRingtoneUri  type    :2
06-19 23:45:31.586  1593  2335 I RingtoneManager: Ringtone value : content://media/internal/audio/media/49?title=Spaceline&canonical=1
06-19 23:45:31.586  1593  2335 W Utils   : The vibration Uri is null.
06-19 23:45:31.587  2503 19507 V MediaPlayer-JNI: setVolume: left 1.000000  right 1.000000
06-19 23:45:31.587  2503 19507 V MediaPlayerNative: MediaPlayer::setVolume(1.000000, 1.000000)
06-19 23:45:31.589  1499  3601 V MediaPlayerService: [3210] setVolume(1.000000, 1.000000)
06-19 23:45:31.589  1499  3601 V AudioSink: setVolume(1.000000, 1.000000)
06-19 23:45:31.589  2503 19507 V MediaPlayerNative: setVideoSurfaceTexture
06-19 23:45:31.590  1499  3601 V MediaPlayerService: [3210] setVideoSurfaceTexture(0x0)
06-19 23:45:31.590  2503 19507 V MediaPlayerNative: prepare
06-19 23:45:31.590  1499  3601 V MediaPlayerService: [3210] setParameter(1400)
06-19 23:45:31.590  1499  3601 V MediaPlayerService: setAudioAttributes_l() usage=5 content=4 flags=0x800 tags=
06-19 23:45:31.592 16335 16335 D View    : semSetBlurInfo, blurInfo : android.view.SemBlurInfo@55915ae {BLUR_MODE_WINDOW, mBlurRadius = 300, mBackgroundBlurColor = 536870911, mCornerRadiusTL = 50.0, mCornerRadiusTR = 50.0, mCornerRadiusBL = 50.0, mCornerRadiusBR = 50.0, mClipRectLeft = 0, mClipRectTop = 0, mClipRectRight = 2147483647, mClipRectBottom = 2147483647, mColorCurve = android.view.SemBlurInfo$ColorCurve@e1d6f4f {minX = 0.0, minY = 13.5, maxX = 255.0, maxY = 133.4, curveBias = -15.0, saturation = 0.5}}, android.widget.LinearLayout{9ef3aac V.E...... ......ID 0,0-769,101 #7f0a0e02 app:id/toast_blur_root}
06-19 23:45:31.592 16335 16335 E View    : This model doesn't support window blur!
06-19 23:45:31.597  1593  2335 D RingtoneManager: getActualDefaultRingtoneUri  type    :2
06-19 23:45:31.597  1593  2335 I RingtoneManager: Ringtone value : content://media/internal/audio/media/49?title=Spaceline&canonical=1
06-19 23:45:31.597  2967  2967 I HoneySpace.NotificationListener: onNotificationRankingUpdate
06-19 23:45:31.597  1593  2335 W Utils   : The vibration Uri is null.
06-19 23:45:31.598 16335 16335 I EdgeLightNotiEffectView: Basic lighting is not supported.
06-19 23:45:31.601  1499  3601 V MediaPlayerService: [3210] prepareAsync
06-19 23:45:31.601  1499  3601 V NuPlayerDriver: prepareAsync(0xb4000078ddd9b3a0)
06-19 23:45:31.601  1499  3601 V NuPlayer: prepareAsync
06-19 23:45:31.602  1499 19509 V NuPlayer: onMessageReceived kWhatPrepare
06-19 23:45:31.602  1499 19509 I MediaMonitor: MediaMonitor()
06-19 23:45:31.603  1593  3570 D SurfaceComposerClient: setCornerRadius ## 6bbfc8e com.android.settings/com.android.settings.SubSettings#34138 cornerRadius=0.000000
06-19 23:45:31.603  1593  3570 D SurfaceComposerClient: setCornerRadius ## 6bbfc8e com.android.settings/com.android.settings.SubSettings#34138 cornerRadius=0.000000
06-19 23:45:31.604  1499 19510 D GenericSource: FileSource remote
06-19 23:45:31.610  1492  1492 I OggExtractor: size of mTableOfContents : 11
06-19 23:45:31.610  1492  1492 I MediaExtractorFactory: Created an extractor 'SECOggExtractor' with confidence 0.51
06-19 23:45:31.617  2503  2503 D SubscreenNotificationListCoordinator: onAfterRenderList() isSubScreen = false, pluginLockMode = 0, doNotShowOnCover = false
06-19 23:45:31.618  1499 19510 I AnotherPacketSource: setFormat() : audio/vorbis
06-19 23:45:31.619  1499 19509 V NuPlayer: onSourceNotify() kWhatFlagsChanged  FLAG_CAN_PAUSE: 1  FLAG_CAN_SEEK_BACKWARD: 1
06-19 23:45:31.619  1499 19509 V NuPlayer: 				 FLAG_CAN_SEEK_FORWARD: 1  FLAG_CAN_SEEK: 1  FLAG_DYNAMIC_DURATION: 0
06-19 23:45:31.619  1499 19509 V NuPlayer: 				 FLAG_SECURE: 0  FLAG_PROTECTED: 0
06-19 23:45:31.619  1499 19510 V NuPlayer: Source::notifyPrepared 0
06-19 23:45:31.619  1499 19509 V NuPlayer: prepare posted successfully.
06-19 23:45:31.619  1499 19509 I NuPlayer: ORmode enabled : unsupportedAudio = 0, unsupportedVideo = 0, mHaveAudioTrack = 1, mHaveVideoTrack = 0
06-19 23:45:31.619  1499 19509 V MediaPlayerService: [3210] notify (200, 10973, 0)
06-19 23:45:31.619  1499 19509 V NuPlayer: NuPlayer::onSourceNotify Source::kWhatPrepared source: 0xb40000797dd28b70
06-19 23:45:31.620  2503  6341 V MediaPlayerNative: message received msg=200, ext1=10973, ext2=0
06-19 23:45:31.620  2503  6341 W MediaPlayerNative: info/warning (10973, 0)
06-19 23:45:31.620  1499 19509 V NuPlayer: extractMetadata Tracks : 1
06-19 23:45:31.621  2503  2503 W RefactorFlag: New code path expects SceneContainerFlag to be enabled.
06-19 23:45:31.621  2503  2503 D ExpandableNotifRow: mMaxSmallHeight different before reInflateViews mMaxSmallHeight: 203 mTempSmallHeight:0 0|com.whatsapp|1|OvmBtF+uSfs4NJh7cvinvdOaUTIKGjeLkFmW0mPW1Ag=|10383
06-19 23:45:31.621  2503  2503 D ExpandableNotifRow: mMaxSmallHeight different before reInflateViews mMaxSmallHeight: 203 mTempSmallHeight:0 0|com.whatsapp|1|OvmBtF+uSfs4NJh7cvinvdOaUTIKGjeLkFmW0mPW1Ag=|10383
06-19 23:45:31.622  1499 19509 V NuPlayerDriver: notifyPrepareCompleted 0
06-19 23:45:31.622  1499 19509 V MediaPlayerService: [3210] notify (1, 0, 0)
06-19 23:45:31.622  2503  6341 V MediaPlayerNative: message received msg=1, ext1=0, ext2=0
06-19 23:45:31.622  2503  6341 V MediaPlayerNative: MediaPlayer::notify() prepared
06-19 23:45:31.622  2503  6341 V MediaPlayerNative: signal application thread
06-19 23:45:31.622  2503 19507 V MediaPlayerNative: prepare complete - status=0
06-19 23:45:31.623  2503 19507 V MediaPlayerNative: invoke 80
06-19 23:45:31.623  1499  3601 V AudioSink: setPlayerIId(40775)
06-19 23:45:31.629  2503  2503 I LockscreenNotificationIconsOnlyController: onNotificationInfoUpdated 0
06-19 23:45:31.629  2503  2503 I AODNotificationManager: updateNotification()
06-19 23:45:31.633  2503  2503 W RefactorFlag: New code path expects SceneContainerFlag to be enabled.
06-19 23:45:31.633  2503  3028 W BitmapFactory: Null Options, creating a new one.
06-19 23:45:31.635  2503 19507 V MediaPlayerNative: invoke 76
06-19 23:45:31.635  1499  3601 V NuPlayer: getTrackInfo
06-19 23:45:31.636  2503  3028 I Kumiho-Kumiho: getPackageName: com.samsung.android.app.routines
06-19 23:45:31.637  2503  3028 I Kumiho-Kumiho: getPackageName: com.samsung.android.app.routines
06-19 23:45:31.646  2503 19507 D RingtonePlayer: AudioFocus was previously requested
06-19 23:45:31.646  2503 19507 D RingtonePlayer: notification will be delayed by 500ms
06-19 23:45:31.670  2503  2503 I AppIconSolution: return adaptive icon for com.whatsapp, isNight = true
06-19 23:45:31.689  1593  2317 D WifiStaIfaceHidlImpl: getCachedScanData is not implemented by HIDL
06-19 23:45:31.696  2503  2503 W RefactorFlag: New code path expects SceneContainerFlag to be enabled.
06-19 23:45:31.699  1593  2328 D ConnectivityService: notifyType CALLBACK_CAP_CHANGED for [237 WIFI]
06-19 23:45:31.701  1593  3904 D SemWifiUsabilityStatsMonitor: onWifiUsabilityStats - seqNum 39625, isSameBssidAndFreq true
06-19 23:45:31.702  1593  2409 D SemWifiSwitchForIndividualAppsService: TMI window: 2026-06-17 20:04:28 syn=1, rto=0, cwnd=0
06-19 23:45:31.706  2503  2676 I WifiPickerTracker: DefaultNetworkCallback : onCapabilitiesChanged
06-19 23:45:31.706 22392 22392 W JobService: onNetworkChanged() not implemented in androidx.work.impl.background.systemjob.SystemJobService. Must override in a subclass.
06-19 23:45:31.711  2503  2503 I AppIconSolution: return adaptive icon for com.whatsapp, isNight = true
06-19 23:45:31.717  2503  2676 I WifiPickerTracker: NetworkCallback : onCapabilitiesChanged
06-19 23:45:31.718  6035  6662 I HBD     : g onCapabilitiesChanged network : 237 current network state : invalid
06-19 23:45:31.723  1593  2409 D SemWifiSwitchForIndividualAppsService: TMI window: 2026-06-17 20:04:29 syn=0, rto=0, cwnd=1
06-19 23:45:31.729 14506 14598 I BugleRcsEngine: handleMessage processing message:[NOTIFY_UPTIME_IGNORE_STATE_CHANGED] with [non-null]:RcsEngineImpl reference [CONTEXT log_prefix="RcsEngineImpl[DUAL_REG]:[ecae9b3b-a7d8]>Handler" thread_id=134 ]
06-19 23:45:31.729 14506 14561 I BugleRcsEngine: Connected state: [1], networkType: [WIFI] [CONTEXT thread_id=128 ]
06-19 23:45:31.730  2503  2676 D WifiPickerTracker: updateWifiEntries capabilities
06-19 23:45:31.730  2503  2557 I SurfaceControlRegistry: apply, t=FinishTransaction_SyncId<2949>, caller=android.view.SurfaceControl$Transaction.apply:3459 android.view.SurfaceControl$Transaction.apply:3447 android.view.SurfaceControl$Transaction.apply:3397 com.android.wm.shell.transition.Transitions.onFinish:315 com.android.wm.shell.transition.Transitions$$ExternalSyntheticLambda7.onTransitionFinished:12 com.android.wm.shell.transition.DefaultTransitionHandler$$ExternalSyntheticLambda2.run:36
06-19 23:45:31.734 19354 19354 I VRI[MainActivity]@b5e8268: handleAppVisibility mAppVisible = true visible = false
06-19 23:45:31.734 19354 19354 D VRI[MainActivity]@b5e8268: visibilityChanged oldVisibility=true newVisibility=false
06-19 23:45:31.739 19426 19426 I VRI[InstrumentationActivityInvoker$EmptyActivity]@ddcc835: stopped(true) old = false
06-19 23:45:31.740 19426 19426 D VRI[InstrumentationActivityInvoker$EmptyActivity]@ddcc835: WindowStopped on com.example.testeableapp.test/androidx.test.core.app.InstrumentationActivityInvoker$EmptyActivity set to true
06-19 23:45:31.740 19426 19441 D HWUI    : CacheManager::trimMemory(20)
06-19 23:45:31.740  1593  1660 D PkgPredictorService-SecIpmManagerServiceImpl: bg information pid:19354 uid:10355 pkgName:com.example.testeableapp
06-19 23:45:31.742  1593  1660 D PkgPredictorService-SecIpmManagerServiceImpl: bg information pid:19426 uid:10356 pkgName:com.example.testeableapp.test
06-19 23:45:31.742  1362  1362 I SurfaceFlinger: RequestedLayer [Task=559#35092] hidden!! flag  from(0) --> to(1)
06-19 23:45:31.743  1362  1362 I SurfaceFlinger: [Display 0 name="Pantalla integrada"#49] setFrameRateCategory: Default
06-19 23:45:31.743  1362  1362 I SurfaceFlinger: [LayerHierarchy{RequestedLayerState{Task=513#33546 parentId=10 z=13} 5 children}] reparent to LayerHierarchy{RequestedLayerState{DefaultTaskDisplayArea_d0#10 parentId=9} 16 children}
06-19 23:45:31.743  1362  1362 I SurfaceFlinger: [LayerHierarchy{RequestedLayerState{Transition Root: Task=513#35121 z=13} 2 children}] reparent to OffscreenRoot
06-19 23:45:31.743  1362  1362 I SurfaceFlinger: [LayerHierarchy{RequestedLayerState{Transition Root: Task=513#35121 z=13} 2 children}] RelativeParent to null
06-19 23:45:31.743  1362  1362 I SurfaceFlinger: [LayerHierarchy{RequestedLayerState{Task=559#35092 parentId=10 z=11} 1 children}] reparent to LayerHierarchy{RequestedLayerState{DefaultTaskDisplayArea_d0#10 parentId=9} 16 children}
06-19 23:45:31.743  1362  1362 I SurfaceFlinger: [LayerHierarchy{RequestedLayerState{DimTransitionLayer for Surface(name=Task=513)/@0xe148c9d#35122 z=-1} no children}] reparent to OffscreenRoot
06-19 23:45:31.743  1362  1362 I SurfaceFlinger: [LayerHierarchy{RequestedLayerState{DimTransitionLayer for Surface(name=Task=513)/@0xe148c9d#35122 z=-1} no children}] RelativeParent to null
06-19 23:45:31.743 27321 28309 I NullBinder: NullBinder for android.net.action.RECOMMEND_NETWORKS triggering remote TransactionTooLargeException due to Service without Chimera impl, calling uid: 1000, calling pid: 0
06-19 23:45:31.744 27321 28309 W .gms.persistent: Large reply transaction of 1056768 bytes, interface descriptor , code 1
06-19 23:45:31.744 19426 19426 W WindowOnBackDispatcher: sendCancelIfRunning: isInProgress=false callback=android.app.Activity$$ExternalSyntheticLambda0@9eb2b1
06-19 23:45:31.746  1362  1362 I SurfaceFlinger: id=35122 Removed DimTransitionLayer for Surface(name=Task=513)/@0xe148c9d#35122 (191)
06-19 23:45:31.746  1362  1362 I SurfaceFlinger: id=35121 Removed Transition Root: Task=513#35121 (191)
06-19 23:45:31.746  1362  1362 I SurfaceFlinger: id=35111 Removed 2f08b1f Splash Screen com.example.testeableapp.test#35111 (191)
06-19 23:45:31.751 19426 19441 D HWUI    : CacheManager::trimMemory(20)
06-19 23:45:31.752 19426 19426 D ViewRootImpl: Skipping stats log for color mode
06-19 23:45:31.752 19426 19426 I VRI[InstrumentationActivityInvoker$EmptyActivity]@ddcc835: dispatchDetachedFromWindow
06-19 23:45:31.753  1362  1362 D SurfaceFlinger: Display 4633128672291735931 HWC layers:
06-19 23:45:31.753  1362  1362 D SurfaceFlinger:        DEVICE |           15990163243175 | 00002102 | RGBA_8888    |    0.0    0.0 1080.0 2340.0 |    0    0 1080 2340 | com.android.settings/com.android.settings.SubSettings$_3723#35118 (20)
06-19 23:45:31.753  1362  1362 D SurfaceFlinger:        DEVICE |           10750303184999 | 00002100 | RGBA_8888    |    0.0    0.0 1080.0   77.0 |    0    0 1080   77 | StatusBar$_2503#111 (52347)
06-19 23:45:31.753  1362  1362 D SurfaceFlinger:        DEVICE |           12743167976380 | 00002100 | RGBA_8888    |    0.0    0.0   67.0  342.0 | 1013  821 1080 1163 | com.sec.android.app.launcher/com.sam[...]l.app.CocktailBarService$_2967#35048 (1)
06-19 23:45:31.753  1362  1362 D SurfaceFlinger:        DEVICE |           10750303185000 | 00002100 | RGBA_8888    |    0.0    0.0 1080.0  135.0 |    0 2205 1080 2340 | NavigationBar0$_2503#107 (27231)
06-19 23:45:31.753  1362  1362 D SurfaceFlinger:        DEVICE |           70158290780194 | 00002100 | RGBA_8888    |    0.0    0.0 1080.0 2340.0 |    0    0 1080 2340 | EdgeLightingWindow$_16335#35072 (43)
06-19 23:45:31.753  1362  1362 D SurfaceFlinger:
06-19 23:45:31.755  1593  2582 D InputTransport: Input channel destroyed: 'db067c5', fd=1604
06-19 23:45:31.756  1593  2582 D SurfaceComposerClient: setCornerRadius ## 6bbfc8e com.android.settings/com.android.settings.SubSettings#34138 cornerRadius=0.000000
06-19 23:45:31.756  1593  2582 D SurfaceComposerClient: setCornerRadius ## 6bbfc8e com.android.settings/com.android.settings.SubSettings#34138 cornerRadius=0.000000
06-19 23:45:31.757 11042 11683 D WM-WorkConstraintsTrack: NetworkRequestConstraintController onCapabilitiesChanged callback
06-19 23:45:31.757 19426 19426 D InputTransport: Input channel destroyed: 'db067c5', fd=118
06-19 23:45:31.759   863  1082 D WM-WorkConstraintsTrack: NetworkRequestConstraintController onCapabilitiesChanged callback
06-19 23:45:31.759  1362  1362 I SurfaceFlinger: RequestedLayer [com.example.testeableapp/com.example.testeableapp.MainActivity$_19354#35100] hidden!! flag  from(0) --> to(1)
06-19 23:45:31.759  1362  1362 I SurfaceFlinger: RequestedLayer [ActivityRecord{120573153 u0 com.exam[...]steableapp/.MainActivity t559}#35093] hidden!! flag  from(0) --> to(1)
06-19 23:45:31.759  1362  1362 I SurfaceFlinger: destroyed Transition Root: Task=513#35121
06-19 23:45:31.759  1362  1362 I SurfaceFlinger: destroyed 2f08b1f Splash Screen com.example.testeableapp.test#35111
06-19 23:45:31.759  1362  1362 I SurfaceFlinger: destroyed DimTransitionLayer for Surface(name=Task=513)/@0xe148c9d#35122
06-19 23:45:31.762  1362  1362 I Layer   : id=35121 Destroyed Transition Root: Task=513#35121
06-19 23:45:31.762  1362  1362 I Layer   : id=35111 Destroyed 2f08b1f Splash Screen com.example.testeableapp.test#35111
06-19 23:45:31.762  1362  1362 I Layer   : id=35122 Destroyed DimTransitionLayer for Surface(name=Task=513)/@0xe148c9d#35122
06-19 23:45:31.767  1362  1376 I SurfaceFlinger: id=35125 createSurf, flag=24004, Task=560#35125
06-19 23:45:31.769 22392 22581 D WM-NetworkStateTracker: Network capabilities changed: [ Transports: WIFI Capabilities: NOT_METERED&INTERNET&NOT_RESTRICTED&TRUSTED&NOT_VPN&VALIDATED&NOT_ROAMING&FOREGROUND&NOT_CONGESTED&NOT_SUSPENDED&NOT_VCN_MANAGED&NOT_BANDWIDTH_CONSTRAINED LinkUpBandwidth>=20230Kbps LinkDnBandwidth>=70416Kbps TransportInfo: <SSID: <unknown ssid>, BSSID: 02:00:00:00:00:00, MAC: 02:00:00:00:00:00, IP: /192.168.1.20, Security type: 2, Supplicant state: COMPLETED, Wi-Fi standard: 11ac, RSSI: -56, Link speed: 117Mbps, Tx Link speed: 117Mbps, Max Supported Tx Link speed: 433Mbps, Rx Link speed: 263Mbps, Max Supported Rx Link speed: 433Mbps, Frequency: 5745MHz, Net ID: -1, Metered hint: false, score: 60, isUsable: true, CarrierMerged: false, SubscriptionId: -1, IsPrimary: -1, Trusted: true, Restricted: false, Ephemeral: false, OEM paid: false, OEM private: false, OSU AP: false, FQDN: <none>, Provider friendly name: <none>, Requesting package name: <none><none>MLO Information: , Is TID-To-Link negotiation supported by the AP: false, AP MLD Address: <none>, AP MLO Link Id: <none>, AP MLO Affiliated links: <none>, Vendor Data: <none>> SignalStrength: -56 UnderlyingNetworks: Null]
06-19 23:45:31.771 27321 27321 I MagicTether: (REDACTED) [ActiveNetworkTracker] setActiveNetwork: %s
06-19 23:45:31.771 19354 19376 D HWUI    : CacheManager::trimMemory(20)
06-19 23:45:31.773  1593  2409 E SemWifiLinkQualityMonitor: Too old or invalid TMI: currentTime=1781934331773 lastDateWindow=1781748272000
06-19 23:45:31.774 27321 27321 I MagicTether: (REDACTED) [TetherService] onActiveNetworkChanged: network=%s isLost=%s
06-19 23:45:31.774  2967  2967 I HoneySpace.TaskStackChangeRepositoryImpl: onTaskRemoved : 560
06-19 23:45:31.775 27321 19084 I MagicTether: [WifiConnectionHandler] Ignoring getWifiConfigurationByNetworkId when checking connected state [CONTEXT service_id=276 ]
06-19 23:45:31.775  2967  2967 I HoneySpace.TaskStackChangeRepositoryImpl: onTaskRemoved : 560
06-19 23:45:31.775 27321 19084 I MagicTether: [WifiConnectionHandler] No networkId set, can't be connected. [CONTEXT service_id=276 ]
06-19 23:45:31.775  2967  2967 I HoneySpace.TaskListViewModel[268167138]: taskRemoveId, 560
06-19 23:45:31.775  2967  2967 W HoneySpace.TaskListViewModel[268167138]: task is already removed: 560
06-19 23:45:31.775  2967  2967 I HoneySpace.TaskListViewModel[268167138]: taskRemoveId, 560
06-19 23:45:31.775  2967  2967 W HoneySpace.TaskListViewModel[268167138]: task is already removed: 560
06-19 23:45:31.775  2967  3307 I HoneySpace.TopTaskSource: onTaskRemoved: 560
06-19 23:45:31.776  1362  1362 I SurfaceFlinger: [LayerHierarchy{RequestedLayerState{Task=560#35108 z=12} 1 children}] reparent to OffscreenRoot
06-19 23:45:31.776  1362  1362 I SurfaceFlinger: [LayerHierarchy{RequestedLayerState{Task=560#35108 z=12} 1 children}] RelativeParent to null
06-19 23:45:31.776  1362  1362 I SurfaceFlinger: [LayerHierarchy{RequestedLayerState{ActivityRecord{93946175 u0 com.example.testeableapp.test/androidx.test.core.app.InstrumentationActivityInvoker$EmptyActivity t560}#35109} 1 children}] reparent to OffscreenRoot
06-19 23:45:31.776  1362  1362 I SurfaceFlinger: [LayerHierarchy{RequestedLayerState{ActivityRecord{93946175 u0 com.example.testeableapp.test/androidx.test.core.app.InstrumentationActivityInvoker$EmptyActivity t560}#35109} 1 children}] RelativeParent to null
06-19 23:45:31.776  1362  1362 I SurfaceFlinger: [LayerHierarchy{RequestedLayerState{db067c5 com.example.testeableapp.test/androidx.test.core.app.InstrumentationActivityInvoker$EmptyActivity#35110} 1 children}] reparent to OffscreenRoot
06-19 23:45:31.776  1362  1362 I SurfaceFlinger: [LayerHierarchy{RequestedLayerState{db067c5 com.example.testeableapp.test/androidx.test.core.app.InstrumentationActivityInvoker$EmptyActivity#35110} 1 children}] RelativeParent to null
06-19 23:45:31.776  1362  1362 I SurfaceFlinger: [LayerHierarchy{RequestedLayerState{com.example.testeableapp.test/androidx.test.core.app.InstrumentationActivityInvoker$EmptyActivity$_19426#35112} no children}] reparent to OffscreenRoot
06-19 23:45:31.776  1362  1362 I SurfaceFlinger: [LayerHierarchy{RequestedLayerState{com.example.testeableapp.test/androidx.test.core.app.InstrumentationActivityInvoker$EmptyActivity$_19426#35112} no children}] RelativeParent to null
06-19 23:45:31.776  1362  1362 I SurfaceFlinger: [Task=560#35125] attach to parent OffscreenRoot
06-19 23:45:31.777  1593  3771 I WindowManager: Relayout Window{ca632db u0 com.example.testeableapp/com.example.testeableapp.MainActivity}: viewVisibility=8 req=1080x2340 ty=1 d0
06-19 23:45:31.777  1593  3771 D SurfaceComposerClient: setCornerRadius ## 6bbfc8e com.android.settings/com.android.settings.SubSettings#34138 cornerRadius=0.000000
06-19 23:45:31.777 19426 19441 D HWUI    : CacheManager::trimMemory(40)
06-19 23:45:31.777  1593  3771 D SurfaceComposerClient: setCornerRadius ## 6bbfc8e com.android.settings/com.android.settings.SubSettings#34138 cornerRadius=0.000000
06-19 23:45:31.778  2967 14230 I HoneySpace.RecentTasks: onRunningTaskVanished
06-19 23:45:31.778  2967 14230 I HoneySpace.RecentTasks: onRecentTasksChanged
06-19 23:45:31.778  1593  3771 I WindowManager: Relayout hash=ca632db, pid=19354, syncId=-1: mAttrs={(0,0)(fillxfill) sim={adjust=pan forwardNavigation} layoutInDisplayCutoutMode=always ty=BASE_APPLICATION wanim=0x1030317
06-19 23:45:31.778  1593  3771 I WindowManager:   fl=81810100
06-19 23:45:31.778  1593  3771 I WindowManager:   pfl=100088c0
06-19 23:45:31.778  1593  3771 I WindowManager:   bhv=1
06-19 23:45:31.778  1593  3771 I WindowManager:   fitSides=0
06-19 23:45:31.778  1593  3771 I WindowManager:   frameRateBoostOnTouch=true
06-19 23:45:31.778  1593  3771 I WindowManager:   dvrrWindowFrameRateHint=true naviIconColor=0}
06-19 23:45:31.778  1362  1362 I SurfaceFlinger: id=35109 Removed ActivityRecord{93946175 u0 com.example.testeableapp.test/androidx.test.core.app.InstrumentationActivityInvoker$EmptyActivity t560}#35109 (189)
06-19 23:45:31.778  1362  1362 I SurfaceFlinger: id=35110 Removed db067c5 com.example.testeableapp.test/androidx.test.core.app.InstrumentationActivityInvoker$EmptyActivity#35110 (189)
06-19 23:45:31.778  1362  1362 I SurfaceFlinger: id=35112 Removed com.example.testeableapp.test/androidx.test.core.app.InstrumentationActivityInvoker$EmptyActivity$_19426#35112 (189)
06-19 23:45:31.780  2967  3307 I HoneySpace.TopTaskSource: onTaskRemoved: 560
06-19 23:45:31.780 27321 18843 D ConnectivityManager: StackLog: [android.net.ConnectivityManager.sendRequestForNetwork(ConnectivityManager.java:4740)] [android.net.ConnectivityManager.sendRequestForNetwork(ConnectivityManager.java:4908)] [android.net.ConnectivityManager.registerNetworkCallback(ConnectivityManager.java:5325)] [android.net.ConnectivityManager.registerNetworkCallback(ConnectivityManager.java:5295)] [drfg.a(:com.google.android.gms@262031035@26.20.31 (260400-919905943):34)] [ljy.a(:com.google.android.gms@262031035@26.20.31 (260400-919905943):19)] [drfs.j(:com.google.android.gms@262031035@26.20.31 (260400-919905943):19)] [drfs.O(:com.google.android.gms@262031035@26.20.31 (260400-919905943):20)] [drfs.K(:com.google.android.gms@262031035@26.20.31 (260400-919905943):7)] [drfs.I(:com.google.android.gms@262031035@26.20.31 (260400-919905943):23)] [drfk.run(:com.google.android.gms@262031035@26.20.31 (260400-919905943):9)] [bkqh.c(:com.google.android.gms@262031035@26.20.31 (260400-919905943):50)] [bkqh.run(:com.google.android.gms@262031035@26.20.31 (260400-919905943):66)] [java.util.concurrent.ThreadPoolExecutor.runWorker(ThreadPoolExecutor.java:1154)] [java.util.concurrent.ThreadPoolExecutor$Worker.run(ThreadPoolExecutor.java:652)] [bkvz.run(:com.google.android.gms@262031035@26.20.31 (260400-919905943):8)] [java.lang.Thread.run(Thread.java:1564)]
06-19 23:45:31.782  1593  2409 I SemWifiLinkQualityMonitor: Link stat: 2800 / 0 / 3.20 (697) / 117 / -56.0 || 100.0 : 117.00 / 0.5 : 0.31 / B (B) || 91f92e3f5745: 0.709 / 11.281 / N || N N / 0 0 / N 2.0 / N X 0 / 331237897 0 || 2026-06-17 20:04:32  / 0: 0 1 0 0 0 0 / 0: 0 0 0 0 0 0 / 0: 0 0 1 0 0 0
06-19 23:45:31.783  2503  2676 D WifiPickerTracker: update AutoHotspot Entries() : bleAccessPoints -> 0
06-19 23:45:31.784  2503  2676 D WifiPickerTracker: handleNetworkCapabilitiesChanged
06-19 23:45:31.785  1362  1543 I SurfaceFlinger: id=35125 Removed Task=560#35125 (189)
06-19 23:45:31.786 19354 19354 I VRI[MainActivity]@b5e8268: Relayout returned: old=(0,0,1080,2340) new=(0,0,1080,2340) relayoutAsync=false req=(1080,2340)8 dur=7 res=0x2 s={false 0x0} ch=true seqId=0
06-19 23:45:31.786 19354 19354 D VRI[MainActivity]@b5e8268: Not drawing due to not visible. Reason=!mAppVisible && !mForceDecorViewVisibility
06-19 23:45:31.788 19354 19354 I VRI[MainActivity]@b5e8268: stopped(true) old = false
06-19 23:45:31.788 19354 19354 D VRI[MainActivity]@b5e8268: WindowStopped on com.example.testeableapp/com.example.testeableapp.MainActivity set to true
06-19 23:45:31.789 19354 19376 D HWUI    : CacheManager::trimMemory(20)
06-19 23:45:31.793  1362  1362 I SurfaceFlinger: destroyed ActivityRecord{93946175 u0 com.example.testeableapp.test/androidx.test.core.app.InstrumentationActivityInvoker$EmptyActivity t560}#35109
06-19 23:45:31.793  1362  1362 I SurfaceFlinger: destroyed Task=560#35125
06-19 23:45:31.793  1362  1362 I SurfaceFlinger: destroyed db067c5 com.example.testeableapp.test/androidx.test.core.app.InstrumentationActivityInvoker$EmptyActivity#35110
06-19 23:45:31.793  1362  1362 I SurfaceFlinger: destroyed com.example.testeableapp.test/androidx.test.core.app.InstrumentationActivityInvoker$EmptyActivity$_19426#35112
06-19 23:45:31.793 19354 19354 D LifecycleMonitor: Lifecycle status change: com.example.testeableapp.MainActivity@49b934d in: STOPPED
06-19 23:45:31.794 19354 19354 V ActivityScenario: Update currentActivityStage to STOPPED, currentActivity=com.example.testeableapp.MainActivity@49b934d
06-19 23:45:31.794  1593  2328 D ConnectivityService: Rematched networks [computed 1ms] [applied 3ms] [issued 6]
06-19 23:45:31.794  1593  2328 D ConnectivityService: NetworkReassignment : no changes
06-19 23:45:31.795  1362  1362 I Layer   : id=35109 Destroyed ActivityRecord{93946175 u0 com.example.testeableapp.test/androidx.test.core.app.InstrumentationActivityInvoker$EmptyActivity t560}#35109
06-19 23:45:31.795  1362  1362 I Layer   : id=35125 Destroyed Task=560#35125
06-19 23:45:31.795  1362  1362 I Layer   : id=35110 Destroyed db067c5 com.example.testeableapp.test/androidx.test.core.app.InstrumentationActivityInvoker$EmptyActivity#35110
06-19 23:45:31.795  1362  1362 I Layer   : id=35112 Destroyed com.example.testeableapp.test/androidx.test.core.app.InstrumentationActivityInvoker$EmptyActivity$_19426#35112
06-19 23:45:31.801 27321 19084 I MagicTether: (REDACTED) [TetherService] TRANSPORT_CELLULAR [%s], TRANSPORT_ETHERNET [%s], TRANSPORT_WIFI [%s]
06-19 23:45:31.805 14506 14598 I BugleRcsEngine: No RCS Configuration was found in Bugle for simID: redacted-pii:sim_id[chars:19,last3:699] [CONTEXT log_prefix="ProvisioningEngineDataRetriever" thread_id=134 ]
06-19 23:45:31.810 27321 19084 I MagicTether: (REDACTED) [TetherService] setRoles hasActiveNetworkConnection=%s canActiveNetworkBeTethered=%s isConnectedToInstantTether=%s isWifiEnabled=%s isHosting=%s
06-19 23:45:31.818  6035  6035 E HBD     : g activeNetwork is null
06-19 23:45:31.818  6035  6035 I HBD     : h LogTag.TAG_LMDOWNLOAD network status is changed.
06-19 23:45:31.819  6035  6035 E HBD     : g activeNetwork is null
06-19 23:45:31.819  6035  6035 E HBD     : h LogTag.TAG_LMDOWNLOAD cancelExecutor downloader is execute : isNoNetworkAvailable == true
06-19 23:45:31.820  1593  1614 I system_server: Background concurrent mark compact GC freed 37MB AllocSpace bytes, 258(6404KB) LOS objects, 29% free, 116MB/164MB, paused 16.580ms,29.752ms total 1.413s
06-19 23:45:31.821  2503  2503 D ExpandableNotifRow: mMaxSmallHeight different before reInflateViews mMaxSmallHeight: 203 mTempSmallHeight:0 0|com.whatsapp|1|OvmBtF+uSfs4NJh7cvinvdOaUTIKGjeLkFmW0mPW1Ag=|10383
06-19 23:45:31.821  2503  2503 D ExpandableNotifRow: mMaxSmallHeight different before reInflateViews mMaxSmallHeight: 203 mTempSmallHeight:0 0|com.whatsapp|1|OvmBtF+uSfs4NJh7cvinvdOaUTIKGjeLkFmW0mPW1Ag=|10383
06-19 23:45:31.821  2503  2503 D ExpandableNotifRow: mMaxSmallHeight different before reInflateViews mMaxSmallHeight: 203 mTempSmallHeight:0 0|com.whatsapp|1|OvmBtF+uSfs4NJh7cvinvdOaUTIKGjeLkFmW0mPW1Ag=|10383
06-19 23:45:31.821  2503  2503 D ExpandableNotifRow: mMaxSmallHeight different before reInflateViews mMaxSmallHeight: 203 mTempSmallHeight:0 0|com.whatsapp|1|OvmBtF+uSfs4NJh7cvinvdOaUTIKGjeLkFmW0mPW1Ag=|10383
06-19 23:45:31.821 27321 18843 D ConnectivityManager: StackLog: [android.net.ConnectivityManager.unregisterNetworkCallback(ConnectivityManager.java:5575)] [drfs.j(:com.google.android.gms@262031035@26.20.31 (260400-919905943):43)] [drfs.O(:com.google.android.gms@262031035@26.20.31 (260400-919905943):20)] [drfs.K(:com.google.android.gms@262031035@26.20.31 (260400-919905943):7)] [drfs.I(:com.google.android.gms@262031035@26.20.31 (260400-919905943):23)] [drfk.run(:com.google.android.gms@262031035@26.20.31 (260400-919905943):9)] [bkqh.c(:com.google.android.gms@262031035@26.20.31 (260400-919905943):50)] [bkqh.run(:com.google.android.gms@262031035@26.20.31 (260400-919905943):66)] [java.util.concurrent.ThreadPoolExecutor.runWorker(ThreadPoolExecutor.java:1154)] [java.util.concurrent.ThreadPoolExecutor$Worker.run(ThreadPoolExecutor.java:652)] [bkvz.run(:com.google.android.gms@262031035@26.20.31 (260400-919905943):8)] [java.lang.Thread.run(Thread.java:1564)]
06-19 23:45:31.822 27321 18843 I NearbyMediums: Wifi changed new SSID: "CLARO2_F92E3A"
06-19 23:45:31.823 27321 18843 I NearbyMediums: WifiLanConnectivityInfo is not changed, skip notify.
06-19 23:45:31.823 27321 27321 I MagicTether: [TetherService] Stopping Nearby client role [CONTEXT service_id=276 ]
06-19 23:45:31.823 27321 27321 I MagicTether: [ClientTetherRole] Client role already stopped [CONTEXT service_id=276 ]
06-19 23:45:31.823 27321 27321 I MagicTether: (REDACTED) [TidepoolFeatureStatusManager] isInstantHotspotEnabled=%s
06-19 23:45:31.823 27321 27321 I MagicTether: [HostTetherRole] Nearby host role already started [CONTEXT service_id=276 ]
06-19 23:45:31.827  2503  2503 D S.S.N.  : entryViewBound parent :0|com.whatsapp|1|OvmBtF+uSfs4NJh7cvinvdOaUTIKGjeLkFmW0mPW1Ag=
06-19 23:45:31.827  2503  2503 D S.S.N.  : |10383
06-19 23:45:31.830  2503  2503 I AppIconSolution: return adaptive icon for com.whatsapp, isNight = true
06-19 23:45:31.841  1593  2363 D SemWifiApNsd:Client: lpInterface:wlan0
06-19 23:45:31.842  1593  2363 D SemWifiSwitchForIndividualAppsService: stopTCPMonitoring : already stopped
06-19 23:45:31.842  1593  2363 I WifiConnectivityMonitor.NCC: sNetworkCallback(oCC) FULL : 237(valid: true/captive: false)
06-19 23:45:31.842  1593  2363 I WifiConnectivityMonitor.NCC: [ Transports: WIFI Capabilities: NOT_METERED&INTERNET&NOT_RESTRICTED&TRUSTED&NOT_VPN&VALIDATED&NOT_ROAMING&FOREGROUND&NOT_CONGESTED&NOT_SUSPENDED&NOT_VCN_MANAGED&NOT_BANDWIDTH_CONSTRAINED LinkUpBandwidth>=20230Kbps LinkDnBandwidth>=70416Kbps TransportInfo: <SSID: <unknown ssid>, BSSID: 02:00:00:**:**:00, MAC: 02:00:00:**:**:00, IP: /192.***.*.20, Security type: 2, Supplicant state: COMPLETED, Wi-Fi standard: 11ac, RSSI: -56, Link speed: 117Mbps, Tx Link speed: 117Mbps, Max Supported Tx Link speed: 433Mbps, Rx Link speed: 263Mbps, Max Supported Rx Link speed: 433Mbps, Frequency: 5745MHz, Net ID: -1, Metered hint: false, score: 60, isUsable: true, CarrierMerged: false, SubscriptionId: -1, IsPrimary: 1, Trusted: true, Restricted: false, Ephemeral: false, OEM paid: false, OEM private: false, OSU AP: false, FQDN: <none>, Provider friendly name: <none>, Requesting package name: <none><none>MLO Information: , Is TID-To-Link negotiation supported by the AP: false, AP MLD Address: <none>, AP MLO Link Id: <none>, AP MLO Affiliated links: <none>, Vendor Data: <none>> SignalStrength: -56 AdminUids: [1000] SSID: "CLARO2_F92E3A" UnderlyingNetworks: Null]
06-19 23:45:31.842  1593  2433 D WifiConnectivityMonitor: HANDLE_ON_CAPABILITIES_CHANGED
06-19 23:45:31.843  1593  2433 I WifiConnectivityMonitor: determineMode : MODE_NON_SWITCHABLE_BY_POOR_NETWORK_DETECTION_DISABLED
06-19 23:45:31.843  1593  2433 D OpenNetworkQos[4.00]: updateBssidNoInternet: mBssidNoInternet = false
06-19 23:45:31.843  1593  2433 D OpenNetworkQos[4.00]: getOpenNetworkQosNoInternetStatus: false
06-19 23:45:31.843  1593  2433 D OpenNetworkQos[4.00]: getOpenNetworkQosScores: 30 26 26
06-19 23:45:31.843  1593  2433 I WifiProfileShare: network QoS data was changed (internet), updateQoSData networkType: true, qosData: false
06-19 23:45:31.844  1593  3280 V WifiProfileShare.Caster: update wips network, size: 0
06-19 23:45:31.844  1593  3280 D WifiProfileShare: nearby scanning settings run
06-19 23:45:31.844  1593  3280 D WifiProfileShare: network score provider settings enabled
06-19 23:45:31.844  1593  3280 D OpenNetworkQos[4.00]: getOpenNetworkQosScores: 30 26 26
06-19 23:45:31.844  1593  3280 D OpenNetworkQos[4.00]: getOpenNetworkQosNoInternetStatus: false
06-19 23:45:31.844  1593  3280 I WifiProfileShare.Caster: current network type: 0, score: [30, 26, 26]
06-19 23:45:31.845  1593  3280 V WifiProfileShare.Cache: update network score 90:f8:91:**:**:3f
06-19 23:45:31.845  1593  3280 D WifiProfileShare.ScanMatcher: getMcfDataList size:1
06-19 23:45:31.845  1593  3280 I WifiProfileShare.Caster: qos data was updated , before:type:QOS, pBssid:01:bf:af, qosData:7c after:type:QOS, pBssid:01:bf:af, qosData:7c
06-19 23:45:31.846  1593  3280 I [MCFSDK_android_1.3.7026]_4_McfCasterImpl: isNetworkEnabled - type : 1 ret : true
06-19 23:45:31.846  1593  3280 D WifiProfileShare.McfCast: -ME--- mIsNetworkEnabled :true
06-19 23:45:31.846  1593  3280 D WifiProfileShare.McfCast: updateQoSData ignored, same contents
06-19 23:45:31.846  1593  3280 D WifiProfileShare.MCF: success update QosData !
06-19 23:45:31.847  1593  3280 I [MCFSDK_android_1.3.7026]_4_McfCasterImpl: isNetworkEnabled - type : 1 ret : true
06-19 23:45:31.847  1593  3280 D WifiProfileShare.McfCast: -ME--- mIsNetworkEnabled :true
06-19 23:45:31.847  1593  3280 D WifiProfileShare.McfCast: -ME--- updatePasswordDate pwdData size:1
06-19 23:45:31.857  2503  2503 D SubscreenNotificationListCoordinator: onAfterRenderList() isSubScreen = false, pluginLockMode = 0, doNotShowOnCover = false
06-19 23:45:31.871  2503  2503 W RefactorFlag: New code path expects SceneContainerFlag to be enabled.
06-19 23:45:31.871  2503  2503 D ExpandableNotifRow: mMaxSmallHeight different before reInflateViews mMaxSmallHeight: 203 mTempSmallHeight:0 0|com.whatsapp|1|OvmBtF+uSfs4NJh7cvinvdOaUTIKGjeLkFmW0mPW1Ag=|10383
06-19 23:45:31.871  2503  2503 D ExpandableNotifRow: mMaxSmallHeight different before reInflateViews mMaxSmallHeight: 203 mTempSmallHeight:0 0|com.whatsapp|1|OvmBtF+uSfs4NJh7cvinvdOaUTIKGjeLkFmW0mPW1Ag=|10383
06-19 23:45:31.876  1593  1616 W System  : A resource failed to call release.
06-19 23:45:31.877  1593  1616 W System  : A resource failed to call release.
06-19 23:45:31.877  2503  2503 D SystemUIService: SYSUI_RAM_OPTIMIZATION onTrimMemory=20
06-19 23:45:31.877  2503  2503 D CentralSurfaces: SYSUI_RAM_OPTIMIZATION onTrimMemory=20
06-19 23:45:31.880  1593  1616 W System  : A resource failed to call release.
06-19 23:45:31.881  2503  2607 D HWUI    : CacheManager::trimMemory(20)
06-19 23:45:31.881  1593  1616 W System  : A resource failed to call release.
06-19 23:45:31.881  1593 19512 D SemInputDeviceManager: setProperty: (0) CMD,GRIP_DATA,1,45,7,24,702
06-19 23:45:31.882  1593  1861 D SemInputDevice:TSP: SetPropertyTask: CMD,set_grip_data,1,45,7,24,702 [06-19 23:45:31.882]
06-19 23:45:31.883  2503  2503 D Bubbles : onEntryUpdated : shouldBubbleUp=false ,key=0|com.whatsapp|1|null|10383
06-19 23:45:31.883  2503  2503 D InterruptionStateProvider: No  Heads up : DISABLE_HEADS_UP 0|com.whatsapp|1|null|10383
06-19 23:45:31.883  2503  2503 I {OngoingActivityController}: onEntryUpdated and OA data is empty. So update latest task info
06-19 23:45:31.885  2503  2503 I {OngoingActivityDataHelper}: setBaseActivityComponentName:ComponentInfo{com.android.settings/com.android.settings.homepage.SettingsHomepageActivity}
06-19 23:45:31.885  2503  2503 D Bubbles : onEntryUpdated : shouldBubbleUp=false ,key=0|com.whatsapp|1|OvmBtF+uSfs4NJh7cvinvdOaUTIKGjeLkFmW0mPW1Ag=
06-19 23:45:31.885  2503  2503 D Bubbles : |10383
06-19 23:45:31.886  2503  2503 D InterruptionStateProvider:  no Heads up : edgelighting enabled app. 0|com.whatsapp|1|OvmBtF+uSfs4NJh7cvinvdOaUTIKGjeLkFmW0mPW1Ag=
06-19 23:45:31.886  2503  2503 D InterruptionStateProvider: |10383
06-19 23:45:31.886  2503  2503 I {OngoingActivityController}: onEntryUpdated and OA data is empty. So update latest task info
06-19 23:45:31.891  2503  2503 I LockscreenNotificationIconsOnlyController: onNotificationInfoUpdated 0
06-19 23:45:31.891  2503  2503 I AODNotificationManager: updateNotification()
06-19 23:45:31.894  1342  8129 V APM_AudioPolicyManager: setAppState(portId:24603, state:1)
06-19 23:45:31.898  2503  2503 D SubscreenNotificationListCoordinator: onAfterRenderList() isSubScreen = false, pluginLockMode = 0, doNotShowOnCover = false
06-19 23:45:31.901  2503  2503 W RefactorFlag: New code path expects SceneContainerFlag to be enabled.
06-19 23:45:31.902  2503  2503 D ExpandableNotifRow: mMaxSmallHeight different before reInflateViews mMaxSmallHeight: 203 mTempSmallHeight:0 0|com.whatsapp|1|null|10383
06-19 23:45:31.902  2503  2503 D ExpandableNotifRow: mMaxSmallHeight different before reInflateViews mMaxSmallHeight: 203 mTempSmallHeight:0 0|com.whatsapp|1|null|10383
06-19 23:45:31.903  2503  2503 D ExpandableNotifRow: mMaxSmallHeight different before reInflateViews mMaxSmallHeight: 203 mTempSmallHeight:0 0|com.whatsapp|1|OvmBtF+uSfs4NJh7cvinvdOaUTIKGjeLkFmW0mPW1Ag=|10383
06-19 23:45:31.903  2503  2503 D ExpandableNotifRow: mMaxSmallHeight different before reInflateViews mMaxSmallHeight: 203 mTempSmallHeight:0 0|com.whatsapp|1|OvmBtF+uSfs4NJh7cvinvdOaUTIKGjeLkFmW0mPW1Ag=|10383
06-19 23:45:31.908  2503  2503 I LockscreenNotificationIconsOnlyController: onNotificationInfoUpdated 0
06-19 23:45:31.908  2503  2503 I AODNotificationManager: updateNotification()
06-19 23:45:31.912  2503  2503 W RefactorFlag: New code path expects SceneContainerFlag to be enabled.
06-19 23:45:31.914  2503  3028 W BitmapFactory: Null Options, creating a new one.
06-19 23:45:31.915  2503  3028 I Kumiho-Kumiho: getPackageName: com.samsung.android.app.routines
06-19 23:45:31.916  1326  1326 I sysinput:Touch: writeInformation:249, OK
06-19 23:45:31.917  2503  3028 I Kumiho-Kumiho: getPackageName: com.samsung.android.app.routines
06-19 23:45:31.918  1593  1861 D SysinputHAL_V1_3(V1_2): runTspCmdNoRead(TSP(1)): set_grip_data,1,45,7,24,702 ret=0
06-19 23:45:31.919  1352  1367 E HeatmapThread: ECT Thread time in milliseconds: 1781934331
06-19 23:45:31.919  1352  1367 D HeatmapThread: !@ batteryplugType : 0
06-19 23:45:31.919  1352  1367 D HeatmapThread: !@ batteryLevel : 0  batteryTemperature : 0
06-19 23:45:31.919  1352  1367 D HeatmapThread: !@ Heatmap currtime: 29698905
06-19 23:45:31.919  1352  1367 D HeatmapThread: !@ Heatmap prevtime: 29698904
06-19 23:45:31.919  1352  1367 D HeatmapThread: !@ Heatmap plugstarttime: 35791394
06-19 23:45:31.919  1352  1367 D HeatmapThread: !@ Heatmap prevv_dsoh_update_time: 29636664
06-19 23:45:31.919  1352  1367 E HeatmapThread: !@Could not open '/efs/FactoryApp/bsoh', errno = 13
06-19 23:45:31.919  1352  1367 E HeatmapThread: !@ CAM Could not access BSOH EFS
06-19 23:45:31.919  1352  1367 E HeatmapThread: !@ CAM New BSOH: 0
06-19 23:45:31.919  1342  1667 I SoundAlive_SRC384 arch64: SoundAlive_SRC384: Instance 26292 Init(outFs 8, InFs 7, chnum 2, outBW 3, inBW 3)
06-19 23:45:31.919  1342  1667 I Samsung_SoundAlive_SRC arch64: SRC384 version Samsung SoundAlive SRC ver320 arch64  2021.08.04 (Cppref for ARM64, ver.300.c 32bit 07_10_2016 based)
06-19 23:45:31.937  2503  2503 I AppIconSolution: return adaptive icon for com.whatsapp, isNight = true
06-19 23:45:31.952 19354 19354 W WindowOnBackDispatcher: sendCancelIfRunning: isInProgress=false callback=android.app.Activity$$ExternalSyntheticLambda0@8cd5d14
06-19 23:45:31.953 19354 19354 D LifecycleMonitor: Lifecycle status change: com.example.testeableapp.MainActivity@49b934d in: DESTROYED
06-19 23:45:31.953 19354 19354 V ActivityScenario: Update currentActivityStage to DESTROYED, currentActivity=null
06-19 23:45:31.956 19354 19376 D HWUI    : CacheManager::trimMemory(20)
06-19 23:45:31.957 19354 19354 D ViewRootImpl: Skipping stats log for color mode
06-19 23:45:31.957 19354 19354 I VRI[MainActivity]@b5e8268: dispatchDetachedFromWindow
06-19 23:45:31.957  1593  3570 D InputTransport: Input channel destroyed: 'ca632db', fd=1654
06-19 23:45:31.958  1593  3570 D SurfaceComposerClient: setCornerRadius ## 6bbfc8e com.android.settings/com.android.settings.SubSettings#34138 cornerRadius=0.000000
06-19 23:45:31.959  1593  3570 D SurfaceComposerClient: setCornerRadius ## 6bbfc8e com.android.settings/com.android.settings.SubSettings#34138 cornerRadius=0.000000
06-19 23:45:31.959 19354 19354 D InputTransport: Input channel destroyed: 'ca632db', fd=124
06-19 23:45:31.961  2503  2503 W RefactorFlag: New code path expects SceneContainerFlag to be enabled.
06-19 23:45:31.962  1362  1545 I SurfaceFlinger: id=35126 createSurf, flag=24004, Task=559#35126
06-19 23:45:31.963  1362  1377 I SurfaceFlinger: id=35098 Removed e138eb ActivityRecordInputSink com.example.testeableapp/.MainActivity#35098 (186)
06-19 23:45:31.963 19354 19354 D BBA2    : setIsFg isFg = false; delayValue 3999ms
06-19 23:45:31.965  2967  2967 I HoneySpace.TaskStackChangeRepositoryImpl: onTaskRemoved : 559
06-19 23:45:31.966  2967  2967 I HoneySpace.TaskStackChangeRepositoryImpl: onTaskRemoved : 559
06-19 23:45:31.966  2967  3307 I HoneySpace.TopTaskSource: onTaskRemoved: 559
06-19 23:45:31.966  2967  2967 I HoneySpace.TaskListViewModel[268167138]: taskRemoveId, 559
06-19 23:45:31.966  2967  2967 W HoneySpace.TaskListViewModel[268167138]: task is already removed: 559
06-19 23:45:31.967  2967  2967 I HoneySpace.TaskListViewModel[268167138]: taskRemoveId, 559
06-19 23:45:31.967  2967  2967 W HoneySpace.TaskListViewModel[268167138]: task is already removed: 559
06-19 23:45:31.967 19354 19370 D IdlingRegistry: Unregistering idling resources: [androidx.compose.ui.test.EspressoLink@4ba05d9]
06-19 23:45:31.968  2967  3307 I HoneySpace.TopTaskSource: onTaskRemoved: 559
06-19 23:45:31.972  2503  2503 I AppIconSolution: return adaptive icon for com.whatsapp, isNight = true
06-19 23:45:31.974 19354 19370 E TestRunner: failed: alAgregarProducto_elMensajeVacioDesapareceYApareceElBotonDePedido(com.example.testeableapp.RestaurantOrderTest)
06-19 23:45:31.976  1362  1362 I SurfaceFlinger: [LayerHierarchy{RequestedLayerState{ca632db com.example.testeableapp/com.example.testeableapp.MainActivity#35094} 1 children}] reparent to OffscreenRoot
06-19 23:45:31.976  1362  1362 I SurfaceFlinger: [LayerHierarchy{RequestedLayerState{ca632db com.example.testeableapp/com.example.testeableapp.MainActivity#35094} 1 children}] RelativeParent to null
06-19 23:45:31.976  1362  1362 I SurfaceFlinger: [LayerHierarchy{RequestedLayerState{com.example.testeableapp/com.example.testeableapp.MainActivity$_19354#35100} no children}] reparent to OffscreenRoot
06-19 23:45:31.976  1362  1362 I SurfaceFlinger: [LayerHierarchy{RequestedLayerState{com.example.testeableapp/com.example.testeableapp.MainActivity$_19354#35100} no children}] RelativeParent to null
06-19 23:45:31.976  1362  1362 I SurfaceFlinger: [Task=559#35126] attach to parent Root
06-19 23:45:31.978  1362  1362 I SurfaceFlinger: id=35094 Removed ca632db com.example.testeableapp/com.example.testeableapp.MainActivity#35094 (186)
06-19 23:45:31.978  1362  1362 I SurfaceFlinger: id=35100 Removed com.example.testeableapp/com.example.testeableapp.MainActivity$_19354#35100 (186)
06-19 23:45:31.981  2967 24556 I HoneySpace.RecentTasks: onRunningTaskVanished
06-19 23:45:31.981  2967 24556 I HoneySpace.RecentTasks: onRecentTasksChanged
06-19 23:45:31.982  6035  6035 I InputMethodService: removeImeSurface
06-19 23:45:31.982  6035  6035 I InputMethodService: cancelImeSurfaceRemoval: removeCallbacks
06-19 23:45:31.983 19354 19370 E TestRunner: ----- begin exception -----
06-19 23:45:31.983 19354 19370 E TestRunner: java.lang.AssertionError: Assert failed: The component with TestTag = 'emptyOrderMessage' is not displayed!
06-19 23:45:31.983 19354 19370 E TestRunner: 	at androidx.compose.ui.test.AssertionsKt.assertIsDisplayed(Assertions.kt:34)
06-19 23:45:31.983 19354 19370 E TestRunner: 	at com.example.testeableapp.RestaurantOrderTest.alAgregarProducto_elMensajeVacioDesapareceYApareceElBotonDePedido(RestaurantOrderTest.kt:149)
06-19 23:45:31.983 19354 19370 E TestRunner: 	at java.lang.reflect.Method.invoke(Native Method)
06-19 23:45:31.983 19354 19370 E TestRunner: 	at org.junit.runners.model.FrameworkMethod$1.runReflectiveCall(FrameworkMethod.java:59)
06-19 23:45:31.983 19354 19370 E TestRunner: 	at org.junit.internal.runners.model.ReflectiveCallable.run(ReflectiveCallable.java:12)
