06-19 23:45:29.317  1362  1362 D SurfaceFlinger:   SOLID_COLOR |                        0 | 00000000 | N/A          |    0.0    0.0    0.0    0.0 |    0    0 1080 2340 | DimTransitionLayer for Surface(name=Task=558)/@0x8891390#35078 (0)
06-19 23:45:29.317  1362  1362 D SurfaceFlinger:        DEVICE |           10750303185058 | 00002100 | RGBA_8888    |    0.0    0.0  106.0 2340.0 |  974    0 1080 2340 | Splash Screen com.example.testeableapp.test$_2503#35076 (1)
06-19 23:45:29.317  1362  1362 D SurfaceFlinger:        DEVICE |           10750303184999 | 00002100 | RGBA_8888    |    0.0    0.0 1080.0   77.0 |    0    0 1080   77 | StatusBar$_2503#111 (52307)
06-19 23:45:29.317  1362  1362 D SurfaceFlinger:        DEVICE |           12743167976380 | 00002100 | RGBA_8888    |    0.0    0.0   67.0  342.0 | 1013  821 1080 1163 | com.sec.android.app.launcher/com.sam[...]l.app.CocktailBarService$_2967#35048 (1)
06-19 23:45:29.317  1362  1362 D SurfaceFlinger:        DEVICE |           10750303184996 | 00002100 | RGBA_88
06-19 23:45:29.317  1362  1362 D SurfaceFlinger: 88    |    0.0    0.0 1080.0  135.0 |    0 2205 1080 2340 | NavigationBar0$_2503#107 (27188)
06-19 23:45:29.317  1362  1362 D SurfaceFlinger:        DEVICE |           70158290780193 | 00002100 | RGBA_8888    |    0.0    0.0 1080.0 2340.0 |    0    0 1080 2340 | EdgeLightingWindow$_16335#35072 (1)
06-19 23:45:29.317  1362  1362 D SurfaceFlinger:
06-19 23:45:29.318  2503  2503 D SamsungLightBarControlHelper: updateStatusBar (BLACK icon) numStacks:1, StatusBarMode:MODE_TRANSPARENT, lightBarBounds:[Rect(0, 0 - 1080, 2340)], StatusBarState:SHADE, packageName:, isWhiteKeyguardStatusBar:false
06-19 23:45:29.318  2503  2503 D SamsungLightBarControlHelper: onStatusBarAppearanceChanged() -  sbModeChanged:false, statusBarMode:0, barState:MODE_TRANSPARENT, isKeyguardShowing:false, navbarColorManagedByIme:false, (AppearanceRegion{LIGHT_STATUS_BARS bounds=[0,0][1080,2340]}, )
06-19 23:45:29.318  2503  2503 D NavigationBar: onSystemBarAttributesChanged() -  displayId:0, appearance:24, packageName: com.example.testeableapp.test (APPEARANCE_LIGHT_STATUS_BARS APPEARANCE_LIGHT_NAVIGATION_BARS ), navbarColorManagedByIme:false
06-19 23:45:29.318  2503  2503 I LockscreenNotificationIconsOnlyController: onNotificationInfoUpdated 0
06-19 23:45:29.318  2503  2503 I AODNotificationManager: updateNotification()
06-19 23:45:29.318  1362  1543 I SurfaceFlinger: id=35066 Removed Surface(name=b2ba1d5 NavigationBar0)/@0x108d35a - animation-leash of insets_animation#35066 (187)
06-19 23:45:29.319  1362  1376 I SurfaceFlinger: id=35067 Removed Surface(name=a1a3f36 StatusBar)/@0x69ae81 - animation-leash of insets_animation#35067 (187)
06-19 23:45:29.321  1362  1362 I SurfaceFlinger: destroyed Surface(name=a1a3f36 StatusBar)/@0x69ae81 - animation-leash of insets_animation#35067
06-19 23:45:29.321  1362  1362 I SurfaceFlinger: destroyed Surface(name=b2ba1d5 NavigationBar0)/@0x108d35a - animation-leash of insets_animation#35066
06-19 23:45:29.322  2503  2503 W RefactorFlag: New code path expects SceneContainerFlag to be enabled.
06-19 23:45:29.324  1362  1362 I Layer   : id=35067 Destroyed Surface(name=a1a3f36 StatusBar)/@0x69ae81 - animation-leash of insets_animation#35067
06-19 23:45:29.324  1362  1362 I Layer   : id=35066 Destroyed Surface(name=b2ba1d5 NavigationBar0)/@0x108d35a - animation-leash of insets_animation#35066
06-19 23:45:29.325  2503  2567 I VRI[test]@b3f4d32: onActiveControlsChanged, removed=false, mAdded=true, caller=android.view.ViewRootImpl.handleInsetsControlChanged:3002 android.view.ViewRootImpl$ViewRootHandler.handleMessageImpl:8352 android.view.ViewRootImpl$ViewRootHandler.handleMessage:8301 android.os.Handler.dispatchMessage:110 android.os.Looper.loopOnce:273
06-19 23:45:29.325  2503  2567 I InsetsSourceConsumer: applyRequestedVisibilityToControl: visible=true, type=navigationBars, host=Splash Screen com.example.testeableapp.test
06-19 23:45:29.326  2503  2567 I InsetsSourceConsumer: applyRequestedVisibilityToControl: visible=true, type=statusBars, host=Splash Screen com.example.testeableapp.test
06-19 23:45:29.328 14303 14605 I Routine@Core[4.9.04.13]: AppFunctionsActionHandler: isSupported: supportStatus = SUPPORTED, tag = appfunction://com.samsung.android.support.senl.nt.app.main.appfunction#NoteFunctions_showNote
06-19 23:45:29.332 14303 14605 I Routine@Core[4.9.04.13]: TASKD/ActionTaskAdapterFactoryImpl: getAdapter - metaId=appfunction://com.samsung.android.support.senl.nt.app.main.appfunction#NoteFunctions_updateNote(id=621)
06-19 23:45:29.340 19426 19426 D nativeloader: Configuring clns-9 for other apk /data/app/~~ewGWeYqGeFe-744cxtpr-g==/com.example.testeableapp.test-YlMCOF2OOvgJWWmoM4NbaA==/base.apk. target_sdk_version=36, uses_libraries=, library_path=/data/app/~~ewGWeYqGeFe-744cxtpr-g==/com.example.testeableapp.test-YlMCOF2OOvgJWWmoM4NbaA==/lib/arm64, permitted_path=/data:/mnt/expand:/data/user/0/com.example.testeableapp.test
06-19 23:45:29.353 19426 19426 V GraphicsEnvironment: Currently set values for:
06-19 23:45:29.353 19426 19426 V GraphicsEnvironment:   angle_gl_driver_selection_pkgs=[]
06-19 23:45:29.353 19426 19426 V GraphicsEnvironment:   angle_gl_driver_selection_values=[]
06-19 23:45:29.353 19426 19426 V GraphicsEnvironment: com.example.testeableapp.test is not listed in per-application setting
06-19 23:45:29.353 19426 19426 V GraphicsEnvironment: ANGLE allowlist from config:
06-19 23:45:29.353 19426 19426 V GraphicsEnvironment: com.example.testeableapp.test is not listed in ANGLE allowlist or settings, returning default
06-19 23:45:29.354 19426 19426 V GraphicsEnvironment: Neither updatable production driver nor prerelease driver is supported.
06-19 23:45:29.393  1328  1328 E SecVibrator-HAL-AIDL-CORE: V_2_0: Vibrator on for timeoutMs: 300
06-19 23:45:29.394  1328  1328 E SecVibrator-HAL-AIDL-CORE: HW_API: do_on for timeoutMs: 300
06-19 23:45:29.394  1328  1328 E SecVibrator-HAL-AIDL-CORE: HW_API: >> writeNode node:/timed_output/vibrator/enable val:300
06-19 23:45:29.396  1328  1328 E SecVibrator-HAL-AIDL-CORE: HW_API: << writeNode node OK : 4
06-19 23:45:29.396 14303 14605 I Routine@Core[4.9.04.13]: AppFunctionsActionHandler: isSupported: supportStatus = SUPPORTED, tag = appfunction://com.samsung.android.support.senl.nt.app.main.appfunction#NoteFunctions_updateNote
06-19 23:45:29.397  1593  5211 D MotionRecognitionService: inject vibrator info = 1.0
06-19 23:45:29.398  1265  1265 I SensorsHub: SensorBase::injectSensorData: ICM42632M Accelerometer default injection, type=268435461
06-19 23:45:29.399 14303 14605 I Routine@Core[4.9.04.13]: TASKD/ActionTaskAdapterFactoryImpl: getAdapter - metaId=appfunction://com.samsung.android.support.senl.nt.app.main.appfunction#NoteFunctions_findNotes(id=622)
06-19 23:45:29.405  1593  1929 D InputDispatcher: Focused application(0): ActivityRecord{82417036 u0 com.example.testeableapp.test/androidx.test.core.app.InstrumentationActivityInvoker$EmptyActivity t558}
06-19 23:45:29.410  3332  3332 E pageboostd: Received HALT command code 2
06-19 23:45:29.410  1593  1929 D GraphicsStatsService: requestRenderEngineFor(com.example.testeableapp.test)
06-19 23:45:29.411 19426 19426 D HWUI    : HWUI - treat SMPTE_170M as sRGB
06-19 23:45:29.412  1593  2354 D AS.MultiSoundManager: mForegroundUid = 10356
06-19 23:45:29.415  2967  3307 I HoneySpace.TopTaskSource: onTaskFocusChanged(): taskId = 558
06-19 23:45:29.417 19426 19441 D HWUI    : CacheManager constructor. deviceInfo=(1080, 1920)
06-19 23:45:29.418  2967  2967 I HoneySpace.EdgePanel.CocktailHostRepositoryImpl: onNoteResume
06-19 23:45:29.419  2967  2967 I HoneySpace.EdgePanel.EdgePanelContainerViewModel: cocktailHostRepository.edgePanelOperation NoteResumeComponent(componentName=ComponentInfo{com.example.testeableapp.test/androidx.test.core.app.InstrumentationActivityInvoker$EmptyActivity})
06-19 23:45:29.419  2967  2967 I HoneySpace.EdgePanel.ActivityUtils: HomePackage : com.sec.android.app.launcher, resumePackageName : com.example.testeableapp.test, className : androidx.test.core.app.InstrumentationActivityInvoker$EmptyActivity
06-19 23:45:29.429 19426 19426 E ashmem  : Pinning is deprecated since Android Q. Please use trim or other methods.
06-19 23:45:29.432  2503  2503 I {OngoingActivityController}: onTaskFocusChanged but OA data is empty
06-19 23:45:29.434  1593  2317 D WifiStaIfaceHidlImpl: getCachedScanData is not implemented by HIDL
06-19 23:45:29.451 19426 19426 D CompatChangeReporter: Compat change id reported: 377864165; UID 10356; state: ENABLED
06-19 23:45:29.454  2503  2503 D QSClock : onDarkChanged tint=DARK
06-19 23:45:29.454 19426 19426 D DesktopModeFlags: Toggle override initialized to: OVERRIDE_UNSET
06-19 23:45:29.459 19426 19426 I DecorView: setWindowBackground: isPopOver=false color=ffffffff d=android.graphics.drawable.ColorDrawable@339b59d
06-19 23:45:29.483  1593  1593 D AudioPlayerStateMonitor: Found a new active media playback. AudioPlaybackConfiguration piid:40767 deviceIds:[] type:android.media.MediaPlayer u/pid:10049/2503 state:started attr:AudioAttributes: usage=USAGE_NOTIFICATION content=CONTENT_TYPE_SONIFICATION flags=0x800 tags= bundle=null sessionId:180321 mutedState:none  FormatInfo{isSpatialized=false, channelMask=0x0, sampleRate=0}
06-19 23:45:29.484 14303 14605 I Routine@Core[4.9.04.13]: AppFunctionsActionHandler: isSupported: supportStatus = SUPPORTED, tag = appfunction://com.samsung.android.support.senl.nt.app.main.appfunction#NoteFunctions_findNotes
06-19 23:45:29.485  1593  1593 D MediaSessionService: Audio playback is changed, config=AudioPlaybackConfiguration piid:40767 deviceIds:[] type:android.media.MediaPlayer u/pid:10049/2503 state:started attr:AudioAttributes: usage=USAGE_NOTIFICATION content=CONTENT_TYPE_SONIFICATION flags=0x800 tags= bundle=null sessionId:180321 mutedState:none  FormatInfo{isSpatialized=false, channelMask=0x0, sampleRate=0}, removed=false
06-19 23:45:29.486  1593  1593 D MediaSessionStack: updateMediaButtonSessionIfNeeded, callers=com.android.server.media.AudioPlayerStateMonitor$MessageHandler.handleMessage:19 android.os.Handler.dispatchMessage:110
06-19 23:45:29.486  1593  1593 D MediaSessionStack: updateMediaButtonSessionIfNeeded, skipping uid=10049
06-19 23:45:29.486  1593  1593 D MediaSessionStack: updateMediaButtonSessionIfNeeded, skipping uid=10383
06-19 23:45:29.486  1593  1593 D MediaSessionStack: updateMediaButtonSessionIfNeeded, skipping uid=1000
06-19 23:45:29.486  1593  1593 D MediaSessionStack: updateMediaButtonSessionIfNeeded, skipping uid=10310
06-19 23:45:29.486  1593  1593 D MediaSessionStack: updateMediaButtonSessionIfNeeded, skipping uid=10319
06-19 23:45:29.486  1593  1593 D MediaSessionStack: updateMediaButtonSessionIfNeeded, skipping uid=10369
06-19 23:45:29.486  1593  1593 D MediaSessionStack: updateMediaButtonSessionIfNeeded, skipping uid=10249
06-19 23:45:29.486 19426 19426 I ViewRootImpl: dVRR is disabled
06-19 23:45:29.487  1499  4200 V MediaPlayerService: [3209] enableAudioDeviceCallback, 1
06-19 23:45:29.487  1499  4200 V AudioSink: enableAudioDeviceCallback, 1
06-19 23:45:29.487 19426 19426 D HardwareRenderer: onDisplayChanged. displayId=0 current wxh=1080x2340 mLargest wxh=0x0
06-19 23:45:29.488 19426 19441 D HWUI    : setMaxSurfaceArea requested wxh=(1080,2340) requestedSurfaceArea(2527200) mMaxSurfaceArea(2073600)
06-19 23:45:29.488 19426 19426 D HardwareRenderer: Set largestWidth and largestHeight as logical resolution. (1080x2340)
06-19 23:45:29.489  2503  3162 D SoundCraft.PlayingAudioConditionHandler: onPlaybackConfigChanged : lastStartedPackageName=null, lastStartedUid=-1, newStartedUid=-1, newStartPackageName=null, thread=Thread[RoutineHandlerThread,5,main]
06-19 23:45:29.489 14303 14605 I Routine@Core[4.9.04.13]: TASKD/ActionTaskAdapterFactoryImpl: getAdapter - metaId=appfunction://com.samsung.android.gallery.crossapp.function#PhotoFunctions_findMediaItems(id=623)
06-19 23:45:29.489 19426 19441 D NativeCustomFrequencyManager: [NativeCFMS] BpCustomFrequencyManager::BpCustomFrequencyManager()
06-19 23:45:29.492  2503 19415 V MediaPlayer-JNI: start
06-19 23:45:29.493  2503 19415 V MediaPlayerNative: start
06-19 23:45:29.494  2503  2503 D MediaRouter: onRestoreRoute() : route=RouteInfo{ name=Dispositivo, description=null, status=null, category=RouteCategory{ name=Sistema types=ROUTE_TYPE_LIVE_AUDIO ROUTE_TYPE_LIVE_VIDEO  groupable=false }, supportedTypes=ROUTE_TYPE_LIVE_AUDIO ROUTE_TYPE_LIVE_VIDEO , presentationDisplay=null }
06-19 23:45:29.494  2503  2503 V MediaRouter: Selecting route: RouteInfo{ name=Dispositivo, description=null, status=null, category=RouteCategory{ name=Sistema types=ROUTE_TYPE_LIVE_AUDIO ROUTE_TYPE_LIVE_VIDEO  groupable=false }, supportedTypes=ROUTE_TYPE_LIVE_AUDIO ROUTE_TYPE_LIVE_VIDEO , presentationDisplay=null }
06-19 23:45:29.498  1476  6895 I CameraService: onUidStateChanged: uid=10232, procState is changed. (3 -> 5)
06-19 23:45:29.499  1342  7958 V APM_AudioPolicyManager: setAppState(portId:24603, state:1)
06-19 23:45:29.500  1342  7958 V APM_AudioPolicyManager: setAppState(portId:24603, state:1)
06-19 23:45:29.500  1342  7958 V APM_AudioPolicyManager: setAppState(portId:24603, state:1)
06-19 23:45:29.505  1593  4115 D InputTransport: Input channel constructed: 'baf5855', fd=1660
06-19 23:45:29.505  1593  4115 D InputTransport: Input channel constructed: 'baf5855', fd=1670
06-19 23:45:29.505  1593  4115 D InputTransport: Input channel constructed: 'baf5855', fd=1675
06-19 23:45:29.506  1593  4115 D InputTransport: Input channel destroyed: 'baf5855', fd=1670
06-19 23:45:29.508  1362  1542 I SurfaceFlinger: id=35082 createSurf, flag=84004, baf5855 com.example.testeableapp.test/androidx.test.core.app.InstrumentationActivityInvoker$EmptyActivity#35082
06-19 23:45:29.510  1593  4115 D InputTransport: Input channel destroyed: 'baf5855', fd=1675
06-19 23:45:29.510 19426 19426 D InputTransport: Input channel constructed: 'baf5855', fd=116
06-19 23:45:29.510  1499  4200 V MediaPlayerService: [3209] setLooping(0)
06-19 23:45:29.513 19426 19426 I InsetsController: onStateChanged: host=com.example.testeableapp.test/androidx.test.core.app.InstrumentationActivityInvoker$EmptyActivity, from=android.view.ViewRootImpl.onInsetsStateChanged:3026, state=InsetsState: {mDisplayFrame=Rect(0, 0 - 1080, 2340), mDisplayCutout=DisplayCutout{insets=Rect(0, 77 - 0, 0) waterfall=Insets{left=0, top=0, right=0, bottom=0} boundingRect={Bounds=[Rect(0, 0 - 0, 0), Rect(477, 0 - 603, 77), Rect(0, 0 - 0, 0), Rect(0, 0 - 0, 0)]} cutoutPathParserInfo={CutoutPathParserInfo{displayWidth=1080 displayHeight=2340 physicalDisplayWidth=1080 physicalDisplayHeight=2340 density={2.8125} cutoutSpec={M 0,0 H -22.4‬ V 27.37777777777778‬ H 22.4‬ V 0 H 0 Z @dp} rotation={0} scale={1.0} physicalPixelDisplaySizeRatio={1.0}}} sideOverrides={}}, mRoundedCorners=RoundedCorners{[RoundedCorner{position=TopLeft, radius=113, center=Point(113, 113)}, RoundedCorner{position=TopRight, radius=113, center=Point(967, 113)}, RoundedCorner{position=BottomRight, radius=113, center=Point(967, 2227)}, RoundedCorner{position=BottomLeft, radius=113, center=Point(113, 2227)}]}  mRoundedCornerFrame=Rect(0, 0 - 1080, 2340), mPrivacyIndicatorBounds=PrivacyIndicatorBounds {static bounds=Rect(956, 0 - 1080, 77) rotation=0}, mDisplayShape=DisplayShape{ spec=-311912193 displayWidth=1080 displayHeight=2340 physicalPixelDisplaySizeRatio=1.0 rotation=0 offsetX=0 offsetY=0 scale=1.0}, mSources= { InsetsSource: {84a40000 mType=statusBars mFrame=[0,0][1080,77] mVisible=true mFlags= mSideHint=TOP mBoundingRects=null}, InsetsSource: {84a40005 mType=mandatorySystemGestures mFrame=[0,0][1080,111] mVisible=true mFlags= mSideHint=TOP mBoundingRects=null}, InsetsSource: {84a40006 mType=tappableElement mFrame=[0,0][1080,77] mVisible=true mFlags= mSideHint=TOP mBoundingRects=null}, InsetsSource: {88bb0001 mType=navigationBars mFrame=[0,2298][1080,2340] mVisible=true mFlags=SUPPRESS_SCRIM mSideHint=BOTTOM mBoundingRects=null}, InsetsSource: {88bb0004 mType=systemGestures mFrame=[0,0][84,2340] mVisible=true mFlags= mSideHint=LEFT mBoundingRects=null}, InsetsSource: {88bb0005 mType=mandatorySystemGestures mFrame=[0,2250][1080,2340] mVisible=true mFlags= mSideHint=BOTTOM mBoundingRects=null}, InsetsSource: {88bb0006 mType=tappableElement mFrame=[0,0][0,0] mVisible=true mFlags= mSideHint=NONE mBoundingRects=null}, InsetsSource: {88bb0024 mType=systemGestures mFrame=[996,0][1080,2340] mVisible=true mFlags= mSideHint=RIGHT mBoundingRects=null}, InsetsSource: {3 mType=ime mFrame=[0,0][0,0] mVisible=false mFlags= mSideHint=NONE mBoundingRects=null}, InsetsSource: {27 mType=displayCutout mFrame=[0,0][1080,77] mVisible=true mFlags= mSideHint=TOP mBoundingRects=null} }
06-19 23:45:29.513  1499  4200 V MediaPlayerService: [3209] setVolume(1.000000, 1.000000)
06-19 23:45:29.513  1499  4200 V AudioSink: setVolume(1.000000, 1.000000)
06-19 23:45:29.514 19426 19426 I VRI[InstrumentationActivityInvoker$EmptyActivity]@d1b46f8: synced displayState. AttachInfo displayState=2
06-19 23:45:29.515  1499  4200 V MediaPlayerService: [3209] setAuxEffectSendLevel(0.000000)
06-19 23:45:29.515  1499  4200 V AudioSink: setAuxEffectSendLevel(0.000000)
06-19 23:45:29.515 19426 19426 I VRI[InstrumentationActivityInvoker$EmptyActivity]@d1b46f8: setView = com.android.internal.policy.DecorView@739daa4 IsHRR=false mFlingFrameRateChange=0 TM=true
06-19 23:45:29.516 19426 19426 I IDS_TAG : Starting IDS observe window
06-19 23:45:29.516 19426 19426 I IDS_TAG : Getting Shared Preference for android.app.Application@d6b9f3 uid = 10356
06-19 23:45:29.516  1499  4200 V MediaPlayerService: [3209] start
06-19 23:45:29.516  1499  4200 V MediaPlayerService: getClientDuration
06-19 23:45:29.516  1499  4200 V MediaPlayerService: getDuration
06-19 23:45:29.516  1499  4200 V MediaPlayerService: [3209] getDuration = 1958
06-19 23:45:29.516  1499  4200 V NuPlayerDriver: start(0xb4000078ddd54d70), state is 4, eos is 0
06-19 23:45:29.516  1499 19417 V NuPlayer: kWhatStart
06-19 23:45:29.516  1499 19417 V NuPlayer: onStart: mCrypto: 0x0 (0)
06-19 23:45:29.516  1499 19417 I GenericSource: start
06-19 23:45:29.516  2503 19415 D RingtonePlayer: player.start piid:40767
06-19 23:45:29.516  1499 19417 V NuPlayer: checkOffloadExceptions is true, call canOffloadStream
06-19 23:45:29.516  2503 19415 V MediaPlayerNative: invoke 76
06-19 23:45:29.517  1342  1382 V APM_AudioPolicyManager: getOffloadSupport: SR=44100, CM=0x3, Format=0x7000000, StreamType=5, BitRate=499821, duration=1957732 us, has_video=0
06-19 23:45:29.517  1342  1382 V APM_AudioPolicyManager: isOffloadPossible: stream_type != MUSIC, returning false
06-19 23:45:29.517  1499 19417 I MediaClock: setPlaybackRate rate : 1.000000
06-19 23:45:29.518  1499  4200 V NuPlayer: getTrackInfo
06-19 23:45:29.518  1499 19454 I NuPlayerRenderer: onConfigPlayback
06-19 23:45:29.518  1499 19454 I MediaClock: setPlaybackRate rate : 1.000000
06-19 23:45:29.518  1499 19454 I MediaClock: setSpeedAjust mSASpeed (0), mMinClockModificationTimeUs (80000)
06-19 23:45:29.518  1499 19418 I GenericSource: readBuffer(Audio) mode = 0, EOS
06-19 23:45:29.519  1499 19417 I NuPlayerRenderer: setDuration (1957732)
06-19 23:45:29.519  1499 19417 I AudioFrameCollector: use AudioFrameCollector
06-19 23:45:29.519  1499 19454 I NuPlayerRenderer: kWhatSetRefRate - refRate(1.000000)
06-19 23:45:29.519  1499 19417 V NuPlayer: startPlaybackTimer() time      331235714383820 (onstart)
06-19 23:45:29.519  1499 19417 V NuPlayer: scanning sources haveAudio=0, haveVideo=0
06-19 23:45:29.519  1499 19417 V NuPlayer: checkOffloadExceptions is true, call canOffloadStream
06-19 23:45:29.519  1342  1382 V APM_AudioPolicyManager: getOffloadSupport: SR=44100, CM=0x3, Format=0x7000000, StreamType=5, BitRate=499821, duration=1957732 us, has_video=0
06-19 23:45:29.519  1342  1382 V APM_AudioPolicyManager: isOffloadPossible: stream_type != MUSIC, returning false
06-19 23:45:29.519  1499 19417 V NuPlayer: make Decoder (audio)
06-19 23:45:29.520  1499 19417 V NuPlayer: instantiateDecoder audio Decoder
06-19 23:45:29.521  1362  1362 I SurfaceFlinger: RequestedLayer [baf5855 com.example.testeableapp.tes[...]nActivityInvoker$EmptyActivity#35082] hidden!! flag  from(1) --> to(0)
06-19 23:45:29.521 19426 19426 I IDS_TAG : App android.app.Application@d6b9f3 has not finished training
06-19 23:45:29.521  1362  1362 I SurfaceFlinger: [baf5855 com.example.testeableapp.test/androidx.test.core.app.InstrumentationActivityInvoker$EmptyActivity#35082] attach to parent LayerHierarchy{RequestedLayerState{ActivityRecord{82417036 u0 com.example.testeableapp.test/androidx.test.core.app.InstrumentationActivityInvoker$EmptyActivity t558}#35074 parentId=35073} 3 children}
06-19 23:45:29.525  1499 19457 I CCodec  : state->set(ALLOCATING)
06-19 23:45:29.525  1499 19457 I CCodec  : allocate(c2.android.vorbis.decoder)
06-19 23:45:29.525  1499 19457 D CCodec  : allocate(c2.android.vorbis.decoder)
06-19 23:45:29.528 19426 19441 D HWUI    : HWUI - treat SMPTE_170M as sRGB
06-19 23:45:29.528  2503  2557 D ShellDesktopMode: handleRequest: TransitionRequestInfo {type=2, tid=558, debugId=2947}
06-19 23:45:29.529 19426 19426 I IDS_TAG : Closing IDS observe window
06-19 23:45:29.529 19426 19426 I IDS_TAG : Getting Shared Preference for android.app.Application@d6b9f3 uid = 10356
06-19 23:45:29.533 19426 19426 I IDS_TAG : IDS count updated to 1 for android.app.Application@d6b9f3
06-19 23:45:29.535  2967  3307 I HoneySpace.TopTaskSource: onTaskMovedToFront : taskId = 513, displayId = 0
06-19 23:45:29.537  2967  3309 I HoneySpace.TopTaskUseCase: topTasks 513 ComponentInfo{com.android.settings/com.android.settings.SubSettings}[displayId=0]
06-19 23:45:29.538  1593  1929 I WindowManager: Relayout Window{baf5855 u0 com.example.testeableapp.test/androidx.test.core.app.InstrumentationActivityInvoker$EmptyActivity}: viewVisibility=0 req=1080x2340 ty=1 d0
06-19 23:45:29.539  1499 19457 I CCodec  : setting up 'default' as default (vendor) store
06-19 23:45:29.539  1362  1376 I SurfaceFlinger: id=35083 createSurf, flag=44004, com.example.testeableapp.test/androidx.test.core.app.InstrumentationActivityInvoker$EmptyActivity$_19426#35083
06-19 23:45:29.540  1593  1929 D SurfaceComposerClient: setCornerRadius ## baf5855 com.example.testeableapp.test/androidx.test.core.app.InstrumentationActivityInvoker$EmptyActivity#35082 cornerRadius=0.000000
06-19 23:45:29.542  1593  1929 I WindowManager: Relayout hash=baf5855, pid=19426, syncId=-1: mAttrs={(0,0)(fillxfill) sim={adjust=pan forwardNavigation} layoutInDisplayCutoutMode=always ty=BASE_APPLICATION
06-19 23:45:29.542  1593  1929 I WindowManager:   fl=81810100
06-19 23:45:29.542  1593  1929 I WindowManager:   pfl=100088c0
06-19 23:45:29.542  1593  1929 I WindowManager:   bhv=1
06-19 23:45:29.542  1593  1929 I WindowManager:   fitSides=0
06-19 23:45:29.542  1593  1929 I WindowManager:   frameRateBoostOnTouch=true
06-19 23:45:29.542  1593  1929 I WindowManager:   dvrrWindowFrameRateHint=true naviIconColor=0}
06-19 23:45:29.542  2967 16523 I HoneySpace.RecentTasks: onRecentTasksChanged
06-19 23:45:29.544 19426 19426 I BLASTBufferQueue_Java: new BLASTBufferQueue, mName= VRI[InstrumentationActivityInvoker$EmptyActivity]@d1b46f8 mNativeObject= 0xb40000707bc25480 caller= android.view.ViewRootImpl.updateBlastSurfaceIfNeeded:3585 android.view.ViewRootImpl.relayoutWindow:11685 android.view.ViewRootImpl.performTraversals:4804 android.view.ViewRootImpl.doTraversal:3924 android.view.ViewRootImpl$TraversalRunnable.run:12903 android.view.Choreographer$CallbackRecord.run:1901 android.view.Choreographer$CallbackRecord.run:1910 android.view.Choreographer.doCallbacks:1367 android.view.Choreographer.doFrame:1292 android.view.Choreographer$FrameDisplayEventReceiver.run:1870
06-19 23:45:29.545 19426 19426 I BLASTBufferQueue_Java: update, w= 1080 h= 2340 mName = VRI[InstrumentationActivityInvoker$EmptyActivity]@d1b46f8 mNativeObject= 0xb40000707bc25480 sc.mNativeObject= 0xb400006f1bbebf90 format= -1 caller= android.view.ViewRootImpl.updateBlastSurfaceIfNeeded:3590 android.view.ViewRootImpl.relayoutWindow:11685 android.view.ViewRootImpl.performTraversals:4804 android.view.ViewRootImpl.doTraversal:3924 android.view.ViewRootImpl$TraversalRunnable.run:12903 android.view.Choreographer$CallbackRecord.run:1901
06-19 23:45:29.546  1547 19846 I hw-BpHwBinder: onLastStrongRef automatically unlinking death recipients
06-19 23:45:29.546  1547 19846 D BufferPoolAccessor2.0: bufferpool2 0xb400006f5d803528 : 0(0 size) total buffers - 0(0 size) used buffers - 0/0 (recycle/alloc) - 0/0 (fetch/transfer)
06-19 23:45:29.546  1547 19846 D BufferPoolAccessor2.0: bufferpool2 0xb400006f5d7f7098 : 0(0 size) total buffers - 0(0 size) used buffers - 12/15 (recycle/alloc) - 3/14 (fetch/transfer)
06-19 23:45:29.546  1499  7245 D BufferPoolAccessor2.0: Destruction - bufferpool2 0xb4000078ddd7ee88 cached: 0/0M, 0/0% in use; allocs: 97, 92% recycled; transfers: 186, 96% unfetched
06-19 23:45:29.547 19426 19426 I VRI[InstrumentationActivityInvoker$EmptyActivity]@d1b46f8: Relayout returned: old=(0,0,1080,2340) new=(0,0,1080,2340) relayoutAsync=false req=(1080,2340)0 dur=6 res=0x3 s={true 0xb400006f8bc3de30} ch=true seqId=0
06-19 23:45:29.547  1362  1376 W ServiceManagerCppClient: Permission failure: android.permission.ACCESS_SURFACE_FLINGER from uid=10356 pid=0
06-19 23:45:29.547  1362  1376 D PermissionCache: checking android.permission.ACCESS_SURFACE_FLINGER for uid=10356 => denied (1133 us)
06-19 23:45:29.547  1362  1543 W ServiceManagerCppClient: Permission failure: android.permission.ACCESS_SURFACE_FLINGER from uid=10356 pid=19426
06-19 23:45:29.547  1362  1543 D PermissionCache: checking android.permission.ACCESS_SURFACE_FLINGER for uid=10356 => denied (368 us)
06-19 23:45:29.548  1362  1543 W ServiceManagerCppClient: Permission failure: android.permission.ROTATE_SURFACE_FLINGER from uid=10356 pid=19426
06-19 23:45:29.548  1362  1543 D PermissionCache: checking android.permission.ROTATE_SURFACE_FLINGER for uid=10356 => denied (338 us)
06-19 23:45:29.548  1362  1543 W ServiceManagerCppClient: Permission failure: android.permission.INTERNAL_SYSTEM_WINDOW from uid=10356 pid=19426
06-19 23:45:29.548  1362  1543 D PermissionCache: checking android.permission.INTERNAL_SYSTEM_WINDOW for uid=10356 => denied (341 us)
06-19 23:45:29.548  1362  1376 W ServiceManagerCppClient: Permission failure: android.permission.ROTATE_SURFACE_FLINGER from uid=10356 pid=0
06-19 23:45:29.548  1362  1376 D PermissionCache: checking android.permission.ROTATE_SURFACE_FLINGER for uid=10356 => denied (1331 us)
06-19 23:45:29.550 19426 19426 D VRI[InstrumentationActivityInvoker$EmptyActivity]@d1b46f8: mThreadedRenderer.initialize() mSurface={isValid=true 0xb400006f8bc3de30} hwInitialized=true
06-19 23:45:29.551  1499 19457 I CCodec  : Created component [c2.android.vorbis.decoder] for [c2.android.vorbis.decoder]
06-19 23:45:29.551  1499 19457 I CCodec  : [c2.android.vorbis.decoder] state->set(ALLOCATED)
06-19 23:45:29.551 19426 19426 D VRI[InstrumentationActivityInvoker$EmptyActivity]@d1b46f8: reportNextDraw android.view.ViewRootImpl.performTraversals:5443 android.view.ViewRootImpl.doTraversal:3924 android.view.ViewRootImpl$TraversalRunnable.run:12903 android.view.Choreographer$CallbackRecord.run:1901 android.view.Choreographer$CallbackRecord.run:1910
06-19 23:45:29.551 19426 19426 D VRI[InstrumentationActivityInvoker$EmptyActivity]@d1b46f8: Setup new sync=wmsSync-VRI[InstrumentationActivityInvoker$EmptyActivity]@d1b46f8#0
06-19 23:45:29.551 19426 19426 I VRI[InstrumentationActivityInvoker$EmptyActivity]@d1b46f8: Creating new active sync group VRI[InstrumentationActivityInvoker$EmptyActivity]@d1b46f8#1
06-19 23:45:29.553  1499 19457 D CCodecConfig: read media type: audio/vorbis
06-19 23:45:29.553 19426 19426 D VRI[InstrumentationActivityInvoker$EmptyActivity]@d1b46f8: registerCallbacksForSync syncBuffer=false
06-19 23:45:29.555  1362  1362 I SurfaceFlinger: [com.example.testeableapp.test/androidx.test.core.app.InstrumentationActivityInvoker$EmptyActivity$_19426#35083] attach to parent LayerHierarchy{RequestedLayerState{baf5855 com.example.testeableapp.test/androidx.test.core.app.InstrumentationActivityInvoker$EmptyActivity#35082 parentId=35074} 1 children}
06-19 23:45:29.555 19426 19452 D VRI[InstrumentationActivityInvoker$EmptyActivity]@d1b46f8: Received frameDrawingCallback syncResult=0 frameNum=1.
06-19 23:45:29.556 19426 19452 I VRI[InstrumentationActivityInvoker$EmptyActivity]@d1b46f8: mWNT: t=0xb400006f2bc0ca90 mBlastBufferQueue=0xb40000707bc25480 fn= 1 HdrRenderState mRenderHdrSdrRatio=1.0 caller= android.view.ViewRootImpl$12.onFrameDraw:15441 android.view.ThreadedRenderer$1.onFrameDraw:718 <bottom of call stack>
06-19 23:45:29.556 19426 19452 I VRI[InstrumentationActivityInvoker$EmptyActivity]@d1b46f8: Setting up sync and frameCommitCallback
06-19 23:45:29.563 19426 19441 I BLASTBufferQueue: [VRI[InstrumentationActivityInvoker$EmptyActivity]@d1b46f8#0](f:0,a:0,s:0) onFrameAvailable the first frame is available
06-19 23:45:29.564 19426 19441 I VRI[InstrumentationActivityInvoker$EmptyActivity]@d1b46f8: Received frameCommittedCallback lastAttemptedDrawFrameNum=1 didProduceBuffer=true
06-19 23:45:29.565  1362  1542 I SurfaceFlinger: [com.example.testeableapp.test/androidx.test.core.app.InstrumentationActivityInvoker$EmptyActivity$_19426#35083] setTransactionState with the first frame. bufferData(ID: 83434034692096, frameNumber: 1)
06-19 23:45:29.565 19426 19441 D HWUI    : CFMS:: SetUp Pid : 19426    Tid : 19441
06-19 23:45:29.565 19426 19426 D VRI[InstrumentationActivityInvoker$EmptyActivity]@d1b46f8: reportDrawFinished seqId=0
06-19 23:45:29.566  1593  2726 W ServiceManagerCppClient: Permission failure: android.permission.ACCESS_SURFACE_FLINGER from uid=10356 pid=0
06-19 23:45:29.566  1593  2726 D PermissionCache: checking android.permission.ACCESS_SURFACE_FLINGER for uid=10356 => denied (276 us)
06-19 23:45:29.566  1593  2726 W ServiceManagerCppClient: Permission failure: android.permission.ROTATE_SURFACE_FLINGER from uid=10356 pid=0
06-19 23:45:29.566  1593  2726 D PermissionCache: checking android.permission.ROTATE_SURFACE_FLINGER for uid=10356 => denied (144 us)
06-19 23:45:29.567  1593  2726 W ServiceManagerCppClient: Permission failure: android.permission.INTERNAL_SYSTEM_WINDOW from uid=10356 pid=0
06-19 23:45:29.567  1593  2726 D PermissionCache: checking android.permission.INTERNAL_SYSTEM_WINDOW for uid=10356 => denied (150 us)
06-19 23:45:29.567  1499 19457 D ReflectedParamUpdater: extent() != 1 for single value type: algo.buffers.max-count.values
06-19 23:45:29.568  1593  3151 I SemDvfsHyPerManager: acquire hyper - AMS_APP_SWITCH/1593@22, type = -999
06-19 23:45:29.569  1275  1361 I HYPER-HAL: [RequestManager.cpp]acquire(): Acquired ID : 1304942  [1593 / 22]    HINT : AMS_APP_SWITCH    list :
06-19 23:45:29.569  3723  3723 I VRI[SubSettings]@f0a4302: handleAppVisibility mAppVisible = false visible = true
06-19 23:45:29.569  1593  2726 D InputDispatcher: Focused application(0): ActivityRecord{249521351 u0 com.android.settings/.SubSettings t513}
06-19 23:45:29.570  3503  3503 I SemDvfsHyPerManager: acquire hyper - APP_START_SHORT/3503@15, type = -999
06-19 23:45:29.570  1275  1361 I HYPER-HAL: [RequestManager.cpp]acquire(): Acquired ID : 6189936  [3503 / 15]    HINT : APP_START    list : [TIMEOUT / 1500]
06-19 23:45:29.572  1593  2354 D AS.MultiSoundManager: mForegroundUid = 1000
06-19 23:45:29.574  1499 19457 D ReflectedParamUpdater: extent() != 1 for single value type: output.subscribed-indices.values
06-19 23:45:29.574  1499 19457 D ReflectedParamUpdater: extent() != 1 for single value type: input.buffers.allocator-ids.values
06-19 23:45:29.575  1499 19457 D ReflectedParamUpdater: extent() != 1 for single value type: output.buffers.allocator-ids.values
06-19 23:45:29.575  1499 19457 D ReflectedParamUpdater: extent() != 1 for single value type: algo.buffers.allocator-ids.values
06-19 23:45:29.575  1593  2726 D SurfaceComposerClient: setCornerRadius ## 6bbfc8e com.android.settings/com.android.settings.SubSettings#34138 cornerRadius=0.000000
06-19 23:45:29.576  1593  2726 I SemDvfsHyPerManager: acquire hyper - AMS_RESUME_TAIL/1593@17, type = -999
06-19 23:45:29.576  1593  2726 I SemDvfsHyPerManager: acquire hyper - AMS_ACT_LAZY/1593@18, type = -999
06-19 23:45:29.576  1275  1361 I HYPER-HAL: [RequestManager.cpp]acquire(): Acquired ID : 1296872  [1593 / 17]    HINT : AMS_RESUME_TAIL    list :
06-19 23:45:29.577  1275  1361 I HYPER-HAL: [RequestManager.cpp]releaseLocked(): Released ID : 1304942
06-19 23:45:29.579  3723  3723 I VRI[SubSettings]@f0a4302: stopped(false) old = true
06-19 23:45:29.579  3723  3723 D VRI[SubSettings]@f0a4302: WindowStopped on com.android.settings/com.android.settings.SubSettings set to false
06-19 23:45:29.581  1499 19457 D ReflectedParamUpdater: extent() != 1 for single value type: output.buffers.pool-ids.values
06-19 23:45:29.582  1593  1663 D SurfaceComposerClient: setCornerRadius ## 6bbfc8e com.android.settings/com.android.settings.SubSettings#34138 cornerRadius=0.000000
06-19 23:45:29.583  1499 19457 D ReflectedParamUpdater: extent() != 1 for single value type: algo.buffers.pool-ids.values
06-19 23:45:29.586  2503  2503 I {OngoingActivityController}: onTaskFocusChanged but OA data is empty
06-19 23:45:29.587  1593  1662 I SemWifiApAdvancedAutohotspotService: settings app is in foreground
06-19 23:45:29.587  2967  3307 I HoneySpace.TopTaskSource: onTaskFocusChanged(): taskId = 513
06-19 23:45:29.588  1362  1362 I SurfaceFlinger: RequestedLayer [com.example.testeableapp.test/androi[...]tyInvoker$EmptyActivity$_19426#35083] hidden!! flag  from(1) --> to(0)
06-19 23:45:29.590  2967  2967 I HoneySpace.EdgePanel.CocktailHostRepositoryImpl: onNoteResume
06-19 23:45:29.590  2967  2967 I HoneySpace.EdgePanel.EdgePanelContainerViewModel: cocktailHostRepository.edgePanelOperation NoteResumeComponent(componentName=ComponentInfo{com.android.settings/com.android.settings.SubSettings})
06-19 23:45:29.590  2967  2967 I HoneySpace.EdgePanel.ActivityUtils: HomePackage : com.sec.android.app.launcher, resumePackageName : com.android.settings, className : com.android.settings.SubSettings
06-19 23:45:29.593  1499 19457 I CCodec  : [c2.android.vorbis.decoder] config->initialize() : 0
06-19 23:45:29.594 14303 14605 I Routine@Core[4.9.04.13]: AppFunctionsActionHandler: isSupported: supportStatus = SUPPORTED, tag = appfunction://com.samsung.android.gallery.crossapp.function#PhotoFunctions_findMediaItems
06-19 23:45:29.595 14303 14605 I Routine@Core[4.9.04.13]: ConflictItemConverter: convertConflictActions - 19
06-19 23:45:29.595 14303 14605 I Routine@Core[4.9.04.13]: RoutineDataMigrator: migration - begin
06-19 23:45:29.595  5754  5874 I Rubin   : [148] A8.b.A(Unknown Source) : Notify com.samsung.android.rubin.inferenceengine.contextanalytics.engine.loggers.AppUsageLogger's database is updated.
06-19 23:45:29.597  3723  3723 D ActivityEmbeddingUtils: isSettingsSplitSupported = false
06-19 23:45:29.597  3723  3723 I AppContextHelper: registerStateHandlerCallback() by WirelessDebuggingFragment
06-19 23:45:29.600  1362  1362 D SurfaceFlinger: Display 4633128672291735931 HWC layers:
06-19 23:45:29.600  1362  1362 D SurfaceFlinger:        CLIENT |           83124797046785 | 00002102 | RGBA_8888    |  329.0    0.0 1080.0 2340.0 |    0    0 1080 2340 | com.example.testeableapp/com.example.testeableapp.MainActivity$_19354#35065 (3)
06-19 23:45:29.600  1362  1362 D SurfaceFlinger:   SOLID_COLOR |                        0 | 00000000 | N/A          |    0.0    0.0    0.0    0.0 |    0    0 1080 2340 | DimTransitionLayer for Surface(name=Task=558)/@0x8891390#35078 (0)
06-19 23:45:29.600  1362  1362 D SurfaceFlinger:        DEVICE |           83434034692096 | 00002102 | RGBA_8888    |    0.0    0.0 1054.0 2340.0 |   26    0 1080 2340 | com.example.testeableapp.test/androi[...]tyInvoker$EmptyActivity$_19426#35083 (1)
06-19 23:45:29.600  1362  1362 D SurfaceFlinger:        DEVICE |           10750303185058 | 00002100 | RGBA_8888    |    0.0    0.0 1054.0 2340.0 |   26    0 1080 2340 | Splash Screen com.example.testeableapp.test$_2503#35076 (1)
06-19 23:45:29.600  1362  1362 D SurfaceFlinger:        DEVICE |           10750303185019 | 00002100 | RGBA_8888    |    0.0    0.0 1080.0   77.0 |    0    0 1080   77 | StatusBar$_2503#111 (52318)
06-19 23:45:29.600  1362  1362 D SurfaceFlinger:        DEVICE |           12743167976380 | 00002100 | RGBA_88
06-19 23:45:29.600  1362  1362 D SurfaceFlinger: 88    |    0.0    0.0   67.0  342.0 | 1013  821 1080 1163 | com.sec.android.app.launcher/com.sam[...]l.app.CocktailBarService$_2967#35048 (1)
06-19 23:45:29.600  1362  1362 D SurfaceFlinger:        DEVICE |           10750303185002 | 00002100 | RGBA_8888    |    0.0    0.0 1080.0  135.0 |    0 2205 1080 2340 | NavigationBar0$_2503#107 (27194)
06-19 23:45:29.600  1362  1362 D SurfaceFlinger:        DEVICE |           70158290780193 | 00002100 | RGBA_8888    |    0.0    0.0 1080.0 2340.0 |    0    0 1080 2340 | EdgeLightingWindow$_16335#35072 (1)
06-19 23:45:29.600  1362  1362 D SurfaceFlinger:
06-19 23:45:29.600  3723  3723 I WirelessDebuggingFrag: onEnabled(): connect_port=32805
06-19 23:45:29.601  1499 19457 I CCodecConfig: query failed after returning 8 values (BAD_INDEX)
06-19 23:45:29.601  1499 19457 D CCodecConfig: c2 config diff is Dict {
06-19 23:45:29.601  1499 19457 D CCodecConfig:   c2::u32 coded.bitrate.value = 64000
06-19 23:45:29.601  1499 19457 D CCodecConfig:   c2::u32 input.buffers.max-size.value = 32768
06-19 23:45:29.601  1499 19457 D CCodecConfig:   c2::u32 input.delay.value = 0
06-19 23:45:29.601  1499 19457 D CCodecConfig:   string input.media-type.value = "audio/vorbis"
06-19 23:45:29.601  1499 19457 D CCodecConfig:   c2::u32 output.large-frame.max-size = 0
06-19 23:45:29.601  1499 19457 D CCodecConfig:   c2::u32 output.large-frame.threshold-size = 0
06-19 23:45:29.601  1499 19457 D CCodecConfig:   string output.media-type.value = "audio/raw"
06-19 23:45:29.601  1499 19457 D CCodecConfig:   c2::u32 raw.channel-count.value = 1
06-19 23:45:29.601  1499 19457 D CCodecConfig:   c2::u32 raw.sample-rate.value = 48000
06-19 23:45:29.601  1499 19457 D CCodecConfig: }
06-19 23:45:29.602  1499 19457 I CCodec  : [c2.android.vorbis.decoder] config->queryConfiguration()
06-19 23:45:29.602  1499 19457 I CCodec  : [c2.android.vorbis.decoder] mCallback->onComponentAllocated() IN
06-19 23:45:29.602  1499 19457 I CCodec  : [c2.android.vorbis.decoder] mCallback->onComponentAllocated() OUT
06-19 23:45:29.603  3723  3723 D WirelessDebuggingEnabler: isUsbDebuggingAllowed = true
06-19 23:45:29.604  1499 19456 W ServiceManagerCppClient: Failed to get isDeclared for media_quality: Status(-1, EX_SECURITY): 'SELinux denied for service.'
06-19 23:45:29.604  1499 19456 E MediaCodec: Media Quality Service not found.
06-19 23:45:29.604  1499 19457 D CCodec  : [c2.android.vorbis.decoder] buffers are bound to CCodec for this session
06-19 23:45:29.604  1499 19457 I CCodec  : appPid(2503) width(0) height(0)
06-19 23:45:29.605  1499 19457 D CCodecConfig: no c2 equivalents for durationUs
06-19 23:45:29.605  1499 19457 D CCodecConfig: no c2 equivalents for csd-1
06-19 23:45:29.605  1499 19457 D CCodecConfig: no c2 equivalents for app-pid
06-19 23:45:29.605  1499 19457 D CCodecConfig: no c2 equivalents for flags
06-19 23:45:29.604  3723 15925 D SettingsActivity: No enabled state changed, skipping updateCategory call
06-19 23:45:29.607  3723  3723 D WirelessDebuggingEnabler: isUsbDebuggingAllowed = true
06-19 23:45:29.607  3723  3723 W ElapsedTimeUtils: getElapsedTime: sSuwFinishedTimeStamp is null
06-19 23:45:29.608  1499 19457 D CCodecConfig: c2 config diff is   c2::u32 coded.bitrate.value = 499821
06-19 23:45:29.608  1499 19457 D CCodecConfig:   c2::u32 raw.channel-count.value = 2
06-19 23:45:29.608  1499 19457 D CCodecConfig:   c2::u32 raw.sample-rate.value = 44100
06-19 23:45:29.609  1593  1660 D NetworkPolicy: already checked 1000
06-19 23:45:29.609  1593  1660 D NetworkPolicy: already checked 1000
06-19 23:45:29.611  1499 19457 W Codec2Client: query -- param skipped: index = 1107298332.
06-19 23:45:29.611  1499 19457 D CCodec  : encoding statistics level = 0
06-19 23:45:29.611  1499 19457 D CCodec  : setup formats input: AMessage(what = 0x00000000) = {
06-19 23:45:29.611  1499 19457 D CCodec  :   int32_t bitrate = 499821
06-19 23:45:29.611  1499 19457 D CCodec  :   int32_t channel-count = 2
06-19 23:45:29.611  1499 19457 D CCodec  :   int32_t max-input-size = 32768
06-19 23:45:29.611  1499 19457 D CCodec  :   string mime = "audio/vorbis"
06-19 23:45:29.611  1499 19457 D CCodec  :   int32_t sample-rate = 44100
06-19 23:45:29.611  1499 19457 D CCodec  : }
06-19 23:45:29.611  1499 19457 D CCodec  : setup formats output: AMessage(what = 0x00000000) = {
06-19 23:45:29.611  1499 19457 D CCodec  :   int32_t buffer-batch-max-output-size = 0
06-19 23:45:29.611  1499 19457 D CCodec  :   int32_t buffer-batch-threshold-output-size = 0
06-19 23:45:29.611  1499 19457 D CCodec  :   int32_t channel-count = 2
06-19 23:45:29.611  1499 19457 D CCodec  :   string mime = "audio/raw"
06-19 23:45:29.611  1499 19457 D CCodec  :   int32_t sample-rate = 44100
06-19 23:45:29.611  1499 19457 D CCodec  :   int32_t channel-mask = 3
06-19 23:45:29.611  1499 19457 D CCodec  :   int32_t android._config-pcm-encoding = 2
06-19 23:45:29.611  1499 19457 D CCodec  : }
06-19 23:45:29.612  1593  1660 D PkgPredictorService-SecIpmManagerServiceImpl: onForegroundActivitiesChanged pid:3723 uid:1000
06-19 23:45:29.613  1499 19457 I CCodecConfig: query failed after returning 8 values (BAD_INDEX)
06-19 23:45:29.614  3723 15925 I SecTileUtils: loadTilesForAction com.android.settings.action.SETTINGS
06-19 23:45:29.614  1593  3561 I WindowManager: Relayout Window{6bbfc8e u0 com.android.settings/com.android.settings.SubSettings}: viewVisibility=0 req=1080x2340 ty=1 d0
06-19 23:45:29.614  1342  1382 V APM_AudioPolicyManager: setAppState(portId:24603, state:1)
06-19 23:45:29.614  1362  1545 I SurfaceFlinger: id=35084 createSurf, flag=44004, com.android.settings/com.android.settings.SubSettings$_3723#35084
06-19 23:45:29.615  3723 15925 W SecTileUtils: Found com.android.settings.Settings$LockscreenSettingsActivity for intent Intent { act=com.android.settings.action.SETTINGS pkg=com.android.settings } missing metadata com.android.settings.category
06-19 23:45:29.615  3723 15925 I SecTileUtils: Found com.android.settings.Settings$BluetoothSettingsActivity for intent Intent { act=com.android.settings.action.SETTINGS pkg=com.android.settings } metadata Bundle[{com.android.settings.support=KNOXCUSTOM_KIOSK, com.samsung.android.settings.menu.group.mpsm=group1, com.android.settings.FRAGMENT_CLASS=com.samsung.android.settings.bluetooth.BluetoothSettings, voicecommand=2132019263, com.android.settings.TOP_LEVEL_TILE_ID=connections_settings, com.android.settings.tileid=bluetooth_settings, com.sec.android.PRIMARY_KNOX_CONTROLLED=true, com.android.settings.category=com.android.settings.category.ia.homepage, com.android.settings.HIGHLIGHT_MENU_KEY=top_level_connections, com.android.settings.icon=2131233612}]
06-19 23:45:29.615  3723 15925 D SecTileUtils: setMetaData key : Pair{com.android.settings com.android.settings.Settings$BluetoothSettingsActivity} , categoryKey com.android.settings.category.ia.homepage
06-19 23:45:29.615  3723 15925 D SecTileUtils: META_DATA_SAMSUNG_TILE_ID/META_DATA_TILE_ID tile.tileId : bluetooth_settings
06-19 23:45:29.615  3723 15925 D SecTileUtils: META_DATA_PREFERENCE_SUPPORT tile.support : KNOXCUSTOM_KIOSK
06-19 23:45:29.615  3723 15925 W SecTileUtils: Found com.android.settings.Settings$CloudAccountSettingsActivity for intent Intent { act=com.android.settings.action.SETTINGS pkg=com.android.settings } missing metadata com.android.settings.category
06-19 23:45:29.615  3723 15925 W SecTileUtils: Found com.android.settings.Settings$UsefulFeatureMainActivity for intent Intent { act=com.android.settings.action.SETTINGS pkg=com.android.settings } missing metadata com.android.settings.category
06-19 23:45:29.615  1499 19457 E mediaserver: Failed to query component interface for required system resources: 6
06-19 23:45:29.616  1593  3561 D SurfaceComposerClient: setCornerRadius ## 6bbfc8e com.android.settings/com.android.settings.SubSettings#34138 cornerRadius=0.000000
06-19 23:45:29.616  3723 15925 I SecTileUtils: loadTilesForAction com.android.settings.OPERATOR_APPLICATION_SETTING
06-19 23:45:29.616  1593  3561 D SurfaceComposerClient: setCornerRadius ## 6bbfc8e com.android.settings/com.android.settings.SubSettings#34138 cornerRadius=0.000000
06-19 23:45:29.618  3723 15925 D SecTileUtils: setMetaData key : Pair{com.samsung.android.emergency com.samsung.android.emergency.settings.ui.EmergencySettingsActivity} , categoryKey com.android.settings.category.ia.safety_emergency
06-19 23:45:29.618  3723 15925 D SecTileUtils: setMetaData key : Pair{com.sec.android.app.safetyassurance com.sec.android.app.safetyassurance.settings.EmergencySharingActivity} , categoryKey com.android.settings.category.ia.safety_emergency
06-19 23:45:29.618  1362  1545 I SurfaceFlinger: id=35085 createSurf, flag=24000, Surface(name=b2ba1d5 NavigationBar0)/@0x108d35a - animation-leash of insets_animation#35085
06-19 23:45:29.618  3723 15925 I SecTileUtils: loadTilesForAction com.android.settings.MANUFACTURER_APPLICATION_SETTING
06-19 23:45:29.618  1593  3570 D SehCodecSolutionService: updateMediaStatisticsData: (action=1@1986621044;category=4@1986621044;label=1634956898@1986621044)
06-19 23:45:29.618  1593  3570 D CodecSolution_MediaStatisticsData: MediaStatisticsData: action=1@1986621044;category=4@1986621044;label=1634956898@1986621044
06-19 23:45:29.618  1593  3570 D CodecSolution_MediaStatisticsData: Category.valueOf: 4
06-19 23:45:29.618  1593  3570 D CodecSolution_MediaStatisticsData: Action.valueOf: 1
06-19 23:45:29.618  1593  3570 D CodecSolution_MediaStatisticsData: Label.valueOf: 0x61737662
06-19 23:45:29.618  1593  3570 D CodecSolution_MediaStatisticsData: category: ADEC
06-19 23:45:29.618  1593  3570 D CodecSolution_MediaStatisticsData: action: INSTANTIATE
06-19 23:45:29.619  1593  3570 D CodecSolution_MediaStatisticsData: label: ANDROID_SW_VORBIS
06-19 23:45:29.619  1593  1593 D SehCodecSolutionService: handleMessage : 900
06-19 23:45:29.619  1593  1593 D SehCodecSolutionService: event : ADEC
06-19 23:45:29.619  1593  1593 D CodecSolution_Logging: dma : true, feature: ADEC, extra: ANDROID_SW_VORBIS, value: -1
06-19 23:45:29.619  1593  1593 D CodecSolution_Logging: insert diagmon log
06-19 23:45:29.619  1593  1593 D CodecSolution_Logging: permission granted
06-19 23:45:29.621  3723 15925 D SecTileUtils: setMetaData key : Pair{com.samsung.android.app.telephonyui com.samsung.android.app.telephonyui.netsettings.ui.NetSettingsActivity} , categoryKey com.android.settings.category.ia.homepage
06-19 23:45:29.621  3723 15925 D SecTileUtils: META_DATA_SAMSUNG_TILE_ID/META_DATA_TILE_ID tile.tileId : mobile_networks
06-19 23:45:29.621  3723 15925 D SecTileUtils: META_DATA_PREFERENCE_SUPPORT tile.support : VZW,UPSM,KIOSKCONTAINER
06-19 23:45:29.621  3723 15925 I SecTileUtils: Sec Found com.samsung.android.themestore.activity.LauncherfromSetting for intent Intent { act=com.android.settings.MANUFACTURER_APPLICATION_SETTING } metadata Bundle[{com.android.settings.summary=2131886350, com.android.settings.support=Common,SkipMinimalBatteryUse,SkipDexMode, com.samsung.android.settings.menu.group=group2, com.samsung.android.settings.category=com.android.settings.category.ia.homepage, com.android.settings.order=-260000, com.android.settings.title=2131886436, com.android.settings.tileid=wallpapers_themes_settings, com.samsung.android.themestore.activity.meta.isMainActivity=true, com.android.settings.category=com.android.settings.category.device, com.android.settings.icon=2131230944}]
06-19 23:45:29.621  3723 15925 D SecTileUtils: setMetaData key : Pair{com.samsung.android.themestore com.samsung.android.themestore.activity.LauncherfromSetting} , categoryKey com.android.settings.category.ia.homepage
06-19 23:45:29.621  3723 15925 D SecTileUtils: META_DATA_SAMSUNG_TILE_ID/META_DATA_TILE_ID tile.tileId : wallpapers_themes_settings
06-19 23:45:29.621  3723 15925 D SecTileUtils: META_DATA_PREFERENCE_SUPPORT tile.support : Common,SkipMinimalBatteryUse,SkipDexMode
06-19 23:45:29.621  3723 15925 D SecTileUtils: setMetaData key : Pair{com.sec.android.app.launcher com.samsung.app.honeyspace.edge.edgepanel.app.setting.EdgeSettingMainActivity} , categoryKey com.android.settings.category.device
06-19 23:45:29.621  3723 15925 D SecTileUtils: META_DATA_SAMSUNG_TILE_ID/META_DATA_TILE_ID tile.tileId : edge_screen_settings
06-19 23:45:29.621  3723 15925 D SecTileUtils: META_DATA_PREFERENCE_SUPPORT tile.support : VZW
06-19 23:45:29.621  3723 15925 D SecTileUtils: setMetaData key : Pair{com.samsung.android.vtcamerasettings com.samsung.android.vtcamerasettings.settings.SettingsActivity} , categoryKey com.samsung.android.settings.category.ia.usefulfeatures
06-19 23:45:29.621  3723 15925 D SecTileUtils: META_DATA_SAMSUNG_TILE_ID/META_DATA_TILE_ID tile.tileId : Efectos de video
06-19 23:45:29.620  1362  1542 I SurfaceFlinger: id=35086 createSurf, flag=24000, Surface(name=a1a3f36 StatusBar)/@0x69ae81 - animation-leash of insets_animation#35086
06-19 23:45:29.621  3723 15925 I Settings: com.sec.android.app.shealth is not signed with platform key.
06-19 23:45:29.622  3723 15925 D SecTileUtils: setMetaData key : Pair{com.sec.android.app.shealth com.samsung.android.app.shealth.home.settings.advanced.generativeinsight.HealthAssistSettingsActivity} , categoryKey com.samsung.android.settings.category.ia.intelligenceservice
